[2021-03-25T21:59:01.520-0700][0.007s] Heap region size: 1M
[2021-03-25T21:59:01.531-0700][0.018s] Using G1
[2021-03-25T21:59:01.532-0700][0.018s] Heap address: 0x00000000e0000000, size: 512 MB, Compressed Oops mode: 32-bit
[2021-03-25T21:59:01.532-0700][0.018s] Mark closed archive regions in map: [0x00000000fff00000, 0x00000000fff6aff8]
[2021-03-25T21:59:01.532-0700][0.018s] Mark open archive regions in map: [0x00000000ffe00000, 0x00000000ffe46ff8]
[2021-03-25T21:59:02.531-0700][1.018s] GC(0) Pause Young (Normal) (G1 Evacuation Pause)
[2021-03-25T21:59:02.538-0700][1.024s] GC(0) Using 4 workers of 4 for evacuation
[2021-03-25T21:59:02.554-0700][1.040s] GC(0)   Pre Evacuate Collection Set: 0.0ms
[2021-03-25T21:59:02.554-0700][1.040s] GC(0)   Evacuate Collection Set: 15.3ms
[2021-03-25T21:59:02.554-0700][1.040s] GC(0)   Post Evacuate Collection Set: 0.8ms
[2021-03-25T21:59:02.554-0700][1.040s] GC(0)   Other: 6.3ms
[2021-03-25T21:59:02.554-0700][1.040s] GC(0) Eden regions: 25->0(304)
[2021-03-25T21:59:02.554-0700][1.040s] GC(0) Survivor regions: 0->3(4)
[2021-03-25T21:59:02.554-0700][1.040s] GC(0) Old regions: 2->2
[2021-03-25T21:59:02.554-0700][1.040s] GC(0) Humongous regions: 0->0
[2021-03-25T21:59:02.554-0700][1.040s] GC(0) Metaspace: 5304K->5304K(1056768K)
[2021-03-25T21:59:02.554-0700][1.040s] GC(0) Pause Young (Normal) (G1 Evacuation Pause) 25M->2M(512M) 22.461ms
[2021-03-25T21:59:02.554-0700][1.040s] GC(0) User=0.02s Sys=0.01s Real=0.02s
[2021-03-25T21:59:05.183-0700][3.669s] GC(1) Pause Young (Concurrent Start) (Metadata GC Threshold)
[2021-03-25T21:59:05.183-0700][3.669s] GC(1) Using 4 workers of 4 for evacuation
[2021-03-25T21:59:05.222-0700][3.709s] GC(1)   Pre Evacuate Collection Set: 0.1ms
[2021-03-25T21:59:05.222-0700][3.709s] GC(1)   Evacuate Collection Set: 29.0ms
[2021-03-25T21:59:05.222-0700][3.709s] GC(1)   Post Evacuate Collection Set: 10.2ms
[2021-03-25T21:59:05.222-0700][3.709s] GC(1)   Other: 0.4ms
[2021-03-25T21:59:05.222-0700][3.709s] GC(1) Eden regions: 114->0(53)
[2021-03-25T21:59:05.222-0700][3.709s] GC(1) Survivor regions: 3->19(22)
[2021-03-25T21:59:05.223-0700][3.709s] GC(1) Old regions: 2->2
[2021-03-25T21:59:05.223-0700][3.709s] GC(1) Humongous regions: 4->4
[2021-03-25T21:59:05.223-0700][3.709s] GC(1) Metaspace: 20435K->20435K(1067008K)
[2021-03-25T21:59:05.223-0700][3.709s] GC(1) Pause Young (Concurrent Start) (Metadata GC Threshold) 120M->23M(512M) 39.815ms
[2021-03-25T21:59:05.223-0700][3.709s] GC(1) User=0.07s Sys=0.03s Real=0.04s
[2021-03-25T21:59:05.223-0700][3.709s] GC(2) Concurrent Cycle
[2021-03-25T21:59:05.223-0700][3.709s] GC(2) Concurrent Clear Claimed Marks
[2021-03-25T21:59:05.223-0700][3.709s] GC(2) Concurrent Clear Claimed Marks 0.083ms
[2021-03-25T21:59:05.223-0700][3.709s] GC(2) Concurrent Scan Root Regions
[2021-03-25T21:59:05.229-0700][3.716s] GC(2) Concurrent Scan Root Regions 6.330ms
[2021-03-25T21:59:05.229-0700][3.716s] GC(2) Concurrent Mark (3.716s)
[2021-03-25T21:59:05.229-0700][3.716s] GC(2) Concurrent Mark From Roots
[2021-03-25T21:59:05.229-0700][3.716s] GC(2) Using 1 workers of 1 for marking
[2021-03-25T21:59:05.242-0700][3.729s] GC(2) Concurrent Mark From Roots 13.224ms
[2021-03-25T21:59:05.242-0700][3.729s] GC(2) Concurrent Preclean
[2021-03-25T21:59:05.242-0700][3.729s] GC(2) Concurrent Preclean 0.039ms
[2021-03-25T21:59:05.242-0700][3.729s] GC(2) Concurrent Mark (3.716s, 3.729s) 13.321ms
[2021-03-25T21:59:05.243-0700][3.729s] GC(2) Pause Remark
[2021-03-25T21:59:05.251-0700][3.738s] GC(2) Cleaned string and symbol table, strings: 8905 processed, 0 removed, symbols: 59118 processed, 29 removed
[2021-03-25T21:59:05.252-0700][3.738s] GC(2) Pause Remark 24M->24M(512M) 8.851ms
[2021-03-25T21:59:05.252-0700][3.738s] GC(2) User=0.02s Sys=0.00s Real=0.01s
[2021-03-25T21:59:05.252-0700][3.738s] GC(2) Concurrent Rebuild Remembered Sets
[2021-03-25T21:59:05.258-0700][3.744s] GC(2) Concurrent Rebuild Remembered Sets 6.070ms
[2021-03-25T21:59:05.258-0700][3.744s] GC(2) Pause Cleanup
[2021-03-25T21:59:05.258-0700][3.745s] GC(2) Pause Cleanup 24M->24M(512M) 0.186ms
[2021-03-25T21:59:05.258-0700][3.745s] GC(2) User=0.00s Sys=0.00s Real=0.00s
[2021-03-25T21:59:05.258-0700][3.745s] GC(2) Concurrent Cleanup for Next Mark
[2021-03-25T21:59:05.259-0700][3.746s] GC(2) Concurrent Cleanup for Next Mark 1.173ms
[2021-03-25T21:59:05.259-0700][3.746s] GC(2) Concurrent Cycle 36.801ms
[2021-03-25T21:59:05.744-0700][4.231s] GC(3) Pause Young (Normal) (G1 Evacuation Pause)
[2021-03-25T21:59:05.744-0700][4.231s] GC(3) Using 4 workers of 4 for evacuation
[2021-03-25T21:59:05.775-0700][4.261s] GC(3)   Pre Evacuate Collection Set: 0.0ms
[2021-03-25T21:59:05.775-0700][4.261s] GC(3)   Evacuate Collection Set: 29.6ms
[2021-03-25T21:59:05.775-0700][4.261s] GC(3)   Post Evacuate Collection Set: 0.6ms
[2021-03-25T21:59:05.775-0700][4.261s] GC(3)   Other: 0.1ms
[2021-03-25T21:59:05.775-0700][4.261s] GC(3) Eden regions: 43->0(85)
[2021-03-25T21:59:05.775-0700][4.261s] GC(3) Survivor regions: 19->2(8)
[2021-03-25T21:59:05.775-0700][4.261s] GC(3) Old regions: 2->21
[2021-03-25T21:59:05.775-0700][4.261s] GC(3) Humongous regions: 4->4
[2021-03-25T21:59:05.775-0700][4.261s] GC(3) Metaspace: 25510K->25510K(1073152K)
[2021-03-25T21:59:05.775-0700][4.261s] GC(3) Pause Young (Normal) (G1 Evacuation Pause) 66M->24M(512M) 30.446ms
[2021-03-25T21:59:05.775-0700][4.261s] GC(3) User=0.11s Sys=0.01s Real=0.02s
[2021-03-25T21:59:06.782-0700][5.269s] GC(4) Pause Young (Normal) (G1 Evacuation Pause)
[2021-03-25T21:59:06.782-0700][5.269s] GC(4) Using 4 workers of 4 for evacuation
[2021-03-25T21:59:06.789-0700][5.275s] GC(4)   Pre Evacuate Collection Set: 0.0ms
[2021-03-25T21:59:06.789-0700][5.275s] GC(4)   Evacuate Collection Set: 5.4ms
[2021-03-25T21:59:06.789-0700][5.275s] GC(4)   Post Evacuate Collection Set: 1.3ms
[2021-03-25T21:59:06.789-0700][5.275s] GC(4)   Other: 0.2ms
[2021-03-25T21:59:06.789-0700][5.275s] GC(4) Eden regions: 85->0(132)
[2021-03-25T21:59:06.789-0700][5.275s] GC(4) Survivor regions: 2->6(11)
[2021-03-25T21:59:06.789-0700][5.275s] GC(4) Old regions: 21->21
[2021-03-25T21:59:06.789-0700][5.275s] GC(4) Humongous regions: 4->4
[2021-03-25T21:59:06.789-0700][5.275s] GC(4) Metaspace: 34530K->34530K(1081344K)
[2021-03-25T21:59:06.789-0700][5.275s] GC(4) Pause Young (Normal) (G1 Evacuation Pause) 109M->28M(512M) 6.983ms
[2021-03-25T21:59:06.789-0700][5.276s] GC(4) User=0.02s Sys=0.00s Real=0.01s
[2021-03-25T21:59:06.826-0700][5.313s] GC(5) Pause Young (Concurrent Start) (Metadata GC Threshold)
[2021-03-25T21:59:06.826-0700][5.313s] GC(5) Using 4 workers of 4 for evacuation
[2021-03-25T21:59:06.833-0700][5.319s] GC(5)   Pre Evacuate Collection Set: 0.1ms
[2021-03-25T21:59:06.833-0700][5.319s] GC(5)   Evacuate Collection Set: 5.8ms
[2021-03-25T21:59:06.833-0700][5.319s] GC(5)   Post Evacuate Collection Set: 0.4ms
[2021-03-25T21:59:06.833-0700][5.319s] GC(5)   Other: 0.2ms
[2021-03-25T21:59:06.833-0700][5.319s] GC(5) Eden regions: 15->0(100)
[2021-03-25T21:59:06.833-0700][5.319s] GC(5) Survivor regions: 6->6(18)
[2021-03-25T21:59:06.833-0700][5.319s] GC(5) Old regions: 21->21
[2021-03-25T21:59:06.833-0700][5.319s] GC(5) Humongous regions: 4->4
[2021-03-25T21:59:06.833-0700][5.319s] GC(5) Metaspace: 34754K->34754K(1081344K)
[2021-03-25T21:59:06.833-0700][5.319s] GC(5) Pause Young (Concurrent Start) (Metadata GC Threshold) 43M->28M(512M) 6.570ms
[2021-03-25T21:59:06.833-0700][5.319s] GC(5) User=0.02s Sys=0.00s Real=0.00s
[2021-03-25T21:59:06.833-0700][5.319s] GC(6) Concurrent Cycle
[2021-03-25T21:59:06.833-0700][5.319s] GC(6) Concurrent Clear Claimed Marks
[2021-03-25T21:59:06.833-0700][5.320s] GC(6) Concurrent Clear Claimed Marks 0.027ms
[2021-03-25T21:59:06.833-0700][5.320s] GC(6) Concurrent Scan Root Regions
[2021-03-25T21:59:06.836-0700][5.323s] GC(6) Concurrent Scan Root Regions 3.204ms
[2021-03-25T21:59:06.836-0700][5.323s] GC(6) Concurrent Mark (5.323s)
[2021-03-25T21:59:06.836-0700][5.323s] GC(6) Concurrent Mark From Roots
[2021-03-25T21:59:06.836-0700][5.323s] GC(6) Using 1 workers of 1 for marking
[2021-03-25T21:59:06.876-0700][5.362s] GC(6) Concurrent Mark From Roots 39.323ms
[2021-03-25T21:59:06.876-0700][5.362s] GC(6) Concurrent Preclean
[2021-03-25T21:59:06.876-0700][5.362s] GC(6) Concurrent Preclean 0.103ms
[2021-03-25T21:59:06.876-0700][5.362s] GC(6) Concurrent Mark (5.323s, 5.362s) 39.492ms
[2021-03-25T21:59:06.876-0700][5.362s] GC(6) Pause Remark
[2021-03-25T21:59:06.880-0700][5.366s] GC(6) Cleaned string and symbol table, strings: 14874 processed, 26 removed, symbols: 102445 processed, 77 removed
[2021-03-25T21:59:06.880-0700][5.367s] GC(6) Pause Remark 44M->44M(512M) 4.303ms
[2021-03-25T21:59:06.880-0700][5.367s] GC(6) User=0.02s Sys=0.00s Real=0.01s
[2021-03-25T21:59:06.880-0700][5.367s] GC(6) Concurrent Rebuild Remembered Sets
[2021-03-25T21:59:06.895-0700][5.382s] GC(6) Concurrent Rebuild Remembered Sets 14.940ms
[2021-03-25T21:59:06.895-0700][5.382s] GC(6) Pause Cleanup
[2021-03-25T21:59:06.896-0700][5.382s] GC(6) Pause Cleanup 46M->46M(512M) 0.174ms
[2021-03-25T21:59:06.896-0700][5.382s] GC(6) User=0.00s Sys=0.00s Real=0.00s
[2021-03-25T21:59:06.896-0700][5.382s] GC(6) Concurrent Cleanup for Next Mark
[2021-03-25T21:59:06.897-0700][5.383s] GC(6) Concurrent Cleanup for Next Mark 1.058ms
[2021-03-25T21:59:06.897-0700][5.383s] GC(6) Concurrent Cycle 63.902ms
[2021-03-25T21:59:07.296-0700][5.782s] GC(7) Pause Young (Normal) (G1 Evacuation Pause)
[2021-03-25T21:59:07.296-0700][5.782s] GC(7) Using 4 workers of 4 for evacuation
[2021-03-25T21:59:07.303-0700][5.789s] GC(7)   Pre Evacuate Collection Set: 0.0ms
[2021-03-25T21:59:07.303-0700][5.789s] GC(7)   Evacuate Collection Set: 6.5ms
[2021-03-25T21:59:07.303-0700][5.789s] GC(7)   Post Evacuate Collection Set: 0.5ms
[2021-03-25T21:59:07.303-0700][5.789s] GC(7)   Other: 0.2ms
[2021-03-25T21:59:07.303-0700][5.789s] GC(7) Eden regions: 100->0(144)
[2021-03-25T21:59:07.303-0700][5.789s] GC(7) Survivor regions: 6->8(14)
[2021-03-25T21:59:07.303-0700][5.789s] GC(7) Old regions: 21->21
[2021-03-25T21:59:07.303-0700][5.789s] GC(7) Humongous regions: 4->4
[2021-03-25T21:59:07.303-0700][5.789s] GC(7) Metaspace: 37998K->37998K(1083392K)
[2021-03-25T21:59:07.303-0700][5.789s] GC(7) Pause Young (Normal) (G1 Evacuation Pause) 128M->30M(512M) 7.189ms
[2021-03-25T21:59:07.303-0700][5.789s] GC(7) User=0.02s Sys=0.00s Real=0.01s
[2021-03-25T21:59:08.036-0700][6.522s] GC(8) Pause Young (Normal) (G1 Evacuation Pause)
[2021-03-25T21:59:08.036-0700][6.522s] GC(8) Using 4 workers of 4 for evacuation
[2021-03-25T21:59:08.050-0700][6.536s] GC(8)   Pre Evacuate Collection Set: 0.0ms
[2021-03-25T21:59:08.050-0700][6.536s] GC(8)   Evacuate Collection Set: 13.2ms
[2021-03-25T21:59:08.050-0700][6.536s] GC(8)   Post Evacuate Collection Set: 0.6ms
[2021-03-25T21:59:08.050-0700][6.536s] GC(8)   Other: 0.2ms
[2021-03-25T21:59:08.050-0700][6.536s] GC(8) Eden regions: 144->0(208)
[2021-03-25T21:59:08.050-0700][6.536s] GC(8) Survivor regions: 8->9(19)
[2021-03-25T21:59:08.050-0700][6.536s] GC(8) Old regions: 21->21
[2021-03-25T21:59:08.050-0700][6.536s] GC(8) Humongous regions: 5->4
[2021-03-25T21:59:08.050-0700][6.536s] GC(8) Metaspace: 40375K->40375K(1085440K)
[2021-03-25T21:59:08.050-0700][6.536s] GC(8) Pause Young (Normal) (G1 Evacuation Pause) 175M->31M(512M) 14.065ms
[2021-03-25T21:59:08.050-0700][6.536s] GC(8) User=0.04s Sys=0.01s Real=0.02s
[2021-03-25T21:59:09.150-0700][7.636s] GC(9) Pause Young (Normal) (G1 Evacuation Pause)
[2021-03-25T21:59:09.150-0700][7.636s] GC(9) Using 4 workers of 4 for evacuation
[2021-03-25T21:59:09.177-0700][7.663s] GC(9)   Pre Evacuate Collection Set: 0.0ms
[2021-03-25T21:59:09.177-0700][7.663s] GC(9)   Evacuate Collection Set: 25.9ms
[2021-03-25T21:59:09.177-0700][7.663s] GC(9)   Post Evacuate Collection Set: 0.7ms
[2021-03-25T21:59:09.177-0700][7.663s] GC(9)   Other: 0.2ms
[2021-03-25T21:59:09.177-0700][7.663s] GC(9) Eden regions: 208->0(245)
[2021-03-25T21:59:09.177-0700][7.663s] GC(9) Survivor regions: 9->16(28)
[2021-03-25T21:59:09.177-0700][7.663s] GC(9) Old regions: 21->21
[2021-03-25T21:59:09.177-0700][7.663s] GC(9) Humongous regions: 4->4
[2021-03-25T21:59:09.177-0700][7.663s] GC(9) Metaspace: 45680K->45680K(1091584K)
[2021-03-25T21:59:09.177-0700][7.663s] GC(9) Pause Young (Normal) (G1 Evacuation Pause) 239M->38M(512M) 26.947ms
[2021-03-25T21:59:09.177-0700][7.663s] GC(9) User=0.06s Sys=0.03s Real=0.03s
[2021-03-25T21:59:10.246-0700][8.732s] GC(10) Pause Young (Normal) (G1 Evacuation Pause)
[2021-03-25T21:59:10.246-0700][8.732s] GC(10) Using 4 workers of 4 for evacuation
[2021-03-25T21:59:10.317-0700][8.803s] GC(10)   Pre Evacuate Collection Set: 0.0ms
[2021-03-25T21:59:10.317-0700][8.803s] GC(10)   Evacuate Collection Set: 62.2ms
[2021-03-25T21:59:10.317-0700][8.803s] GC(10)   Post Evacuate Collection Set: 8.5ms
[2021-03-25T21:59:10.317-0700][8.803s] GC(10)   Other: 0.2ms
[2021-03-25T21:59:10.317-0700][8.803s] GC(10) Eden regions: 245->0(270)
[2021-03-25T21:59:10.317-0700][8.803s] GC(10) Survivor regions: 16->31(33)
[2021-03-25T21:59:10.317-0700][8.803s] GC(10) Old regions: 21->21
[2021-03-25T21:59:10.317-0700][8.803s] GC(10) Humongous regions: 5->5
[2021-03-25T21:59:10.317-0700][8.803s] GC(10) Metaspace: 50322K->50322K(1095680K)
[2021-03-25T21:59:10.317-0700][8.803s] GC(10) Pause Young (Normal) (G1 Evacuation Pause) 284M->54M(512M) 71.016ms
[2021-03-25T21:59:10.317-0700][8.803s] GC(10) User=0.09s Sys=0.04s Real=0.07s
[2021-03-25T22:06:26.426-0700][444.912s] GC(11) Pause Young (Normal) (G1 Evacuation Pause)
[2021-03-25T22:06:26.426-0700][444.912s] GC(11) Using 4 workers of 4 for evacuation
[2021-03-25T22:06:26.494-0700][444.980s] GC(11)   Pre Evacuate Collection Set: 0.0ms
[2021-03-25T22:06:26.494-0700][444.980s] GC(11)   Evacuate Collection Set: 62.5ms
[2021-03-25T22:06:26.494-0700][444.980s] GC(11)   Post Evacuate Collection Set: 5.3ms
[2021-03-25T22:06:26.494-0700][444.980s] GC(11)   Other: 0.3ms
[2021-03-25T22:06:26.494-0700][444.980s] GC(11) Eden regions: 270->0(279)
[2021-03-25T22:06:26.494-0700][444.980s] GC(11) Survivor regions: 31->28(38)
[2021-03-25T22:06:26.494-0700][444.980s] GC(11) Old regions: 21->36
[2021-03-25T22:06:26.494-0700][444.981s] GC(11) Humongous regions: 8->8
[2021-03-25T22:06:26.494-0700][444.981s] GC(11) Metaspace: 55266K->55266K(1099776K)
[2021-03-25T22:06:26.494-0700][444.981s] GC(11) Pause Young (Normal) (G1 Evacuation Pause) 327M->70M(512M) 68.093ms
[2021-03-25T22:06:26.494-0700][444.981s] GC(11) User=0.08s Sys=0.03s Real=0.06s
[2021-03-25T22:11:32.126-0700][750.613s] GC(12) Pause Young (Normal) (G1 Evacuation Pause)
[2021-03-25T22:11:32.126-0700][750.613s] GC(12) Using 4 workers of 4 for evacuation
[2021-03-25T22:11:32.192-0700][750.679s] GC(12)   Pre Evacuate Collection Set: 0.0ms
[2021-03-25T22:11:32.192-0700][750.679s] GC(12)   Evacuate Collection Set: 63.7ms
[2021-03-25T22:11:32.192-0700][750.679s] GC(12)   Post Evacuate Collection Set: 2.1ms
[2021-03-25T22:11:32.192-0700][750.679s] GC(12)   Other: 0.3ms
[2021-03-25T22:11:32.192-0700][750.679s] GC(12) Eden regions: 279->0(289)
[2021-03-25T22:11:32.192-0700][750.679s] GC(12) Survivor regions: 28->18(39)
[2021-03-25T22:11:32.192-0700][750.679s] GC(12) Old regions: 36->58
[2021-03-25T22:11:32.192-0700][750.679s] GC(12) Humongous regions: 8->8
[2021-03-25T22:11:32.192-0700][750.679s] GC(12) Metaspace: 56720K->56720K(1099776K)
[2021-03-25T22:11:32.192-0700][750.679s] GC(12) Pause Young (Normal) (G1 Evacuation Pause) 349M->82M(512M) 66.137ms
[2021-03-25T22:11:32.192-0700][750.679s] GC(12) User=0.09s Sys=0.02s Real=0.06s
[2021-03-25T22:30:00.131-0700][1858.618s] GC(13) Pause Young (Concurrent Start) (Metadata GC Threshold)
[2021-03-25T22:30:00.131-0700][1858.618s] GC(13) Using 4 workers of 4 for evacuation
[2021-03-25T22:30:00.145-0700][1858.632s] GC(13)   Pre Evacuate Collection Set: 0.2ms
[2021-03-25T22:30:00.145-0700][1858.632s] GC(13)   Evacuate Collection Set: 12.7ms
[2021-03-25T22:30:00.145-0700][1858.632s] GC(13)   Post Evacuate Collection Set: 0.7ms
[2021-03-25T22:30:00.145-0700][1858.632s] GC(13)   Other: 0.2ms
[2021-03-25T22:30:00.145-0700][1858.632s] GC(13) Eden regions: 283->0(289)
[2021-03-25T22:30:00.145-0700][1858.632s] GC(13) Survivor regions: 18->18(39)
[2021-03-25T22:30:00.145-0700][1858.632s] GC(13) Old regions: 58->58
[2021-03-25T22:30:00.145-0700][1858.632s] GC(13) Humongous regions: 8->8
[2021-03-25T22:30:00.145-0700][1858.632s] GC(13) Metaspace: 58391K->58391K(1101824K)
[2021-03-25T22:30:00.145-0700][1858.632s] GC(13) Pause Young (Concurrent Start) (Metadata GC Threshold) 364M->81M(512M) 14.010ms
[2021-03-25T22:30:00.145-0700][1858.632s] GC(13) User=0.03s Sys=0.00s Real=0.02s
[2021-03-25T22:30:00.145-0700][1858.632s] GC(14) Concurrent Cycle
[2021-03-25T22:30:00.145-0700][1858.632s] GC(14) Concurrent Clear Claimed Marks
[2021-03-25T22:30:00.145-0700][1858.632s] GC(14) Concurrent Clear Claimed Marks 0.204ms
[2021-03-25T22:30:00.145-0700][1858.632s] GC(14) Concurrent Scan Root Regions
[2021-03-25T22:30:00.151-0700][1858.638s] GC(14) Concurrent Scan Root Regions 6.078ms
[2021-03-25T22:30:00.152-0700][1858.638s] GC(14) Concurrent Mark (1858.638s)
[2021-03-25T22:30:00.152-0700][1858.638s] GC(14) Concurrent Mark From Roots
[2021-03-25T22:30:00.152-0700][1858.638s] GC(14) Using 1 workers of 1 for marking
[2021-03-25T22:30:00.213-0700][1858.699s] GC(14) Concurrent Mark From Roots 61.387ms
[2021-03-25T22:30:00.213-0700][1858.700s] GC(14) Concurrent Preclean
[2021-03-25T22:30:00.213-0700][1858.700s] GC(14) Concurrent Preclean 0.468ms
[2021-03-25T22:30:00.213-0700][1858.700s] GC(14) Concurrent Mark (1858.638s, 1858.700s) 61.921ms
[2021-03-25T22:30:00.214-0700][1858.700s] GC(14) Pause Remark
[2021-03-25T22:30:00.232-0700][1858.719s] GC(14) Cleaned string and symbol table, strings: 28591 processed, 1430 removed, symbols: 151499 processed, 699 removed
[2021-03-25T22:30:00.233-0700][1858.720s] GC(14) Pause Remark 82M->82M(512M) 19.630ms
[2021-03-25T22:30:00.233-0700][1858.720s] GC(14) User=0.06s Sys=0.00s Real=0.02s
[2021-03-25T22:30:00.233-0700][1858.720s] GC(14) Concurrent Rebuild Remembered Sets
[2021-03-25T22:30:00.270-0700][1858.757s] GC(14) Concurrent Rebuild Remembered Sets 36.582ms
[2021-03-25T22:30:00.270-0700][1858.757s] GC(14) Pause Cleanup
[2021-03-25T22:30:00.271-0700][1858.757s] GC(14) Pause Cleanup 82M->82M(512M) 0.185ms
[2021-03-25T22:30:00.271-0700][1858.757s] GC(14) User=0.00s Sys=0.00s Real=0.00s
[2021-03-25T22:30:00.271-0700][1858.757s] GC(14) Concurrent Cleanup for Next Mark
[2021-03-25T22:30:00.272-0700][1858.758s] GC(14) Concurrent Cleanup for Next Mark 0.846ms
[2021-03-25T22:30:00.272-0700][1858.758s] GC(14) Concurrent Cycle 126.390ms
[2021-03-25T23:36:48.807-0700][5867.293s] Heap
[2021-03-25T23:36:48.807-0700][5867.293s]  garbage-first heap   total 524288K, used 134804K [0x00000000e0000000, 0x0000000100000000)
[2021-03-25T23:36:48.807-0700][5867.293s]   region size 1024K, 69 young (70656K), 18 survivors (18432K)
[2021-03-25T23:36:48.807-0700][5867.293s]  Metaspace       used 58379K, capacity 59615K, committed 61056K, reserved 1103872K
[2021-03-25T23:36:48.807-0700][5867.293s]   class space    used 6645K, capacity 7137K, committed 7552K, reserved 1048576K
