[2021-04-16T23:08:01.737-0700][0.035s] Heap region size: 1M
[2021-04-16T23:08:01.830-0700][0.128s] Using G1
[2021-04-16T23:08:01.830-0700][0.128s] Heap address: 0x00000000e0000000, size: 512 MB, Compressed Oops mode: 32-bit
[2021-04-16T23:08:01.830-0700][0.128s] Mark closed archive regions in map: [0x00000000fff00000, 0x00000000fff6aff8]
[2021-04-16T23:08:01.830-0700][0.128s] Mark open archive regions in map: [0x00000000ffe00000, 0x00000000ffe46ff8]
[2021-04-16T23:08:02.691-0700][0.989s] GC(0) Pause Young (Normal) (G1 Evacuation Pause)
[2021-04-16T23:08:02.700-0700][0.998s] GC(0) Using 4 workers of 4 for evacuation
[2021-04-16T23:08:02.714-0700][1.012s] GC(0)   Pre Evacuate Collection Set: 0.0ms
[2021-04-16T23:08:02.714-0700][1.012s] GC(0)   Evacuate Collection Set: 11.3ms
[2021-04-16T23:08:02.714-0700][1.012s] GC(0)   Post Evacuate Collection Set: 2.7ms
[2021-04-16T23:08:02.714-0700][1.012s] GC(0)   Other: 8.9ms
[2021-04-16T23:08:02.714-0700][1.012s] GC(0) Eden regions: 25->0(304)
[2021-04-16T23:08:02.714-0700][1.012s] GC(0) Survivor regions: 0->3(4)
[2021-04-16T23:08:02.714-0700][1.012s] GC(0) Old regions: 2->2
[2021-04-16T23:08:02.714-0700][1.012s] GC(0) Humongous regions: 0->0
[2021-04-16T23:08:02.714-0700][1.012s] GC(0) Metaspace: 5165K->5165K(1056768K)
[2021-04-16T23:08:02.715-0700][1.013s] GC(0) Pause Young (Normal) (G1 Evacuation Pause) 25M->2M(512M) 23.427ms
[2021-04-16T23:08:02.715-0700][1.013s] GC(0) User=0.02s Sys=0.01s Real=0.02s
[2021-04-16T23:08:04.685-0700][2.983s] GC(1) Pause Young (Concurrent Start) (Metadata GC Threshold)
[2021-04-16T23:08:04.685-0700][2.983s] GC(1) Using 4 workers of 4 for evacuation
[2021-04-16T23:08:04.718-0700][3.016s] GC(1)   Pre Evacuate Collection Set: 0.1ms
[2021-04-16T23:08:04.718-0700][3.016s] GC(1)   Evacuate Collection Set: 29.9ms
[2021-04-16T23:08:04.718-0700][3.016s] GC(1)   Post Evacuate Collection Set: 2.5ms
[2021-04-16T23:08:04.718-0700][3.016s] GC(1)   Other: 0.2ms
[2021-04-16T23:08:04.718-0700][3.016s] GC(1) Eden regions: 112->0(51)
[2021-04-16T23:08:04.718-0700][3.016s] GC(1) Survivor regions: 3->19(19)
[2021-04-16T23:08:04.718-0700][3.016s] GC(1) Old regions: 2->2
[2021-04-16T23:08:04.718-0700][3.016s] GC(1) Humongous regions: 4->4
[2021-04-16T23:08:04.718-0700][3.016s] GC(1) Metaspace: 20399K->20399K(1067008K)
[2021-04-16T23:08:04.718-0700][3.016s] GC(1) Pause Young (Concurrent Start) (Metadata GC Threshold) 118M->23M(512M) 32.729ms
[2021-04-16T23:08:04.718-0700][3.016s] GC(1) User=0.04s Sys=0.03s Real=0.03s
[2021-04-16T23:08:04.718-0700][3.016s] GC(2) Concurrent Cycle
[2021-04-16T23:08:04.718-0700][3.016s] GC(2) Concurrent Clear Claimed Marks
[2021-04-16T23:08:04.718-0700][3.016s] GC(2) Concurrent Clear Claimed Marks 0.098ms
[2021-04-16T23:08:04.718-0700][3.016s] GC(2) Concurrent Scan Root Regions
[2021-04-16T23:08:04.725-0700][3.023s] GC(2) Concurrent Scan Root Regions 7.126ms
[2021-04-16T23:08:04.725-0700][3.023s] GC(2) Concurrent Mark (3.023s)
[2021-04-16T23:08:04.725-0700][3.023s] GC(2) Concurrent Mark From Roots
[2021-04-16T23:08:04.725-0700][3.023s] GC(2) Using 1 workers of 1 for marking
[2021-04-16T23:08:04.737-0700][3.035s] GC(2) Concurrent Mark From Roots 11.842ms
[2021-04-16T23:08:04.737-0700][3.035s] GC(2) Concurrent Preclean
[2021-04-16T23:08:04.737-0700][3.035s] GC(2) Concurrent Preclean 0.028ms
[2021-04-16T23:08:04.737-0700][3.035s] GC(2) Concurrent Mark (3.023s, 3.035s) 11.937ms
[2021-04-16T23:08:04.738-0700][3.036s] GC(2) Pause Remark
[2021-04-16T23:08:04.745-0700][3.043s] GC(2) Cleaned string and symbol table, strings: 8877 processed, 0 removed, symbols: 59162 processed, 30 removed
[2021-04-16T23:08:04.745-0700][3.043s] GC(2) Pause Remark 25M->25M(512M) 6.794ms
[2021-04-16T23:08:04.745-0700][3.043s] GC(2) User=0.02s Sys=0.00s Real=0.01s
[2021-04-16T23:08:04.746-0700][3.044s] GC(2) Concurrent Rebuild Remembered Sets
[2021-04-16T23:08:04.748-0700][3.046s] GC(2) Concurrent Rebuild Remembered Sets 2.126ms
[2021-04-16T23:08:04.751-0700][3.049s] GC(2) Pause Cleanup
[2021-04-16T23:08:04.751-0700][3.049s] GC(2) Pause Cleanup 25M->25M(512M) 0.185ms
[2021-04-16T23:08:04.751-0700][3.049s] GC(2) User=0.00s Sys=0.00s Real=0.00s
[2021-04-16T23:08:04.751-0700][3.049s] GC(2) Concurrent Cleanup for Next Mark
[2021-04-16T23:08:04.763-0700][3.061s] GC(2) Concurrent Cleanup for Next Mark 11.765ms
[2021-04-16T23:08:04.763-0700][3.061s] GC(2) Concurrent Cycle 44.791ms
[2021-04-16T23:08:05.347-0700][3.645s] GC(3) Pause Young (Normal) (G1 Evacuation Pause)
[2021-04-16T23:08:05.348-0700][3.646s] GC(3) Using 4 workers of 4 for evacuation
[2021-04-16T23:08:05.377-0700][3.675s] GC(3)   Pre Evacuate Collection Set: 0.0ms
[2021-04-16T23:08:05.377-0700][3.675s] GC(3)   Evacuate Collection Set: 27.9ms
[2021-04-16T23:08:05.377-0700][3.675s] GC(3)   Post Evacuate Collection Set: 0.6ms
[2021-04-16T23:08:05.377-0700][3.675s] GC(3)   Other: 1.5ms
[2021-04-16T23:08:05.377-0700][3.675s] GC(3) Eden regions: 42->0(79)
[2021-04-16T23:08:05.377-0700][3.675s] GC(3) Survivor regions: 19->2(8)
[2021-04-16T23:08:05.377-0700][3.675s] GC(3) Old regions: 2->21
[2021-04-16T23:08:05.377-0700][3.675s] GC(3) Humongous regions: 4->4
[2021-04-16T23:08:05.377-0700][3.675s] GC(3) Metaspace: 25052K->25052K(1073152K)
[2021-04-16T23:08:05.377-0700][3.675s] GC(3) Pause Young (Normal) (G1 Evacuation Pause) 65M->24M(512M) 30.160ms
[2021-04-16T23:08:05.377-0700][3.675s] GC(3) User=0.09s Sys=0.02s Real=0.03s
[2021-04-16T23:08:06.463-0700][4.761s] GC(4) Pause Young (Concurrent Start) (Metadata GC Threshold)
[2021-04-16T23:08:06.463-0700][4.761s] GC(4) Using 4 workers of 4 for evacuation
[2021-04-16T23:08:06.471-0700][4.769s] GC(4)   Pre Evacuate Collection Set: 0.3ms
[2021-04-16T23:08:06.471-0700][4.769s] GC(4)   Evacuate Collection Set: 7.4ms
[2021-04-16T23:08:06.471-0700][4.769s] GC(4)   Post Evacuate Collection Set: 0.6ms
[2021-04-16T23:08:06.471-0700][4.769s] GC(4)   Other: 0.2ms
[2021-04-16T23:08:06.471-0700][4.769s] GC(4) Eden regions: 74->0(105)
[2021-04-16T23:08:06.471-0700][4.769s] GC(4) Survivor regions: 2->6(11)
[2021-04-16T23:08:06.471-0700][4.769s] GC(4) Old regions: 21->21
[2021-04-16T23:08:06.471-0700][4.769s] GC(4) Humongous regions: 4->4
[2021-04-16T23:08:06.471-0700][4.769s] GC(4) Metaspace: 34758K->34758K(1081344K)
[2021-04-16T23:08:06.471-0700][4.769s] GC(4) Pause Young (Concurrent Start) (Metadata GC Threshold) 98M->28M(512M) 8.657ms
[2021-04-16T23:08:06.471-0700][4.769s] GC(4) User=0.02s Sys=0.00s Real=0.01s
[2021-04-16T23:08:06.472-0700][4.770s] GC(5) Concurrent Cycle
[2021-04-16T23:08:06.472-0700][4.770s] GC(5) Concurrent Clear Claimed Marks
[2021-04-16T23:08:06.472-0700][4.770s] GC(5) Concurrent Clear Claimed Marks 0.083ms
[2021-04-16T23:08:06.472-0700][4.770s] GC(5) Concurrent Scan Root Regions
[2021-04-16T23:08:06.475-0700][4.773s] GC(5) Concurrent Scan Root Regions 3.759ms
[2021-04-16T23:08:06.476-0700][4.774s] GC(5) Concurrent Mark (4.774s)
[2021-04-16T23:08:06.476-0700][4.774s] GC(5) Concurrent Mark From Roots
[2021-04-16T23:08:06.476-0700][4.774s] GC(5) Using 1 workers of 1 for marking
[2021-04-16T23:08:06.509-0700][4.808s] GC(5) Concurrent Mark From Roots 33.863ms
[2021-04-16T23:08:06.511-0700][4.809s] GC(5) Concurrent Preclean
[2021-04-16T23:08:06.514-0700][4.812s] GC(5) Concurrent Preclean 3.032ms
[2021-04-16T23:08:06.514-0700][4.812s] GC(5) Concurrent Mark (4.774s, 4.812s) 38.608ms
[2021-04-16T23:08:06.515-0700][4.813s] GC(5) Pause Remark
[2021-04-16T23:08:06.522-0700][4.820s] GC(5) Cleaned string and symbol table, strings: 14850 processed, 24 removed, symbols: 103157 processed, 76 removed
[2021-04-16T23:08:06.522-0700][4.820s] GC(5) Pause Remark 33M->33M(512M) 7.369ms
[2021-04-16T23:08:06.522-0700][4.820s] GC(5) User=0.01s Sys=0.00s Real=0.01s
[2021-04-16T23:08:06.524-0700][4.822s] GC(5) Concurrent Rebuild Remembered Sets
[2021-04-16T23:08:06.544-0700][4.842s] GC(5) Concurrent Rebuild Remembered Sets 20.775ms
[2021-04-16T23:08:06.546-0700][4.844s] GC(5) Pause Cleanup
[2021-04-16T23:08:06.546-0700][4.844s] GC(5) Pause Cleanup 34M->34M(512M) 0.131ms
[2021-04-16T23:08:06.546-0700][4.844s] GC(5) User=0.00s Sys=0.00s Real=0.00s
[2021-04-16T23:08:06.546-0700][4.844s] GC(5) Concurrent Cleanup for Next Mark
[2021-04-16T23:08:06.553-0700][4.851s] GC(5) Concurrent Cleanup for Next Mark 6.761ms
[2021-04-16T23:08:06.555-0700][4.853s] GC(5) Concurrent Cycle 83.552ms
[2021-04-16T23:08:06.919-0700][5.217s] GC(6) Pause Young (Concurrent Start) (G1 Evacuation Pause)
[2021-04-16T23:08:06.919-0700][5.217s] GC(6) Using 4 workers of 4 for evacuation
[2021-04-16T23:08:06.927-0700][5.225s] GC(6)   Pre Evacuate Collection Set: 0.1ms
[2021-04-16T23:08:06.927-0700][5.225s] GC(6)   Evacuate Collection Set: 7.8ms
[2021-04-16T23:08:06.927-0700][5.225s] GC(6)   Post Evacuate Collection Set: 0.5ms
[2021-04-16T23:08:06.927-0700][5.225s] GC(6)   Other: 0.2ms
[2021-04-16T23:08:06.927-0700][5.225s] GC(6) Eden regions: 105->0(162)
[2021-04-16T23:08:06.927-0700][5.225s] GC(6) Survivor regions: 6->11(14)
[2021-04-16T23:08:06.927-0700][5.225s] GC(6) Old regions: 21->21
[2021-04-16T23:08:06.927-0700][5.225s] GC(6) Humongous regions: 6->5
[2021-04-16T23:08:06.927-0700][5.225s] GC(6) Metaspace: 37599K->37599K(1083392K)
[2021-04-16T23:08:06.927-0700][5.225s] GC(6) Pause Young (Concurrent Start) (G1 Evacuation Pause) 135M->34M(512M) 8.695ms
[2021-04-16T23:08:06.927-0700][5.225s] GC(6) User=0.02s Sys=0.01s Real=0.01s
[2021-04-16T23:08:06.928-0700][5.226s] GC(7) Concurrent Cycle
[2021-04-16T23:08:06.928-0700][5.226s] GC(7) Concurrent Clear Claimed Marks
[2021-04-16T23:08:06.928-0700][5.226s] GC(7) Concurrent Clear Claimed Marks 0.039ms
[2021-04-16T23:08:06.928-0700][5.226s] GC(7) Concurrent Scan Root Regions
[2021-04-16T23:08:06.932-0700][5.230s] GC(7) Concurrent Scan Root Regions 4.505ms
[2021-04-16T23:08:06.932-0700][5.230s] GC(7) Concurrent Mark (5.230s)
[2021-04-16T23:08:06.932-0700][5.230s] GC(7) Concurrent Mark From Roots
[2021-04-16T23:08:06.932-0700][5.230s] GC(7) Using 1 workers of 1 for marking
[2021-04-16T23:08:06.970-0700][5.268s] GC(7) Concurrent Mark From Roots 37.860ms
[2021-04-16T23:08:06.970-0700][5.268s] GC(7) Concurrent Preclean
[2021-04-16T23:08:06.970-0700][5.268s] GC(7) Concurrent Preclean 0.141ms
[2021-04-16T23:08:06.970-0700][5.268s] GC(7) Concurrent Mark (5.230s, 5.268s) 38.091ms
[2021-04-16T23:08:06.973-0700][5.271s] GC(7) Pause Remark
[2021-04-16T23:08:06.981-0700][5.279s] GC(7) Cleaned string and symbol table, strings: 16109 processed, 0 removed, symbols: 112109 processed, 14 removed
[2021-04-16T23:08:06.981-0700][5.279s] GC(7) Pause Remark 41M->41M(512M) 7.377ms
[2021-04-16T23:08:06.981-0700][5.279s] GC(7) User=0.02s Sys=0.00s Real=0.01s
[2021-04-16T23:08:06.982-0700][5.280s] GC(7) Concurrent Rebuild Remembered Sets
[2021-04-16T23:08:06.997-0700][5.295s] GC(7) Concurrent Rebuild Remembered Sets 14.598ms
[2021-04-16T23:08:07.001-0700][5.299s] GC(7) Pause Cleanup
[2021-04-16T23:08:07.002-0700][5.300s] GC(7) Pause Cleanup 41M->41M(512M) 0.198ms
[2021-04-16T23:08:07.002-0700][5.300s] GC(7) User=0.00s Sys=0.00s Real=0.00s
[2021-04-16T23:08:07.002-0700][5.300s] GC(7) Concurrent Cleanup for Next Mark
[2021-04-16T23:08:07.006-0700][5.304s] GC(7) Concurrent Cleanup for Next Mark 4.607ms
[2021-04-16T23:08:07.006-0700][5.304s] GC(7) Concurrent Cycle 78.774ms
[2021-04-16T23:08:07.926-0700][6.224s] GC(8) Pause Young (Normal) (G1 Evacuation Pause)
[2021-04-16T23:08:07.926-0700][6.224s] GC(8) Using 4 workers of 4 for evacuation
[2021-04-16T23:08:07.946-0700][6.244s] GC(8)   Pre Evacuate Collection Set: 0.0ms
[2021-04-16T23:08:07.946-0700][6.244s] GC(8)   Evacuate Collection Set: 16.4ms
[2021-04-16T23:08:07.946-0700][6.244s] GC(8)   Post Evacuate Collection Set: 3.4ms
[2021-04-16T23:08:07.946-0700][6.244s] GC(8)   Other: 0.2ms
[2021-04-16T23:08:07.946-0700][6.244s] GC(8) Eden regions: 162->0(217)
[2021-04-16T23:08:07.946-0700][6.244s] GC(8) Survivor regions: 11->14(22)
[2021-04-16T23:08:07.946-0700][6.244s] GC(8) Old regions: 21->21
[2021-04-16T23:08:07.946-0700][6.244s] GC(8) Humongous regions: 5->5
[2021-04-16T23:08:07.946-0700][6.244s] GC(8) Metaspace: 41563K->41563K(1087488K)
[2021-04-16T23:08:07.946-0700][6.244s] GC(8) Pause Young (Normal) (G1 Evacuation Pause) 196M->37M(512M) 20.161ms
[2021-04-16T23:08:07.946-0700][6.244s] GC(8) User=0.04s Sys=0.02s Real=0.02s
[2021-04-16T23:08:12.177-0700][10.475s] GC(9) Pause Young (Normal) (G1 Evacuation Pause)
[2021-04-16T23:08:12.177-0700][10.476s] GC(9) Using 4 workers of 4 for evacuation
[2021-04-16T23:08:12.244-0700][10.542s] GC(9)   Pre Evacuate Collection Set: 0.0ms
[2021-04-16T23:08:12.245-0700][10.543s] GC(9)   Evacuate Collection Set: 56.9ms
[2021-04-16T23:08:12.245-0700][10.543s] GC(9)   Post Evacuate Collection Set: 6.4ms
[2021-04-16T23:08:12.247-0700][10.545s] GC(9)   Other: 3.4ms
[2021-04-16T23:08:12.248-0700][10.546s] GC(9) Eden regions: 217->0(285)
[2021-04-16T23:08:12.249-0700][10.547s] GC(9) Survivor regions: 14->22(29)
[2021-04-16T23:08:12.249-0700][10.547s] GC(9) Old regions: 21->21
[2021-04-16T23:08:12.249-0700][10.547s] GC(9) Humongous regions: 8->8
[2021-04-16T23:08:12.249-0700][10.547s] GC(9) Metaspace: 52599K->52599K(1095680K)
[2021-04-16T23:08:12.249-0700][10.547s] GC(9) Pause Young (Normal) (G1 Evacuation Pause) 257M->48M(512M) 72.286ms
[2021-04-16T23:08:12.249-0700][10.547s] GC(9) User=0.04s Sys=0.03s Real=0.08s
[2021-04-16T23:08:19.604-0700][17.902s] GC(10) Pause Young (Normal) (G1 Evacuation Pause)
[2021-04-16T23:08:19.604-0700][17.902s] GC(10) Using 4 workers of 4 for evacuation
[2021-04-16T23:08:19.658-0700][17.956s] GC(10)   Pre Evacuate Collection Set: 0.0ms
[2021-04-16T23:08:19.658-0700][17.956s] GC(10)   Evacuate Collection Set: 51.9ms
[2021-04-16T23:08:19.658-0700][17.956s] GC(10)   Post Evacuate Collection Set: 1.4ms
[2021-04-16T23:08:19.658-0700][17.956s] GC(10)   Other: 0.2ms
[2021-04-16T23:08:19.658-0700][17.956s] GC(10) Eden regions: 285->0(270)
[2021-04-16T23:08:19.658-0700][17.956s] GC(10) Survivor regions: 22->37(39)
[2021-04-16T23:08:19.658-0700][17.956s] GC(10) Old regions: 21->25
[2021-04-16T23:08:19.658-0700][17.956s] GC(10) Humongous regions: 8->8
[2021-04-16T23:08:19.658-0700][17.956s] GC(10) Metaspace: 54080K->54080K(1097728K)
[2021-04-16T23:08:19.658-0700][17.956s] GC(10) Pause Young (Normal) (G1 Evacuation Pause) 333M->68M(512M) 53.695ms
[2021-04-16T23:08:19.658-0700][17.956s] GC(10) User=0.08s Sys=0.02s Real=0.05s
[2021-04-16T23:08:23.680-0700][21.978s] GC(11) Pause Young (Normal) (G1 Evacuation Pause)
[2021-04-16T23:08:23.682-0700][21.980s] GC(11) Using 4 workers of 4 for evacuation
[2021-04-16T23:08:23.795-0700][22.093s] GC(11)   Pre Evacuate Collection Set: 0.0ms
[2021-04-16T23:08:23.795-0700][22.093s] GC(11)   Evacuate Collection Set: 109.0ms
[2021-04-16T23:08:23.795-0700][22.093s] GC(11)   Post Evacuate Collection Set: 2.8ms
[2021-04-16T23:08:23.795-0700][22.093s] GC(11)   Other: 3.2ms
[2021-04-16T23:08:23.795-0700][22.093s] GC(11) Eden regions: 270->0(287)
[2021-04-16T23:08:23.795-0700][22.093s] GC(11) Survivor regions: 37->20(39)
[2021-04-16T23:08:23.795-0700][22.093s] GC(11) Old regions: 25->58
[2021-04-16T23:08:23.795-0700][22.093s] GC(11) Humongous regions: 8->8
[2021-04-16T23:08:23.795-0700][22.093s] GC(11) Metaspace: 56446K->56446K(1099776K)
[2021-04-16T23:08:23.795-0700][22.093s] GC(11) Pause Young (Normal) (G1 Evacuation Pause) 338M->83M(512M) 115.215ms
[2021-04-16T23:08:23.795-0700][22.093s] GC(11) User=0.14s Sys=0.04s Real=0.11s
[2021-04-16T23:08:30.859-0700][29.157s] GC(12) Pause Young (Normal) (G1 Evacuation Pause)
[2021-04-16T23:08:30.859-0700][29.157s] GC(12) Using 4 workers of 4 for evacuation
[2021-04-16T23:08:30.912-0700][29.210s] GC(12)   Pre Evacuate Collection Set: 0.0ms
[2021-04-16T23:08:30.912-0700][29.210s] GC(12)   Evacuate Collection Set: 51.9ms
[2021-04-16T23:08:30.912-0700][29.210s] GC(12)   Post Evacuate Collection Set: 0.9ms
[2021-04-16T23:08:30.912-0700][29.210s] GC(12)   Other: 0.2ms
[2021-04-16T23:08:30.912-0700][29.210s] GC(12) Eden regions: 287->0(287)
[2021-04-16T23:08:30.912-0700][29.210s] GC(12) Survivor regions: 20->20(39)
[2021-04-16T23:08:30.912-0700][29.210s] GC(12) Old regions: 58->58
[2021-04-16T23:08:30.912-0700][29.210s] GC(12) Humongous regions: 8->8
[2021-04-16T23:08:30.912-0700][29.210s] GC(12) Metaspace: 57969K->57969K(1101824K)
[2021-04-16T23:08:30.912-0700][29.210s] GC(12) Pause Young (Normal) (G1 Evacuation Pause) 370M->84M(512M) 53.154ms
[2021-04-16T23:08:30.912-0700][29.210s] GC(12) User=0.05s Sys=0.00s Real=0.05s
[2021-04-16T23:08:55.707-0700][54.005s] GC(13) Pause Young (Normal) (G1 Evacuation Pause)
[2021-04-16T23:08:55.707-0700][54.005s] GC(13) Using 4 workers of 4 for evacuation
[2021-04-16T23:08:55.716-0700][54.014s] GC(13)   Pre Evacuate Collection Set: 0.0ms
[2021-04-16T23:08:55.716-0700][54.014s] GC(13)   Evacuate Collection Set: 8.5ms
[2021-04-16T23:08:55.716-0700][54.014s] GC(13)   Post Evacuate Collection Set: 0.6ms
[2021-04-16T23:08:55.716-0700][54.014s] GC(13)   Other: 0.2ms
[2021-04-16T23:08:55.716-0700][54.014s] GC(13) Eden regions: 287->0(286)
[2021-04-16T23:08:55.716-0700][54.014s] GC(13) Survivor regions: 20->21(39)
[2021-04-16T23:08:55.716-0700][54.014s] GC(13) Old regions: 58->58
[2021-04-16T23:08:55.716-0700][54.014s] GC(13) Humongous regions: 29->8
[2021-04-16T23:08:55.716-0700][54.014s] GC(13) Metaspace: 59803K->59803K(1103872K)
[2021-04-16T23:08:55.716-0700][54.014s] GC(13) Pause Young (Normal) (G1 Evacuation Pause) 392M->84M(512M) 9.541ms
[2021-04-16T23:08:55.716-0700][54.014s] GC(13) User=0.03s Sys=0.01s Real=0.01s
[2021-04-17T02:13:39.561-0700][11137.859s] Heap
[2021-04-17T02:13:39.561-0700][11137.859s]  garbage-first heap   total 524288K, used 216578K [0x00000000e0000000, 0x0000000100000000)
[2021-04-17T02:13:39.561-0700][11137.859s]   region size 1024K, 150 young (153600K), 21 survivors (21504K)
[2021-04-17T02:13:39.561-0700][11137.859s]  Metaspace       used 62016K, capacity 63846K, committed 64128K, reserved 1105920K
[2021-04-17T02:13:39.561-0700][11137.859s]   class space    used 7063K, capacity 7725K, committed 7808K, reserved 1048576K
