[2021-03-25T00:57:33.511-0700][0.008s] Heap region size: 1M
[2021-03-25T00:57:33.537-0700][0.034s] Using G1
[2021-03-25T00:57:33.537-0700][0.034s] Heap address: 0x00000000e0000000, size: 512 MB, Compressed Oops mode: 32-bit
[2021-03-25T00:57:33.537-0700][0.034s] Mark closed archive regions in map: [0x00000000fff00000, 0x00000000fff6aff8]
[2021-03-25T00:57:33.537-0700][0.034s] Mark open archive regions in map: [0x00000000ffe00000, 0x00000000ffe46ff8]
[2021-03-25T00:57:33.953-0700][0.450s] GC(0) Pause Young (Normal) (G1 Evacuation Pause)
[2021-03-25T00:57:33.954-0700][0.451s] GC(0) Using 4 workers of 4 for evacuation
[2021-03-25T00:57:33.963-0700][0.460s] GC(0)   Pre Evacuate Collection Set: 0.0ms
[2021-03-25T00:57:33.963-0700][0.460s] GC(0)   Evacuate Collection Set: 8.1ms
[2021-03-25T00:57:33.963-0700][0.460s] GC(0)   Post Evacuate Collection Set: 1.3ms
[2021-03-25T00:57:33.964-0700][0.460s] GC(0)   Other: 0.6ms
[2021-03-25T00:57:33.964-0700][0.460s] GC(0) Eden regions: 25->0(304)
[2021-03-25T00:57:33.964-0700][0.460s] GC(0) Survivor regions: 0->3(4)
[2021-03-25T00:57:33.964-0700][0.460s] GC(0) Old regions: 2->2
[2021-03-25T00:57:33.964-0700][0.460s] GC(0) Humongous regions: 0->0
[2021-03-25T00:57:33.964-0700][0.460s] GC(0) Metaspace: 5282K->5282K(1056768K)
[2021-03-25T00:57:33.964-0700][0.460s] GC(0) Pause Young (Normal) (G1 Evacuation Pause) 25M->2M(512M) 10.067ms
[2021-03-25T00:57:33.964-0700][0.460s] GC(0) User=0.03s Sys=0.02s Real=0.02s
[2021-03-25T00:57:35.317-0700][1.814s] GC(1) Pause Young (Concurrent Start) (Metadata GC Threshold)
[2021-03-25T00:57:35.317-0700][1.814s] GC(1) Using 4 workers of 4 for evacuation
[2021-03-25T00:57:35.344-0700][1.841s] GC(1)   Pre Evacuate Collection Set: 0.1ms
[2021-03-25T00:57:35.344-0700][1.841s] GC(1)   Evacuate Collection Set: 25.4ms
[2021-03-25T00:57:35.344-0700][1.841s] GC(1)   Post Evacuate Collection Set: 1.3ms
[2021-03-25T00:57:35.344-0700][1.841s] GC(1)   Other: 0.2ms
[2021-03-25T00:57:35.344-0700][1.841s] GC(1) Eden regions: 111->0(51)
[2021-03-25T00:57:35.344-0700][1.841s] GC(1) Survivor regions: 3->19(20)
[2021-03-25T00:57:35.344-0700][1.841s] GC(1) Old regions: 2->2
[2021-03-25T00:57:35.344-0700][1.841s] GC(1) Humongous regions: 4->4
[2021-03-25T00:57:35.344-0700][1.841s] GC(1) Metaspace: 20440K->20440K(1067008K)
[2021-03-25T00:57:35.344-0700][1.841s] GC(1) Pause Young (Concurrent Start) (Metadata GC Threshold) 117M->23M(512M) 27.086ms
[2021-03-25T00:57:35.344-0700][1.841s] GC(1) User=0.07s Sys=0.01s Real=0.03s
[2021-03-25T00:57:35.344-0700][1.841s] GC(2) Concurrent Cycle
[2021-03-25T00:57:35.344-0700][1.841s] GC(2) Concurrent Clear Claimed Marks
[2021-03-25T00:57:35.344-0700][1.841s] GC(2) Concurrent Clear Claimed Marks 0.075ms
[2021-03-25T00:57:35.344-0700][1.841s] GC(2) Concurrent Scan Root Regions
[2021-03-25T00:57:35.350-0700][1.847s] GC(2) Concurrent Scan Root Regions 6.151ms
[2021-03-25T00:57:35.350-0700][1.847s] GC(2) Concurrent Mark (1.847s)
[2021-03-25T00:57:35.350-0700][1.847s] GC(2) Concurrent Mark From Roots
[2021-03-25T00:57:35.350-0700][1.847s] GC(2) Using 1 workers of 1 for marking
[2021-03-25T00:57:35.362-0700][1.859s] GC(2) Concurrent Mark From Roots 11.369ms
[2021-03-25T00:57:35.362-0700][1.859s] GC(2) Concurrent Preclean
[2021-03-25T00:57:35.362-0700][1.859s] GC(2) Concurrent Preclean 0.031ms
[2021-03-25T00:57:35.362-0700][1.859s] GC(2) Concurrent Mark (1.847s, 1.859s) 11.452ms
[2021-03-25T00:57:35.362-0700][1.859s] GC(2) Pause Remark
[2021-03-25T00:57:35.367-0700][1.864s] GC(2) Cleaned string and symbol table, strings: 8946 processed, 0 removed, symbols: 60099 processed, 29 removed
[2021-03-25T00:57:35.368-0700][1.864s] GC(2) Pause Remark 25M->25M(512M) 5.296ms
[2021-03-25T00:57:35.368-0700][1.864s] GC(2) User=0.02s Sys=0.00s Real=0.01s
[2021-03-25T00:57:35.368-0700][1.865s] GC(2) Concurrent Rebuild Remembered Sets
[2021-03-25T00:57:35.371-0700][1.868s] GC(2) Concurrent Rebuild Remembered Sets 2.574ms
[2021-03-25T00:57:35.372-0700][1.869s] GC(2) Pause Cleanup
[2021-03-25T00:57:35.372-0700][1.869s] GC(2) Pause Cleanup 27M->27M(512M) 0.149ms
[2021-03-25T00:57:35.372-0700][1.869s] GC(2) User=0.00s Sys=0.00s Real=0.00s
[2021-03-25T00:57:35.373-0700][1.869s] GC(2) Concurrent Cleanup for Next Mark
[2021-03-25T00:57:35.377-0700][1.874s] GC(2) Concurrent Cleanup for Next Mark 4.296ms
[2021-03-25T00:57:35.377-0700][1.874s] GC(2) Concurrent Cycle 33.047ms
[2021-03-25T00:57:35.886-0700][2.383s] GC(3) Pause Young (Concurrent Start) (G1 Evacuation Pause)
[2021-03-25T00:57:35.886-0700][2.383s] GC(3) Using 4 workers of 4 for evacuation
[2021-03-25T00:57:35.914-0700][2.411s] GC(3)   Pre Evacuate Collection Set: 0.1ms
[2021-03-25T00:57:35.914-0700][2.411s] GC(3)   Evacuate Collection Set: 26.7ms
[2021-03-25T00:57:35.914-0700][2.411s] GC(3)   Post Evacuate Collection Set: 0.5ms
[2021-03-25T00:57:35.914-0700][2.411s] GC(3)   Other: 0.2ms
[2021-03-25T00:57:35.914-0700][2.411s] GC(3) Eden regions: 42->0(90)
[2021-03-25T00:57:35.914-0700][2.411s] GC(3) Survivor regions: 19->2(8)
[2021-03-25T00:57:35.914-0700][2.411s] GC(3) Old regions: 2->21
[2021-03-25T00:57:35.914-0700][2.411s] GC(3) Humongous regions: 4->4
[2021-03-25T00:57:35.914-0700][2.411s] GC(3) Metaspace: 24558K->24558K(1071104K)
[2021-03-25T00:57:35.914-0700][2.411s] GC(3) Pause Young (Concurrent Start) (G1 Evacuation Pause) 65M->25M(512M) 27.532ms
[2021-03-25T00:57:35.914-0700][2.411s] GC(3) User=0.08s Sys=0.02s Real=0.02s
[2021-03-25T00:57:35.914-0700][2.411s] GC(4) Concurrent Cycle
[2021-03-25T00:57:35.914-0700][2.411s] GC(4) Concurrent Clear Claimed Marks
[2021-03-25T00:57:35.914-0700][2.411s] GC(4) Concurrent Clear Claimed Marks 0.080ms
[2021-03-25T00:57:35.914-0700][2.411s] GC(4) Concurrent Scan Root Regions
[2021-03-25T00:57:35.915-0700][2.411s] GC(4) Concurrent Scan Root Regions 0.612ms
[2021-03-25T00:57:35.915-0700][2.411s] GC(4) Concurrent Mark (2.411s)
[2021-03-25T00:57:35.915-0700][2.411s] GC(4) Concurrent Mark From Roots
[2021-03-25T00:57:35.915-0700][2.411s] GC(4) Using 1 workers of 1 for marking
[2021-03-25T00:57:35.945-0700][2.442s] GC(4) Concurrent Mark From Roots 30.364ms
[2021-03-25T00:57:35.945-0700][2.442s] GC(4) Concurrent Preclean
[2021-03-25T00:57:35.945-0700][2.442s] GC(4) Concurrent Preclean 0.084ms
[2021-03-25T00:57:35.945-0700][2.442s] GC(4) Concurrent Mark (2.411s, 2.442s) 30.507ms
[2021-03-25T00:57:35.945-0700][2.442s] GC(4) Pause Remark
[2021-03-25T00:57:35.948-0700][2.444s] GC(4) Cleaned string and symbol table, strings: 9894 processed, 0 removed, symbols: 73185 processed, 24 removed
[2021-03-25T00:57:35.948-0700][2.445s] GC(4) Pause Remark 29M->29M(512M) 2.489ms
[2021-03-25T00:57:35.948-0700][2.445s] GC(4) User=0.01s Sys=0.00s Real=0.00s
[2021-03-25T00:57:35.948-0700][2.445s] GC(4) Concurrent Rebuild Remembered Sets
[2021-03-25T00:57:35.960-0700][2.457s] GC(4) Concurrent Rebuild Remembered Sets 12.400ms
[2021-03-25T00:57:35.961-0700][2.458s] GC(4) Pause Cleanup
[2021-03-25T00:57:35.961-0700][2.458s] GC(4) Pause Cleanup 30M->30M(512M) 0.128ms
[2021-03-25T00:57:35.961-0700][2.458s] GC(4) User=0.01s Sys=0.00s Real=0.00s
[2021-03-25T00:57:35.961-0700][2.458s] GC(4) Concurrent Cleanup for Next Mark
[2021-03-25T00:57:35.962-0700][2.459s] GC(4) Concurrent Cleanup for Next Mark 0.929ms
[2021-03-25T00:57:35.962-0700][2.459s] GC(4) Concurrent Cycle 47.932ms
[2021-03-25T00:57:36.860-0700][3.357s] GC(5) Pause Young (Normal) (GCLocker Initiated GC)
[2021-03-25T00:57:36.860-0700][3.357s] GC(5) Using 4 workers of 4 for evacuation
[2021-03-25T00:57:36.872-0700][3.369s] GC(5)   Pre Evacuate Collection Set: 0.0ms
[2021-03-25T00:57:36.873-0700][3.369s] GC(5)   Evacuate Collection Set: 7.4ms
[2021-03-25T00:57:36.873-0700][3.369s] GC(5)   Post Evacuate Collection Set: 4.9ms
[2021-03-25T00:57:36.873-0700][3.369s] GC(5)   Other: 0.1ms
[2021-03-25T00:57:36.873-0700][3.369s] GC(5) Eden regions: 90->0(139)
[2021-03-25T00:57:36.873-0700][3.369s] GC(5) Survivor regions: 2->8(12)
[2021-03-25T00:57:36.873-0700][3.369s] GC(5) Old regions: 21->21
[2021-03-25T00:57:36.873-0700][3.369s] GC(5) Humongous regions: 4->4
[2021-03-25T00:57:36.873-0700][3.369s] GC(5) Metaspace: 35095K->35095K(1081344K)
[2021-03-25T00:57:36.873-0700][3.369s] GC(5) Pause Young (Normal) (GCLocker Initiated GC) 115M->30M(512M) 12.518ms
[2021-03-25T00:57:36.873-0700][3.369s] GC(5) User=0.04s Sys=0.00s Real=0.01s
[2021-03-25T00:57:37.627-0700][4.124s] GC(6) Pause Young (Normal) (G1 Evacuation Pause)
[2021-03-25T00:57:37.627-0700][4.124s] GC(6) Using 4 workers of 4 for evacuation
[2021-03-25T00:57:37.643-0700][4.140s] GC(6)   Pre Evacuate Collection Set: 0.0ms
[2021-03-25T00:57:37.643-0700][4.140s] GC(6)   Evacuate Collection Set: 15.1ms
[2021-03-25T00:57:37.643-0700][4.140s] GC(6)   Post Evacuate Collection Set: 0.6ms
[2021-03-25T00:57:37.643-0700][4.140s] GC(6)   Other: 0.2ms
[2021-03-25T00:57:37.643-0700][4.140s] GC(6) Eden regions: 139->0(154)
[2021-03-25T00:57:37.643-0700][4.140s] GC(6) Survivor regions: 8->13(19)
[2021-03-25T00:57:37.643-0700][4.140s] GC(6) Old regions: 21->21
[2021-03-25T00:57:37.643-0700][4.140s] GC(6) Humongous regions: 7->5
[2021-03-25T00:57:37.643-0700][4.140s] GC(6) Metaspace: 40514K->40514K(1085440K)
[2021-03-25T00:57:37.643-0700][4.140s] GC(6) Pause Young (Normal) (G1 Evacuation Pause) 172M->36M(512M) 15.989ms
[2021-03-25T00:57:37.643-0700][4.140s] GC(6) User=0.04s Sys=0.02s Real=0.02s
[2021-03-25T00:57:38.336-0700][4.833s] GC(7) Pause Young (Concurrent Start) (Metadata GC Threshold)
[2021-03-25T00:57:38.336-0700][4.833s] GC(7) Using 4 workers of 4 for evacuation
[2021-03-25T00:57:38.373-0700][4.870s] GC(7)   Pre Evacuate Collection Set: 0.1ms
[2021-03-25T00:57:38.373-0700][4.870s] GC(7)   Evacuate Collection Set: 19.3ms
[2021-03-25T00:57:38.373-0700][4.870s] GC(7)   Post Evacuate Collection Set: 16.8ms
[2021-03-25T00:57:38.373-0700][4.870s] GC(7)   Other: 0.2ms
[2021-03-25T00:57:38.373-0700][4.870s] GC(7) Eden regions: 136->0(184)
[2021-03-25T00:57:38.373-0700][4.870s] GC(7) Survivor regions: 13->9(21)
[2021-03-25T00:57:38.373-0700][4.870s] GC(7) Old regions: 21->26
[2021-03-25T00:57:38.373-0700][4.870s] GC(7) Humongous regions: 5->5
[2021-03-25T00:57:38.373-0700][4.870s] GC(7) Metaspace: 41720K->41720K(1087488K)
[2021-03-25T00:57:38.373-0700][4.870s] GC(7) Pause Young (Concurrent Start) (Metadata GC Threshold) 172M->37M(512M) 36.513ms
[2021-03-25T00:57:38.373-0700][4.870s] GC(7) User=0.12s Sys=0.00s Real=0.03s
[2021-03-25T00:57:38.373-0700][4.870s] GC(8) Concurrent Cycle
[2021-03-25T00:57:38.373-0700][4.870s] GC(8) Concurrent Clear Claimed Marks
[2021-03-25T00:57:38.373-0700][4.870s] GC(8) Concurrent Clear Claimed Marks 0.147ms
[2021-03-25T00:57:38.373-0700][4.870s] GC(8) Concurrent Scan Root Regions
[2021-03-25T00:57:38.376-0700][4.873s] GC(8) Concurrent Scan Root Regions 2.729ms
[2021-03-25T00:57:38.376-0700][4.873s] GC(8) Concurrent Mark (4.873s)
[2021-03-25T00:57:38.376-0700][4.873s] GC(8) Concurrent Mark From Roots
[2021-03-25T00:57:38.376-0700][4.873s] GC(8) Using 1 workers of 1 for marking
[2021-03-25T00:57:38.422-0700][4.919s] GC(8) Concurrent Mark From Roots 45.918ms
[2021-03-25T00:57:38.422-0700][4.919s] GC(8) Concurrent Preclean
[2021-03-25T00:57:38.422-0700][4.919s] GC(8) Concurrent Preclean 0.090ms
[2021-03-25T00:57:38.422-0700][4.919s] GC(8) Concurrent Mark (4.873s, 4.919s) 46.062ms
[2021-03-25T00:57:38.425-0700][4.922s] GC(8) Pause Remark
[2021-03-25T00:57:38.430-0700][4.927s] GC(8) Cleaned string and symbol table, strings: 19411 processed, 25 removed, symbols: 122542 processed, 172 removed
[2021-03-25T00:57:38.430-0700][4.927s] GC(8) Pause Remark 45M->45M(512M) 4.895ms
[2021-03-25T00:57:38.430-0700][4.927s] GC(8) User=0.02s Sys=0.00s Real=0.00s
[2021-03-25T00:57:38.430-0700][4.927s] GC(8) Concurrent Rebuild Remembered Sets
[2021-03-25T00:57:38.455-0700][4.951s] GC(8) Concurrent Rebuild Remembered Sets 24.218ms
[2021-03-25T00:57:38.455-0700][4.952s] GC(8) Pause Cleanup
[2021-03-25T00:57:38.455-0700][4.952s] GC(8) Pause Cleanup 47M->47M(512M) 0.201ms
[2021-03-25T00:57:38.455-0700][4.952s] GC(8) User=0.00s Sys=0.00s Real=0.00s
[2021-03-25T00:57:38.455-0700][4.952s] GC(8) Concurrent Cleanup for Next Mark
[2021-03-25T00:57:38.456-0700][4.953s] GC(8) Concurrent Cleanup for Next Mark 1.104ms
[2021-03-25T00:57:38.456-0700][4.953s] GC(8) Concurrent Cycle 83.317ms
[2021-03-25T00:57:40.268-0700][6.764s] GC(9) Pause Young (Concurrent Start) (G1 Evacuation Pause)
[2021-03-25T00:57:40.268-0700][6.764s] GC(9) Using 4 workers of 4 for evacuation
[2021-03-25T00:57:40.295-0700][6.791s] GC(9)   Pre Evacuate Collection Set: 0.1ms
[2021-03-25T00:57:40.295-0700][6.792s] GC(9)   Evacuate Collection Set: 26.1ms
[2021-03-25T00:57:40.295-0700][6.792s] GC(9)   Post Evacuate Collection Set: 0.7ms
[2021-03-25T00:57:40.295-0700][6.792s] GC(9)   Other: 0.2ms
[2021-03-25T00:57:40.295-0700][6.792s] GC(9) Eden regions: 184->0(236)
[2021-03-25T00:57:40.295-0700][6.792s] GC(9) Survivor regions: 9->16(25)
[2021-03-25T00:57:40.295-0700][6.792s] GC(9) Old regions: 26->26
[2021-03-25T00:57:40.295-0700][6.792s] GC(9) Humongous regions: 8->8
[2021-03-25T00:57:40.295-0700][6.792s] GC(9) Metaspace: 52327K->52327K(1095680K)
[2021-03-25T00:57:40.295-0700][6.792s] GC(9) Pause Young (Concurrent Start) (G1 Evacuation Pause) 224M->48M(512M) 27.208ms
[2021-03-25T00:57:40.295-0700][6.792s] GC(9) User=0.06s Sys=0.02s Real=0.02s
[2021-03-25T00:57:40.295-0700][6.792s] GC(10) Concurrent Cycle
[2021-03-25T00:57:40.295-0700][6.792s] GC(10) Concurrent Clear Claimed Marks
[2021-03-25T00:57:40.295-0700][6.792s] GC(10) Concurrent Clear Claimed Marks 0.173ms
[2021-03-25T00:57:40.295-0700][6.792s] GC(10) Concurrent Scan Root Regions
[2021-03-25T00:57:40.301-0700][6.798s] GC(10) Concurrent Scan Root Regions 5.941ms
[2021-03-25T00:57:40.301-0700][6.798s] GC(10) Concurrent Mark (6.798s)
[2021-03-25T00:57:40.301-0700][6.798s] GC(10) Concurrent Mark From Roots
[2021-03-25T00:57:40.301-0700][6.798s] GC(10) Using 1 workers of 1 for marking
[2021-03-25T00:57:40.363-0700][6.860s] GC(10) Concurrent Mark From Roots 61.957ms
[2021-03-25T00:57:40.363-0700][6.860s] GC(10) Concurrent Preclean
[2021-03-25T00:57:40.363-0700][6.860s] GC(10) Concurrent Preclean 0.089ms
[2021-03-25T00:57:40.363-0700][6.860s] GC(10) Concurrent Mark (6.798s, 6.860s) 62.109ms
[2021-03-25T00:57:40.363-0700][6.860s] GC(10) Pause Remark
[2021-03-25T00:57:40.375-0700][6.872s] GC(10) Cleaned string and symbol table, strings: 23819 processed, 12 removed, symbols: 144943 processed, 453 removed
[2021-03-25T00:57:40.376-0700][6.872s] GC(10) Pause Remark 51M->51M(512M) 12.167ms
[2021-03-25T00:57:40.376-0700][6.872s] GC(10) User=0.04s Sys=0.00s Real=0.01s
[2021-03-25T00:57:40.376-0700][6.872s] GC(10) Concurrent Rebuild Remembered Sets
[2021-03-25T00:57:40.396-0700][6.893s] GC(10) Concurrent Rebuild Remembered Sets 20.129ms
[2021-03-25T00:57:40.396-0700][6.893s] GC(10) Pause Cleanup
[2021-03-25T00:57:40.396-0700][6.893s] GC(10) Pause Cleanup 51M->51M(512M) 0.148ms
[2021-03-25T00:57:40.396-0700][6.893s] GC(10) User=0.00s Sys=0.00s Real=0.00s
[2021-03-25T00:57:40.396-0700][6.893s] GC(10) Concurrent Cleanup for Next Mark
[2021-03-25T00:57:40.397-0700][6.894s] GC(10) Concurrent Cleanup for Next Mark 0.926ms
[2021-03-25T00:57:40.397-0700][6.894s] GC(10) Concurrent Cycle 102.293ms
[2021-03-25T01:12:23.970-0700][890.467s] GC(11) Pause Young (Normal) (G1 Evacuation Pause)
[2021-03-25T01:12:23.970-0700][890.467s] GC(11) Using 4 workers of 4 for evacuation
[2021-03-25T01:12:23.997-0700][890.493s] GC(11)   Pre Evacuate Collection Set: 0.0ms
[2021-03-25T01:12:23.997-0700][890.493s] GC(11)   Evacuate Collection Set: 25.4ms
[2021-03-25T01:12:23.997-0700][890.493s] GC(11)   Post Evacuate Collection Set: 0.8ms
[2021-03-25T01:12:23.997-0700][890.494s] GC(11)   Other: 0.2ms
[2021-03-25T01:12:23.997-0700][890.494s] GC(11) Eden regions: 242->0(277)
[2021-03-25T01:12:23.997-0700][890.494s] GC(11) Survivor regions: 16->30(33)
[2021-03-25T01:12:23.997-0700][890.494s] GC(11) Old regions: 26->26
[2021-03-25T01:12:23.997-0700][890.494s] GC(11) Humongous regions: 8->8
[2021-03-25T01:12:23.997-0700][890.494s] GC(11) Metaspace: 54179K->54179K(1097728K)
[2021-03-25T01:12:23.997-0700][890.494s] GC(11) Pause Young (Normal) (G1 Evacuation Pause) 290M->62M(512M) 26.498ms
[2021-03-25T01:12:23.997-0700][890.494s] GC(11) User=0.06s Sys=0.04s Real=0.03s
[2021-03-25T01:49:17.349-0700][3103.845s] GC(12) Pause Young (Normal) (G1 Evacuation Pause)
[2021-03-25T01:49:17.349-0700][3103.845s] GC(12) Using 4 workers of 4 for evacuation
[2021-03-25T01:49:17.438-0700][3103.935s] GC(12)   Pre Evacuate Collection Set: 0.0ms
[2021-03-25T01:49:17.438-0700][3103.935s] GC(12)   Evacuate Collection Set: 57.3ms
[2021-03-25T01:49:17.438-0700][3103.935s] GC(12)   Post Evacuate Collection Set: 32.0ms
[2021-03-25T01:49:17.438-0700][3103.935s] GC(12)   Other: 0.3ms
[2021-03-25T01:49:17.438-0700][3103.935s] GC(12) Eden regions: 277->0(281)
[2021-03-25T01:49:17.438-0700][3103.935s] GC(12) Survivor regions: 30->26(39)
[2021-03-25T01:49:17.438-0700][3103.935s] GC(12) Old regions: 26->38
[2021-03-25T01:49:17.438-0700][3103.935s] GC(12) Humongous regions: 8->8
[2021-03-25T01:49:17.438-0700][3103.935s] GC(12) Metaspace: 58774K->58774K(1101824K)
[2021-03-25T01:49:17.438-0700][3103.935s] GC(12) Pause Young (Normal) (G1 Evacuation Pause) 339M->70M(512M) 89.604ms
[2021-03-25T01:49:17.438-0700][3103.935s] GC(12) User=0.09s Sys=0.08s Real=0.09s
[2021-03-25T01:50:08.485-0700][3154.982s] Heap
[2021-03-25T01:50:08.486-0700][3154.982s]  garbage-first heap   total 524288K, used 124616K [0x00000000e0000000, 0x0000000100000000)
[2021-03-25T01:50:08.486-0700][3154.982s]   region size 1024K, 78 young (79872K), 26 survivors (26624K)
[2021-03-25T01:50:08.486-0700][3154.982s]  Metaspace       used 59096K, capacity 60796K, committed 61004K, reserved 1103872K
[2021-03-25T01:50:08.486-0700][3154.982s]   class space    used 6841K, capacity 7475K, committed 7500K, reserved 1048576K
