[2021-03-29T12:51:52.804-0700][0.018s] Heap region size: 1M
[2021-03-29T12:51:52.849-0700][0.063s] Using G1
[2021-03-29T12:51:52.849-0700][0.063s] Heap address: 0x00000000e0000000, size: 512 MB, Compressed Oops mode: 32-bit
[2021-03-29T12:51:52.849-0700][0.064s] Mark closed archive regions in map: [0x00000000fff00000, 0x00000000fff6aff8]
[2021-03-29T12:51:52.849-0700][0.064s] Mark open archive regions in map: [0x00000000ffe00000, 0x00000000ffe46ff8]
[2021-03-29T12:51:53.883-0700][1.098s] GC(0) Pause Young (Normal) (G1 Evacuation Pause)
[2021-03-29T12:51:53.900-0700][1.114s] GC(0) Using 4 workers of 4 for evacuation
[2021-03-29T12:51:53.920-0700][1.135s] GC(0)   Pre Evacuate Collection Set: 0.0ms
[2021-03-29T12:51:53.920-0700][1.135s] GC(0)   Evacuate Collection Set: 9.3ms
[2021-03-29T12:51:53.920-0700][1.135s] GC(0)   Post Evacuate Collection Set: 10.7ms
[2021-03-29T12:51:53.920-0700][1.135s] GC(0)   Other: 16.8ms
[2021-03-29T12:51:53.920-0700][1.135s] GC(0) Eden regions: 25->0(304)
[2021-03-29T12:51:53.920-0700][1.135s] GC(0) Survivor regions: 0->3(4)
[2021-03-29T12:51:53.920-0700][1.135s] GC(0) Old regions: 2->2
[2021-03-29T12:51:53.920-0700][1.135s] GC(0) Humongous regions: 0->0
[2021-03-29T12:51:53.920-0700][1.135s] GC(0) Metaspace: 5188K->5188K(1056768K)
[2021-03-29T12:51:53.920-0700][1.135s] GC(0) Pause Young (Normal) (G1 Evacuation Pause) 25M->2M(512M) 36.888ms
[2021-03-29T12:51:53.920-0700][1.135s] GC(0) User=0.05s Sys=0.01s Real=0.04s
[2021-03-29T12:51:56.357-0700][3.571s] GC(1) Pause Young (Normal) (G1 Evacuation Pause)
[2021-03-29T12:51:56.357-0700][3.571s] GC(1) Using 4 workers of 4 for evacuation
[2021-03-29T12:51:56.388-0700][3.603s] GC(1)   Pre Evacuate Collection Set: 0.0ms
[2021-03-29T12:51:56.388-0700][3.603s] GC(1)   Evacuate Collection Set: 29.6ms
[2021-03-29T12:51:56.388-0700][3.603s] GC(1)   Post Evacuate Collection Set: 2.1ms
[2021-03-29T12:51:56.388-0700][3.603s] GC(1)   Other: 0.2ms
[2021-03-29T12:51:56.388-0700][3.603s] GC(1) Eden regions: 99->0(56)
[2021-03-29T12:51:56.388-0700][3.603s] GC(1) Survivor regions: 3->13(13)
[2021-03-29T12:51:56.388-0700][3.603s] GC(1) Old regions: 2->8
[2021-03-29T12:51:56.388-0700][3.603s] GC(1) Humongous regions: 4->4
[2021-03-29T12:51:56.388-0700][3.603s] GC(1) Metaspace: 19208K->19208K(1067008K)
[2021-03-29T12:51:56.389-0700][3.603s] GC(1) Pause Young (Normal) (G1 Evacuation Pause) 105M->23M(512M) 31.930ms
[2021-03-29T12:51:56.389-0700][3.603s] GC(1) User=0.07s Sys=0.02s Real=0.04s
[2021-03-29T12:51:56.453-0700][3.668s] GC(2) Pause Young (Concurrent Start) (Metadata GC Threshold)
[2021-03-29T12:51:56.453-0700][3.668s] GC(2) Using 4 workers of 4 for evacuation
[2021-03-29T12:51:56.472-0700][3.686s] GC(2)   Pre Evacuate Collection Set: 0.1ms
[2021-03-29T12:51:56.472-0700][3.686s] GC(2)   Evacuate Collection Set: 17.9ms
[2021-03-29T12:51:56.472-0700][3.686s] GC(2)   Post Evacuate Collection Set: 0.4ms
[2021-03-29T12:51:56.472-0700][3.686s] GC(2)   Other: 0.2ms
[2021-03-29T12:51:56.472-0700][3.686s] GC(2) Eden regions: 13->0(32)
[2021-03-29T12:51:56.472-0700][3.686s] GC(2) Survivor regions: 13->2(9)
[2021-03-29T12:51:56.472-0700][3.686s] GC(2) Old regions: 8->21
[2021-03-29T12:51:56.472-0700][3.686s] GC(2) Humongous regions: 4->4
[2021-03-29T12:51:56.472-0700][3.686s] GC(2) Metaspace: 20408K->20408K(1067008K)
[2021-03-29T12:51:56.472-0700][3.686s] GC(2) Pause Young (Concurrent Start) (Metadata GC Threshold) 35M->24M(512M) 18.600ms
[2021-03-29T12:51:56.472-0700][3.686s] GC(2) User=0.05s Sys=0.00s Real=0.02s
[2021-03-29T12:51:56.472-0700][3.686s] GC(3) Concurrent Cycle
[2021-03-29T12:51:56.472-0700][3.686s] GC(3) Concurrent Clear Claimed Marks
[2021-03-29T12:51:56.472-0700][3.686s] GC(3) Concurrent Clear Claimed Marks 0.083ms
[2021-03-29T12:51:56.472-0700][3.686s] GC(3) Concurrent Scan Root Regions
[2021-03-29T12:51:56.472-0700][3.687s] GC(3) Concurrent Scan Root Regions 0.379ms
[2021-03-29T12:51:56.472-0700][3.687s] GC(3) Concurrent Mark (3.687s)
[2021-03-29T12:51:56.472-0700][3.687s] GC(3) Concurrent Mark From Roots
[2021-03-29T12:51:56.472-0700][3.687s] GC(3) Using 1 workers of 1 for marking
[2021-03-29T12:51:56.494-0700][3.708s] GC(3) Concurrent Mark From Roots 21.299ms
[2021-03-29T12:51:56.494-0700][3.708s] GC(3) Concurrent Preclean
[2021-03-29T12:51:56.494-0700][3.708s] GC(3) Concurrent Preclean 0.080ms
[2021-03-29T12:51:56.494-0700][3.708s] GC(3) Concurrent Mark (3.687s, 3.708s) 21.435ms
[2021-03-29T12:51:56.494-0700][3.709s] GC(3) Pause Remark
[2021-03-29T12:51:56.498-0700][3.712s] GC(3) Cleaned string and symbol table, strings: 8985 processed, 0 removed, symbols: 60073 processed, 30 removed
[2021-03-29T12:51:56.498-0700][3.712s] GC(3) Pause Remark 28M->28M(512M) 3.567ms
[2021-03-29T12:51:56.498-0700][3.712s] GC(3) User=0.01s Sys=0.00s Real=0.01s
[2021-03-29T12:51:56.498-0700][3.712s] GC(3) Concurrent Rebuild Remembered Sets
[2021-03-29T12:51:56.512-0700][3.726s] GC(3) Concurrent Rebuild Remembered Sets 13.967ms
[2021-03-29T12:51:56.512-0700][3.727s] GC(3) Pause Cleanup
[2021-03-29T12:51:56.513-0700][3.727s] GC(3) Pause Cleanup 30M->30M(512M) 0.233ms
[2021-03-29T12:51:56.513-0700][3.727s] GC(3) User=0.00s Sys=0.00s Real=0.00s
[2021-03-29T12:51:56.513-0700][3.727s] GC(3) Concurrent Cleanup for Next Mark
[2021-03-29T12:51:56.514-0700][3.728s] GC(3) Concurrent Cleanup for Next Mark 1.028ms
[2021-03-29T12:51:56.514-0700][3.728s] GC(3) Concurrent Cycle 41.797ms
[2021-03-29T12:51:56.886-0700][4.101s] GC(4) Pause Young (Concurrent Start) (G1 Evacuation Pause)
[2021-03-29T12:51:56.886-0700][4.101s] GC(4) Using 4 workers of 4 for evacuation
[2021-03-29T12:51:56.888-0700][4.103s] GC(4)   Pre Evacuate Collection Set: 0.1ms
[2021-03-29T12:51:56.888-0700][4.103s] GC(4)   Evacuate Collection Set: 1.5ms
[2021-03-29T12:51:56.888-0700][4.103s] GC(4)   Post Evacuate Collection Set: 0.3ms
[2021-03-29T12:51:56.888-0700][4.103s] GC(4)   Other: 0.2ms
[2021-03-29T12:51:56.888-0700][4.103s] GC(4) Eden regions: 32->0(64)
[2021-03-29T12:51:56.888-0700][4.103s] GC(4) Survivor regions: 2->1(5)
[2021-03-29T12:51:56.888-0700][4.103s] GC(4) Old regions: 21->21
[2021-03-29T12:51:56.888-0700][4.103s] GC(4) Humongous regions: 4->4
[2021-03-29T12:51:56.888-0700][4.103s] GC(4) Metaspace: 24048K->24048K(1071104K)
[2021-03-29T12:51:56.888-0700][4.103s] GC(4) Pause Young (Concurrent Start) (G1 Evacuation Pause) 56M->24M(512M) 2.150ms
[2021-03-29T12:51:56.888-0700][4.103s] GC(4) User=0.00s Sys=0.00s Real=0.00s
[2021-03-29T12:51:56.888-0700][4.103s] GC(5) Concurrent Cycle
[2021-03-29T12:51:56.888-0700][4.103s] GC(5) Concurrent Clear Claimed Marks
[2021-03-29T12:51:56.888-0700][4.103s] GC(5) Concurrent Clear Claimed Marks 0.018ms
[2021-03-29T12:51:56.888-0700][4.103s] GC(5) Concurrent Scan Root Regions
[2021-03-29T12:51:56.889-0700][4.103s] GC(5) Concurrent Scan Root Regions 0.513ms
[2021-03-29T12:51:56.889-0700][4.103s] GC(5) Concurrent Mark (4.103s)
[2021-03-29T12:51:56.889-0700][4.103s] GC(5) Concurrent Mark From Roots
[2021-03-29T12:51:56.889-0700][4.103s] GC(5) Using 1 workers of 1 for marking
[2021-03-29T12:51:56.917-0700][4.132s] GC(5) Concurrent Mark From Roots 28.463ms
[2021-03-29T12:51:56.917-0700][4.132s] GC(5) Concurrent Preclean
[2021-03-29T12:51:56.917-0700][4.132s] GC(5) Concurrent Preclean 0.046ms
[2021-03-29T12:51:56.917-0700][4.132s] GC(5) Concurrent Mark (4.103s, 4.132s) 28.559ms
[2021-03-29T12:51:56.920-0700][4.135s] GC(5) Pause Remark
[2021-03-29T12:51:56.924-0700][4.138s] GC(5) Cleaned string and symbol table, strings: 9650 processed, 28 removed, symbols: 70602 processed, 6 removed
[2021-03-29T12:51:56.924-0700][4.138s] GC(5) Pause Remark 25M->25M(512M) 3.898ms
[2021-03-29T12:51:56.924-0700][4.138s] GC(5) User=0.01s Sys=0.00s Real=0.01s
[2021-03-29T12:51:56.924-0700][4.139s] GC(5) Concurrent Rebuild Remembered Sets
[2021-03-29T12:51:56.936-0700][4.151s] GC(5) Concurrent Rebuild Remembered Sets 12.324ms
[2021-03-29T12:51:56.937-0700][4.151s] GC(5) Pause Cleanup
[2021-03-29T12:51:56.937-0700][4.151s] GC(5) Pause Cleanup 25M->25M(512M) 0.130ms
[2021-03-29T12:51:56.937-0700][4.151s] GC(5) User=0.00s Sys=0.00s Real=0.00s
[2021-03-29T12:51:56.937-0700][4.151s] GC(5) Concurrent Cleanup for Next Mark
[2021-03-29T12:51:56.938-0700][4.153s] GC(5) Concurrent Cleanup for Next Mark 1.410ms
[2021-03-29T12:51:56.938-0700][4.153s] GC(5) Concurrent Cycle 50.008ms
[2021-03-29T12:51:57.683-0700][4.897s] GC(6) Pause Young (Normal) (G1 Evacuation Pause)
[2021-03-29T12:51:57.683-0700][4.898s] GC(6) Using 4 workers of 4 for evacuation
[2021-03-29T12:51:57.692-0700][4.907s] GC(6)   Pre Evacuate Collection Set: 0.0ms
[2021-03-29T12:51:57.692-0700][4.907s] GC(6)   Evacuate Collection Set: 4.8ms
[2021-03-29T12:51:57.692-0700][4.907s] GC(6)   Post Evacuate Collection Set: 4.3ms
[2021-03-29T12:51:57.692-0700][4.907s] GC(6)   Other: 0.2ms
[2021-03-29T12:51:57.692-0700][4.907s] GC(6) Eden regions: 64->0(101)
[2021-03-29T12:51:57.692-0700][4.907s] GC(6) Survivor regions: 1->4(9)
[2021-03-29T12:51:57.692-0700][4.907s] GC(6) Old regions: 21->21
[2021-03-29T12:51:57.692-0700][4.907s] GC(6) Humongous regions: 4->4
[2021-03-29T12:51:57.692-0700][4.907s] GC(6) Metaspace: 31739K->31739K(1077248K)
[2021-03-29T12:51:57.692-0700][4.907s] GC(6) Pause Young (Normal) (G1 Evacuation Pause) 88M->27M(512M) 9.339ms
[2021-03-29T12:51:57.692-0700][4.907s] GC(6) User=0.02s Sys=0.00s Real=0.01s
[2021-03-29T12:51:58.390-0700][5.604s] GC(7) Pause Young (Normal) (G1 Evacuation Pause)
[2021-03-29T12:51:58.390-0700][5.604s] GC(7) Using 4 workers of 4 for evacuation
[2021-03-29T12:51:58.406-0700][5.620s] GC(7)   Pre Evacuate Collection Set: 0.0ms
[2021-03-29T12:51:58.406-0700][5.620s] GC(7)   Evacuate Collection Set: 11.5ms
[2021-03-29T12:51:58.406-0700][5.620s] GC(7)   Post Evacuate Collection Set: 4.3ms
[2021-03-29T12:51:58.406-0700][5.620s] GC(7)   Other: 0.2ms
[2021-03-29T12:51:58.406-0700][5.620s] GC(7) Eden regions: 101->0(118)
[2021-03-29T12:51:58.406-0700][5.620s] GC(7) Survivor regions: 4->7(14)
[2021-03-29T12:51:58.406-0700][5.620s] GC(7) Old regions: 21->21
[2021-03-29T12:51:58.406-0700][5.620s] GC(7) Humongous regions: 4->4
[2021-03-29T12:51:58.406-0700][5.620s] GC(7) Metaspace: 35441K->35441K(1081344K)
[2021-03-29T12:51:58.406-0700][5.620s] GC(7) Pause Young (Normal) (G1 Evacuation Pause) 128M->29M(512M) 16.170ms
[2021-03-29T12:51:58.406-0700][5.620s] GC(7) User=0.06s Sys=0.00s Real=0.02s
[2021-03-29T12:51:59.360-0700][6.575s] GC(8) Pause Young (Normal) (G1 Evacuation Pause)
[2021-03-29T12:51:59.360-0700][6.575s] GC(8) Using 4 workers of 4 for evacuation
[2021-03-29T12:51:59.376-0700][6.590s] GC(8)   Pre Evacuate Collection Set: 0.0ms
[2021-03-29T12:51:59.376-0700][6.590s] GC(8)   Evacuate Collection Set: 14.0ms
[2021-03-29T12:51:59.376-0700][6.590s] GC(8)   Post Evacuate Collection Set: 1.3ms
[2021-03-29T12:51:59.376-0700][6.590s] GC(8)   Other: 0.2ms
[2021-03-29T12:51:59.376-0700][6.590s] GC(8) Eden regions: 118->0(298)
[2021-03-29T12:51:59.376-0700][6.590s] GC(8) Survivor regions: 7->9(16)
[2021-03-29T12:51:59.376-0700][6.590s] GC(8) Old regions: 21->21
[2021-03-29T12:51:59.376-0700][6.590s] GC(8) Humongous regions: 5->4
[2021-03-29T12:51:59.376-0700][6.590s] GC(8) Metaspace: 40406K->40406K(1085440K)
[2021-03-29T12:51:59.376-0700][6.590s] GC(8) Pause Young (Normal) (G1 Evacuation Pause) 148M->32M(512M) 15.508ms
[2021-03-29T12:51:59.376-0700][6.590s] GC(8) User=0.04s Sys=0.01s Real=0.01s
[2021-03-29T12:51:59.426-0700][6.640s] GC(9) Pause Young (Concurrent Start) (Metadata GC Threshold)
[2021-03-29T12:51:59.426-0700][6.641s] GC(9) Using 4 workers of 4 for evacuation
[2021-03-29T12:51:59.443-0700][6.657s] GC(9)   Pre Evacuate Collection Set: 0.1ms
[2021-03-29T12:51:59.443-0700][6.657s] GC(9)   Evacuate Collection Set: 15.7ms
[2021-03-29T12:51:59.443-0700][6.657s] GC(9)   Post Evacuate Collection Set: 0.6ms
[2021-03-29T12:51:59.443-0700][6.657s] GC(9)   Other: 0.2ms
[2021-03-29T12:51:59.443-0700][6.657s] GC(9) Eden regions: 43->0(298)
[2021-03-29T12:51:59.443-0700][6.657s] GC(9) Survivor regions: 9->9(39)
[2021-03-29T12:51:59.443-0700][6.657s] GC(9) Old regions: 21->21
[2021-03-29T12:51:59.443-0700][6.657s] GC(9) Humongous regions: 4->4
[2021-03-29T12:51:59.443-0700][6.657s] GC(9) Metaspace: 40450K->40450K(1085440K)
[2021-03-29T12:51:59.443-0700][6.657s] GC(9) Pause Young (Concurrent Start) (Metadata GC Threshold) 74M->32M(512M) 16.763ms
[2021-03-29T12:51:59.443-0700][6.657s] GC(9) User=0.03s Sys=0.00s Real=0.01s
[2021-03-29T12:51:59.443-0700][6.657s] GC(10) Concurrent Cycle
[2021-03-29T12:51:59.443-0700][6.657s] GC(10) Concurrent Clear Claimed Marks
[2021-03-29T12:51:59.443-0700][6.657s] GC(10) Concurrent Clear Claimed Marks 0.132ms
[2021-03-29T12:51:59.443-0700][6.657s] GC(10) Concurrent Scan Root Regions
[2021-03-29T12:51:59.460-0700][6.674s] GC(10) Concurrent Scan Root Regions 16.797ms
[2021-03-29T12:51:59.460-0700][6.674s] GC(10) Concurrent Mark (6.674s)
[2021-03-29T12:51:59.460-0700][6.674s] GC(10) Concurrent Mark From Roots
[2021-03-29T12:51:59.460-0700][6.674s] GC(10) Using 1 workers of 1 for marking
[2021-03-29T12:51:59.524-0700][6.738s] GC(10) Concurrent Mark From Roots 63.608ms
[2021-03-29T12:51:59.524-0700][6.738s] GC(10) Concurrent Preclean
[2021-03-29T12:51:59.524-0700][6.738s] GC(10) Concurrent Preclean 0.100ms
[2021-03-29T12:51:59.524-0700][6.738s] GC(10) Concurrent Mark (6.674s, 6.738s) 63.781ms
[2021-03-29T12:51:59.524-0700][6.738s] GC(10) Pause Remark
[2021-03-29T12:51:59.530-0700][6.745s] GC(10) Cleaned string and symbol table, strings: 18941 processed, 0 removed, symbols: 117336 processed, 136 removed
[2021-03-29T12:51:59.531-0700][6.745s] GC(10) Pause Remark 83M->83M(512M) 6.578ms
[2021-03-29T12:51:59.531-0700][6.745s] GC(10) User=0.02s Sys=0.01s Real=0.00s
[2021-03-29T12:51:59.531-0700][6.745s] GC(10) Concurrent Rebuild Remembered Sets
[2021-03-29T12:51:59.568-0700][6.783s] GC(10) Concurrent Rebuild Remembered Sets 37.718ms
[2021-03-29T12:51:59.569-0700][6.783s] GC(10) Pause Cleanup
[2021-03-29T12:51:59.569-0700][6.783s] GC(10) Pause Cleanup 88M->88M(512M) 0.249ms
[2021-03-29T12:51:59.569-0700][6.783s] GC(10) User=0.00s Sys=0.00s Real=0.00s
[2021-03-29T12:51:59.569-0700][6.783s] GC(10) Concurrent Cleanup for Next Mark
[2021-03-29T12:51:59.571-0700][6.786s] GC(10) Concurrent Cleanup for Next Mark 2.446ms
[2021-03-29T12:51:59.572-0700][6.786s] GC(10) Concurrent Cycle 128.603ms
[2021-03-29T12:52:01.679-0700][8.894s] GC(11) Pause Young (Normal) (G1 Evacuation Pause)
[2021-03-29T12:52:01.679-0700][8.894s] GC(11) Using 4 workers of 4 for evacuation
[2021-03-29T12:52:01.737-0700][8.952s] GC(11)   Pre Evacuate Collection Set: 0.0ms
[2021-03-29T12:52:01.737-0700][8.952s] GC(11)   Evacuate Collection Set: 57.2ms
[2021-03-29T12:52:01.737-0700][8.952s] GC(11)   Post Evacuate Collection Set: 0.9ms
[2021-03-29T12:52:01.738-0700][8.952s] GC(11)   Other: 0.2ms
[2021-03-29T12:52:01.738-0700][8.952s] GC(11) Eden regions: 298->0(282)
[2021-03-29T12:52:01.738-0700][8.952s] GC(11) Survivor regions: 9->25(39)
[2021-03-29T12:52:01.738-0700][8.952s] GC(11) Old regions: 21->21
[2021-03-29T12:52:01.738-0700][8.952s] GC(11) Humongous regions: 4->4
[2021-03-29T12:52:01.738-0700][8.952s] GC(11) Metaspace: 49443K->49443K(1093632K)
[2021-03-29T12:52:01.738-0700][8.952s] GC(11) Pause Young (Normal) (G1 Evacuation Pause) 330M->48M(512M) 58.362ms
[2021-03-29T12:52:01.738-0700][8.952s] GC(11) User=0.11s Sys=0.06s Real=0.06s
[2021-03-29T12:52:02.696-0700][9.910s] GC(12) Pause Young (Normal) (G1 Evacuation Pause)
[2021-03-29T12:52:02.696-0700][9.910s] GC(12) Using 4 workers of 4 for evacuation
[2021-03-29T12:52:02.733-0700][9.948s] GC(12)   Pre Evacuate Collection Set: 0.0ms
[2021-03-29T12:52:02.733-0700][9.948s] GC(12)   Evacuate Collection Set: 36.2ms
[2021-03-29T12:52:02.733-0700][9.948s] GC(12)   Post Evacuate Collection Set: 1.2ms
[2021-03-29T12:52:02.733-0700][9.948s] GC(12)   Other: 0.2ms
[2021-03-29T12:52:02.733-0700][9.948s] GC(12) Eden regions: 282->0(282)
[2021-03-29T12:52:02.733-0700][9.948s] GC(12) Survivor regions: 25->25(39)
[2021-03-29T12:52:02.733-0700][9.948s] GC(12) Old regions: 21->26
[2021-03-29T12:52:02.733-0700][9.948s] GC(12) Humongous regions: 5->5
[2021-03-29T12:52:02.733-0700][9.948s] GC(12) Metaspace: 51104K->51104K(1095680K)
[2021-03-29T12:52:02.733-0700][9.948s] GC(12) Pause Young (Normal) (G1 Evacuation Pause) 331M->54M(512M) 37.691ms
[2021-03-29T12:52:02.733-0700][9.948s] GC(12) User=0.08s Sys=0.01s Real=0.04s
[2021-03-29T12:52:50.870-0700][58.084s] GC(13) Pause Young (Normal) (G1 Evacuation Pause)
[2021-03-29T12:52:50.870-0700][58.085s] GC(13) Using 4 workers of 4 for evacuation
[2021-03-29T12:52:50.915-0700][58.130s] GC(13)   Pre Evacuate Collection Set: 0.0ms
[2021-03-29T12:52:50.915-0700][58.130s] GC(13)   Evacuate Collection Set: 43.6ms
[2021-03-29T12:52:50.915-0700][58.130s] GC(13)   Post Evacuate Collection Set: 1.4ms
[2021-03-29T12:52:50.915-0700][58.130s] GC(13)   Other: 0.3ms
[2021-03-29T12:52:50.915-0700][58.130s] GC(13) Eden regions: 282->0(277)
[2021-03-29T12:52:50.915-0700][58.130s] GC(13) Survivor regions: 25->30(39)
[2021-03-29T12:52:50.915-0700][58.130s] GC(13) Old regions: 26->40
[2021-03-29T12:52:50.915-0700][58.130s] GC(13) Humongous regions: 8->8
[2021-03-29T12:52:50.915-0700][58.130s] GC(13) Metaspace: 54672K->54672K(1099776K)
[2021-03-29T12:52:50.915-0700][58.130s] GC(13) Pause Young (Normal) (G1 Evacuation Pause) 339M->76M(512M) 45.375ms
[2021-03-29T12:52:50.915-0700][58.130s] GC(13) User=0.07s Sys=0.02s Real=0.04s
[2021-03-29T12:53:00.408-0700][67.623s] GC(14) Pause Young (Normal) (G1 Evacuation Pause)
[2021-03-29T12:53:00.408-0700][67.623s] GC(14) Using 4 workers of 4 for evacuation
[2021-03-29T12:53:00.477-0700][67.691s] GC(14)   Pre Evacuate Collection Set: 0.0ms
[2021-03-29T12:53:00.477-0700][67.691s] GC(14)   Evacuate Collection Set: 64.2ms
[2021-03-29T12:53:00.477-0700][67.691s] GC(14)   Post Evacuate Collection Set: 4.1ms
[2021-03-29T12:53:00.477-0700][67.691s] GC(14)   Other: 0.2ms
[2021-03-29T12:53:00.477-0700][67.691s] GC(14) Eden regions: 277->0(285)
[2021-03-29T12:53:00.477-0700][67.691s] GC(14) Survivor regions: 30->22(39)
[2021-03-29T12:53:00.477-0700][67.691s] GC(14) Old regions: 40->62
[2021-03-29T12:53:00.477-0700][67.691s] GC(14) Humongous regions: 8->8
[2021-03-29T12:53:00.477-0700][67.691s] GC(14) Metaspace: 56598K->56598K(1099776K)
[2021-03-29T12:53:00.477-0700][67.691s] GC(14) Pause Young (Normal) (G1 Evacuation Pause) 353M->90M(512M) 68.587ms
[2021-03-29T12:53:00.477-0700][67.691s] GC(14) User=0.09s Sys=0.03s Real=0.07s
[2021-03-29T12:53:06.642-0700][73.856s] GC(15) Pause Young (Normal) (G1 Evacuation Pause)
[2021-03-29T12:53:06.642-0700][73.856s] GC(15) Using 4 workers of 4 for evacuation
[2021-03-29T12:53:06.685-0700][73.900s] GC(15)   Pre Evacuate Collection Set: 0.0ms
[2021-03-29T12:53:06.685-0700][73.900s] GC(15)   Evacuate Collection Set: 36.2ms
[2021-03-29T12:53:06.685-0700][73.900s] GC(15)   Post Evacuate Collection Set: 7.2ms
[2021-03-29T12:53:06.685-0700][73.900s] GC(15)   Other: 0.2ms
[2021-03-29T12:53:06.685-0700][73.900s] GC(15) Eden regions: 285->0(296)
[2021-03-29T12:53:06.685-0700][73.900s] GC(15) Survivor regions: 22->11(39)
[2021-03-29T12:53:06.685-0700][73.900s] GC(15) Old regions: 62->78
[2021-03-29T12:53:06.685-0700][73.900s] GC(15) Humongous regions: 8->8
[2021-03-29T12:53:06.685-0700][73.900s] GC(15) Metaspace: 58164K->58164K(1101824K)
[2021-03-29T12:53:06.685-0700][73.900s] GC(15) Pause Young (Normal) (G1 Evacuation Pause) 375M->95M(512M) 43.730ms
[2021-03-29T12:53:06.685-0700][73.900s] GC(15) User=0.11s Sys=0.00s Real=0.05s
[2021-03-29T12:53:16.860-0700][84.075s] GC(16) Pause Young (Normal) (G1 Evacuation Pause)
[2021-03-29T12:53:16.860-0700][84.075s] GC(16) Using 4 workers of 4 for evacuation
[2021-03-29T12:53:16.889-0700][84.104s] GC(16)   Pre Evacuate Collection Set: 0.0ms
[2021-03-29T12:53:16.889-0700][84.104s] GC(16)   Evacuate Collection Set: 27.4ms
[2021-03-29T12:53:16.889-0700][84.104s] GC(16)   Post Evacuate Collection Set: 1.4ms
[2021-03-29T12:53:16.889-0700][84.104s] GC(16)   Other: 0.2ms
[2021-03-29T12:53:16.889-0700][84.104s] GC(16) Eden regions: 296->0(284)
[2021-03-29T12:53:16.889-0700][84.104s] GC(16) Survivor regions: 11->23(39)
[2021-03-29T12:53:16.889-0700][84.104s] GC(16) Old regions: 78->78
[2021-03-29T12:53:16.889-0700][84.104s] GC(16) Humongous regions: 18->8
[2021-03-29T12:53:16.889-0700][84.104s] GC(16) Metaspace: 58238K->58238K(1101824K)
[2021-03-29T12:53:16.889-0700][84.104s] GC(16) Pause Young (Normal) (G1 Evacuation Pause) 401M->107M(512M) 29.126ms
[2021-03-29T12:53:16.890-0700][84.104s] GC(16) User=0.05s Sys=0.00s Real=0.03s
[2021-03-29T18:38:41.770-0700][20808.984s] GC(17) Pause Young (Normal) (G1 Evacuation Pause)
[2021-03-29T18:38:41.770-0700][20808.984s] GC(17) Using 4 workers of 4 for evacuation
[2021-03-29T18:38:41.780-0700][20808.994s] GC(17)   Pre Evacuate Collection Set: 0.0ms
[2021-03-29T18:38:41.780-0700][20808.994s] GC(17)   Evacuate Collection Set: 8.9ms
[2021-03-29T18:38:41.780-0700][20808.994s] GC(17)   Post Evacuate Collection Set: 0.9ms
[2021-03-29T18:38:41.780-0700][20808.994s] GC(17)   Other: 0.3ms
[2021-03-29T18:38:41.780-0700][20808.994s] GC(17) Eden regions: 284->0(300)
[2021-03-29T18:38:41.780-0700][20808.994s] GC(17) Survivor regions: 23->7(39)
[2021-03-29T18:38:41.780-0700][20808.994s] GC(17) Old regions: 78->87
[2021-03-29T18:38:41.780-0700][20808.994s] GC(17) Humongous regions: 12->8
[2021-03-29T18:38:41.780-0700][20808.994s] GC(17) Metaspace: 60815K->60815K(1103872K)
[2021-03-29T18:38:41.780-0700][20808.994s] GC(17) Pause Young (Normal) (G1 Evacuation Pause) 395M->99M(512M) 10.161ms
[2021-03-29T18:38:41.780-0700][20808.994s] GC(17) User=0.01s Sys=0.02s Real=0.01s
[2021-03-29T18:39:07.201-0700][20834.416s] GC(18) Pause Young (Normal) (G1 Evacuation Pause)
[2021-03-29T18:39:07.202-0700][20834.416s] GC(18) Using 4 workers of 4 for evacuation
[2021-03-29T18:39:07.230-0700][20834.444s] GC(18)   Pre Evacuate Collection Set: 0.0ms
[2021-03-29T18:39:07.230-0700][20834.444s] GC(18)   Evacuate Collection Set: 26.6ms
[2021-03-29T18:39:07.230-0700][20834.444s] GC(18)   Post Evacuate Collection Set: 1.4ms
[2021-03-29T18:39:07.230-0700][20834.444s] GC(18)   Other: 0.2ms
[2021-03-29T18:39:07.230-0700][20834.444s] GC(18) Eden regions: 300->0(277)
[2021-03-29T18:39:07.230-0700][20834.444s] GC(18) Survivor regions: 7->30(39)
[2021-03-29T18:39:07.230-0700][20834.444s] GC(18) Old regions: 87->87
[2021-03-29T18:39:07.230-0700][20834.444s] GC(18) Humongous regions: 27->8
[2021-03-29T18:39:07.230-0700][20834.444s] GC(18) Metaspace: 62529K->62529K(1105920K)
[2021-03-29T18:39:07.230-0700][20834.444s] GC(18) Pause Young (Normal) (G1 Evacuation Pause) 418M->123M(512M) 28.381ms
[2021-03-29T18:39:07.230-0700][20834.444s] GC(18) User=0.05s Sys=0.00s Real=0.03s
[2021-03-29T19:45:22.414-0700][24809.629s] Heap
[2021-03-29T19:45:22.414-0700][24809.629s]  garbage-first heap   total 524288K, used 293184K [0x00000000e0000000, 0x0000000100000000)
[2021-03-29T19:45:22.414-0700][24809.629s]   region size 1024K, 193 young (197632K), 30 survivors (30720K)
[2021-03-29T19:45:22.414-0700][24809.629s]  Metaspace       used 63395K, capacity 65184K, committed 65484K, reserved 1107968K
[2021-03-29T19:45:22.414-0700][24809.629s]   class space    used 7095K, capacity 7770K, committed 7884K, reserved 1048576K
