[2021-03-29T19:46:18.206-0700][0.009s] Heap region size: 1M
[2021-03-29T19:46:18.230-0700][0.033s] Using G1
[2021-03-29T19:46:18.230-0700][0.033s] Heap address: 0x00000000e0000000, size: 512 MB, Compressed Oops mode: 32-bit
[2021-03-29T19:46:18.230-0700][0.033s] Mark closed archive regions in map: [0x00000000fff00000, 0x00000000fff6aff8]
[2021-03-29T19:46:18.230-0700][0.033s] Mark open archive regions in map: [0x00000000ffe00000, 0x00000000ffe46ff8]
[2021-03-29T19:46:19.084-0700][0.887s] GC(0) Pause Young (Normal) (G1 Evacuation Pause)
[2021-03-29T19:46:19.086-0700][0.889s] GC(0) Using 4 workers of 4 for evacuation
[2021-03-29T19:46:19.100-0700][0.903s] GC(0)   Pre Evacuate Collection Set: 0.0ms
[2021-03-29T19:46:19.100-0700][0.903s] GC(0)   Evacuate Collection Set: 13.5ms
[2021-03-29T19:46:19.100-0700][0.903s] GC(0)   Post Evacuate Collection Set: 0.5ms
[2021-03-29T19:46:19.100-0700][0.903s] GC(0)   Other: 2.0ms
[2021-03-29T19:46:19.100-0700][0.903s] GC(0) Eden regions: 25->0(304)
[2021-03-29T19:46:19.100-0700][0.903s] GC(0) Survivor regions: 0->3(4)
[2021-03-29T19:46:19.100-0700][0.903s] GC(0) Old regions: 2->2
[2021-03-29T19:46:19.100-0700][0.903s] GC(0) Humongous regions: 0->0
[2021-03-29T19:46:19.100-0700][0.903s] GC(0) Metaspace: 5138K->5138K(1056768K)
[2021-03-29T19:46:19.100-0700][0.903s] GC(0) Pause Young (Normal) (G1 Evacuation Pause) 25M->2M(512M) 16.174ms
[2021-03-29T19:46:19.100-0700][0.903s] GC(0) User=0.03s Sys=0.01s Real=0.01s
[2021-03-29T19:46:21.837-0700][3.641s] GC(1) Pause Young (Concurrent Start) (Metadata GC Threshold)
[2021-03-29T19:46:21.837-0700][3.641s] GC(1) Using 4 workers of 4 for evacuation
[2021-03-29T19:46:21.861-0700][3.665s] GC(1)   Pre Evacuate Collection Set: 0.1ms
[2021-03-29T19:46:21.862-0700][3.665s] GC(1)   Evacuate Collection Set: 20.1ms
[2021-03-29T19:46:21.862-0700][3.665s] GC(1)   Post Evacuate Collection Set: 3.7ms
[2021-03-29T19:46:21.862-0700][3.665s] GC(1)   Other: 0.2ms
[2021-03-29T19:46:21.862-0700][3.665s] GC(1) Eden regions: 112->0(51)
[2021-03-29T19:46:21.862-0700][3.665s] GC(1) Survivor regions: 3->17(17)
[2021-03-29T19:46:21.862-0700][3.665s] GC(1) Old regions: 2->4
[2021-03-29T19:46:21.862-0700][3.665s] GC(1) Humongous regions: 4->4
[2021-03-29T19:46:21.862-0700][3.665s] GC(1) Metaspace: 20401K->20401K(1067008K)
[2021-03-29T19:46:21.862-0700][3.665s] GC(1) Pause Young (Concurrent Start) (Metadata GC Threshold) 118M->23M(512M) 24.186ms
[2021-03-29T19:46:21.862-0700][3.665s] GC(1) User=0.04s Sys=0.02s Real=0.02s
[2021-03-29T19:46:21.864-0700][3.667s] GC(2) Concurrent Cycle
[2021-03-29T19:46:21.864-0700][3.667s] GC(2) Concurrent Clear Claimed Marks
[2021-03-29T19:46:21.864-0700][3.667s] GC(2) Concurrent Clear Claimed Marks 0.073ms
[2021-03-29T19:46:21.864-0700][3.667s] GC(2) Concurrent Scan Root Regions
[2021-03-29T19:46:21.872-0700][3.676s] GC(2) Concurrent Scan Root Regions 8.254ms
[2021-03-29T19:46:21.872-0700][3.676s] GC(2) Concurrent Mark (3.676s)
[2021-03-29T19:46:21.872-0700][3.676s] GC(2) Concurrent Mark From Roots
[2021-03-29T19:46:21.872-0700][3.676s] GC(2) Using 1 workers of 1 for marking
[2021-03-29T19:46:21.884-0700][3.687s] GC(2) Concurrent Mark From Roots 11.200ms
[2021-03-29T19:46:21.884-0700][3.687s] GC(2) Concurrent Preclean
[2021-03-29T19:46:21.884-0700][3.688s] GC(2) Concurrent Preclean 0.754ms
[2021-03-29T19:46:21.884-0700][3.688s] GC(2) Concurrent Mark (3.676s, 3.688s) 12.019ms
[2021-03-29T19:46:21.885-0700][3.688s] GC(2) Pause Remark
[2021-03-29T19:46:21.888-0700][3.691s] GC(2) Cleaned string and symbol table, strings: 8899 processed, 0 removed, symbols: 59377 processed, 30 removed
[2021-03-29T19:46:21.888-0700][3.691s] GC(2) Pause Remark 24M->24M(512M) 3.010ms
[2021-03-29T19:46:21.888-0700][3.691s] GC(2) User=0.00s Sys=0.00s Real=0.00s
[2021-03-29T19:46:21.888-0700][3.692s] GC(2) Concurrent Rebuild Remembered Sets
[2021-03-29T19:46:21.896-0700][3.700s] GC(2) Concurrent Rebuild Remembered Sets 7.829ms
[2021-03-29T19:46:21.897-0700][3.700s] GC(2) Pause Cleanup
[2021-03-29T19:46:21.897-0700][3.700s] GC(2) Pause Cleanup 25M->25M(512M) 0.253ms
[2021-03-29T19:46:21.897-0700][3.700s] GC(2) User=0.01s Sys=0.00s Real=0.00s
[2021-03-29T19:46:21.897-0700][3.700s] GC(2) Concurrent Cleanup for Next Mark
[2021-03-29T19:46:21.899-0700][3.702s] GC(2) Concurrent Cleanup for Next Mark 1.480ms
[2021-03-29T19:46:21.899-0700][3.702s] GC(2) Concurrent Cycle 34.710ms
[2021-03-29T19:46:22.289-0700][4.093s] GC(3) Pause Young (Normal) (G1 Evacuation Pause)
[2021-03-29T19:46:22.290-0700][4.093s] GC(3) Using 4 workers of 4 for evacuation
[2021-03-29T19:46:22.305-0700][4.108s] GC(3)   Pre Evacuate Collection Set: 0.0ms
[2021-03-29T19:46:22.305-0700][4.108s] GC(3)   Evacuate Collection Set: 14.5ms
[2021-03-29T19:46:22.305-0700][4.108s] GC(3)   Post Evacuate Collection Set: 0.5ms
[2021-03-29T19:46:22.305-0700][4.108s] GC(3)   Other: 0.1ms
[2021-03-29T19:46:22.305-0700][4.108s] GC(3) Eden regions: 26->0(51)
[2021-03-29T19:46:22.305-0700][4.108s] GC(3) Survivor regions: 17->2(6)
[2021-03-29T19:46:22.305-0700][4.108s] GC(3) Old regions: 4->21
[2021-03-29T19:46:22.305-0700][4.108s] GC(3) Humongous regions: 4->4
[2021-03-29T19:46:22.305-0700][4.108s] GC(3) Metaspace: 23894K->23894K(1071104K)
[2021-03-29T19:46:22.305-0700][4.108s] GC(3) Pause Young (Normal) (G1 Evacuation Pause) 49M->24M(512M) 15.233ms
[2021-03-29T19:46:22.305-0700][4.108s] GC(3) User=0.05s Sys=0.01s Real=0.02s
[2021-03-29T19:46:23.070-0700][4.873s] GC(4) Pause Young (Normal) (G1 Evacuation Pause)
[2021-03-29T19:46:23.070-0700][4.873s] GC(4) Using 4 workers of 4 for evacuation
[2021-03-29T19:46:23.076-0700][4.879s] GC(4)   Pre Evacuate Collection Set: 0.0ms
[2021-03-29T19:46:23.076-0700][4.879s] GC(4)   Evacuate Collection Set: 4.4ms
[2021-03-29T19:46:23.076-0700][4.879s] GC(4)   Post Evacuate Collection Set: 1.5ms
[2021-03-29T19:46:23.076-0700][4.879s] GC(4)   Other: 0.2ms
[2021-03-29T19:46:23.076-0700][4.879s] GC(4) Eden regions: 51->0(77)
[2021-03-29T19:46:23.076-0700][4.879s] GC(4) Survivor regions: 2->4(7)
[2021-03-29T19:46:23.076-0700][4.879s] GC(4) Old regions: 21->21
[2021-03-29T19:46:23.076-0700][4.879s] GC(4) Humongous regions: 4->4
[2021-03-29T19:46:23.076-0700][4.879s] GC(4) Metaspace: 30357K->30357K(1077248K)
[2021-03-29T19:46:23.076-0700][4.879s] GC(4) Pause Young (Normal) (G1 Evacuation Pause) 75M->27M(512M) 6.234ms
[2021-03-29T19:46:23.076-0700][4.879s] GC(4) User=0.02s Sys=0.01s Real=0.01s
[2021-03-29T19:46:23.691-0700][5.494s] GC(5) Pause Young (Concurrent Start) (Metadata GC Threshold)
[2021-03-29T19:46:23.691-0700][5.494s] GC(5) Using 4 workers of 4 for evacuation
[2021-03-29T19:46:23.703-0700][5.506s] GC(5)   Pre Evacuate Collection Set: 0.1ms
[2021-03-29T19:46:23.703-0700][5.506s] GC(5)   Evacuate Collection Set: 10.8ms
[2021-03-29T19:46:23.703-0700][5.506s] GC(5)   Post Evacuate Collection Set: 0.5ms
[2021-03-29T19:46:23.703-0700][5.506s] GC(5)   Other: 0.2ms
[2021-03-29T19:46:23.703-0700][5.506s] GC(5) Eden regions: 46->0(95)
[2021-03-29T19:46:23.703-0700][5.506s] GC(5) Survivor regions: 4->6(11)
[2021-03-29T19:46:23.703-0700][5.506s] GC(5) Old regions: 21->21
[2021-03-29T19:46:23.703-0700][5.506s] GC(5) Humongous regions: 4->4
[2021-03-29T19:46:23.703-0700][5.506s] GC(5) Metaspace: 34884K->34884K(1081344K)
[2021-03-29T19:46:23.703-0700][5.506s] GC(5) Pause Young (Concurrent Start) (Metadata GC Threshold) 72M->29M(512M) 11.637ms
[2021-03-29T19:46:23.703-0700][5.506s] GC(5) User=0.03s Sys=0.00s Real=0.01s
[2021-03-29T19:46:23.703-0700][5.506s] GC(6) Concurrent Cycle
[2021-03-29T19:46:23.703-0700][5.506s] GC(6) Concurrent Clear Claimed Marks
[2021-03-29T19:46:23.703-0700][5.506s] GC(6) Concurrent Clear Claimed Marks 0.034ms
[2021-03-29T19:46:23.703-0700][5.506s] GC(6) Concurrent Scan Root Regions
[2021-03-29T19:46:23.714-0700][5.517s] GC(6) Concurrent Scan Root Regions 11.311ms
[2021-03-29T19:46:23.714-0700][5.517s] GC(6) Concurrent Mark (5.517s)
[2021-03-29T19:46:23.714-0700][5.517s] GC(6) Concurrent Mark From Roots
[2021-03-29T19:46:23.714-0700][5.517s] GC(6) Using 1 workers of 1 for marking
[2021-03-29T19:46:23.750-0700][5.553s] GC(6) Concurrent Mark From Roots 35.381ms
[2021-03-29T19:46:23.750-0700][5.553s] GC(6) Concurrent Preclean
[2021-03-29T19:46:23.750-0700][5.553s] GC(6) Concurrent Preclean 0.080ms
[2021-03-29T19:46:23.750-0700][5.553s] GC(6) Concurrent Mark (5.517s, 5.553s) 35.516ms
[2021-03-29T19:46:23.751-0700][5.554s] GC(6) Pause Remark
[2021-03-29T19:46:23.755-0700][5.558s] GC(6) Cleaned string and symbol table, strings: 14784 processed, 24 removed, symbols: 102670 processed, 77 removed
[2021-03-29T19:46:23.755-0700][5.558s] GC(6) Pause Remark 32M->32M(512M) 4.208ms
[2021-03-29T19:46:23.755-0700][5.558s] GC(6) User=0.02s Sys=0.00s Real=0.00s
[2021-03-29T19:46:23.755-0700][5.558s] GC(6) Concurrent Rebuild Remembered Sets
[2021-03-29T19:46:23.783-0700][5.586s] GC(6) Concurrent Rebuild Remembered Sets 27.907ms
[2021-03-29T19:46:23.783-0700][5.586s] GC(6) Pause Cleanup
[2021-03-29T19:46:23.783-0700][5.586s] GC(6) Pause Cleanup 41M->41M(512M) 0.118ms
[2021-03-29T19:46:23.783-0700][5.586s] GC(6) User=0.00s Sys=0.00s Real=0.00s
[2021-03-29T19:46:23.784-0700][5.587s] GC(6) Concurrent Cleanup for Next Mark
[2021-03-29T19:46:23.786-0700][5.589s] GC(6) Concurrent Cleanup for Next Mark 1.911ms
[2021-03-29T19:46:23.786-0700][5.589s] GC(6) Concurrent Cycle 83.305ms
[2021-03-29T19:46:24.148-0700][5.951s] GC(7) Pause Young (Concurrent Start) (G1 Evacuation Pause)
[2021-03-29T19:46:24.148-0700][5.951s] GC(7) Using 4 workers of 4 for evacuation
[2021-03-29T19:46:24.156-0700][5.960s] GC(7)   Pre Evacuate Collection Set: 0.2ms
[2021-03-29T19:46:24.157-0700][5.960s] GC(7)   Evacuate Collection Set: 8.1ms
[2021-03-29T19:46:24.157-0700][5.960s] GC(7)   Post Evacuate Collection Set: 0.5ms
[2021-03-29T19:46:24.157-0700][5.960s] GC(7)   Other: 0.2ms
[2021-03-29T19:46:24.157-0700][5.960s] GC(7) Eden regions: 95->0(121)
[2021-03-29T19:46:24.157-0700][5.960s] GC(7) Survivor regions: 6->11(13)
[2021-03-29T19:46:24.157-0700][5.960s] GC(7) Old regions: 21->21
[2021-03-29T19:46:24.157-0700][5.960s] GC(7) Humongous regions: 6->5
[2021-03-29T19:46:24.157-0700][5.960s] GC(7) Metaspace: 37466K->37466K(1083392K)
[2021-03-29T19:46:24.157-0700][5.960s] GC(7) Pause Young (Concurrent Start) (G1 Evacuation Pause) 126M->34M(512M) 9.005ms
[2021-03-29T19:46:24.157-0700][5.960s] GC(7) User=0.02s Sys=0.00s Real=0.01s
[2021-03-29T19:46:24.157-0700][5.960s] GC(8) Concurrent Cycle
[2021-03-29T19:46:24.157-0700][5.960s] GC(8) Concurrent Clear Claimed Marks
[2021-03-29T19:46:24.157-0700][5.960s] GC(8) Concurrent Clear Claimed Marks 0.079ms
[2021-03-29T19:46:24.157-0700][5.960s] GC(8) Concurrent Scan Root Regions
[2021-03-29T19:46:24.161-0700][5.964s] GC(8) Concurrent Scan Root Regions 4.289ms
[2021-03-29T19:46:24.161-0700][5.964s] GC(8) Concurrent Mark (5.964s)
[2021-03-29T19:46:24.161-0700][5.964s] GC(8) Concurrent Mark From Roots
[2021-03-29T19:46:24.161-0700][5.964s] GC(8) Using 1 workers of 1 for marking
[2021-03-29T19:46:24.184-0700][5.987s] GC(8) Concurrent Mark From Roots 23.063ms
[2021-03-29T19:46:24.184-0700][5.987s] GC(8) Concurrent Preclean
[2021-03-29T19:46:24.184-0700][5.988s] GC(8) Concurrent Preclean 0.053ms
[2021-03-29T19:46:24.184-0700][5.988s] GC(8) Concurrent Mark (5.964s, 5.988s) 23.197ms
[2021-03-29T19:46:24.185-0700][5.988s] GC(8) Pause Remark
[2021-03-29T19:46:24.190-0700][5.993s] GC(8) Cleaned string and symbol table, strings: 15902 processed, 1 removed, symbols: 110814 processed, 14 removed
[2021-03-29T19:46:24.190-0700][5.994s] GC(8) Pause Remark 47M->47M(512M) 5.699ms
[2021-03-29T19:46:24.190-0700][5.994s] GC(8) User=0.02s Sys=0.00s Real=0.00s
[2021-03-29T19:46:24.190-0700][5.994s] GC(8) Concurrent Rebuild Remembered Sets
[2021-03-29T19:46:24.202-0700][6.006s] GC(8) Concurrent Rebuild Remembered Sets 11.957ms
[2021-03-29T19:46:24.203-0700][6.006s] GC(8) Pause Cleanup
[2021-03-29T19:46:24.203-0700][6.006s] GC(8) Pause Cleanup 47M->47M(512M) 0.175ms
[2021-03-29T19:46:24.203-0700][6.006s] GC(8) User=0.00s Sys=0.00s Real=0.00s
[2021-03-29T19:46:24.203-0700][6.006s] GC(8) Concurrent Cleanup for Next Mark
[2021-03-29T19:46:24.204-0700][6.007s] GC(8) Concurrent Cleanup for Next Mark 1.101ms
[2021-03-29T19:46:24.204-0700][6.007s] GC(8) Concurrent Cycle 47.434ms
[2021-03-29T19:46:25.049-0700][6.852s] GC(9) Pause Young (Normal) (G1 Evacuation Pause)
[2021-03-29T19:46:25.049-0700][6.852s] GC(9) Using 4 workers of 4 for evacuation
[2021-03-29T19:46:25.068-0700][6.871s] GC(9)   Pre Evacuate Collection Set: 0.0ms
[2021-03-29T19:46:25.068-0700][6.871s] GC(9)   Evacuate Collection Set: 9.5ms
[2021-03-29T19:46:25.068-0700][6.871s] GC(9)   Post Evacuate Collection Set: 9.1ms
[2021-03-29T19:46:25.068-0700][6.871s] GC(9)   Other: 0.2ms
[2021-03-29T19:46:25.068-0700][6.871s] GC(9) Eden regions: 121->0(195)
[2021-03-29T19:46:25.068-0700][6.871s] GC(9) Survivor regions: 11->9(17)
[2021-03-29T19:46:25.068-0700][6.871s] GC(9) Old regions: 21->24
[2021-03-29T19:46:25.068-0700][6.871s] GC(9) Humongous regions: 5->5
[2021-03-29T19:46:25.068-0700][6.871s] GC(9) Metaspace: 41420K->41420K(1087488K)
[2021-03-29T19:46:25.068-0700][6.871s] GC(9) Pause Young (Normal) (G1 Evacuation Pause) 155M->36M(512M) 18.869ms
[2021-03-29T19:46:25.068-0700][6.871s] GC(9) User=0.04s Sys=0.01s Real=0.02s
[2021-03-29T19:46:26.420-0700][8.223s] GC(10) Pause Young (Normal) (G1 Evacuation Pause)
[2021-03-29T19:46:26.420-0700][8.223s] GC(10) Using 4 workers of 4 for evacuation
[2021-03-29T19:46:26.442-0700][8.245s] GC(10)   Pre Evacuate Collection Set: 0.0ms
[2021-03-29T19:46:26.442-0700][8.245s] GC(10)   Evacuate Collection Set: 20.0ms
[2021-03-29T19:46:26.442-0700][8.245s] GC(10)   Post Evacuate Collection Set: 1.8ms
[2021-03-29T19:46:26.442-0700][8.245s] GC(10)   Other: 0.2ms
[2021-03-29T19:46:26.442-0700][8.245s] GC(10) Eden regions: 195->0(242)
[2021-03-29T19:46:26.442-0700][8.245s] GC(10) Survivor regions: 9->16(26)
[2021-03-29T19:46:26.442-0700][8.245s] GC(10) Old regions: 24->24
[2021-03-29T19:46:26.442-0700][8.245s] GC(10) Humongous regions: 5->5
[2021-03-29T19:46:26.442-0700][8.245s] GC(10) Metaspace: 47980K->47980K(1093632K)
[2021-03-29T19:46:26.442-0700][8.245s] GC(10) Pause Young (Normal) (G1 Evacuation Pause) 231M->43M(512M) 22.094ms
[2021-03-29T19:46:26.442-0700][8.245s] GC(10) User=0.04s Sys=0.02s Real=0.02s
[2021-03-29T19:46:34.303-0700][16.106s] GC(11) Pause Young (Normal) (G1 Evacuation Pause)
[2021-03-29T19:46:34.303-0700][16.106s] GC(11) Using 4 workers of 4 for evacuation
[2021-03-29T19:46:34.359-0700][16.162s] GC(11)   Pre Evacuate Collection Set: 0.0ms
[2021-03-29T19:46:34.359-0700][16.162s] GC(11)   Evacuate Collection Set: 54.4ms
[2021-03-29T19:46:34.359-0700][16.162s] GC(11)   Post Evacuate Collection Set: 1.6ms
[2021-03-29T19:46:34.359-0700][16.162s] GC(11)   Other: 0.2ms
[2021-03-29T19:46:34.359-0700][16.163s] GC(11) Eden regions: 242->0(270)
[2021-03-29T19:46:34.359-0700][16.163s] GC(11) Survivor regions: 16->28(33)
[2021-03-29T19:46:34.359-0700][16.163s] GC(11) Old regions: 24->24
[2021-03-29T19:46:34.359-0700][16.163s] GC(11) Humongous regions: 8->8
[2021-03-29T19:46:34.359-0700][16.163s] GC(11) Metaspace: 53674K->53674K(1097728K)
[2021-03-29T19:46:34.359-0700][16.163s] GC(11) Pause Young (Normal) (G1 Evacuation Pause) 288M->58M(512M) 56.373ms
[2021-03-29T19:46:34.359-0700][16.163s] GC(11) User=0.05s Sys=0.03s Real=0.06s
[2021-03-29T19:46:40.223-0700][22.026s] GC(12) Pause Young (Normal) (G1 Evacuation Pause)
[2021-03-29T19:46:40.223-0700][22.026s] GC(12) Using 4 workers of 4 for evacuation
[2021-03-29T19:46:40.291-0700][22.095s] GC(12)   Pre Evacuate Collection Set: 0.0ms
[2021-03-29T19:46:40.291-0700][22.095s] GC(12)   Evacuate Collection Set: 67.1ms
[2021-03-29T19:46:40.291-0700][22.095s] GC(12)   Post Evacuate Collection Set: 1.2ms
[2021-03-29T19:46:40.291-0700][22.095s] GC(12)   Other: 0.2ms
[2021-03-29T19:46:40.291-0700][22.095s] GC(12) Eden regions: 270->0(272)
[2021-03-29T19:46:40.291-0700][22.095s] GC(12) Survivor regions: 28->35(38)
[2021-03-29T19:46:40.291-0700][22.095s] GC(12) Old regions: 24->37
[2021-03-29T19:46:40.291-0700][22.095s] GC(12) Humongous regions: 8->8
[2021-03-29T19:46:40.291-0700][22.095s] GC(12) Metaspace: 56518K->56518K(1099776K)
[2021-03-29T19:46:40.291-0700][22.095s] GC(12) Pause Young (Normal) (G1 Evacuation Pause) 328M->77M(512M) 68.560ms
[2021-03-29T19:46:40.291-0700][22.095s] GC(12) User=0.10s Sys=0.01s Real=0.07s
[2021-03-29T19:46:44.546-0700][26.350s] GC(13) Pause Young (Normal) (G1 Evacuation Pause)
[2021-03-29T19:46:44.546-0700][26.350s] GC(13) Using 4 workers of 4 for evacuation
[2021-03-29T19:46:44.619-0700][26.422s] GC(13)   Pre Evacuate Collection Set: 0.0ms
[2021-03-29T19:46:44.619-0700][26.422s] GC(13)   Evacuate Collection Set: 71.7ms
[2021-03-29T19:46:44.619-0700][26.423s] GC(13)   Post Evacuate Collection Set: 0.9ms
[2021-03-29T19:46:44.619-0700][26.423s] GC(13)   Other: 0.2ms
[2021-03-29T19:46:44.619-0700][26.423s] GC(13) Eden regions: 272->0(260)
[2021-03-29T19:46:44.619-0700][26.423s] GC(13) Survivor regions: 35->39(39)
[2021-03-29T19:46:44.619-0700][26.423s] GC(13) Old regions: 37->70
[2021-03-29T19:46:44.619-0700][26.423s] GC(13) Humongous regions: 8->8
[2021-03-29T19:46:44.619-0700][26.423s] GC(13) Metaspace: 58657K->58657K(1101824K)
[2021-03-29T19:46:44.619-0700][26.423s] GC(13) Pause Young (Normal) (G1 Evacuation Pause) 349M->114M(512M) 72.949ms
[2021-03-29T19:46:44.619-0700][26.423s] GC(13) User=0.11s Sys=0.01s Real=0.07s
[2021-03-29T19:46:47.381-0700][29.184s] GC(14) Pause Young (Normal) (G1 Evacuation Pause)
[2021-03-29T19:46:47.381-0700][29.184s] GC(14) Using 4 workers of 4 for evacuation
[2021-03-29T19:46:47.435-0700][29.238s] GC(14)   Pre Evacuate Collection Set: 0.0ms
[2021-03-29T19:46:47.435-0700][29.238s] GC(14)   Evacuate Collection Set: 53.0ms
[2021-03-29T19:46:47.435-0700][29.238s] GC(14)   Post Evacuate Collection Set: 0.6ms
[2021-03-29T19:46:47.435-0700][29.238s] GC(14)   Other: 0.2ms
[2021-03-29T19:46:47.435-0700][29.238s] GC(14) Eden regions: 260->0(261)
[2021-03-29T19:46:47.435-0700][29.238s] GC(14) Survivor regions: 39->12(38)
[2021-03-29T19:46:47.435-0700][29.238s] GC(14) Old regions: 70->107
[2021-03-29T19:46:47.435-0700][29.238s] GC(14) Humongous regions: 8->8
[2021-03-29T19:46:47.435-0700][29.238s] GC(14) Metaspace: 58686K->58686K(1101824K)
[2021-03-29T19:46:47.435-0700][29.238s] GC(14) Pause Young (Normal) (G1 Evacuation Pause) 374M->124M(512M) 53.873ms
[2021-03-29T19:46:47.435-0700][29.238s] GC(14) User=0.07s Sys=0.01s Real=0.05s
[2021-03-29T19:46:53.379-0700][35.183s] GC(15) Pause Young (Normal) (G1 Evacuation Pause)
[2021-03-29T19:46:53.379-0700][35.183s] GC(15) Using 4 workers of 4 for evacuation
[2021-03-29T19:46:53.404-0700][35.208s] GC(15)   Pre Evacuate Collection Set: 0.1ms
[2021-03-29T19:46:53.404-0700][35.208s] GC(15)   Evacuate Collection Set: 17.5ms
[2021-03-29T19:46:53.404-0700][35.208s] GC(15)   Post Evacuate Collection Set: 7.2ms
[2021-03-29T19:46:53.404-0700][35.208s] GC(15)   Other: 0.3ms
[2021-03-29T19:46:53.405-0700][35.208s] GC(15) Eden regions: 261->0(246)
[2021-03-29T19:46:53.405-0700][35.208s] GC(15) Survivor regions: 12->31(35)
[2021-03-29T19:46:53.405-0700][35.208s] GC(15) Old regions: 107->107
[2021-03-29T19:46:53.405-0700][35.208s] GC(15) Humongous regions: 29->8
[2021-03-29T19:46:53.405-0700][35.208s] GC(15) Metaspace: 59788K->59788K(1103872K)
[2021-03-29T19:46:53.405-0700][35.208s] GC(15) Pause Young (Normal) (G1 Evacuation Pause) 406M->144M(512M) 25.166ms
[2021-03-29T19:46:53.405-0700][35.208s] GC(15) User=0.05s Sys=0.00s Real=0.03s
[2021-03-29T19:55:56.444-0700][578.247s] Heap
[2021-03-29T19:55:56.444-0700][578.247s]  garbage-first heap   total 524288K, used 279752K [0x00000000e0000000, 0x0000000100000000)
[2021-03-29T19:55:56.444-0700][578.247s]   region size 1024K, 162 young (165888K), 31 survivors (31744K)
[2021-03-29T19:55:56.444-0700][578.247s]  Metaspace       used 60732K, capacity 62543K, committed 62848K, reserved 1103872K
[2021-03-29T19:55:56.444-0700][578.247s]   class space    used 7023K, capacity 7694K, committed 7808K, reserved 1048576K
