[2021-03-25T23:19:15.538-0700][0.006s] Heap region size: 1M
[2021-03-25T23:19:15.593-0700][0.061s] Using G1
[2021-03-25T23:19:15.593-0700][0.061s] Heap address: 0x00000000e0000000, size: 512 MB, Compressed Oops mode: 32-bit
[2021-03-25T23:19:15.593-0700][0.061s] Mark closed archive regions in map: [0x00000000fff00000, 0x00000000fff6aff8]
[2021-03-25T23:19:15.593-0700][0.061s] Mark open archive regions in map: [0x00000000ffe00000, 0x00000000ffe46ff8]
[2021-03-25T23:19:16.035-0700][0.503s] GC(0) Pause Young (Normal) (G1 Evacuation Pause)
[2021-03-25T23:19:16.035-0700][0.503s] GC(0) Using 4 workers of 4 for evacuation
[2021-03-25T23:19:16.052-0700][0.519s] GC(0)   Pre Evacuate Collection Set: 0.0ms
[2021-03-25T23:19:16.052-0700][0.519s] GC(0)   Evacuate Collection Set: 12.2ms
[2021-03-25T23:19:16.052-0700][0.519s] GC(0)   Post Evacuate Collection Set: 3.9ms
[2021-03-25T23:19:16.052-0700][0.519s] GC(0)   Other: 0.5ms
[2021-03-25T23:19:16.052-0700][0.519s] GC(0) Eden regions: 25->0(304)
[2021-03-25T23:19:16.052-0700][0.519s] GC(0) Survivor regions: 0->3(4)
[2021-03-25T23:19:16.052-0700][0.519s] GC(0) Old regions: 2->2
[2021-03-25T23:19:16.052-0700][0.519s] GC(0) Humongous regions: 0->0
[2021-03-25T23:19:16.052-0700][0.519s] GC(0) Metaspace: 5310K->5310K(1056768K)
[2021-03-25T23:19:16.052-0700][0.519s] GC(0) Pause Young (Normal) (G1 Evacuation Pause) 25M->2M(512M) 16.746ms
[2021-03-25T23:19:16.052-0700][0.519s] GC(0) User=0.05s Sys=0.01s Real=0.02s
[2021-03-25T23:19:17.445-0700][1.913s] GC(1) Pause Young (Concurrent Start) (Metadata GC Threshold)
[2021-03-25T23:19:17.445-0700][1.913s] GC(1) Using 4 workers of 4 for evacuation
[2021-03-25T23:19:17.472-0700][1.939s] GC(1)   Pre Evacuate Collection Set: 0.1ms
[2021-03-25T23:19:17.472-0700][1.939s] GC(1)   Evacuate Collection Set: 25.2ms
[2021-03-25T23:19:17.472-0700][1.939s] GC(1)   Post Evacuate Collection Set: 1.3ms
[2021-03-25T23:19:17.472-0700][1.939s] GC(1)   Other: 0.3ms
[2021-03-25T23:19:17.472-0700][1.939s] GC(1) Eden regions: 110->0(49)
[2021-03-25T23:19:17.472-0700][1.940s] GC(1) Survivor regions: 3->18(18)
[2021-03-25T23:19:17.472-0700][1.940s] GC(1) Old regions: 2->3
[2021-03-25T23:19:17.472-0700][1.940s] GC(1) Humongous regions: 4->4
[2021-03-25T23:19:17.472-0700][1.940s] GC(1) Metaspace: 20452K->20452K(1067008K)
[2021-03-25T23:19:17.472-0700][1.940s] GC(1) Pause Young (Concurrent Start) (Metadata GC Threshold) 116M->23M(512M) 26.969ms
[2021-03-25T23:19:17.472-0700][1.940s] GC(1) User=0.04s Sys=0.04s Real=0.02s
[2021-03-25T23:19:17.472-0700][1.940s] GC(2) Concurrent Cycle
[2021-03-25T23:19:17.472-0700][1.940s] GC(2) Concurrent Clear Claimed Marks
[2021-03-25T23:19:17.472-0700][1.940s] GC(2) Concurrent Clear Claimed Marks 0.065ms
[2021-03-25T23:19:17.472-0700][1.940s] GC(2) Concurrent Scan Root Regions
[2021-03-25T23:19:17.480-0700][1.948s] GC(2) Concurrent Scan Root Regions 8.086ms
[2021-03-25T23:19:17.480-0700][1.948s] GC(2) Concurrent Mark (1.948s)
[2021-03-25T23:19:17.480-0700][1.948s] GC(2) Concurrent Mark From Roots
[2021-03-25T23:19:17.480-0700][1.948s] GC(2) Using 1 workers of 1 for marking
[2021-03-25T23:19:17.505-0700][1.973s] GC(2) Concurrent Mark From Roots 25.174ms
[2021-03-25T23:19:17.505-0700][1.973s] GC(2) Concurrent Preclean
[2021-03-25T23:19:17.505-0700][1.973s] GC(2) Concurrent Preclean 0.026ms
[2021-03-25T23:19:17.505-0700][1.973s] GC(2) Concurrent Mark (1.948s, 1.973s) 25.266ms
[2021-03-25T23:19:17.506-0700][1.973s] GC(2) Pause Remark
[2021-03-25T23:19:17.508-0700][1.976s] GC(2) Cleaned string and symbol table, strings: 8959 processed, 0 removed, symbols: 60039 processed, 30 removed
[2021-03-25T23:19:17.508-0700][1.976s] GC(2) Pause Remark 25M->25M(512M) 2.698ms
[2021-03-25T23:19:17.508-0700][1.976s] GC(2) User=0.01s Sys=0.00s Real=0.00s
[2021-03-25T23:19:17.508-0700][1.976s] GC(2) Concurrent Rebuild Remembered Sets
[2021-03-25T23:19:17.511-0700][1.978s] GC(2) Concurrent Rebuild Remembered Sets 2.123ms
[2021-03-25T23:19:17.511-0700][1.979s] GC(2) Pause Cleanup
[2021-03-25T23:19:17.511-0700][1.979s] GC(2) Pause Cleanup 25M->25M(512M) 0.226ms
[2021-03-25T23:19:17.511-0700][1.979s] GC(2) User=0.00s Sys=0.00s Real=0.00s
[2021-03-25T23:19:17.511-0700][1.979s] GC(2) Concurrent Cleanup for Next Mark
[2021-03-25T23:19:17.512-0700][1.980s] GC(2) Concurrent Cleanup for Next Mark 0.966ms
[2021-03-25T23:19:17.512-0700][1.980s] GC(2) Concurrent Cycle 40.263ms
[2021-03-25T23:19:17.867-0700][2.334s] GC(3) Pause Young (Concurrent Start) (G1 Evacuation Pause)
[2021-03-25T23:19:17.867-0700][2.334s] GC(3) Using 4 workers of 4 for evacuation
[2021-03-25T23:19:17.891-0700][2.359s] GC(3)   Pre Evacuate Collection Set: 0.1ms
[2021-03-25T23:19:17.891-0700][2.359s] GC(3)   Evacuate Collection Set: 23.5ms
[2021-03-25T23:19:17.891-0700][2.359s] GC(3)   Post Evacuate Collection Set: 0.6ms
[2021-03-25T23:19:17.891-0700][2.359s] GC(3)   Other: 0.2ms
[2021-03-25T23:19:17.891-0700][2.359s] GC(3) Eden regions: 33->0(52)
[2021-03-25T23:19:17.891-0700][2.359s] GC(3) Survivor regions: 18->2(7)
[2021-03-25T23:19:17.891-0700][2.359s] GC(3) Old regions: 3->21
[2021-03-25T23:19:17.891-0700][2.359s] GC(3) Humongous regions: 4->4
[2021-03-25T23:19:17.891-0700][2.359s] GC(3) Metaspace: 24447K->24447K(1071104K)
[2021-03-25T23:19:17.891-0700][2.359s] GC(3) Pause Young (Concurrent Start) (G1 Evacuation Pause) 56M->24M(512M) 24.373ms
[2021-03-25T23:19:17.891-0700][2.359s] GC(3) User=0.04s Sys=0.04s Real=0.02s
[2021-03-25T23:19:17.891-0700][2.359s] GC(4) Concurrent Cycle
[2021-03-25T23:19:17.891-0700][2.359s] GC(4) Concurrent Clear Claimed Marks
[2021-03-25T23:19:17.891-0700][2.359s] GC(4) Concurrent Clear Claimed Marks 0.095ms
[2021-03-25T23:19:17.891-0700][2.359s] GC(4) Concurrent Scan Root Regions
[2021-03-25T23:19:17.893-0700][2.360s] GC(4) Concurrent Scan Root Regions 1.161ms
[2021-03-25T23:19:17.893-0700][2.360s] GC(4) Concurrent Mark (2.360s)
[2021-03-25T23:19:17.893-0700][2.360s] GC(4) Concurrent Mark From Roots
[2021-03-25T23:19:17.893-0700][2.360s] GC(4) Using 1 workers of 1 for marking
[2021-03-25T23:19:17.915-0700][2.382s] GC(4) Concurrent Mark From Roots 22.011ms
[2021-03-25T23:19:17.915-0700][2.382s] GC(4) Concurrent Preclean
[2021-03-25T23:19:17.915-0700][2.382s] GC(4) Concurrent Preclean 0.073ms
[2021-03-25T23:19:17.915-0700][2.382s] GC(4) Concurrent Mark (2.360s, 2.382s) 22.138ms
[2021-03-25T23:19:17.915-0700][2.383s] GC(4) Pause Remark
[2021-03-25T23:19:17.918-0700][2.385s] GC(4) Cleaned string and symbol table, strings: 9826 processed, 0 removed, symbols: 72473 processed, 24 removed
[2021-03-25T23:19:17.918-0700][2.386s] GC(4) Pause Remark 27M->27M(512M) 2.993ms
[2021-03-25T23:19:17.918-0700][2.386s] GC(4) User=0.01s Sys=0.00s Real=0.01s
[2021-03-25T23:19:17.918-0700][2.386s] GC(4) Concurrent Rebuild Remembered Sets
[2021-03-25T23:19:17.930-0700][2.398s] GC(4) Concurrent Rebuild Remembered Sets 12.313ms
[2021-03-25T23:19:17.931-0700][2.399s] GC(4) Pause Cleanup
[2021-03-25T23:19:17.931-0700][2.399s] GC(4) Pause Cleanup 28M->28M(512M) 0.139ms
[2021-03-25T23:19:17.931-0700][2.399s] GC(4) User=0.00s Sys=0.00s Real=0.00s
[2021-03-25T23:19:17.931-0700][2.399s] GC(4) Concurrent Cleanup for Next Mark
[2021-03-25T23:19:17.932-0700][2.400s] GC(4) Concurrent Cleanup for Next Mark 1.092ms
[2021-03-25T23:19:17.932-0700][2.400s] GC(4) Concurrent Cycle 41.035ms
[2021-03-25T23:19:18.613-0700][3.081s] GC(5) Pause Young (Normal) (G1 Evacuation Pause)
[2021-03-25T23:19:18.613-0700][3.081s] GC(5) Using 4 workers of 4 for evacuation
[2021-03-25T23:19:18.621-0700][3.089s] GC(5)   Pre Evacuate Collection Set: 0.0ms
[2021-03-25T23:19:18.621-0700][3.089s] GC(5)   Evacuate Collection Set: 6.9ms
[2021-03-25T23:19:18.621-0700][3.089s] GC(5)   Post Evacuate Collection Set: 0.5ms
[2021-03-25T23:19:18.621-0700][3.089s] GC(5)   Other: 0.2ms
[2021-03-25T23:19:18.621-0700][3.089s] GC(5) Eden regions: 52->0(78)
[2021-03-25T23:19:18.621-0700][3.089s] GC(5) Survivor regions: 2->5(7)
[2021-03-25T23:19:18.621-0700][3.089s] GC(5) Old regions: 21->21
[2021-03-25T23:19:18.621-0700][3.089s] GC(5) Humongous regions: 4->4
[2021-03-25T23:19:18.621-0700][3.089s] GC(5) Metaspace: 31919K->31919K(1079296K)
[2021-03-25T23:19:18.621-0700][3.089s] GC(5) Pause Young (Normal) (G1 Evacuation Pause) 76M->27M(512M) 7.647ms
[2021-03-25T23:19:18.621-0700][3.089s] GC(5) User=0.02s Sys=0.00s Real=0.01s
[2021-03-25T23:19:19.074-0700][3.542s] GC(6) Pause Young (Normal) (G1 Evacuation Pause)
[2021-03-25T23:19:19.074-0700][3.542s] GC(6) Using 4 workers of 4 for evacuation
[2021-03-25T23:19:19.096-0700][3.564s] GC(6)   Pre Evacuate Collection Set: 0.0ms
[2021-03-25T23:19:19.096-0700][3.564s] GC(6)   Evacuate Collection Set: 19.0ms
[2021-03-25T23:19:19.096-0700][3.564s] GC(6)   Post Evacuate Collection Set: 3.2ms
[2021-03-25T23:19:19.097-0700][3.564s] GC(6)   Other: 0.2ms
[2021-03-25T23:19:19.097-0700][3.564s] GC(6) Eden regions: 78->0(120)
[2021-03-25T23:19:19.097-0700][3.564s] GC(6) Survivor regions: 5->6(11)
[2021-03-25T23:19:19.097-0700][3.564s] GC(6) Old regions: 21->21
[2021-03-25T23:19:19.097-0700][3.564s] GC(6) Humongous regions: 4->4
[2021-03-25T23:19:19.097-0700][3.564s] GC(6) Metaspace: 35207K->35207K(1081344K)
[2021-03-25T23:19:19.097-0700][3.564s] GC(6) Pause Young (Normal) (G1 Evacuation Pause) 105M->28M(512M) 22.543ms
[2021-03-25T23:19:19.097-0700][3.564s] GC(6) User=0.06s Sys=0.00s Real=0.03s
[2021-03-25T23:19:20.023-0700][4.491s] GC(7) Pause Young (Normal) (G1 Evacuation Pause)
[2021-03-25T23:19:20.023-0700][4.491s] GC(7) Using 4 workers of 4 for evacuation
[2021-03-25T23:19:20.040-0700][4.508s] GC(7)   Pre Evacuate Collection Set: 0.0ms
[2021-03-25T23:19:20.040-0700][4.508s] GC(7)   Evacuate Collection Set: 16.0ms
[2021-03-25T23:19:20.040-0700][4.508s] GC(7)   Post Evacuate Collection Set: 0.5ms
[2021-03-25T23:19:20.040-0700][4.508s] GC(7)   Other: 0.2ms
[2021-03-25T23:19:20.040-0700][4.508s] GC(7) Eden regions: 120->0(137)
[2021-03-25T23:19:20.040-0700][4.508s] GC(7) Survivor regions: 6->11(16)
[2021-03-25T23:19:20.040-0700][4.508s] GC(7) Old regions: 21->21
[2021-03-25T23:19:20.040-0700][4.508s] GC(7) Humongous regions: 5->4
[2021-03-25T23:19:20.040-0700][4.508s] GC(7) Metaspace: 40061K->40061K(1085440K)
[2021-03-25T23:19:20.040-0700][4.508s] GC(7) Pause Young (Normal) (G1 Evacuation Pause) 149M->33M(512M) 16.802ms
[2021-03-25T23:19:20.040-0700][4.508s] GC(7) User=0.03s Sys=0.01s Real=0.02s
[2021-03-25T23:19:26.091-0700][10.558s] GC(8) Pause Young (Normal) (G1 Evacuation Pause)
[2021-03-25T23:19:26.091-0700][10.558s] GC(8) Using 4 workers of 4 for evacuation
[2021-03-25T23:19:26.106-0700][10.574s] GC(8)   Pre Evacuate Collection Set: 0.0ms
[2021-03-25T23:19:26.106-0700][10.574s] GC(8)   Evacuate Collection Set: 13.3ms
[2021-03-25T23:19:26.106-0700][10.574s] GC(8)   Post Evacuate Collection Set: 2.2ms
[2021-03-25T23:19:26.107-0700][10.574s] GC(8)   Other: 0.2ms
[2021-03-25T23:19:26.107-0700][10.574s] GC(8) Eden regions: 137->0(172)
[2021-03-25T23:19:26.107-0700][10.574s] GC(8) Survivor regions: 11->8(19)
[2021-03-25T23:19:26.107-0700][10.574s] GC(8) Old regions: 21->24
[2021-03-25T23:19:26.107-0700][10.574s] GC(8) Humongous regions: 4->4
[2021-03-25T23:19:26.107-0700][10.574s] GC(8) Metaspace: 40611K->40611K(1085440K)
[2021-03-25T23:19:26.107-0700][10.574s] GC(8) Pause Young (Normal) (G1 Evacuation Pause) 170M->34M(512M) 15.771ms
[2021-03-25T23:19:26.107-0700][10.574s] GC(8) User=0.03s Sys=0.00s Real=0.02s
[2021-03-25T23:19:26.241-0700][10.709s] GC(9) Pause Young (Concurrent Start) (Metadata GC Threshold)
[2021-03-25T23:19:26.241-0700][10.709s] GC(9) Using 4 workers of 4 for evacuation
[2021-03-25T23:19:26.247-0700][10.715s] GC(9)   Pre Evacuate Collection Set: 0.1ms
[2021-03-25T23:19:26.247-0700][10.715s] GC(9)   Evacuate Collection Set: 4.9ms
[2021-03-25T23:19:26.247-0700][10.715s] GC(9)   Post Evacuate Collection Set: 0.5ms
[2021-03-25T23:19:26.247-0700][10.715s] GC(9)   Other: 0.3ms
[2021-03-25T23:19:26.247-0700][10.715s] GC(9) Eden regions: 15->0(205)
[2021-03-25T23:19:26.247-0700][10.715s] GC(9) Survivor regions: 8->8(23)
[2021-03-25T23:19:26.247-0700][10.715s] GC(9) Old regions: 24->24
[2021-03-25T23:19:26.247-0700][10.715s] GC(9) Humongous regions: 4->4
[2021-03-25T23:19:26.247-0700][10.715s] GC(9) Metaspace: 41537K->41537K(1087488K)
[2021-03-25T23:19:26.247-0700][10.715s] GC(9) Pause Young (Concurrent Start) (Metadata GC Threshold) 49M->34M(512M) 5.933ms
[2021-03-25T23:19:26.247-0700][10.715s] GC(9) User=0.02s Sys=0.00s Real=0.01s
[2021-03-25T23:19:26.247-0700][10.715s] GC(10) Concurrent Cycle
[2021-03-25T23:19:26.247-0700][10.715s] GC(10) Concurrent Clear Claimed Marks
[2021-03-25T23:19:26.247-0700][10.715s] GC(10) Concurrent Clear Claimed Marks 0.073ms
[2021-03-25T23:19:26.247-0700][10.715s] GC(10) Concurrent Scan Root Regions
[2021-03-25T23:19:26.251-0700][10.719s] GC(10) Concurrent Scan Root Regions 3.475ms
[2021-03-25T23:19:26.251-0700][10.719s] GC(10) Concurrent Mark (10.719s)
[2021-03-25T23:19:26.251-0700][10.719s] GC(10) Concurrent Mark From Roots
[2021-03-25T23:19:26.251-0700][10.719s] GC(10) Using 1 workers of 1 for marking
[2021-03-25T23:19:26.316-0700][10.784s] GC(10) Concurrent Mark From Roots 64.999ms
[2021-03-25T23:19:26.316-0700][10.784s] GC(10) Concurrent Preclean
[2021-03-25T23:19:26.316-0700][10.784s] GC(10) Concurrent Preclean 0.060ms
[2021-03-25T23:19:26.316-0700][10.784s] GC(10) Concurrent Mark (10.719s, 10.784s) 65.123ms
[2021-03-25T23:19:26.316-0700][10.784s] GC(10) Pause Remark
[2021-03-25T23:19:26.329-0700][10.797s] GC(10) Cleaned string and symbol table, strings: 19395 processed, 37 removed, symbols: 120674 processed, 142 removed
[2021-03-25T23:19:26.329-0700][10.797s] GC(10) Pause Remark 37M->37M(512M) 12.906ms
[2021-03-25T23:19:26.329-0700][10.797s] GC(10) User=0.02s Sys=0.00s Real=0.02s
[2021-03-25T23:19:26.330-0700][10.797s] GC(10) Concurrent Rebuild Remembered Sets
[2021-03-25T23:19:26.368-0700][10.836s] GC(10) Concurrent Rebuild Remembered Sets 38.354ms
[2021-03-25T23:19:26.368-0700][10.836s] GC(10) Pause Cleanup
[2021-03-25T23:19:26.368-0700][10.836s] GC(10) Pause Cleanup 37M->37M(512M) 0.182ms
[2021-03-25T23:19:26.368-0700][10.836s] GC(10) User=0.00s Sys=0.00s Real=0.00s
[2021-03-25T23:19:26.368-0700][10.836s] GC(10) Concurrent Cleanup for Next Mark
[2021-03-25T23:19:26.370-0700][10.837s] GC(10) Concurrent Cleanup for Next Mark 1.303ms
[2021-03-25T23:19:26.370-0700][10.837s] GC(10) Concurrent Cycle 122.484ms
[2021-03-25T23:19:27.951-0700][12.418s] GC(11) Pause Young (Normal) (G1 Evacuation Pause)
[2021-03-25T23:19:27.951-0700][12.418s] GC(11) Using 4 workers of 4 for evacuation
[2021-03-25T23:19:27.965-0700][12.433s] GC(11)   Pre Evacuate Collection Set: 0.0ms
[2021-03-25T23:19:27.965-0700][12.433s] GC(11)   Evacuate Collection Set: 7.9ms
[2021-03-25T23:19:27.965-0700][12.433s] GC(11)   Post Evacuate Collection Set: 6.2ms
[2021-03-25T23:19:27.965-0700][12.433s] GC(11)   Other: 0.2ms
[2021-03-25T23:19:27.965-0700][12.433s] GC(11) Eden regions: 214->0(295)
[2021-03-25T23:19:27.965-0700][12.433s] GC(11) Survivor regions: 8->12(28)
[2021-03-25T23:19:27.965-0700][12.433s] GC(11) Old regions: 24->24
[2021-03-25T23:19:27.965-0700][12.433s] GC(11) Humongous regions: 6->5
[2021-03-25T23:19:27.965-0700][12.433s] GC(11) Metaspace: 42906K->42906K(1087488K)
[2021-03-25T23:19:27.965-0700][12.433s] GC(11) Pause Young (Normal) (G1 Evacuation Pause) 250M->39M(512M) 14.368ms
[2021-03-25T23:19:27.965-0700][12.433s] GC(11) User=0.02s Sys=0.00s Real=0.02s
[2021-03-25T23:33:46.951-0700][871.418s] GC(12) Pause Young (Normal) (G1 Evacuation Pause)
[2021-03-25T23:33:46.951-0700][871.418s] GC(12) Using 4 workers of 4 for evacuation
[2021-03-25T23:33:47.017-0700][871.485s] GC(12)   Pre Evacuate Collection Set: 0.0ms
[2021-03-25T23:33:47.017-0700][871.485s] GC(12)   Evacuate Collection Set: 47.5ms
[2021-03-25T23:33:47.017-0700][871.485s] GC(12)   Post Evacuate Collection Set: 18.7ms
[2021-03-25T23:33:47.017-0700][871.485s] GC(12)   Other: 0.3ms
[2021-03-25T23:33:47.017-0700][871.485s] GC(12) Eden regions: 295->0(289)
[2021-03-25T23:33:47.017-0700][871.485s] GC(12) Survivor regions: 12->18(39)
[2021-03-25T23:33:47.017-0700][871.485s] GC(12) Old regions: 24->24
[2021-03-25T23:33:47.017-0700][871.485s] GC(12) Humongous regions: 5->5
[2021-03-25T23:33:47.017-0700][871.485s] GC(12) Metaspace: 47676K->47676K(1091584K)
[2021-03-25T23:33:47.017-0700][871.485s] GC(12) Pause Young (Normal) (G1 Evacuation Pause) 334M->45M(512M) 66.675ms
[2021-03-25T23:33:47.018-0700][871.485s] GC(12) User=0.11s Sys=0.01s Real=0.07s
[2021-03-25T23:36:58.759-0700][1063.227s] Heap
[2021-03-25T23:36:58.759-0700][1063.227s]  garbage-first heap   total 524288K, used 153287K [0x00000000e0000000, 0x0000000100000000)
[2021-03-25T23:36:58.759-0700][1063.227s]   region size 1024K, 123 young (125952K), 18 survivors (18432K)
[2021-03-25T23:36:58.759-0700][1063.227s]  Metaspace       used 52555K, capacity 53993K, committed 54144K, reserved 1097728K
[2021-03-25T23:36:58.759-0700][1063.227s]   class space    used 6176K, capacity 6738K, committed 6784K, reserved 1048576K
