[2021-03-29T19:56:17.229-0700][0.020s] Heap region size: 1M
[2021-03-29T19:56:17.256-0700][0.048s] Using G1
[2021-03-29T19:56:17.256-0700][0.048s] Heap address: 0x00000000e0000000, size: 512 MB, Compressed Oops mode: 32-bit
[2021-03-29T19:56:17.256-0700][0.048s] Mark closed archive regions in map: [0x00000000fff00000, 0x00000000fff6aff8]
[2021-03-29T19:56:17.256-0700][0.048s] Mark open archive regions in map: [0x00000000ffe00000, 0x00000000ffe46ff8]
[2021-03-29T19:56:18.466-0700][1.257s] GC(0) Pause Young (Normal) (G1 Evacuation Pause)
[2021-03-29T19:56:18.474-0700][1.265s] GC(0) Using 4 workers of 4 for evacuation
[2021-03-29T19:56:18.492-0700][1.284s] GC(0)   Pre Evacuate Collection Set: 0.0ms
[2021-03-29T19:56:18.492-0700][1.284s] GC(0)   Evacuate Collection Set: 15.8ms
[2021-03-29T19:56:18.492-0700][1.284s] GC(0)   Post Evacuate Collection Set: 2.0ms
[2021-03-29T19:56:18.492-0700][1.284s] GC(0)   Other: 8.5ms
[2021-03-29T19:56:18.492-0700][1.284s] GC(0) Eden regions: 25->0(304)
[2021-03-29T19:56:18.492-0700][1.284s] GC(0) Survivor regions: 0->3(4)
[2021-03-29T19:56:18.492-0700][1.284s] GC(0) Old regions: 2->2
[2021-03-29T19:56:18.492-0700][1.284s] GC(0) Humongous regions: 0->0
[2021-03-29T19:56:18.492-0700][1.284s] GC(0) Metaspace: 5181K->5181K(1056768K)
[2021-03-29T19:56:18.492-0700][1.284s] GC(0) Pause Young (Normal) (G1 Evacuation Pause) 25M->2M(512M) 26.502ms
[2021-03-29T19:56:18.492-0700][1.284s] GC(0) User=0.03s Sys=0.00s Real=0.02s
[2021-03-29T19:56:20.805-0700][3.597s] GC(1) Pause Young (Concurrent Start) (Metadata GC Threshold)
[2021-03-29T19:56:20.805-0700][3.597s] GC(1) Using 4 workers of 4 for evacuation
[2021-03-29T19:56:20.833-0700][3.624s] GC(1)   Pre Evacuate Collection Set: 0.1ms
[2021-03-29T19:56:20.833-0700][3.624s] GC(1)   Evacuate Collection Set: 25.5ms
[2021-03-29T19:56:20.833-0700][3.624s] GC(1)   Post Evacuate Collection Set: 1.7ms
[2021-03-29T19:56:20.833-0700][3.624s] GC(1)   Other: 0.3ms
[2021-03-29T19:56:20.833-0700][3.624s] GC(1) Eden regions: 115->0(55)
[2021-03-29T19:56:20.833-0700][3.624s] GC(1) Survivor regions: 3->19(19)
[2021-03-29T19:56:20.833-0700][3.624s] GC(1) Old regions: 2->2
[2021-03-29T19:56:20.833-0700][3.624s] GC(1) Humongous regions: 4->4
[2021-03-29T19:56:20.833-0700][3.624s] GC(1) Metaspace: 20417K->20417K(1067008K)
[2021-03-29T19:56:20.833-0700][3.624s] GC(1) Pause Young (Concurrent Start) (Metadata GC Threshold) 121M->23M(512M) 27.655ms
[2021-03-29T19:56:20.833-0700][3.624s] GC(1) User=0.05s Sys=0.02s Real=0.02s
[2021-03-29T19:56:20.833-0700][3.625s] GC(2) Concurrent Cycle
[2021-03-29T19:56:20.833-0700][3.625s] GC(2) Concurrent Clear Claimed Marks
[2021-03-29T19:56:20.833-0700][3.625s] GC(2) Concurrent Clear Claimed Marks 0.077ms
[2021-03-29T19:56:20.833-0700][3.625s] GC(2) Concurrent Scan Root Regions
[2021-03-29T19:56:20.840-0700][3.631s] GC(2) Concurrent Scan Root Regions 6.551ms
[2021-03-29T19:56:20.840-0700][3.631s] GC(2) Concurrent Mark (3.631s)
[2021-03-29T19:56:20.840-0700][3.631s] GC(2) Concurrent Mark From Roots
[2021-03-29T19:56:20.840-0700][3.631s] GC(2) Using 1 workers of 1 for marking
[2021-03-29T19:56:20.847-0700][3.638s] GC(2) Concurrent Mark From Roots 6.918ms
[2021-03-29T19:56:20.847-0700][3.638s] GC(2) Concurrent Preclean
[2021-03-29T19:56:20.847-0700][3.638s] GC(2) Concurrent Preclean 0.031ms
[2021-03-29T19:56:20.847-0700][3.638s] GC(2) Concurrent Mark (3.631s, 3.638s) 6.998ms
[2021-03-29T19:56:20.847-0700][3.638s] GC(2) Pause Remark
[2021-03-29T19:56:20.850-0700][3.642s] GC(2) Cleaned string and symbol table, strings: 8876 processed, 0 removed, symbols: 58871 processed, 29 removed
[2021-03-29T19:56:20.850-0700][3.642s] GC(2) Pause Remark 24M->24M(512M) 3.397ms
[2021-03-29T19:56:20.850-0700][3.642s] GC(2) User=0.00s Sys=0.00s Real=0.00s
[2021-03-29T19:56:20.850-0700][3.642s] GC(2) Concurrent Rebuild Remembered Sets
[2021-03-29T19:56:20.852-0700][3.644s] GC(2) Concurrent Rebuild Remembered Sets 1.741ms
[2021-03-29T19:56:20.852-0700][3.644s] GC(2) Pause Cleanup
[2021-03-29T19:56:20.852-0700][3.644s] GC(2) Pause Cleanup 24M->24M(512M) 0.167ms
[2021-03-29T19:56:20.852-0700][3.644s] GC(2) User=0.00s Sys=0.00s Real=0.00s
[2021-03-29T19:56:20.853-0700][3.644s] GC(2) Concurrent Cleanup for Next Mark
[2021-03-29T19:56:20.854-0700][3.645s] GC(2) Concurrent Cleanup for Next Mark 1.060ms
[2021-03-29T19:56:20.854-0700][3.645s] GC(2) Concurrent Cycle 20.713ms
[2021-03-29T19:56:21.350-0700][4.141s] GC(3) Pause Young (Normal) (G1 Evacuation Pause)
[2021-03-29T19:56:21.350-0700][4.141s] GC(3) Using 4 workers of 4 for evacuation
[2021-03-29T19:56:21.374-0700][4.165s] GC(3)   Pre Evacuate Collection Set: 0.0ms
[2021-03-29T19:56:21.374-0700][4.165s] GC(3)   Evacuate Collection Set: 23.0ms
[2021-03-29T19:56:21.374-0700][4.165s] GC(3)   Post Evacuate Collection Set: 0.6ms
[2021-03-29T19:56:21.374-0700][4.165s] GC(3)   Other: 0.1ms
[2021-03-29T19:56:21.374-0700][4.165s] GC(3) Eden regions: 45->0(119)
[2021-03-29T19:56:21.374-0700][4.165s] GC(3) Survivor regions: 19->3(8)
[2021-03-29T19:56:21.374-0700][4.165s] GC(3) Old regions: 2->20
[2021-03-29T19:56:21.374-0700][4.165s] GC(3) Humongous regions: 4->4
[2021-03-29T19:56:21.374-0700][4.165s] GC(3) Metaspace: 25556K->25556K(1073152K)
[2021-03-29T19:56:21.374-0700][4.165s] GC(3) Pause Young (Normal) (G1 Evacuation Pause) 68M->25M(512M) 23.887ms
[2021-03-29T19:56:21.374-0700][4.165s] GC(3) User=0.09s Sys=0.00s Real=0.02s
[2021-03-29T19:56:22.353-0700][5.144s] GC(4) Pause Young (Concurrent Start) (Metadata GC Threshold)
[2021-03-29T19:56:22.353-0700][5.144s] GC(4) Using 4 workers of 4 for evacuation
[2021-03-29T19:56:22.364-0700][5.155s] GC(4)   Pre Evacuate Collection Set: 0.1ms
[2021-03-29T19:56:22.364-0700][5.156s] GC(4)   Evacuate Collection Set: 6.8ms
[2021-03-29T19:56:22.364-0700][5.156s] GC(4)   Post Evacuate Collection Set: 4.0ms
[2021-03-29T19:56:22.364-0700][5.156s] GC(4)   Other: 0.2ms
[2021-03-29T19:56:22.364-0700][5.156s] GC(4) Eden regions: 74->0(158)
[2021-03-29T19:56:22.364-0700][5.156s] GC(4) Survivor regions: 3->6(16)
[2021-03-29T19:56:22.364-0700][5.156s] GC(4) Old regions: 20->20
[2021-03-29T19:56:22.364-0700][5.156s] GC(4) Humongous regions: 4->4
[2021-03-29T19:56:22.364-0700][5.156s] GC(4) Metaspace: 34812K->34812K(1081344K)
[2021-03-29T19:56:22.364-0700][5.156s] GC(4) Pause Young (Concurrent Start) (Metadata GC Threshold) 98M->28M(512M) 11.156ms
[2021-03-29T19:56:22.364-0700][5.156s] GC(4) User=0.02s Sys=0.00s Real=0.01s
[2021-03-29T19:56:22.364-0700][5.156s] GC(5) Concurrent Cycle
[2021-03-29T19:56:22.364-0700][5.156s] GC(5) Concurrent Clear Claimed Marks
[2021-03-29T19:56:22.364-0700][5.156s] GC(5) Concurrent Clear Claimed Marks 0.089ms
[2021-03-29T19:56:22.364-0700][5.156s] GC(5) Concurrent Scan Root Regions
[2021-03-29T19:56:22.368-0700][5.159s] GC(5) Concurrent Scan Root Regions 3.506ms
[2021-03-29T19:56:22.368-0700][5.159s] GC(5) Concurrent Mark (5.159s)
[2021-03-29T19:56:22.368-0700][5.159s] GC(5) Concurrent Mark From Roots
[2021-03-29T19:56:22.368-0700][5.159s] GC(5) Using 1 workers of 1 for marking
[2021-03-29T19:56:22.398-0700][5.190s] GC(5) Concurrent Mark From Roots 30.304ms
[2021-03-29T19:56:22.398-0700][5.190s] GC(5) Concurrent Preclean
[2021-03-29T19:56:22.398-0700][5.190s] GC(5) Concurrent Preclean 0.095ms
[2021-03-29T19:56:22.398-0700][5.190s] GC(5) Concurrent Mark (5.159s, 5.190s) 30.461ms
[2021-03-29T19:56:22.400-0700][5.192s] GC(5) Pause Remark
[2021-03-29T19:56:22.404-0700][5.196s] GC(5) Cleaned string and symbol table, strings: 14807 processed, 25 removed, symbols: 102480 processed, 78 removed
[2021-03-29T19:56:22.405-0700][5.196s] GC(5) Pause Remark 30M->30M(512M) 4.346ms
[2021-03-29T19:56:22.405-0700][5.196s] GC(5) User=0.00s Sys=0.01s Real=0.01s
[2021-03-29T19:56:22.405-0700][5.196s] GC(5) Concurrent Rebuild Remembered Sets
[2021-03-29T19:56:22.418-0700][5.209s] GC(5) Concurrent Rebuild Remembered Sets 12.977ms
[2021-03-29T19:56:22.418-0700][5.209s] GC(5) Pause Cleanup
[2021-03-29T19:56:22.418-0700][5.210s] GC(5) Pause Cleanup 32M->32M(512M) 0.165ms
[2021-03-29T19:56:22.418-0700][5.210s] GC(5) User=0.00s Sys=0.00s Real=0.00s
[2021-03-29T19:56:22.418-0700][5.210s] GC(5) Concurrent Cleanup for Next Mark
[2021-03-29T19:56:22.419-0700][5.211s] GC(5) Concurrent Cleanup for Next Mark 1.214ms
[2021-03-29T19:56:22.419-0700][5.211s] GC(5) Concurrent Cycle 55.227ms
[2021-03-29T19:56:23.430-0700][6.222s] GC(6) Pause Young (Normal) (G1 Evacuation Pause)
[2021-03-29T19:56:23.430-0700][6.222s] GC(6) Using 4 workers of 4 for evacuation
[2021-03-29T19:56:23.440-0700][6.231s] GC(6)   Pre Evacuate Collection Set: 0.0ms
[2021-03-29T19:56:23.440-0700][6.231s] GC(6)   Evacuate Collection Set: 8.8ms
[2021-03-29T19:56:23.440-0700][6.231s] GC(6)   Post Evacuate Collection Set: 0.6ms
[2021-03-29T19:56:23.440-0700][6.231s] GC(6)   Other: 0.3ms
[2021-03-29T19:56:23.440-0700][6.231s] GC(6) Eden regions: 158->0(169)
[2021-03-29T19:56:23.440-0700][6.231s] GC(6) Survivor regions: 6->13(21)
[2021-03-29T19:56:23.440-0700][6.231s] GC(6) Old regions: 20->20
[2021-03-29T19:56:23.440-0700][6.231s] GC(6) Humongous regions: 6->5
[2021-03-29T19:56:23.440-0700][6.231s] GC(6) Metaspace: 40911K->40911K(1085440K)
[2021-03-29T19:56:23.440-0700][6.232s] GC(6) Pause Young (Normal) (G1 Evacuation Pause) 188M->36M(512M) 9.813ms
[2021-03-29T19:56:23.440-0700][6.232s] GC(6) User=0.03s Sys=0.00s Real=0.01s
[2021-03-29T19:56:24.729-0700][7.520s] GC(7) Pause Young (Normal) (G1 Evacuation Pause)
[2021-03-29T19:56:24.729-0700][7.520s] GC(7) Using 4 workers of 4 for evacuation
[2021-03-29T19:56:24.756-0700][7.547s] GC(7)   Pre Evacuate Collection Set: 0.0ms
[2021-03-29T19:56:24.756-0700][7.547s] GC(7)   Evacuate Collection Set: 19.4ms
[2021-03-29T19:56:24.756-0700][7.547s] GC(7)   Post Evacuate Collection Set: 7.4ms
[2021-03-29T19:56:24.756-0700][7.547s] GC(7)   Other: 0.2ms
[2021-03-29T19:56:24.756-0700][7.547s] GC(7) Eden regions: 169->0(196)
[2021-03-29T19:56:24.756-0700][7.547s] GC(7) Survivor regions: 13->10(23)
[2021-03-29T19:56:24.756-0700][7.547s] GC(7) Old regions: 20->25
[2021-03-29T19:56:24.756-0700][7.547s] GC(7) Humongous regions: 5->5
[2021-03-29T19:56:24.756-0700][7.547s] GC(7) Metaspace: 43871K->43871K(1089536K)
[2021-03-29T19:56:24.756-0700][7.547s] GC(7) Pause Young (Normal) (G1 Evacuation Pause) 205M->37M(512M) 27.116ms
[2021-03-29T19:56:24.756-0700][7.547s] GC(7) User=0.06s Sys=0.01s Real=0.02s
[2021-03-29T19:56:27.952-0700][10.743s] GC(8) Pause Young (Normal) (G1 Evacuation Pause)
[2021-03-29T19:56:27.952-0700][10.743s] GC(8) Using 4 workers of 4 for evacuation
[2021-03-29T19:56:27.980-0700][10.771s] GC(8)   Pre Evacuate Collection Set: 0.0ms
[2021-03-29T19:56:27.980-0700][10.771s] GC(8)   Evacuate Collection Set: 23.9ms
[2021-03-29T19:56:27.980-0700][10.771s] GC(8)   Post Evacuate Collection Set: 4.1ms
[2021-03-29T19:56:27.980-0700][10.771s] GC(8)   Other: 0.2ms
[2021-03-29T19:56:27.980-0700][10.771s] GC(8) Eden regions: 196->0(289)
[2021-03-29T19:56:27.980-0700][10.771s] GC(8) Survivor regions: 10->18(26)
[2021-03-29T19:56:27.980-0700][10.771s] GC(8) Old regions: 25->25
[2021-03-29T19:56:27.980-0700][10.771s] GC(8) Humongous regions: 8->8
[2021-03-29T19:56:27.980-0700][10.771s] GC(8) Metaspace: 52703K->52703K(1097728K)
[2021-03-29T19:56:27.980-0700][10.771s] GC(8) Pause Young (Normal) (G1 Evacuation Pause) 236M->49M(512M) 28.238ms
[2021-03-29T19:56:27.980-0700][10.771s] GC(8) User=0.06s Sys=0.00s Real=0.03s
[2021-03-29T19:56:34.729-0700][17.520s] GC(9) Pause Young (Normal) (G1 Evacuation Pause)
[2021-03-29T19:56:34.729-0700][17.520s] GC(9) Using 4 workers of 4 for evacuation
[2021-03-29T19:56:34.819-0700][17.611s] GC(9)   Pre Evacuate Collection Set: 0.0ms
[2021-03-29T19:56:34.819-0700][17.611s] GC(9)   Evacuate Collection Set: 88.1ms
[2021-03-29T19:56:34.819-0700][17.611s] GC(9)   Post Evacuate Collection Set: 1.9ms
[2021-03-29T19:56:34.819-0700][17.611s] GC(9)   Other: 0.2ms
[2021-03-29T19:56:34.819-0700][17.611s] GC(9) Eden regions: 289->0(269)
[2021-03-29T19:56:34.819-0700][17.611s] GC(9) Survivor regions: 18->38(39)
[2021-03-29T19:56:34.819-0700][17.611s] GC(9) Old regions: 25->25
[2021-03-29T19:56:34.819-0700][17.611s] GC(9) Humongous regions: 8->8
[2021-03-29T19:56:34.819-0700][17.611s] GC(9) Metaspace: 54060K->54060K(1097728K)
[2021-03-29T19:56:34.819-0700][17.611s] GC(9) Pause Young (Normal) (G1 Evacuation Pause) 338M->69M(512M) 90.419ms
[2021-03-29T19:56:34.819-0700][17.611s] GC(9) User=0.14s Sys=0.01s Real=0.09s
[2021-03-29T19:56:38.777-0700][21.569s] GC(10) Pause Young (Normal) (G1 Evacuation Pause)
[2021-03-29T19:56:38.777-0700][21.569s] GC(10) Using 4 workers of 4 for evacuation
[2021-03-29T19:56:38.856-0700][21.648s] GC(10)   Pre Evacuate Collection Set: 0.0ms
[2021-03-29T19:56:38.856-0700][21.648s] GC(10)   Evacuate Collection Set: 56.6ms
[2021-03-29T19:56:38.856-0700][21.648s] GC(10)   Post Evacuate Collection Set: 21.7ms
[2021-03-29T19:56:38.856-0700][21.648s] GC(10)   Other: 0.3ms
[2021-03-29T19:56:38.856-0700][21.648s] GC(10) Eden regions: 269->0(289)
[2021-03-29T19:56:38.856-0700][21.648s] GC(10) Survivor regions: 38->18(39)
[2021-03-29T19:56:38.856-0700][21.648s] GC(10) Old regions: 25->58
[2021-03-29T19:56:38.856-0700][21.648s] GC(10) Humongous regions: 8->8
[2021-03-29T19:56:38.856-0700][21.648s] GC(10) Metaspace: 56598K->56598K(1099776K)
[2021-03-29T19:56:38.856-0700][21.648s] GC(10) Pause Young (Normal) (G1 Evacuation Pause) 338M->81M(512M) 78.657ms
[2021-03-29T19:56:38.856-0700][21.648s] GC(10) User=0.11s Sys=0.04s Real=0.07s
[2021-03-29T19:56:46.108-0700][28.900s] GC(11) Pause Young (Normal) (G1 Evacuation Pause)
[2021-03-29T19:56:46.108-0700][28.900s] GC(11) Using 4 workers of 4 for evacuation
[2021-03-29T19:56:46.139-0700][28.930s] GC(11)   Pre Evacuate Collection Set: 0.0ms
[2021-03-29T19:56:46.139-0700][28.930s] GC(11)   Evacuate Collection Set: 21.0ms
[2021-03-29T19:56:46.139-0700][28.930s] GC(11)   Post Evacuate Collection Set: 9.3ms
[2021-03-29T19:56:46.139-0700][28.930s] GC(11)   Other: 0.2ms
[2021-03-29T19:56:46.139-0700][28.930s] GC(11) Eden regions: 289->0(288)
[2021-03-29T19:56:46.139-0700][28.930s] GC(11) Survivor regions: 18->19(39)
[2021-03-29T19:56:46.139-0700][28.930s] GC(11) Old regions: 58->58
[2021-03-29T19:56:46.139-0700][28.930s] GC(11) Humongous regions: 8->8
[2021-03-29T19:56:46.139-0700][28.930s] GC(11) Metaspace: 57930K->57930K(1101824K)
[2021-03-29T19:56:46.139-0700][28.930s] GC(11) Pause Young (Normal) (G1 Evacuation Pause) 370M->83M(512M) 30.534ms
[2021-03-29T19:56:46.139-0700][28.930s] GC(11) User=0.05s Sys=0.00s Real=0.03s
[2021-03-29T19:56:46.568-0700][29.360s] GC(12) Pause Young (Concurrent Start) (Metadata GC Threshold)
[2021-03-29T19:56:46.568-0700][29.360s] GC(12) Using 4 workers of 4 for evacuation
[2021-03-29T19:56:46.587-0700][29.378s] GC(12)   Pre Evacuate Collection Set: 0.2ms
[2021-03-29T19:56:46.587-0700][29.378s] GC(12)   Evacuate Collection Set: 17.5ms
[2021-03-29T19:56:46.587-0700][29.378s] GC(12)   Post Evacuate Collection Set: 0.7ms
[2021-03-29T19:56:46.587-0700][29.378s] GC(12)   Other: 0.2ms
[2021-03-29T19:56:46.587-0700][29.378s] GC(12) Eden regions: 79->0(270)
[2021-03-29T19:56:46.587-0700][29.378s] GC(12) Survivor regions: 19->22(39)
[2021-03-29T19:56:46.587-0700][29.378s] GC(12) Old regions: 58->58
[2021-03-29T19:56:46.587-0700][29.378s] GC(12) Humongous regions: 8->8
[2021-03-29T19:56:46.587-0700][29.378s] GC(12) Metaspace: 58473K->58473K(1101824K)
[2021-03-29T19:56:46.587-0700][29.378s] GC(12) Pause Young (Concurrent Start) (Metadata GC Threshold) 162M->85M(512M) 18.720ms
[2021-03-29T19:56:46.587-0700][29.378s] GC(12) User=0.06s Sys=0.00s Real=0.02s
[2021-03-29T19:56:46.587-0700][29.379s] GC(13) Concurrent Cycle
[2021-03-29T19:56:46.587-0700][29.379s] GC(13) Concurrent Clear Claimed Marks
[2021-03-29T19:56:46.587-0700][29.379s] GC(13) Concurrent Clear Claimed Marks 0.211ms
[2021-03-29T19:56:46.587-0700][29.379s] GC(13) Concurrent Scan Root Regions
[2021-03-29T19:56:46.595-0700][29.386s] GC(13) Concurrent Scan Root Regions 7.540ms
[2021-03-29T19:56:46.595-0700][29.386s] GC(13) Concurrent Mark (29.386s)
[2021-03-29T19:56:46.595-0700][29.386s] GC(13) Concurrent Mark From Roots
[2021-03-29T19:56:46.595-0700][29.386s] GC(13) Using 1 workers of 1 for marking
[2021-03-29T19:56:46.840-0700][29.631s] GC(13) Concurrent Mark From Roots 244.893ms
[2021-03-29T19:56:46.840-0700][29.631s] GC(13) Concurrent Preclean
[2021-03-29T19:56:46.840-0700][29.631s] GC(13) Concurrent Preclean 0.151ms
[2021-03-29T19:56:46.840-0700][29.631s] GC(13) Concurrent Mark (29.386s, 29.631s) 245.099ms
[2021-03-29T19:56:46.840-0700][29.632s] GC(13) Pause Remark
[2021-03-29T19:56:46.856-0700][29.648s] GC(13) Cleaned string and symbol table, strings: 28754 processed, 43 removed, symbols: 152304 processed, 699 removed
[2021-03-29T19:56:46.857-0700][29.648s] GC(13) Pause Remark 104M->104M(512M) 16.672ms
[2021-03-29T19:56:46.857-0700][29.648s] GC(13) User=0.05s Sys=0.00s Real=0.01s
[2021-03-29T19:56:46.857-0700][29.648s] GC(13) Concurrent Rebuild Remembered Sets
[2021-03-29T19:56:46.996-0700][29.787s] GC(13) Concurrent Rebuild Remembered Sets 138.618ms
[2021-03-29T19:56:47.007-0700][29.799s] GC(13) Pause Cleanup
[2021-03-29T19:56:47.008-0700][29.799s] GC(13) Pause Cleanup 111M->111M(512M) 0.237ms
[2021-03-29T19:56:47.008-0700][29.799s] GC(13) User=0.00s Sys=0.00s Real=0.00s
[2021-03-29T19:56:47.008-0700][29.799s] GC(13) Concurrent Cleanup for Next Mark
[2021-03-29T19:56:47.009-0700][29.800s] GC(13) Concurrent Cleanup for Next Mark 1.099ms
[2021-03-29T19:56:47.009-0700][29.800s] GC(13) Concurrent Cycle 421.792ms
[2021-03-29T20:06:31.536-0700][614.328s] Heap
[2021-03-29T20:06:31.536-0700][614.328s]  garbage-first heap   total 524288K, used 372490K [0x00000000e0000000, 0x0000000100000000)
[2021-03-29T20:06:31.536-0700][614.328s]   region size 1024K, 281 young (287744K), 22 survivors (22528K)
[2021-03-29T20:06:31.536-0700][614.328s]  Metaspace       used 61313K, capacity 63124K, committed 63384K, reserved 1105920K
[2021-03-29T20:06:31.536-0700][614.328s]   class space    used 7043K, capacity 7706K, committed 7832K, reserved 1048576K
