[2021-04-20T18:30:06.833-0700][0.035s] Heap region size: 1M
[2021-04-20T18:30:06.917-0700][0.118s] Using G1
[2021-04-20T18:30:06.917-0700][0.118s] Heap address: 0x00000000e0000000, size: 512 MB, Compressed Oops mode: 32-bit
[2021-04-20T18:30:06.918-0700][0.119s] Mark closed archive regions in map: [0x00000000fff00000, 0x00000000fff6aff8]
[2021-04-20T18:30:06.918-0700][0.119s] Mark open archive regions in map: [0x00000000ffe00000, 0x00000000ffe46ff8]
[2021-04-20T18:30:07.943-0700][1.145s] GC(0) Pause Young (Normal) (G1 Evacuation Pause)
[2021-04-20T18:30:07.970-0700][1.172s] GC(0) Using 4 workers of 4 for evacuation
[2021-04-20T18:30:08.015-0700][1.216s] GC(0)   Pre Evacuate Collection Set: 0.0ms
[2021-04-20T18:30:08.016-0700][1.217s] GC(0)   Evacuate Collection Set: 28.7ms
[2021-04-20T18:30:08.016-0700][1.217s] GC(0)   Post Evacuate Collection Set: 11.8ms
[2021-04-20T18:30:08.016-0700][1.217s] GC(0)   Other: 30.6ms
[2021-04-20T18:30:08.016-0700][1.217s] GC(0) Eden regions: 25->0(304)
[2021-04-20T18:30:08.016-0700][1.217s] GC(0) Survivor regions: 0->3(4)
[2021-04-20T18:30:08.016-0700][1.217s] GC(0) Old regions: 2->2
[2021-04-20T18:30:08.016-0700][1.217s] GC(0) Humongous regions: 0->0
[2021-04-20T18:30:08.016-0700][1.217s] GC(0) Metaspace: 5170K->5170K(1056768K)
[2021-04-20T18:30:08.016-0700][1.217s] GC(0) Pause Young (Normal) (G1 Evacuation Pause) 25M->2M(512M) 72.331ms
[2021-04-20T18:30:08.016-0700][1.217s] GC(0) User=0.07s Sys=0.00s Real=0.07s
[2021-04-20T18:30:10.842-0700][4.043s] GC(1) Pause Young (Normal) (G1 Evacuation Pause)
[2021-04-20T18:30:10.842-0700][4.043s] GC(1) Using 4 workers of 4 for evacuation
[2021-04-20T18:30:10.892-0700][4.093s] GC(1)   Pre Evacuate Collection Set: 0.0ms
[2021-04-20T18:30:10.892-0700][4.093s] GC(1)   Evacuate Collection Set: 42.4ms
[2021-04-20T18:30:10.892-0700][4.093s] GC(1)   Post Evacuate Collection Set: 7.4ms
[2021-04-20T18:30:10.892-0700][4.093s] GC(1)   Other: 0.3ms
[2021-04-20T18:30:10.892-0700][4.093s] GC(1) Eden regions: 84->0(49)
[2021-04-20T18:30:10.892-0700][4.093s] GC(1) Survivor regions: 3->11(11)
[2021-04-20T18:30:10.892-0700][4.093s] GC(1) Old regions: 2->10
[2021-04-20T18:30:10.892-0700][4.093s] GC(1) Humongous regions: 4->4
[2021-04-20T18:30:10.892-0700][4.093s] GC(1) Metaspace: 17242K->17242K(1064960K)
[2021-04-20T18:30:10.892-0700][4.093s] GC(1) Pause Young (Normal) (G1 Evacuation Pause) 90M->23M(512M) 50.183ms
[2021-04-20T18:30:10.892-0700][4.093s] GC(1) User=0.06s Sys=0.02s Real=0.05s
[2021-04-20T18:30:11.549-0700][4.750s] GC(2) Pause Young (Normal) (G1 Evacuation Pause)
[2021-04-20T18:30:11.551-0700][4.752s] GC(2) Using 4 workers of 4 for evacuation
[2021-04-20T18:30:11.589-0700][4.790s] GC(2)   Pre Evacuate Collection Set: 0.0ms
[2021-04-20T18:30:11.591-0700][4.792s] GC(2)   Evacuate Collection Set: 32.3ms
[2021-04-20T18:30:11.594-0700][4.795s] GC(2)   Post Evacuate Collection Set: 3.8ms
[2021-04-20T18:30:11.594-0700][4.795s] GC(2)   Other: 3.5ms
[2021-04-20T18:30:11.594-0700][4.795s] GC(2) Eden regions: 14->0(40)
[2021-04-20T18:30:11.594-0700][4.795s] GC(2) Survivor regions: 11->1(4)
[2021-04-20T18:30:11.594-0700][4.795s] GC(2) Old regions: 10->21
[2021-04-20T18:30:11.594-0700][4.795s] GC(2) Humongous regions: 4->4
[2021-04-20T18:30:11.594-0700][4.795s] GC(2) Metaspace: 19594K->19594K(1067008K)
[2021-04-20T18:30:11.594-0700][4.795s] GC(2) Pause Young (Normal) (G1 Evacuation Pause) 37M->24M(512M) 44.903ms
[2021-04-20T18:30:11.594-0700][4.795s] GC(2) User=0.04s Sys=0.02s Real=0.04s
[2021-04-20T18:30:11.700-0700][4.901s] GC(3) Pause Young (Concurrent Start) (Metadata GC Threshold)
[2021-04-20T18:30:11.700-0700][4.901s] GC(3) Using 4 workers of 4 for evacuation
[2021-04-20T18:30:11.709-0700][4.910s] GC(3)   Pre Evacuate Collection Set: 0.1ms
[2021-04-20T18:30:11.709-0700][4.910s] GC(3)   Evacuate Collection Set: 6.2ms
[2021-04-20T18:30:11.709-0700][4.910s] GC(3)   Post Evacuate Collection Set: 2.6ms
[2021-04-20T18:30:11.709-0700][4.910s] GC(3)   Other: 0.2ms
[2021-04-20T18:30:11.709-0700][4.910s] GC(3) Eden regions: 13->0(51)
[2021-04-20T18:30:11.709-0700][4.910s] GC(3) Survivor regions: 1->1(6)
[2021-04-20T18:30:11.709-0700][4.910s] GC(3) Old regions: 21->21
[2021-04-20T18:30:11.709-0700][4.910s] GC(3) Humongous regions: 4->4
[2021-04-20T18:30:11.709-0700][4.910s] GC(3) Metaspace: 20446K->20446K(1067008K)
[2021-04-20T18:30:11.709-0700][4.910s] GC(3) Pause Young (Concurrent Start) (Metadata GC Threshold) 37M->24M(512M) 9.240ms
[2021-04-20T18:30:11.709-0700][4.910s] GC(3) User=0.00s Sys=0.00s Real=0.01s
[2021-04-20T18:30:11.712-0700][4.913s] GC(4) Concurrent Cycle
[2021-04-20T18:30:11.712-0700][4.914s] GC(4) Concurrent Clear Claimed Marks
[2021-04-20T18:30:11.712-0700][4.914s] GC(4) Concurrent Clear Claimed Marks 0.079ms
[2021-04-20T18:30:11.712-0700][4.914s] GC(4) Concurrent Scan Root Regions
[2021-04-20T18:30:11.715-0700][4.916s] GC(4) Concurrent Scan Root Regions 2.013ms
[2021-04-20T18:30:11.715-0700][4.916s] GC(4) Concurrent Mark (4.916s)
[2021-04-20T18:30:11.715-0700][4.916s] GC(4) Concurrent Mark From Roots
[2021-04-20T18:30:11.715-0700][4.916s] GC(4) Using 1 workers of 1 for marking
[2021-04-20T18:30:11.793-0700][4.994s] GC(4) Concurrent Mark From Roots 77.630ms
[2021-04-20T18:30:11.793-0700][4.994s] GC(4) Concurrent Preclean
[2021-04-20T18:30:11.793-0700][4.994s] GC(4) Concurrent Preclean 0.194ms
[2021-04-20T18:30:11.793-0700][4.994s] GC(4) Concurrent Mark (4.916s, 4.994s) 77.960ms
[2021-04-20T18:30:11.793-0700][4.994s] GC(4) Pause Remark
[2021-04-20T18:30:11.807-0700][5.008s] GC(4) Cleaned string and symbol table, strings: 9002 processed, 25 removed, symbols: 63776 processed, 28 removed
[2021-04-20T18:30:11.807-0700][5.008s] GC(4) Pause Remark 30M->30M(512M) 13.839ms
[2021-04-20T18:30:11.807-0700][5.008s] GC(4) User=0.01s Sys=0.01s Real=0.02s
[2021-04-20T18:30:11.807-0700][5.008s] GC(4) Concurrent Rebuild Remembered Sets
[2021-04-20T18:30:11.838-0700][5.039s] GC(4) Concurrent Rebuild Remembered Sets 30.528ms
[2021-04-20T18:30:11.840-0700][5.041s] GC(4) Pause Cleanup
[2021-04-20T18:30:11.840-0700][5.042s] GC(4) Pause Cleanup 32M->32M(512M) 0.398ms
[2021-04-20T18:30:11.841-0700][5.042s] GC(4) User=0.00s Sys=0.00s Real=0.00s
[2021-04-20T18:30:11.841-0700][5.042s] GC(4) Concurrent Cleanup for Next Mark
[2021-04-20T18:30:11.848-0700][5.049s] GC(4) Concurrent Cleanup for Next Mark 7.014ms
[2021-04-20T18:30:11.848-0700][5.049s] GC(4) Concurrent Cycle 136.017ms
[2021-04-20T18:30:12.538-0700][5.739s] GC(5) Pause Young (Concurrent Start) (G1 Evacuation Pause)
[2021-04-20T18:30:12.538-0700][5.739s] GC(5) Using 4 workers of 4 for evacuation
[2021-04-20T18:30:12.552-0700][5.754s] GC(5)   Pre Evacuate Collection Set: 0.1ms
[2021-04-20T18:30:12.552-0700][5.754s] GC(5)   Evacuate Collection Set: 12.0ms
[2021-04-20T18:30:12.552-0700][5.754s] GC(5)   Post Evacuate Collection Set: 2.2ms
[2021-04-20T18:30:12.552-0700][5.754s] GC(5)   Other: 0.3ms
[2021-04-20T18:30:12.552-0700][5.754s] GC(5) Eden regions: 51->0(82)
[2021-04-20T18:30:12.552-0700][5.754s] GC(5) Survivor regions: 1->2(7)
[2021-04-20T18:30:12.552-0700][5.754s] GC(5) Old regions: 21->21
[2021-04-20T18:30:12.552-0700][5.754s] GC(5) Humongous regions: 4->4
[2021-04-20T18:30:12.552-0700][5.754s] GC(5) Metaspace: 25045K->25045K(1073152K)
[2021-04-20T18:30:12.553-0700][5.754s] GC(5) Pause Young (Concurrent Start) (G1 Evacuation Pause) 75M->24M(512M) 14.678ms
[2021-04-20T18:30:12.553-0700][5.754s] GC(5) User=0.03s Sys=0.00s Real=0.01s
[2021-04-20T18:30:12.553-0700][5.754s] GC(6) Concurrent Cycle
[2021-04-20T18:30:12.553-0700][5.754s] GC(6) Concurrent Clear Claimed Marks
[2021-04-20T18:30:12.553-0700][5.754s] GC(6) Concurrent Clear Claimed Marks 0.097ms
[2021-04-20T18:30:12.553-0700][5.754s] GC(6) Concurrent Scan Root Regions
[2021-04-20T18:30:12.554-0700][5.755s] GC(6) Concurrent Scan Root Regions 1.613ms
[2021-04-20T18:30:12.554-0700][5.756s] GC(6) Concurrent Mark (5.756s)
[2021-04-20T18:30:12.554-0700][5.756s] GC(6) Concurrent Mark From Roots
[2021-04-20T18:30:12.554-0700][5.756s] GC(6) Using 1 workers of 1 for marking
[2021-04-20T18:30:12.592-0700][5.793s] GC(6) Concurrent Mark From Roots 37.418ms
[2021-04-20T18:30:12.592-0700][5.793s] GC(6) Concurrent Preclean
[2021-04-20T18:30:12.592-0700][5.793s] GC(6) Concurrent Preclean 0.117ms
[2021-04-20T18:30:12.592-0700][5.793s] GC(6) Concurrent Mark (5.756s, 5.793s) 37.672ms
[2021-04-20T18:30:12.593-0700][5.794s] GC(6) Pause Remark
[2021-04-20T18:30:12.597-0700][5.798s] GC(6) Cleaned string and symbol table, strings: 9950 processed, 0 removed, symbols: 73983 processed, 26 removed
[2021-04-20T18:30:12.597-0700][5.798s] GC(6) Pause Remark 27M->27M(512M) 4.673ms
[2021-04-20T18:30:12.597-0700][5.798s] GC(6) User=0.01s Sys=0.01s Real=0.00s
[2021-04-20T18:30:12.597-0700][5.799s] GC(6) Concurrent Rebuild Remembered Sets
[2021-04-20T18:30:12.621-0700][5.822s] GC(6) Concurrent Rebuild Remembered Sets 23.807ms
[2021-04-20T18:30:12.624-0700][5.825s] GC(6) Pause Cleanup
[2021-04-20T18:30:12.624-0700][5.825s] GC(6) Pause Cleanup 29M->29M(512M) 0.220ms
[2021-04-20T18:30:12.624-0700][5.825s] GC(6) User=0.00s Sys=0.00s Real=0.00s
[2021-04-20T18:30:12.624-0700][5.825s] GC(6) Concurrent Cleanup for Next Mark
[2021-04-20T18:30:12.626-0700][5.827s] GC(6) Concurrent Cleanup for Next Mark 1.755ms
[2021-04-20T18:30:12.626-0700][5.827s] GC(6) Concurrent Cycle 73.533ms
[2021-04-20T18:30:13.794-0700][6.995s] GC(7) Pause Young (Normal) (G1 Evacuation Pause)
[2021-04-20T18:30:13.794-0700][6.995s] GC(7) Using 4 workers of 4 for evacuation
[2021-04-20T18:30:13.810-0700][7.011s] GC(7)   Pre Evacuate Collection Set: 0.0ms
[2021-04-20T18:30:13.810-0700][7.011s] GC(7)   Evacuate Collection Set: 12.6ms
[2021-04-20T18:30:13.810-0700][7.011s] GC(7)   Post Evacuate Collection Set: 3.3ms
[2021-04-20T18:30:13.810-0700][7.011s] GC(7)   Other: 0.2ms
[2021-04-20T18:30:13.810-0700][7.011s] GC(7) Eden regions: 82->0(125)
[2021-04-20T18:30:13.810-0700][7.011s] GC(7) Survivor regions: 2->6(11)
[2021-04-20T18:30:13.810-0700][7.011s] GC(7) Old regions: 21->21
[2021-04-20T18:30:13.810-0700][7.011s] GC(7) Humongous regions: 4->4
[2021-04-20T18:30:13.810-0700][7.011s] GC(7) Metaspace: 34386K->34386K(1081344K)
[2021-04-20T18:30:13.810-0700][7.011s] GC(7) Pause Young (Normal) (G1 Evacuation Pause) 106M->29M(512M) 16.309ms
[2021-04-20T18:30:13.810-0700][7.011s] GC(7) User=0.04s Sys=0.00s Real=0.02s
[2021-04-20T18:30:14.622-0700][7.823s] GC(8) Pause Young (Normal) (G1 Evacuation Pause)
[2021-04-20T18:30:14.622-0700][7.823s] GC(8) Using 4 workers of 4 for evacuation
[2021-04-20T18:30:14.646-0700][7.847s] GC(8)   Pre Evacuate Collection Set: 0.0ms
[2021-04-20T18:30:14.646-0700][7.847s] GC(8)   Evacuate Collection Set: 21.2ms
[2021-04-20T18:30:14.646-0700][7.847s] GC(8)   Post Evacuate Collection Set: 2.3ms
[2021-04-20T18:30:14.646-0700][7.847s] GC(8)   Other: 0.3ms
[2021-04-20T18:30:14.646-0700][7.847s] GC(8) Eden regions: 125->0(152)
[2021-04-20T18:30:14.646-0700][7.847s] GC(8) Survivor regions: 6->10(17)
[2021-04-20T18:30:14.646-0700][7.847s] GC(8) Old regions: 21->21
[2021-04-20T18:30:14.646-0700][7.847s] GC(8) Humongous regions: 5->4
[2021-04-20T18:30:14.646-0700][7.847s] GC(8) Metaspace: 38343K->38343K(1083392K)
[2021-04-20T18:30:14.646-0700][7.847s] GC(8) Pause Young (Normal) (G1 Evacuation Pause) 155M->32M(512M) 23.938ms
[2021-04-20T18:30:14.646-0700][7.847s] GC(8) User=0.06s Sys=0.01s Real=0.03s
[2021-04-20T18:30:15.576-0700][8.778s] GC(9) Pause Young (Normal) (G1 Evacuation Pause)
[2021-04-20T18:30:15.578-0700][8.779s] GC(9) Using 4 workers of 4 for evacuation
[2021-04-20T18:30:15.597-0700][8.798s] GC(9)   Pre Evacuate Collection Set: 0.0ms
[2021-04-20T18:30:15.597-0700][8.799s] GC(9)   Evacuate Collection Set: 17.0ms
[2021-04-20T18:30:15.597-0700][8.799s] GC(9)   Post Evacuate Collection Set: 0.7ms
[2021-04-20T18:30:15.597-0700][8.799s] GC(9)   Other: 3.3ms
[2021-04-20T18:30:15.597-0700][8.799s] GC(9) Eden regions: 152->0(296)
[2021-04-20T18:30:15.597-0700][8.799s] GC(9) Survivor regions: 10->11(21)
[2021-04-20T18:30:15.597-0700][8.799s] GC(9) Old regions: 21->21
[2021-04-20T18:30:15.597-0700][8.799s] GC(9) Humongous regions: 4->4
[2021-04-20T18:30:15.597-0700][8.799s] GC(9) Metaspace: 40498K->40498K(1085440K)
[2021-04-20T18:30:15.597-0700][8.799s] GC(9) Pause Young (Normal) (G1 Evacuation Pause) 184M->33M(512M) 21.100ms
[2021-04-20T18:30:15.598-0700][8.799s] GC(9) User=0.04s Sys=0.01s Real=0.03s
[2021-04-20T18:30:16.188-0700][9.389s] GC(10) Pause Young (Concurrent Start) (Metadata GC Threshold)
[2021-04-20T18:30:16.188-0700][9.389s] GC(10) Using 4 workers of 4 for evacuation
[2021-04-20T18:30:16.206-0700][9.407s] GC(10)   Pre Evacuate Collection Set: 0.1ms
[2021-04-20T18:30:16.206-0700][9.407s] GC(10)   Evacuate Collection Set: 17.1ms
[2021-04-20T18:30:16.206-0700][9.407s] GC(10)   Post Evacuate Collection Set: 0.8ms
[2021-04-20T18:30:16.206-0700][9.407s] GC(10)   Other: 0.2ms
[2021-04-20T18:30:16.206-0700][9.407s] GC(10) Eden regions: 64->0(295)
[2021-04-20T18:30:16.206-0700][9.407s] GC(10) Survivor regions: 11->12(39)
[2021-04-20T18:30:16.206-0700][9.407s] GC(10) Old regions: 21->21
[2021-04-20T18:30:16.206-0700][9.407s] GC(10) Humongous regions: 4->4
[2021-04-20T18:30:16.206-0700][9.407s] GC(10) Metaspace: 43059K->43059K(1087488K)
[2021-04-20T18:30:16.206-0700][9.407s] GC(10) Pause Young (Concurrent Start) (Metadata GC Threshold) 97M->35M(512M) 18.359ms
[2021-04-20T18:30:16.206-0700][9.407s] GC(10) User=0.06s Sys=0.00s Real=0.02s
[2021-04-20T18:30:16.206-0700][9.407s] GC(11) Concurrent Cycle
[2021-04-20T18:30:16.206-0700][9.407s] GC(11) Concurrent Clear Claimed Marks
[2021-04-20T18:30:16.206-0700][9.407s] GC(11) Concurrent Clear Claimed Marks 0.059ms
[2021-04-20T18:30:16.206-0700][9.407s] GC(11) Concurrent Scan Root Regions
[2021-04-20T18:30:16.213-0700][9.414s] GC(11) Concurrent Scan Root Regions 6.637ms
[2021-04-20T18:30:16.213-0700][9.414s] GC(11) Concurrent Mark (9.414s)
[2021-04-20T18:30:16.215-0700][9.417s] GC(11) Concurrent Mark From Roots
[2021-04-20T18:30:16.217-0700][9.418s] GC(11) Using 1 workers of 1 for marking
[2021-04-20T18:30:16.250-0700][9.451s] GC(11) Concurrent Mark From Roots 35.162ms
[2021-04-20T18:30:16.250-0700][9.451s] GC(11) Concurrent Preclean
[2021-04-20T18:30:16.250-0700][9.451s] GC(11) Concurrent Preclean 0.074ms
[2021-04-20T18:30:16.250-0700][9.451s] GC(11) Concurrent Mark (9.414s, 9.451s) 36.542ms
[2021-04-20T18:30:16.253-0700][9.454s] GC(11) Pause Remark
[2021-04-20T18:30:16.261-0700][9.462s] GC(11) Cleaned string and symbol table, strings: 20001 processed, 0 removed, symbols: 125780 processed, 246 removed
[2021-04-20T18:30:16.261-0700][9.462s] GC(11) Pause Remark 51M->51M(512M) 8.223ms
[2021-04-20T18:30:16.261-0700][9.462s] GC(11) User=0.03s Sys=0.00s Real=0.01s
[2021-04-20T18:30:16.262-0700][9.463s] GC(11) Concurrent Rebuild Remembered Sets
[2021-04-20T18:30:16.284-0700][9.485s] GC(11) Concurrent Rebuild Remembered Sets 22.048ms
[2021-04-20T18:30:16.285-0700][9.486s] GC(11) Pause Cleanup
[2021-04-20T18:30:16.285-0700][9.486s] GC(11) Pause Cleanup 55M->55M(512M) 0.121ms
[2021-04-20T18:30:16.285-0700][9.486s] GC(11) User=0.00s Sys=0.00s Real=0.00s
[2021-04-20T18:30:16.285-0700][9.486s] GC(11) Concurrent Cleanup for Next Mark
[2021-04-20T18:30:16.290-0700][9.491s] GC(11) Concurrent Cleanup for Next Mark 4.868ms
[2021-04-20T18:30:16.290-0700][9.491s] GC(11) Concurrent Cycle 83.966ms
[2021-04-20T18:30:17.868-0700][11.069s] GC(12) Pause Young (Normal) (G1 Evacuation Pause)
[2021-04-20T18:30:17.868-0700][11.070s] GC(12) Using 4 workers of 4 for evacuation
[2021-04-20T18:30:17.918-0700][11.119s] GC(12)   Pre Evacuate Collection Set: 0.0ms
[2021-04-20T18:30:17.918-0700][11.119s] GC(12)   Evacuate Collection Set: 48.4ms
[2021-04-20T18:30:17.918-0700][11.119s] GC(12)   Post Evacuate Collection Set: 1.1ms
[2021-04-20T18:30:17.918-0700][11.119s] GC(12)   Other: 0.3ms
[2021-04-20T18:30:17.918-0700][11.119s] GC(12) Eden regions: 295->0(277)
[2021-04-20T18:30:17.918-0700][11.119s] GC(12) Survivor regions: 12->30(39)
[2021-04-20T18:30:17.918-0700][11.119s] GC(12) Old regions: 21->21
[2021-04-20T18:30:17.918-0700][11.119s] GC(12) Humongous regions: 5->5
[2021-04-20T18:30:17.918-0700][11.119s] GC(12) Metaspace: 49670K->49670K(1093632K)
[2021-04-20T18:30:17.918-0700][11.119s] GC(12) Pause Young (Normal) (G1 Evacuation Pause) 331M->54M(512M) 49.894ms
[2021-04-20T18:30:17.918-0700][11.119s] GC(12) User=0.11s Sys=0.05s Real=0.05s
[2021-04-20T18:30:19.880-0700][13.081s] GC(13) Pause Young (Normal) (G1 Evacuation Pause)
[2021-04-20T18:30:19.880-0700][13.081s] GC(13) Using 4 workers of 4 for evacuation
[2021-04-20T18:30:19.944-0700][13.145s] GC(13)   Pre Evacuate Collection Set: 0.0ms
[2021-04-20T18:30:19.944-0700][13.145s] GC(13)   Evacuate Collection Set: 62.3ms
[2021-04-20T18:30:19.944-0700][13.145s] GC(13)   Post Evacuate Collection Set: 1.4ms
[2021-04-20T18:30:19.944-0700][13.145s] GC(13)   Other: 0.4ms
[2021-04-20T18:30:19.944-0700][13.145s] GC(13) Eden regions: 277->0(275)
[2021-04-20T18:30:19.944-0700][13.145s] GC(13) Survivor regions: 30->32(39)
[2021-04-20T18:30:19.944-0700][13.145s] GC(13) Old regions: 21->30
[2021-04-20T18:30:19.944-0700][13.145s] GC(13) Humongous regions: 8->8
[2021-04-20T18:30:19.944-0700][13.145s] GC(13) Metaspace: 53716K->53716K(1097728K)
[2021-04-20T18:30:19.944-0700][13.146s] GC(13) Pause Young (Normal) (G1 Evacuation Pause) 334M->68M(512M) 64.086ms
[2021-04-20T18:30:19.944-0700][13.146s] GC(13) User=0.08s Sys=0.02s Real=0.06s
