[2021-04-17T02:29:41.233-0700][0.022s] Heap region size: 1M
[2021-04-17T02:29:41.252-0700][0.041s] Using G1
[2021-04-17T02:29:41.253-0700][0.041s] Heap address: 0x00000000e0000000, size: 512 MB, Compressed Oops mode: 32-bit
[2021-04-17T02:29:41.253-0700][0.041s] Mark closed archive regions in map: [0x00000000fff00000, 0x00000000fff6aff8]
[2021-04-17T02:29:41.253-0700][0.041s] Mark open archive regions in map: [0x00000000ffe00000, 0x00000000ffe46ff8]
[2021-04-17T02:29:42.310-0700][1.099s] GC(0) Pause Young (Normal) (G1 Evacuation Pause)
[2021-04-17T02:29:42.324-0700][1.112s] GC(0) Using 4 workers of 4 for evacuation
[2021-04-17T02:29:42.348-0700][1.137s] GC(0)   Pre Evacuate Collection Set: 0.0ms
[2021-04-17T02:29:42.348-0700][1.137s] GC(0)   Evacuate Collection Set: 23.5ms
[2021-04-17T02:29:42.348-0700][1.137s] GC(0)   Post Evacuate Collection Set: 0.9ms
[2021-04-17T02:29:42.348-0700][1.137s] GC(0)   Other: 13.8ms
[2021-04-17T02:29:42.348-0700][1.137s] GC(0) Eden regions: 25->0(304)
[2021-04-17T02:29:42.348-0700][1.137s] GC(0) Survivor regions: 0->3(4)
[2021-04-17T02:29:42.348-0700][1.137s] GC(0) Old regions: 2->2
[2021-04-17T02:29:42.348-0700][1.137s] GC(0) Humongous regions: 0->0
[2021-04-17T02:29:42.349-0700][1.137s] GC(0) Metaspace: 5156K->5156K(1056768K)
[2021-04-17T02:29:42.349-0700][1.137s] GC(0) Pause Young (Normal) (G1 Evacuation Pause) 25M->2M(512M) 38.291ms
[2021-04-17T02:29:42.349-0700][1.137s] GC(0) User=0.03s Sys=0.00s Real=0.04s
[2021-04-17T02:29:44.855-0700][3.643s] GC(1) Pause Young (Concurrent Start) (Metadata GC Threshold)
[2021-04-17T02:29:44.855-0700][3.643s] GC(1) Using 4 workers of 4 for evacuation
[2021-04-17T02:29:44.873-0700][3.661s] GC(1)   Pre Evacuate Collection Set: 0.1ms
[2021-04-17T02:29:44.873-0700][3.661s] GC(1)   Evacuate Collection Set: 16.7ms
[2021-04-17T02:29:44.873-0700][3.661s] GC(1)   Post Evacuate Collection Set: 1.1ms
[2021-04-17T02:29:44.873-0700][3.661s] GC(1)   Other: 0.2ms
[2021-04-17T02:29:44.873-0700][3.661s] GC(1) Eden regions: 113->0(52)
[2021-04-17T02:29:44.873-0700][3.661s] GC(1) Survivor regions: 3->16(16)
[2021-04-17T02:29:44.873-0700][3.661s] GC(1) Old regions: 2->5
[2021-04-17T02:29:44.873-0700][3.661s] GC(1) Humongous regions: 4->4
[2021-04-17T02:29:44.873-0700][3.661s] GC(1) Metaspace: 20394K->20394K(1067008K)
[2021-04-17T02:29:44.873-0700][3.661s] GC(1) Pause Young (Concurrent Start) (Metadata GC Threshold) 119M->23M(512M) 18.175ms
[2021-04-17T02:29:44.873-0700][3.661s] GC(1) User=0.05s Sys=0.00s Real=0.02s
[2021-04-17T02:29:44.873-0700][3.661s] GC(2) Concurrent Cycle
[2021-04-17T02:29:44.873-0700][3.661s] GC(2) Concurrent Clear Claimed Marks
[2021-04-17T02:29:44.873-0700][3.662s] GC(2) Concurrent Clear Claimed Marks 0.069ms
[2021-04-17T02:29:44.873-0700][3.662s] GC(2) Concurrent Scan Root Regions
[2021-04-17T02:29:44.879-0700][3.667s] GC(2) Concurrent Scan Root Regions 5.605ms
[2021-04-17T02:29:44.879-0700][3.667s] GC(2) Concurrent Mark (3.667s)
[2021-04-17T02:29:44.879-0700][3.667s] GC(2) Concurrent Mark From Roots
[2021-04-17T02:29:44.879-0700][3.667s] GC(2) Using 1 workers of 1 for marking
[2021-04-17T02:29:44.886-0700][3.675s] GC(2) Concurrent Mark From Roots 7.483ms
[2021-04-17T02:29:44.887-0700][3.675s] GC(2) Concurrent Preclean
[2021-04-17T02:29:44.887-0700][3.675s] GC(2) Concurrent Preclean 0.078ms
[2021-04-17T02:29:44.887-0700][3.675s] GC(2) Concurrent Mark (3.667s, 3.675s) 7.677ms
[2021-04-17T02:29:44.887-0700][3.675s] GC(2) Pause Remark
[2021-04-17T02:29:44.890-0700][3.678s] GC(2) Cleaned string and symbol table, strings: 8873 processed, 0 removed, symbols: 58657 processed, 29 removed
[2021-04-17T02:29:44.890-0700][3.678s] GC(2) Pause Remark 23M->23M(512M) 2.994ms
[2021-04-17T02:29:44.890-0700][3.679s] GC(2) User=0.01s Sys=0.00s Real=0.00s
[2021-04-17T02:29:44.890-0700][3.679s] GC(2) Concurrent Rebuild Remembered Sets
[2021-04-17T02:29:44.901-0700][3.689s] GC(2) Concurrent Rebuild Remembered Sets 10.819ms
[2021-04-17T02:29:44.901-0700][3.690s] GC(2) Pause Cleanup
[2021-04-17T02:29:44.901-0700][3.690s] GC(2) Pause Cleanup 24M->24M(512M) 0.290ms
[2021-04-17T02:29:44.902-0700][3.690s] GC(2) User=0.00s Sys=0.00s Real=0.00s
[2021-04-17T02:29:44.904-0700][3.692s] GC(2) Concurrent Cleanup for Next Mark
[2021-04-17T02:29:44.906-0700][3.695s] GC(2) Concurrent Cleanup for Next Mark 2.441ms
[2021-04-17T02:29:44.906-0700][3.695s] GC(2) Concurrent Cycle 33.134ms
[2021-04-17T02:29:45.187-0700][3.976s] GC(3) Pause Young (Normal) (G1 Evacuation Pause)
[2021-04-17T02:29:45.187-0700][3.976s] GC(3) Using 4 workers of 4 for evacuation
[2021-04-17T02:29:45.211-0700][3.999s] GC(3)   Pre Evacuate Collection Set: 0.0ms
[2021-04-17T02:29:45.211-0700][4.000s] GC(3)   Evacuate Collection Set: 23.2ms
[2021-04-17T02:29:45.211-0700][4.000s] GC(3)   Post Evacuate Collection Set: 0.5ms
[2021-04-17T02:29:45.211-0700][4.000s] GC(3)   Other: 0.2ms
[2021-04-17T02:29:45.211-0700][4.000s] GC(3) Eden regions: 22->0(50)
[2021-04-17T02:29:45.211-0700][4.000s] GC(3) Survivor regions: 16->1(5)
[2021-04-17T02:29:45.211-0700][4.000s] GC(3) Old regions: 5->21
[2021-04-17T02:29:45.211-0700][4.000s] GC(3) Humongous regions: 4->4
[2021-04-17T02:29:45.211-0700][4.000s] GC(3) Metaspace: 23905K->23905K(1071104K)
[2021-04-17T02:29:45.211-0700][4.000s] GC(3) Pause Young (Normal) (G1 Evacuation Pause) 45M->24M(512M) 24.054ms
[2021-04-17T02:29:45.211-0700][4.000s] GC(3) User=0.06s Sys=0.01s Real=0.02s
[2021-04-17T02:29:45.729-0700][4.517s] GC(4) Pause Young (Normal) (G1 Evacuation Pause)
[2021-04-17T02:29:45.730-0700][4.519s] GC(4) Using 4 workers of 4 for evacuation
[2021-04-17T02:29:45.738-0700][4.526s] GC(4)   Pre Evacuate Collection Set: 0.0ms
[2021-04-17T02:29:45.738-0700][4.526s] GC(4)   Evacuate Collection Set: 4.2ms
[2021-04-17T02:29:45.738-0700][4.526s] GC(4)   Post Evacuate Collection Set: 3.3ms
[2021-04-17T02:29:45.738-0700][4.526s] GC(4)   Other: 1.8ms
[2021-04-17T02:29:45.738-0700][4.526s] GC(4) Eden regions: 50->0(74)
[2021-04-17T02:29:45.738-0700][4.526s] GC(4) Survivor regions: 1->4(7)
[2021-04-17T02:29:45.738-0700][4.526s] GC(4) Old regions: 21->21
[2021-04-17T02:29:45.738-0700][4.526s] GC(4) Humongous regions: 4->4
[2021-04-17T02:29:45.738-0700][4.526s] GC(4) Metaspace: 29642K->29642K(1077248K)
[2021-04-17T02:29:45.738-0700][4.526s] GC(4) Pause Young (Normal) (G1 Evacuation Pause) 74M->27M(512M) 9.372ms
[2021-04-17T02:29:45.738-0700][4.526s] GC(4) User=0.02s Sys=0.00s Real=0.01s
[2021-04-17T02:29:46.467-0700][5.256s] GC(5) Pause Young (Concurrent Start) (Metadata GC Threshold)
[2021-04-17T02:29:46.467-0700][5.256s] GC(5) Using 4 workers of 4 for evacuation
[2021-04-17T02:29:46.489-0700][5.278s] GC(5)   Pre Evacuate Collection Set: 0.1ms
[2021-04-17T02:29:46.489-0700][5.278s] GC(5)   Evacuate Collection Set: 9.5ms
[2021-04-17T02:29:46.489-0700][5.278s] GC(5)   Post Evacuate Collection Set: 11.9ms
[2021-04-17T02:29:46.489-0700][5.278s] GC(5)   Other: 0.2ms
[2021-04-17T02:29:46.489-0700][5.278s] GC(5) Eden regions: 54->0(87)
[2021-04-17T02:29:46.489-0700][5.278s] GC(5) Survivor regions: 4->6(10)
[2021-04-17T02:29:46.489-0700][5.278s] GC(5) Old regions: 21->21
[2021-04-17T02:29:46.489-0700][5.278s] GC(5) Humongous regions: 4->4
[2021-04-17T02:29:46.489-0700][5.278s] GC(5) Metaspace: 34737K->34737K(1081344K)
[2021-04-17T02:29:46.490-0700][5.278s] GC(5) Pause Young (Concurrent Start) (Metadata GC Threshold) 80M->29M(512M) 22.084ms
[2021-04-17T02:29:46.490-0700][5.278s] GC(5) User=0.03s Sys=0.00s Real=0.02s
[2021-04-17T02:29:46.491-0700][5.279s] GC(6) Concurrent Cycle
[2021-04-17T02:29:46.492-0700][5.281s] GC(6) Concurrent Clear Claimed Marks
[2021-04-17T02:29:46.492-0700][5.281s] GC(6) Concurrent Clear Claimed Marks 0.131ms
[2021-04-17T02:29:46.492-0700][5.281s] GC(6) Concurrent Scan Root Regions
[2021-04-17T02:29:46.497-0700][5.285s] GC(6) Concurrent Scan Root Regions 4.624ms
[2021-04-17T02:29:46.497-0700][5.285s] GC(6) Concurrent Mark (5.285s)
[2021-04-17T02:29:46.497-0700][5.285s] GC(6) Concurrent Mark From Roots
[2021-04-17T02:29:46.497-0700][5.285s] GC(6) Using 1 workers of 1 for marking
[2021-04-17T02:29:46.544-0700][5.332s] GC(6) Concurrent Mark From Roots 46.961ms
[2021-04-17T02:29:46.544-0700][5.333s] GC(6) Concurrent Preclean
[2021-04-17T02:29:46.545-0700][5.333s] GC(6) Concurrent Preclean 0.631ms
[2021-04-17T02:29:46.546-0700][5.335s] GC(6) Concurrent Mark (5.285s, 5.335s) 49.139ms
[2021-04-17T02:29:46.547-0700][5.335s] GC(6) Pause Remark
[2021-04-17T02:29:46.552-0700][5.341s] GC(6) Cleaned string and symbol table, strings: 14841 processed, 24 removed, symbols: 102868 processed, 78 removed
[2021-04-17T02:29:46.553-0700][5.341s] GC(6) Pause Remark 38M->38M(512M) 5.956ms
[2021-04-17T02:29:46.553-0700][5.341s] GC(6) User=0.01s Sys=0.00s Real=0.00s
[2021-04-17T02:29:46.555-0700][5.343s] GC(6) Concurrent Rebuild Remembered Sets
[2021-04-17T02:29:46.593-0700][5.381s] GC(6) Concurrent Rebuild Remembered Sets 37.980ms
[2021-04-17T02:29:46.595-0700][5.384s] GC(6) Pause Cleanup
[2021-04-17T02:29:46.596-0700][5.384s] GC(6) Pause Cleanup 47M->47M(512M) 0.272ms
[2021-04-17T02:29:46.596-0700][5.384s] GC(6) User=0.00s Sys=0.00s Real=0.00s
[2021-04-17T02:29:46.601-0700][5.389s] GC(6) Concurrent Cleanup for Next Mark
[2021-04-17T02:29:46.606-0700][5.394s] GC(6) Concurrent Cleanup for Next Mark 4.653ms
[2021-04-17T02:29:46.606-0700][5.394s] GC(6) Concurrent Cycle 114.800ms
[2021-04-17T02:29:46.909-0700][5.697s] GC(7) Pause Young (Normal) (G1 Evacuation Pause)
[2021-04-17T02:29:46.909-0700][5.697s] GC(7) Using 4 workers of 4 for evacuation
[2021-04-17T02:29:46.923-0700][5.712s] GC(7)   Pre Evacuate Collection Set: 0.0ms
[2021-04-17T02:29:46.923-0700][5.712s] GC(7)   Evacuate Collection Set: 12.4ms
[2021-04-17T02:29:46.923-0700][5.712s] GC(7)   Post Evacuate Collection Set: 2.1ms
[2021-04-17T02:29:46.923-0700][5.712s] GC(7)   Other: 0.2ms
[2021-04-17T02:29:46.923-0700][5.712s] GC(7) Eden regions: 87->0(122)
[2021-04-17T02:29:46.923-0700][5.712s] GC(7) Survivor regions: 6->11(12)
[2021-04-17T02:29:46.923-0700][5.712s] GC(7) Old regions: 21->21
[2021-04-17T02:29:46.923-0700][5.712s] GC(7) Humongous regions: 6->5
[2021-04-17T02:29:46.923-0700][5.712s] GC(7) Metaspace: 37595K->37595K(1083392K)
[2021-04-17T02:29:46.924-0700][5.712s] GC(7) Pause Young (Normal) (G1 Evacuation Pause) 118M->35M(512M) 14.865ms
[2021-04-17T02:29:46.924-0700][5.712s] GC(7) User=0.03s Sys=0.00s Real=0.01s
[2021-04-17T02:29:48.032-0700][6.820s] GC(8) Pause Young (Normal) (G1 Evacuation Pause)
[2021-04-17T02:29:48.032-0700][6.820s] GC(8) Using 4 workers of 4 for evacuation
[2021-04-17T02:29:48.049-0700][6.838s] GC(8)   Pre Evacuate Collection Set: 0.0ms
[2021-04-17T02:29:48.049-0700][6.838s] GC(8)   Evacuate Collection Set: 13.9ms
[2021-04-17T02:29:48.049-0700][6.838s] GC(8)   Post Evacuate Collection Set: 3.3ms
[2021-04-17T02:29:48.049-0700][6.838s] GC(8)   Other: 0.2ms
[2021-04-17T02:29:48.049-0700][6.838s] GC(8) Eden regions: 122->0(156)
[2021-04-17T02:29:48.049-0700][6.838s] GC(8) Survivor regions: 11->9(17)
[2021-04-17T02:29:48.049-0700][6.838s] GC(8) Old regions: 21->25
[2021-04-17T02:29:48.049-0700][6.838s] GC(8) Humongous regions: 5->5
[2021-04-17T02:29:48.049-0700][6.838s] GC(8) Metaspace: 41532K->41532K(1087488K)
[2021-04-17T02:29:48.049-0700][6.838s] GC(8) Pause Young (Normal) (G1 Evacuation Pause) 157M->36M(512M) 17.492ms
[2021-04-17T02:29:48.050-0700][6.838s] GC(8) User=0.03s Sys=0.00s Real=0.02s
[2021-04-17T02:29:49.261-0700][8.049s] GC(9) Pause Young (Normal) (G1 Evacuation Pause)
[2021-04-17T02:29:49.262-0700][8.051s] GC(9) Using 4 workers of 4 for evacuation
[2021-04-17T02:29:49.278-0700][8.067s] GC(9)   Pre Evacuate Collection Set: 0.0ms
[2021-04-17T02:29:49.278-0700][8.067s] GC(9)   Evacuate Collection Set: 13.9ms
[2021-04-17T02:29:49.278-0700][8.067s] GC(9)   Post Evacuate Collection Set: 0.7ms
[2021-04-17T02:29:49.279-0700][8.067s] GC(9)   Other: 2.9ms
[2021-04-17T02:29:49.279-0700][8.067s] GC(9) Eden regions: 156->0(203)
[2021-04-17T02:29:49.279-0700][8.067s] GC(9) Survivor regions: 9->12(21)
[2021-04-17T02:29:49.279-0700][8.067s] GC(9) Old regions: 25->25
[2021-04-17T02:29:49.279-0700][8.067s] GC(9) Humongous regions: 5->5
[2021-04-17T02:29:49.279-0700][8.067s] GC(9) Metaspace: 44483K->44483K(1089536K)
[2021-04-17T02:29:49.279-0700][8.067s] GC(9) Pause Young (Normal) (G1 Evacuation Pause) 192M->39M(512M) 17.646ms
[2021-04-17T02:29:49.279-0700][8.067s] GC(9) User=0.04s Sys=0.00s Real=0.02s
[2021-04-17T02:29:52.419-0700][11.208s] GC(10) Pause Young (Normal) (G1 Evacuation Pause)
[2021-04-17T02:29:52.419-0700][11.208s] GC(10) Using 4 workers of 4 for evacuation
[2021-04-17T02:29:52.467-0700][11.256s] GC(10)   Pre Evacuate Collection Set: 0.0ms
[2021-04-17T02:29:52.467-0700][11.256s] GC(10)   Evacuate Collection Set: 43.4ms
[2021-04-17T02:29:52.468-0700][11.256s] GC(10)   Post Evacuate Collection Set: 4.7ms
[2021-04-17T02:29:52.468-0700][11.256s] GC(10)   Other: 0.2ms
[2021-04-17T02:29:52.468-0700][11.256s] GC(10) Eden regions: 203->0(286)
[2021-04-17T02:29:52.468-0700][11.256s] GC(10) Survivor regions: 12->21(27)
[2021-04-17T02:29:52.468-0700][11.256s] GC(10) Old regions: 25->25
[2021-04-17T02:29:52.468-0700][11.256s] GC(10) Humongous regions: 8->8
[2021-04-17T02:29:52.468-0700][11.256s] GC(10) Metaspace: 52956K->52956K(1097728K)
[2021-04-17T02:29:52.468-0700][11.256s] GC(10) Pause Young (Normal) (G1 Evacuation Pause) 245M->51M(512M) 48.507ms
[2021-04-17T02:29:52.468-0700][11.256s] GC(10) User=0.05s Sys=0.00s Real=0.05s
[2021-04-17T02:29:59.900-0700][18.689s] GC(11) Pause Young (Normal) (G1 Evacuation Pause)
[2021-04-17T02:29:59.900-0700][18.689s] GC(11) Using 4 workers of 4 for evacuation
[2021-04-17T02:29:59.988-0700][18.776s] GC(11)   Pre Evacuate Collection Set: 0.0ms
[2021-04-17T02:29:59.988-0700][18.776s] GC(11)   Evacuate Collection Set: 81.4ms
[2021-04-17T02:29:59.988-0700][18.776s] GC(11)   Post Evacuate Collection Set: 5.9ms
[2021-04-17T02:29:59.988-0700][18.776s] GC(11)   Other: 0.3ms
[2021-04-17T02:29:59.988-0700][18.776s] GC(11) Eden regions: 286->0(268)
[2021-04-17T02:29:59.988-0700][18.776s] GC(11) Survivor regions: 21->39(39)
[2021-04-17T02:29:59.988-0700][18.776s] GC(11) Old regions: 25->27
[2021-04-17T02:29:59.988-0700][18.776s] GC(11) Humongous regions: 8->8
[2021-04-17T02:29:59.988-0700][18.776s] GC(11) Metaspace: 54350K->54350K(1097728K)
[2021-04-17T02:29:59.988-0700][18.776s] GC(11) Pause Young (Normal) (G1 Evacuation Pause) 337M->72M(512M) 87.686ms
[2021-04-17T02:29:59.988-0700][18.776s] GC(11) User=0.12s Sys=0.00s Real=0.09s
[2021-04-17T02:30:04.123-0700][22.911s] GC(12) Pause Young (Concurrent Start) (Metadata GC Threshold)
[2021-04-17T02:30:04.123-0700][22.912s] GC(12) Using 4 workers of 4 for evacuation
[2021-04-17T02:30:04.197-0700][22.986s] GC(12)   Pre Evacuate Collection Set: 0.5ms
[2021-04-17T02:30:04.197-0700][22.986s] GC(12)   Evacuate Collection Set: 72.8ms
[2021-04-17T02:30:04.197-0700][22.986s] GC(12)   Post Evacuate Collection Set: 0.8ms
[2021-04-17T02:30:04.198-0700][22.986s] GC(12)   Other: 0.3ms
[2021-04-17T02:30:04.198-0700][22.986s] GC(12) Eden regions: 268->0(281)
[2021-04-17T02:30:04.198-0700][22.986s] GC(12) Survivor regions: 39->16(39)
[2021-04-17T02:30:04.198-0700][22.986s] GC(12) Old regions: 27->63
[2021-04-17T02:30:04.198-0700][22.986s] GC(12) Humongous regions: 8->8
[2021-04-17T02:30:04.198-0700][22.986s] GC(12) Metaspace: 58403K->58403K(1101824K)
[2021-04-17T02:30:04.198-0700][22.986s] GC(12) Pause Young (Concurrent Start) (Metadata GC Threshold) 339M->85M(512M) 74.481ms
[2021-04-17T02:30:04.198-0700][22.986s] GC(12) User=0.11s Sys=0.02s Real=0.08s
[2021-04-17T02:30:04.199-0700][22.988s] GC(13) Concurrent Cycle
[2021-04-17T02:30:04.203-0700][22.991s] GC(13) Concurrent Clear Claimed Marks
[2021-04-17T02:30:04.204-0700][22.993s] GC(13) Concurrent Clear Claimed Marks 3.428ms
[2021-04-17T02:30:04.205-0700][22.994s] GC(13) Concurrent Scan Root Regions
[2021-04-17T02:30:04.212-0700][23.000s] GC(13) Concurrent Scan Root Regions 6.801ms
[2021-04-17T02:30:04.213-0700][23.002s] GC(13) Concurrent Mark (23.002s)
[2021-04-17T02:30:04.213-0700][23.002s] GC(13) Concurrent Mark From Roots
[2021-04-17T02:30:04.215-0700][23.003s] GC(13) Using 1 workers of 1 for marking
[2021-04-17T02:30:04.448-0700][23.237s] GC(13) Concurrent Mark From Roots 234.933ms
[2021-04-17T02:30:04.449-0700][23.237s] GC(13) Concurrent Preclean
[2021-04-17T02:30:04.452-0700][23.240s] GC(13) Concurrent Preclean 3.007ms
[2021-04-17T02:30:04.453-0700][23.242s] GC(13) Concurrent Mark (23.002s, 23.241s) 239.542ms
[2021-04-17T02:30:04.456-0700][23.244s] GC(13) Pause Remark
[2021-04-17T02:30:04.473-0700][23.262s] GC(13) Cleaned string and symbol table, strings: 28109 processed, 6 removed, symbols: 151490 processed, 699 removed
[2021-04-17T02:30:04.474-0700][23.262s] GC(13) Pause Remark 97M->97M(512M) 17.766ms
[2021-04-17T02:30:04.474-0700][23.262s] GC(13) User=0.03s Sys=0.01s Real=0.01s
[2021-04-17T02:30:04.474-0700][23.262s] GC(13) Concurrent Rebuild Remembered Sets
[2021-04-17T02:30:04.643-0700][23.431s] GC(13) Concurrent Rebuild Remembered Sets 169.111ms
[2021-04-17T02:30:04.643-0700][23.432s] GC(13) Pause Cleanup
[2021-04-17T02:30:04.643-0700][23.432s] GC(13) Pause Cleanup 119M->119M(512M) 0.164ms
[2021-04-17T02:30:04.643-0700][23.432s] GC(13) User=0.00s Sys=0.00s Real=0.00s
[2021-04-17T02:30:04.643-0700][23.432s] GC(13) Concurrent Cleanup for Next Mark
[2021-04-17T02:30:04.645-0700][23.433s] GC(13) Concurrent Cleanup for Next Mark 1.137ms
[2021-04-17T02:30:04.645-0700][23.433s] GC(13) Concurrent Cycle 445.310ms
[2021-04-17T02:30:09.331-0700][28.120s] GC(14) Pause Young (Normal) (G1 Evacuation Pause)
[2021-04-17T02:30:09.336-0700][28.124s] GC(14) Using 4 workers of 4 for evacuation
[2021-04-17T02:30:09.390-0700][28.178s] GC(14)   Pre Evacuate Collection Set: 0.0ms
[2021-04-17T02:30:09.390-0700][28.178s] GC(14)   Evacuate Collection Set: 51.4ms
[2021-04-17T02:30:09.390-0700][28.178s] GC(14)   Post Evacuate Collection Set: 1.3ms
[2021-04-17T02:30:09.390-0700][28.178s] GC(14)   Other: 5.8ms
[2021-04-17T02:30:09.390-0700][28.178s] GC(14) Eden regions: 281->0(279)
[2021-04-17T02:30:09.390-0700][28.178s] GC(14) Survivor regions: 16->28(38)
[2021-04-17T02:30:09.390-0700][28.178s] GC(14) Old regions: 63->63
[2021-04-17T02:30:09.390-0700][28.178s] GC(14) Humongous regions: 8->8
[2021-04-17T02:30:09.390-0700][28.178s] GC(14) Metaspace: 59621K->59621K(1103872K)
[2021-04-17T02:30:09.390-0700][28.178s] GC(14) Pause Young (Normal) (G1 Evacuation Pause) 366M->97M(512M) 58.640ms
[2021-04-17T02:30:09.390-0700][28.179s] GC(14) User=0.08s Sys=0.01s Real=0.06s
[2021-04-17T02:30:15.341-0700][34.130s] GC(15) Pause Young (Normal) (G1 Evacuation Pause)
[2021-04-17T02:30:15.342-0700][34.130s] GC(15) Using 4 workers of 4 for evacuation
[2021-04-17T02:30:15.414-0700][34.203s] GC(15)   Pre Evacuate Collection Set: 0.1ms
[2021-04-17T02:30:15.414-0700][34.203s] GC(15)   Evacuate Collection Set: 61.4ms
[2021-04-17T02:30:15.414-0700][34.203s] GC(15)   Post Evacuate Collection Set: 10.7ms
[2021-04-17T02:30:15.415-0700][34.203s] GC(15)   Other: 0.4ms
[2021-04-17T02:30:15.415-0700][34.203s] GC(15) Eden regions: 279->0(287)
[2021-04-17T02:30:15.415-0700][34.203s] GC(15) Survivor regions: 28->19(39)
[2021-04-17T02:30:15.415-0700][34.203s] GC(15) Old regions: 63->73
[2021-04-17T02:30:15.415-0700][34.203s] GC(15) Humongous regions: 29->8
[2021-04-17T02:30:15.415-0700][34.203s] GC(15) Metaspace: 59793K->59793K(1103872K)
[2021-04-17T02:30:15.415-0700][34.203s] GC(15) Pause Young (Normal) (G1 Evacuation Pause) 397M->98M(512M) 73.389ms
[2021-04-17T02:30:15.415-0700][34.203s] GC(15) User=0.13s Sys=0.00s Real=0.07s
[2021-04-17T02:30:22.361-0700][41.149s] Heap
[2021-04-17T02:30:22.361-0700][41.149s]  garbage-first heap   total 524288K, used 149704K [0x00000000e0000000, 0x0000000100000000)
[2021-04-17T02:30:22.361-0700][41.149s]   region size 1024K, 68 young (69632K), 19 survivors (19456K)
[2021-04-17T02:30:22.361-0700][41.149s]  Metaspace       used 60328K, capacity 62090K, committed 62208K, reserved 1103872K
[2021-04-17T02:30:22.361-0700][41.149s]   class space    used 6989K, capacity 7644K, committed 7680K, reserved 1048576K
