[2021-04-17T02:28:27.428-0700][0.015s] Heap region size: 1M
[2021-04-17T02:28:27.477-0700][0.063s] Using G1
[2021-04-17T02:28:27.477-0700][0.064s] Heap address: 0x00000000e0000000, size: 512 MB, Compressed Oops mode: 32-bit
[2021-04-17T02:28:27.479-0700][0.066s] Mark closed archive regions in map: [0x00000000fff00000, 0x00000000fff6aff8]
[2021-04-17T02:28:27.479-0700][0.066s] Mark open archive regions in map: [0x00000000ffe00000, 0x00000000ffe46ff8]
[2021-04-17T02:28:28.480-0700][1.067s] GC(0) Pause Young (Normal) (G1 Evacuation Pause)
[2021-04-17T02:28:28.521-0700][1.107s] GC(0) Using 4 workers of 4 for evacuation
[2021-04-17T02:28:28.537-0700][1.123s] GC(0)   Pre Evacuate Collection Set: 0.0ms
[2021-04-17T02:28:28.537-0700][1.123s] GC(0)   Evacuate Collection Set: 14.0ms
[2021-04-17T02:28:28.537-0700][1.123s] GC(0)   Post Evacuate Collection Set: 1.7ms
[2021-04-17T02:28:28.537-0700][1.123s] GC(0)   Other: 41.1ms
[2021-04-17T02:28:28.537-0700][1.123s] GC(0) Eden regions: 25->0(304)
[2021-04-17T02:28:28.537-0700][1.123s] GC(0) Survivor regions: 0->3(4)
[2021-04-17T02:28:28.537-0700][1.123s] GC(0) Old regions: 2->2
[2021-04-17T02:28:28.537-0700][1.123s] GC(0) Humongous regions: 0->0
[2021-04-17T02:28:28.537-0700][1.123s] GC(0) Metaspace: 5189K->5189K(1056768K)
[2021-04-17T02:28:28.537-0700][1.124s] GC(0) Pause Young (Normal) (G1 Evacuation Pause) 25M->2M(512M) 56.899ms
[2021-04-17T02:28:28.537-0700][1.124s] GC(0) User=0.08s Sys=0.01s Real=0.06s
[2021-04-17T02:28:31.215-0700][3.801s] GC(1) Pause Young (Concurrent Start) (Metadata GC Threshold)
[2021-04-17T02:28:31.215-0700][3.801s] GC(1) Using 4 workers of 4 for evacuation
[2021-04-17T02:28:31.233-0700][3.819s] GC(1)   Pre Evacuate Collection Set: 0.1ms
[2021-04-17T02:28:31.233-0700][3.819s] GC(1)   Evacuate Collection Set: 16.6ms
[2021-04-17T02:28:31.233-0700][3.819s] GC(1)   Post Evacuate Collection Set: 1.0ms
[2021-04-17T02:28:31.233-0700][3.819s] GC(1)   Other: 0.2ms
[2021-04-17T02:28:31.233-0700][3.819s] GC(1) Eden regions: 113->0(51)
[2021-04-17T02:28:31.233-0700][3.819s] GC(1) Survivor regions: 3->19(25)
[2021-04-17T02:28:31.233-0700][3.819s] GC(1) Old regions: 2->2
[2021-04-17T02:28:31.233-0700][3.819s] GC(1) Humongous regions: 4->4
[2021-04-17T02:28:31.233-0700][3.819s] GC(1) Metaspace: 20397K->20397K(1067008K)
[2021-04-17T02:28:31.233-0700][3.819s] GC(1) Pause Young (Concurrent Start) (Metadata GC Threshold) 119M->23M(512M) 17.958ms
[2021-04-17T02:28:31.233-0700][3.819s] GC(1) User=0.04s Sys=0.00s Real=0.02s
[2021-04-17T02:28:31.233-0700][3.819s] GC(2) Concurrent Cycle
[2021-04-17T02:28:31.233-0700][3.819s] GC(2) Concurrent Clear Claimed Marks
[2021-04-17T02:28:31.233-0700][3.819s] GC(2) Concurrent Clear Claimed Marks 0.245ms
[2021-04-17T02:28:31.233-0700][3.820s] GC(2) Concurrent Scan Root Regions
[2021-04-17T02:28:31.240-0700][3.826s] GC(2) Concurrent Scan Root Regions 6.839ms
[2021-04-17T02:28:31.240-0700][3.826s] GC(2) Concurrent Mark (3.826s)
[2021-04-17T02:28:31.240-0700][3.826s] GC(2) Concurrent Mark From Roots
[2021-04-17T02:28:31.240-0700][3.826s] GC(2) Using 1 workers of 1 for marking
[2021-04-17T02:28:31.250-0700][3.836s] GC(2) Concurrent Mark From Roots 9.913ms
[2021-04-17T02:28:31.250-0700][3.836s] GC(2) Concurrent Preclean
[2021-04-17T02:28:31.252-0700][3.838s] GC(2) Concurrent Preclean 1.600ms
[2021-04-17T02:28:31.252-0700][3.838s] GC(2) Concurrent Mark (3.826s, 3.838s) 11.634ms
[2021-04-17T02:28:31.252-0700][3.839s] GC(2) Pause Remark
[2021-04-17T02:28:31.257-0700][3.843s] GC(2) Cleaned string and symbol table, strings: 8919 processed, 0 removed, symbols: 59470 processed, 30 removed
[2021-04-17T02:28:31.257-0700][3.843s] GC(2) Pause Remark 25M->25M(512M) 4.638ms
[2021-04-17T02:28:31.257-0700][3.843s] GC(2) User=0.01s Sys=0.00s Real=0.01s
[2021-04-17T02:28:31.257-0700][3.843s] GC(2) Concurrent Rebuild Remembered Sets
[2021-04-17T02:28:31.260-0700][3.846s] GC(2) Concurrent Rebuild Remembered Sets 3.028ms
[2021-04-17T02:28:31.260-0700][3.847s] GC(2) Pause Cleanup
[2021-04-17T02:28:31.261-0700][3.847s] GC(2) Pause Cleanup 25M->25M(512M) 0.144ms
[2021-04-17T02:28:31.261-0700][3.847s] GC(2) User=0.00s Sys=0.00s Real=0.00s
[2021-04-17T02:28:31.261-0700][3.847s] GC(2) Concurrent Cleanup for Next Mark
[2021-04-17T02:28:31.262-0700][3.848s] GC(2) Concurrent Cleanup for Next Mark 1.298ms
[2021-04-17T02:28:31.262-0700][3.848s] GC(2) Concurrent Cycle 29.130ms
[2021-04-17T02:28:31.744-0700][4.330s] GC(3) Pause Young (Normal) (G1 Evacuation Pause)
[2021-04-17T02:28:31.744-0700][4.330s] GC(3) Using 4 workers of 4 for evacuation
[2021-04-17T02:28:31.762-0700][4.348s] GC(3)   Pre Evacuate Collection Set: 0.0ms
[2021-04-17T02:28:31.762-0700][4.348s] GC(3)   Evacuate Collection Set: 17.7ms
[2021-04-17T02:28:31.762-0700][4.348s] GC(3)   Post Evacuate Collection Set: 0.5ms
[2021-04-17T02:28:31.762-0700][4.348s] GC(3)   Other: 0.3ms
[2021-04-17T02:28:31.762-0700][4.348s] GC(3) Eden regions: 42->0(79)
[2021-04-17T02:28:31.762-0700][4.348s] GC(3) Survivor regions: 19->2(8)
[2021-04-17T02:28:31.762-0700][4.348s] GC(3) Old regions: 2->21
[2021-04-17T02:28:31.762-0700][4.348s] GC(3) Humongous regions: 4->4
[2021-04-17T02:28:31.762-0700][4.348s] GC(3) Metaspace: 25329K->25329K(1073152K)
[2021-04-17T02:28:31.762-0700][4.348s] GC(3) Pause Young (Normal) (G1 Evacuation Pause) 65M->24M(512M) 18.553ms
[2021-04-17T02:28:31.762-0700][4.348s] GC(3) User=0.05s Sys=0.01s Real=0.02s
[2021-04-17T02:28:32.814-0700][5.400s] GC(4) Pause Young (Concurrent Start) (Metadata GC Threshold)
[2021-04-17T02:28:32.814-0700][5.400s] GC(4) Using 4 workers of 4 for evacuation
[2021-04-17T02:28:32.821-0700][5.407s] GC(4)   Pre Evacuate Collection Set: 0.1ms
[2021-04-17T02:28:32.821-0700][5.407s] GC(4)   Evacuate Collection Set: 5.9ms
[2021-04-17T02:28:32.821-0700][5.407s] GC(4)   Post Evacuate Collection Set: 0.7ms
[2021-04-17T02:28:32.821-0700][5.407s] GC(4)   Other: 0.2ms
[2021-04-17T02:28:32.821-0700][5.407s] GC(4) Eden regions: 74->0(106)
[2021-04-17T02:28:32.821-0700][5.407s] GC(4) Survivor regions: 2->6(11)
[2021-04-17T02:28:32.821-0700][5.407s] GC(4) Old regions: 21->21
[2021-04-17T02:28:32.821-0700][5.407s] GC(4) Humongous regions: 4->4
[2021-04-17T02:28:32.821-0700][5.407s] GC(4) Metaspace: 34729K->34729K(1081344K)
[2021-04-17T02:28:32.821-0700][5.407s] GC(4) Pause Young (Concurrent Start) (Metadata GC Threshold) 98M->28M(512M) 7.001ms
[2021-04-17T02:28:32.821-0700][5.407s] GC(4) User=0.01s Sys=0.00s Real=0.01s
[2021-04-17T02:28:32.823-0700][5.409s] GC(5) Concurrent Cycle
[2021-04-17T02:28:32.823-0700][5.409s] GC(5) Concurrent Clear Claimed Marks
[2021-04-17T02:28:32.823-0700][5.409s] GC(5) Concurrent Clear Claimed Marks 0.072ms
[2021-04-17T02:28:32.823-0700][5.409s] GC(5) Concurrent Scan Root Regions
[2021-04-17T02:28:32.826-0700][5.413s] GC(5) Concurrent Scan Root Regions 3.532ms
[2021-04-17T02:28:32.826-0700][5.413s] GC(5) Concurrent Mark (5.413s)
[2021-04-17T02:28:32.826-0700][5.413s] GC(5) Concurrent Mark From Roots
[2021-04-17T02:28:32.826-0700][5.413s] GC(5) Using 1 workers of 1 for marking
[2021-04-17T02:28:32.877-0700][5.463s] GC(5) Concurrent Mark From Roots 50.175ms
[2021-04-17T02:28:32.877-0700][5.463s] GC(5) Concurrent Preclean
[2021-04-17T02:28:32.877-0700][5.463s] GC(5) Concurrent Preclean 0.449ms
[2021-04-17T02:28:32.878-0700][5.464s] GC(5) Concurrent Mark (5.413s, 5.463s) 50.711ms
[2021-04-17T02:28:32.878-0700][5.464s] GC(5) Pause Remark
[2021-04-17T02:28:32.885-0700][5.471s] GC(5) Cleaned string and symbol table, strings: 14897 processed, 24 removed, symbols: 103234 processed, 77 removed
[2021-04-17T02:28:32.885-0700][5.471s] GC(5) Pause Remark 32M->32M(512M) 6.869ms
[2021-04-17T02:28:32.885-0700][5.471s] GC(5) User=0.01s Sys=0.00s Real=0.01s
[2021-04-17T02:28:32.885-0700][5.471s] GC(5) Concurrent Rebuild Remembered Sets
[2021-04-17T02:28:32.900-0700][5.487s] GC(5) Concurrent Rebuild Remembered Sets 15.474ms
[2021-04-17T02:28:32.902-0700][5.489s] GC(5) Pause Cleanup
[2021-04-17T02:28:32.903-0700][5.489s] GC(5) Pause Cleanup 40M->40M(512M) 0.270ms
[2021-04-17T02:28:32.903-0700][5.489s] GC(5) User=0.00s Sys=0.00s Real=0.00s
[2021-04-17T02:28:32.903-0700][5.489s] GC(5) Concurrent Cleanup for Next Mark
[2021-04-17T02:28:32.925-0700][5.512s] GC(5) Concurrent Cleanup for Next Mark 22.563ms
[2021-04-17T02:28:32.925-0700][5.512s] GC(5) Concurrent Cycle 102.856ms
[2021-04-17T02:28:33.308-0700][5.894s] GC(6) Pause Young (Concurrent Start) (G1 Evacuation Pause)
[2021-04-17T02:28:33.309-0700][5.896s] GC(6) Using 4 workers of 4 for evacuation
[2021-04-17T02:28:33.321-0700][5.907s] GC(6)   Pre Evacuate Collection Set: 0.1ms
[2021-04-17T02:28:33.321-0700][5.907s] GC(6)   Evacuate Collection Set: 9.4ms
[2021-04-17T02:28:33.321-0700][5.907s] GC(6)   Post Evacuate Collection Set: 0.5ms
[2021-04-17T02:28:33.321-0700][5.907s] GC(6)   Other: 2.8ms
[2021-04-17T02:28:33.321-0700][5.907s] GC(6) Eden regions: 106->0(134)
[2021-04-17T02:28:33.321-0700][5.907s] GC(6) Survivor regions: 6->11(14)
[2021-04-17T02:28:33.321-0700][5.907s] GC(6) Old regions: 21->21
[2021-04-17T02:28:33.321-0700][5.907s] GC(6) Humongous regions: 7->5
[2021-04-17T02:28:33.321-0700][5.907s] GC(6) Metaspace: 37514K->37514K(1083392K)
[2021-04-17T02:28:33.321-0700][5.907s] GC(6) Pause Young (Concurrent Start) (G1 Evacuation Pause) 137M->34M(512M) 12.998ms
[2021-04-17T02:28:33.321-0700][5.907s] GC(6) User=0.04s Sys=0.00s Real=0.01s
[2021-04-17T02:28:33.321-0700][5.907s] GC(7) Concurrent Cycle
[2021-04-17T02:28:33.321-0700][5.907s] GC(7) Concurrent Clear Claimed Marks
[2021-04-17T02:28:33.321-0700][5.907s] GC(7) Concurrent Clear Claimed Marks 0.040ms
[2021-04-17T02:28:33.321-0700][5.907s] GC(7) Concurrent Scan Root Regions
[2021-04-17T02:28:33.325-0700][5.911s] GC(7) Concurrent Scan Root Regions 4.169ms
[2021-04-17T02:28:33.325-0700][5.911s] GC(7) Concurrent Mark (5.911s)
[2021-04-17T02:28:33.325-0700][5.911s] GC(7) Concurrent Mark From Roots
[2021-04-17T02:28:33.325-0700][5.911s] GC(7) Using 1 workers of 1 for marking
[2021-04-17T02:28:33.356-0700][5.942s] GC(7) Concurrent Mark From Roots 30.477ms
[2021-04-17T02:28:33.356-0700][5.942s] GC(7) Concurrent Preclean
[2021-04-17T02:28:33.356-0700][5.942s] GC(7) Concurrent Preclean 0.105ms
[2021-04-17T02:28:33.356-0700][5.942s] GC(7) Concurrent Mark (5.911s, 5.942s) 30.739ms
[2021-04-17T02:28:33.359-0700][5.945s] GC(7) Pause Remark
[2021-04-17T02:28:33.366-0700][5.952s] GC(7) Cleaned string and symbol table, strings: 16128 processed, 1 removed, symbols: 112104 processed, 14 removed
[2021-04-17T02:28:33.366-0700][5.953s] GC(7) Pause Remark 39M->39M(512M) 6.978ms
[2021-04-17T02:28:33.366-0700][5.953s] GC(7) User=0.02s Sys=0.00s Real=0.01s
[2021-04-17T02:28:33.366-0700][5.953s] GC(7) Concurrent Rebuild Remembered Sets
[2021-04-17T02:28:33.403-0700][5.989s] GC(7) Concurrent Rebuild Remembered Sets 36.503ms
[2021-04-17T02:28:33.405-0700][5.992s] GC(7) Pause Cleanup
[2021-04-17T02:28:33.406-0700][5.992s] GC(7) Pause Cleanup 40M->40M(512M) 0.144ms
[2021-04-17T02:28:33.406-0700][5.992s] GC(7) User=0.00s Sys=0.00s Real=0.00s
[2021-04-17T02:28:33.406-0700][5.992s] GC(7) Concurrent Cleanup for Next Mark
[2021-04-17T02:28:33.407-0700][5.993s] GC(7) Concurrent Cleanup for Next Mark 1.339ms
[2021-04-17T02:28:33.407-0700][5.993s] GC(7) Concurrent Cycle 86.163ms
[2021-04-17T02:28:34.467-0700][7.053s] GC(8) Pause Young (Normal) (G1 Evacuation Pause)
[2021-04-17T02:28:34.468-0700][7.054s] GC(8) Using 4 workers of 4 for evacuation
[2021-04-17T02:28:34.478-0700][7.064s] GC(8)   Pre Evacuate Collection Set: 0.0ms
[2021-04-17T02:28:34.480-0700][7.066s] GC(8)   Evacuate Collection Set: 9.0ms
[2021-04-17T02:28:34.480-0700][7.066s] GC(8)   Post Evacuate Collection Set: 0.7ms
[2021-04-17T02:28:34.480-0700][7.066s] GC(8)   Other: 1.1ms
[2021-04-17T02:28:34.480-0700][7.066s] GC(8) Eden regions: 134->0(165)
[2021-04-17T02:28:34.480-0700][7.066s] GC(8) Survivor regions: 11->13(19)
[2021-04-17T02:28:34.480-0700][7.066s] GC(8) Old regions: 21->21
[2021-04-17T02:28:34.480-0700][7.066s] GC(8) Humongous regions: 5->5
[2021-04-17T02:28:34.480-0700][7.066s] GC(8) Metaspace: 41479K->41479K(1087488K)
[2021-04-17T02:28:34.480-0700][7.066s] GC(8) Pause Young (Normal) (G1 Evacuation Pause) 168M->36M(512M) 12.482ms
[2021-04-17T02:28:34.480-0700][7.066s] GC(8) User=0.04s Sys=0.00s Real=0.01s
[2021-04-17T02:28:35.623-0700][8.209s] GC(9) Pause Young (Normal) (G1 Evacuation Pause)
[2021-04-17T02:28:35.623-0700][8.209s] GC(9) Using 4 workers of 4 for evacuation
[2021-04-17T02:28:35.667-0700][8.253s] GC(9)   Pre Evacuate Collection Set: 0.0ms
[2021-04-17T02:28:35.667-0700][8.253s] GC(9)   Evacuate Collection Set: 41.3ms
[2021-04-17T02:28:35.667-0700][8.253s] GC(9)   Post Evacuate Collection Set: 2.7ms
[2021-04-17T02:28:35.667-0700][8.253s] GC(9)   Other: 0.2ms
[2021-04-17T02:28:35.667-0700][8.254s] GC(9) Eden regions: 165->0(288)
[2021-04-17T02:28:35.667-0700][8.254s] GC(9) Survivor regions: 13->19(23)
[2021-04-17T02:28:35.667-0700][8.254s] GC(9) Old regions: 21->21
[2021-04-17T02:28:35.667-0700][8.254s] GC(9) Humongous regions: 5->5
[2021-04-17T02:28:35.667-0700][8.254s] GC(9) Metaspace: 47159K->47159K(1091584K)
[2021-04-17T02:28:35.667-0700][8.254s] GC(9) Pause Young (Normal) (G1 Evacuation Pause) 201M->43M(512M) 44.370ms
[2021-04-17T02:28:35.667-0700][8.254s] GC(9) User=0.06s Sys=0.02s Real=0.05s
[2021-04-17T02:29:01.549-0700][34.135s] Heap
[2021-04-17T02:29:01.549-0700][34.135s]  garbage-first heap   total 524288K, used 124439K [0x00000000e0000000, 0x0000000100000000)
[2021-04-17T02:29:01.549-0700][34.135s]   region size 1024K, 96 young (98304K), 19 survivors (19456K)
[2021-04-17T02:29:01.549-0700][34.135s]  Metaspace       used 53066K, capacity 54403K, committed 54528K, reserved 1097728K
[2021-04-17T02:29:01.549-0700][34.135s]   class space    used 6348K, capacity 6863K, committed 6912K, reserved 1048576K
