[2021-03-25T21:58:54.949-0700][0.007s] Heap region size: 1M
[2021-03-25T21:58:54.961-0700][0.019s] Using G1
[2021-03-25T21:58:54.961-0700][0.019s] Heap address: 0x00000000e0000000, size: 512 MB, Compressed Oops mode: 32-bit
[2021-03-25T21:58:54.961-0700][0.019s] Mark closed archive regions in map: [0x00000000fff00000, 0x00000000fff6aff8]
[2021-03-25T21:58:54.961-0700][0.019s] Mark open archive regions in map: [0x00000000ffe00000, 0x00000000ffe46ff8]
[2021-03-25T21:58:55.585-0700][0.643s] GC(0) Pause Young (Normal) (G1 Evacuation Pause)
[2021-03-25T21:58:55.585-0700][0.643s] GC(0) Using 4 workers of 4 for evacuation
[2021-03-25T21:58:55.592-0700][0.650s] GC(0)   Pre Evacuate Collection Set: 0.0ms
[2021-03-25T21:58:55.592-0700][0.650s] GC(0)   Evacuate Collection Set: 6.1ms
[2021-03-25T21:58:55.592-0700][0.650s] GC(0)   Post Evacuate Collection Set: 0.6ms
[2021-03-25T21:58:55.592-0700][0.650s] GC(0)   Other: 0.6ms
[2021-03-25T21:58:55.592-0700][0.650s] GC(0) Eden regions: 25->0(304)
[2021-03-25T21:58:55.592-0700][0.650s] GC(0) Survivor regions: 0->3(4)
[2021-03-25T21:58:55.592-0700][0.650s] GC(0) Old regions: 2->2
[2021-03-25T21:58:55.592-0700][0.650s] GC(0) Humongous regions: 0->0
[2021-03-25T21:58:55.592-0700][0.650s] GC(0) Metaspace: 5316K->5316K(1056768K)
[2021-03-25T21:58:55.592-0700][0.650s] GC(0) Pause Young (Normal) (G1 Evacuation Pause) 25M->2M(512M) 7.395ms
[2021-03-25T21:58:55.592-0700][0.650s] GC(0) User=0.01s Sys=0.00s Real=0.00s
[2021-03-25T21:58:57.161-0700][2.219s] GC(1) Pause Young (Concurrent Start) (Metadata GC Threshold)
[2021-03-25T21:58:57.161-0700][2.219s] GC(1) Using 4 workers of 4 for evacuation
[2021-03-25T21:58:57.177-0700][2.235s] GC(1)   Pre Evacuate Collection Set: 0.1ms
[2021-03-25T21:58:57.177-0700][2.235s] GC(1)   Evacuate Collection Set: 14.6ms
[2021-03-25T21:58:57.177-0700][2.235s] GC(1)   Post Evacuate Collection Set: 1.5ms
[2021-03-25T21:58:57.177-0700][2.235s] GC(1)   Other: 0.2ms
[2021-03-25T21:58:57.177-0700][2.235s] GC(1) Eden regions: 111->0(55)
[2021-03-25T21:58:57.177-0700][2.235s] GC(1) Survivor regions: 3->19(22)
[2021-03-25T21:58:57.177-0700][2.235s] GC(1) Old regions: 2->2
[2021-03-25T21:58:57.177-0700][2.235s] GC(1) Humongous regions: 4->4
[2021-03-25T21:58:57.177-0700][2.235s] GC(1) Metaspace: 20464K->20464K(1069056K)
[2021-03-25T21:58:57.177-0700][2.235s] GC(1) Pause Young (Concurrent Start) (Metadata GC Threshold) 117M->23M(512M) 16.419ms
[2021-03-25T21:58:57.177-0700][2.235s] GC(1) User=0.04s Sys=0.01s Real=0.02s
[2021-03-25T21:58:57.177-0700][2.235s] GC(2) Concurrent Cycle
[2021-03-25T21:58:57.177-0700][2.235s] GC(2) Concurrent Clear Claimed Marks
[2021-03-25T21:58:57.177-0700][2.235s] GC(2) Concurrent Clear Claimed Marks 0.078ms
[2021-03-25T21:58:57.177-0700][2.235s] GC(2) Concurrent Scan Root Regions
[2021-03-25T21:58:57.184-0700][2.242s] GC(2) Concurrent Scan Root Regions 6.760ms
[2021-03-25T21:58:57.184-0700][2.242s] GC(2) Concurrent Mark (2.242s)
[2021-03-25T21:58:57.184-0700][2.242s] GC(2) Concurrent Mark From Roots
[2021-03-25T21:58:57.184-0700][2.242s] GC(2) Using 1 workers of 1 for marking
[2021-03-25T21:58:57.194-0700][2.252s] GC(2) Concurrent Mark From Roots 9.562ms
[2021-03-25T21:58:57.194-0700][2.252s] GC(2) Concurrent Preclean
[2021-03-25T21:58:57.194-0700][2.252s] GC(2) Concurrent Preclean 0.028ms
[2021-03-25T21:58:57.194-0700][2.252s] GC(2) Concurrent Mark (2.242s, 2.252s) 9.643ms
[2021-03-25T21:58:57.194-0700][2.252s] GC(2) Pause Remark
[2021-03-25T21:58:57.199-0700][2.257s] GC(2) Cleaned string and symbol table, strings: 8665 processed, 0 removed, symbols: 61861 processed, 27 removed
[2021-03-25T21:58:57.199-0700][2.257s] GC(2) Pause Remark 24M->24M(512M) 4.972ms
[2021-03-25T21:58:57.199-0700][2.257s] GC(2) User=0.01s Sys=0.00s Real=0.01s
[2021-03-25T21:58:57.199-0700][2.257s] GC(2) Concurrent Rebuild Remembered Sets
[2021-03-25T21:58:57.201-0700][2.259s] GC(2) Concurrent Rebuild Remembered Sets 2.258ms
[2021-03-25T21:58:57.202-0700][2.260s] GC(2) Pause Cleanup
[2021-03-25T21:58:57.202-0700][2.260s] GC(2) Pause Cleanup 24M->24M(512M) 0.188ms
[2021-03-25T21:58:57.202-0700][2.260s] GC(2) User=0.01s Sys=0.00s Real=0.00s
[2021-03-25T21:58:57.202-0700][2.260s] GC(2) Concurrent Cleanup for Next Mark
[2021-03-25T21:58:57.203-0700][2.261s] GC(2) Concurrent Cleanup for Next Mark 1.095ms
[2021-03-25T21:58:57.203-0700][2.261s] GC(2) Concurrent Cycle 25.785ms
[2021-03-25T21:58:57.885-0700][2.943s] GC(3) Pause Young (Normal) (G1 Evacuation Pause)
[2021-03-25T21:58:57.885-0700][2.943s] GC(3) Using 4 workers of 4 for evacuation
[2021-03-25T21:58:57.907-0700][2.965s] GC(3)   Pre Evacuate Collection Set: 0.0ms
[2021-03-25T21:58:57.907-0700][2.965s] GC(3)   Evacuate Collection Set: 21.1ms
[2021-03-25T21:58:57.907-0700][2.965s] GC(3)   Post Evacuate Collection Set: 0.7ms
[2021-03-25T21:58:57.907-0700][2.965s] GC(3)   Other: 0.2ms
[2021-03-25T21:58:57.907-0700][2.965s] GC(3) Eden regions: 42->0(112)
[2021-03-25T21:58:57.907-0700][2.965s] GC(3) Survivor regions: 19->3(8)
[2021-03-25T21:58:57.907-0700][2.966s] GC(3) Old regions: 2->21
[2021-03-25T21:58:57.908-0700][2.966s] GC(3) Humongous regions: 4->4
[2021-03-25T21:58:57.908-0700][2.966s] GC(3) Metaspace: 25650K->25650K(1073152K)
[2021-03-25T21:58:57.908-0700][2.966s] GC(3) Pause Young (Normal) (G1 Evacuation Pause) 65M->25M(512M) 22.152ms
[2021-03-25T21:58:57.908-0700][2.966s] GC(3) User=0.06s Sys=0.00s Real=0.02s
[2021-03-25T21:58:59.262-0700][4.320s] GC(4) Pause Young (Concurrent Start) (Metadata GC Threshold)
[2021-03-25T21:58:59.262-0700][4.320s] GC(4) Using 4 workers of 4 for evacuation
[2021-03-25T21:58:59.278-0700][4.336s] GC(4)   Pre Evacuate Collection Set: 0.1ms
[2021-03-25T21:58:59.278-0700][4.336s] GC(4)   Evacuate Collection Set: 10.2ms
[2021-03-25T21:58:59.278-0700][4.336s] GC(4)   Post Evacuate Collection Set: 5.1ms
[2021-03-25T21:58:59.278-0700][4.336s] GC(4)   Other: 0.3ms
[2021-03-25T21:58:59.278-0700][4.336s] GC(4) Eden regions: 89->0(138)
[2021-03-25T21:58:59.278-0700][4.336s] GC(4) Survivor regions: 3->8(15)
[2021-03-25T21:58:59.278-0700][4.336s] GC(4) Old regions: 21->21
[2021-03-25T21:58:59.278-0700][4.336s] GC(4) Humongous regions: 4->4
[2021-03-25T21:58:59.278-0700][4.336s] GC(4) Metaspace: 34776K->34776K(1081344K)
[2021-03-25T21:58:59.278-0700][4.336s] GC(4) Pause Young (Concurrent Start) (Metadata GC Threshold) 114M->30M(512M) 15.772ms
[2021-03-25T21:58:59.278-0700][4.336s] GC(4) User=0.05s Sys=0.00s Real=0.02s
[2021-03-25T21:58:59.278-0700][4.336s] GC(5) Concurrent Cycle
[2021-03-25T21:58:59.278-0700][4.336s] GC(5) Concurrent Clear Claimed Marks
[2021-03-25T21:58:59.278-0700][4.336s] GC(5) Concurrent Clear Claimed Marks 0.145ms
[2021-03-25T21:58:59.278-0700][4.336s] GC(5) Concurrent Scan Root Regions
[2021-03-25T21:58:59.282-0700][4.340s] GC(5) Concurrent Scan Root Regions 3.607ms
[2021-03-25T21:58:59.282-0700][4.340s] GC(5) Concurrent Mark (4.340s)
[2021-03-25T21:58:59.282-0700][4.340s] GC(5) Concurrent Mark From Roots
[2021-03-25T21:58:59.282-0700][4.340s] GC(5) Using 1 workers of 1 for marking
[2021-03-25T21:58:59.315-0700][4.373s] GC(5) Concurrent Mark From Roots 33.305ms
[2021-03-25T21:58:59.315-0700][4.373s] GC(5) Concurrent Preclean
[2021-03-25T21:58:59.315-0700][4.373s] GC(5) Concurrent Preclean 0.081ms
[2021-03-25T21:58:59.315-0700][4.373s] GC(5) Concurrent Mark (4.340s, 4.373s) 33.444ms
[2021-03-25T21:58:59.316-0700][4.374s] GC(5) Pause Remark
[2021-03-25T21:58:59.321-0700][4.379s] GC(5) Cleaned string and symbol table, strings: 14570 processed, 27 removed, symbols: 102210 processed, 147 removed
[2021-03-25T21:58:59.321-0700][4.379s] GC(5) Pause Remark 33M->33M(512M) 5.123ms
[2021-03-25T21:58:59.321-0700][4.379s] GC(5) User=0.02s Sys=0.00s Real=0.01s
[2021-03-25T21:58:59.321-0700][4.379s] GC(5) Concurrent Rebuild Remembered Sets
[2021-03-25T21:58:59.334-0700][4.392s] GC(5) Concurrent Rebuild Remembered Sets 12.615ms
[2021-03-25T21:58:59.337-0700][4.395s] GC(5) Pause Cleanup
[2021-03-25T21:58:59.338-0700][4.396s] GC(5) Pause Cleanup 34M->34M(512M) 0.159ms
[2021-03-25T21:58:59.338-0700][4.396s] GC(5) User=0.00s Sys=0.00s Real=0.00s
[2021-03-25T21:58:59.338-0700][4.396s] GC(5) Concurrent Cleanup for Next Mark
[2021-03-25T21:58:59.339-0700][4.397s] GC(5) Concurrent Cleanup for Next Mark 1.119ms
[2021-03-25T21:58:59.339-0700][4.397s] GC(5) Concurrent Cycle 61.048ms
[2021-03-25T21:59:00.087-0700][5.145s] GC(6) Pause Young (Normal) (G1 Evacuation Pause)
[2021-03-25T21:59:00.087-0700][5.145s] GC(6) Using 4 workers of 4 for evacuation
[2021-03-25T21:59:00.102-0700][5.161s] GC(6)   Pre Evacuate Collection Set: 0.0ms
[2021-03-25T21:59:00.103-0700][5.161s] GC(6)   Evacuate Collection Set: 14.6ms
[2021-03-25T21:59:00.103-0700][5.161s] GC(6)   Post Evacuate Collection Set: 0.8ms
[2021-03-25T21:59:00.103-0700][5.161s] GC(6)   Other: 0.2ms
[2021-03-25T21:59:00.103-0700][5.161s] GC(6) Eden regions: 138->0(154)
[2021-03-25T21:59:00.103-0700][5.161s] GC(6) Survivor regions: 8->12(19)
[2021-03-25T21:59:00.103-0700][5.161s] GC(6) Old regions: 21->21
[2021-03-25T21:59:00.103-0700][5.161s] GC(6) Humongous regions: 4->4
[2021-03-25T21:59:00.103-0700][5.161s] GC(6) Metaspace: 39054K->39054K(1085440K)
[2021-03-25T21:59:00.103-0700][5.161s] GC(6) Pause Young (Normal) (G1 Evacuation Pause) 168M->34M(512M) 15.745ms
[2021-03-25T21:59:00.103-0700][5.161s] GC(6) User=0.06s Sys=0.00s Real=0.01s
[2021-03-25T21:59:00.975-0700][6.033s] GC(7) Pause Young (Normal) (G1 Evacuation Pause)
[2021-03-25T21:59:00.975-0700][6.033s] GC(7) Using 4 workers of 4 for evacuation
[2021-03-25T21:59:00.989-0700][6.047s] GC(7)   Pre Evacuate Collection Set: 0.0ms
[2021-03-25T21:59:00.989-0700][6.047s] GC(7)   Evacuate Collection Set: 12.6ms
[2021-03-25T21:59:00.989-0700][6.047s] GC(7)   Post Evacuate Collection Set: 0.8ms
[2021-03-25T21:59:00.989-0700][6.047s] GC(7)   Other: 0.3ms
[2021-03-25T21:59:00.989-0700][6.047s] GC(7) Eden regions: 154->0(294)
[2021-03-25T21:59:00.989-0700][6.047s] GC(7) Survivor regions: 12->13(21)
[2021-03-25T21:59:00.989-0700][6.047s] GC(7) Old regions: 21->21
[2021-03-25T21:59:00.989-0700][6.047s] GC(7) Humongous regions: 5->4
[2021-03-25T21:59:00.989-0700][6.047s] GC(7) Metaspace: 43152K->43152K(1089536K)
[2021-03-25T21:59:00.989-0700][6.047s] GC(7) Pause Young (Normal) (G1 Evacuation Pause) 189M->35M(512M) 13.725ms
[2021-03-25T21:59:00.989-0700][6.047s] GC(7) User=0.05s Sys=0.01s Real=0.02s
[2021-03-25T21:59:03.069-0700][8.127s] GC(8) Pause Young (Normal) (G1 Evacuation Pause)
[2021-03-25T21:59:03.069-0700][8.127s] GC(8) Using 4 workers of 4 for evacuation
[2021-03-25T21:59:03.134-0700][8.192s] GC(8)   Pre Evacuate Collection Set: 0.0ms
[2021-03-25T21:59:03.134-0700][8.192s] GC(8)   Evacuate Collection Set: 55.6ms
[2021-03-25T21:59:03.134-0700][8.192s] GC(8)   Post Evacuate Collection Set: 9.6ms
[2021-03-25T21:59:03.134-0700][8.192s] GC(8)   Other: 0.2ms
[2021-03-25T21:59:03.134-0700][8.192s] GC(8) Eden regions: 294->0(279)
[2021-03-25T21:59:03.134-0700][8.192s] GC(8) Survivor regions: 13->28(39)
[2021-03-25T21:59:03.134-0700][8.192s] GC(8) Old regions: 21->21
[2021-03-25T21:59:03.134-0700][8.192s] GC(8) Humongous regions: 4->4
[2021-03-25T21:59:03.134-0700][8.192s] GC(8) Metaspace: 51123K->51123K(1095680K)
[2021-03-25T21:59:03.134-0700][8.192s] GC(8) Pause Young (Normal) (G1 Evacuation Pause) 329M->50M(512M) 65.555ms
[2021-03-25T21:59:03.134-0700][8.192s] GC(8) User=0.10s Sys=0.04s Real=0.06s
[2021-03-25T21:59:04.023-0700][9.081s] GC(9) Pause Young (Normal) (G1 Evacuation Pause)
[2021-03-25T21:59:04.023-0700][9.081s] GC(9) Using 4 workers of 4 for evacuation
[2021-03-25T21:59:04.055-0700][9.113s] GC(9)   Pre Evacuate Collection Set: 0.0ms
[2021-03-25T21:59:04.055-0700][9.113s] GC(9)   Evacuate Collection Set: 27.1ms
[2021-03-25T21:59:04.055-0700][9.113s] GC(9)   Post Evacuate Collection Set: 4.1ms
[2021-03-25T21:59:04.055-0700][9.113s] GC(9)   Other: 0.3ms
[2021-03-25T21:59:04.055-0700][9.113s] GC(9) Eden regions: 279->0(281)
[2021-03-25T21:59:04.055-0700][9.113s] GC(9) Survivor regions: 28->26(39)
[2021-03-25T21:59:04.055-0700][9.113s] GC(9) Old regions: 21->30
[2021-03-25T21:59:04.055-0700][9.113s] GC(9) Humongous regions: 5->5
[2021-03-25T21:59:04.055-0700][9.113s] GC(9) Metaspace: 52029K->52029K(1095680K)
[2021-03-25T21:59:04.055-0700][9.113s] GC(9) Pause Young (Normal) (G1 Evacuation Pause) 330M->58M(512M) 31.616ms
[2021-03-25T21:59:04.055-0700][9.113s] GC(9) User=0.07s Sys=0.01s Real=0.03s
[2021-03-25T21:59:13.818-0700][18.876s] GC(10) Pause Young (Concurrent Start) (Metadata GC Threshold)
[2021-03-25T21:59:13.818-0700][18.876s] GC(10) Using 4 workers of 4 for evacuation
[2021-03-25T21:59:13.845-0700][18.903s] GC(10)   Pre Evacuate Collection Set: 0.2ms
[2021-03-25T21:59:13.845-0700][18.903s] GC(10)   Evacuate Collection Set: 25.1ms
[2021-03-25T21:59:13.845-0700][18.903s] GC(10)   Post Evacuate Collection Set: 0.9ms
[2021-03-25T21:59:13.845-0700][18.903s] GC(10)   Other: 0.3ms
[2021-03-25T21:59:13.845-0700][18.903s] GC(10) Eden regions: 185->0(287)
[2021-03-25T21:59:13.845-0700][18.903s] GC(10) Survivor regions: 26->20(39)
[2021-03-25T21:59:13.845-0700][18.903s] GC(10) Old regions: 30->47
[2021-03-25T21:59:13.845-0700][18.903s] GC(10) Humongous regions: 8->8
[2021-03-25T21:59:13.845-0700][18.903s] GC(10) Metaspace: 58836K->58836K(1101824K)
[2021-03-25T21:59:13.845-0700][18.903s] GC(10) Pause Young (Concurrent Start) (Metadata GC Threshold) 245M->73M(512M) 26.547ms
[2021-03-25T21:59:13.845-0700][18.903s] GC(10) User=0.07s Sys=0.03s Real=0.03s
[2021-03-25T21:59:13.845-0700][18.903s] GC(11) Concurrent Cycle
[2021-03-25T21:59:13.845-0700][18.903s] GC(11) Concurrent Clear Claimed Marks
[2021-03-25T21:59:13.845-0700][18.903s] GC(11) Concurrent Clear Claimed Marks 0.233ms
[2021-03-25T21:59:13.845-0700][18.903s] GC(11) Concurrent Scan Root Regions
[2021-03-25T21:59:13.856-0700][18.914s] GC(11) Concurrent Scan Root Regions 10.906ms
[2021-03-25T21:59:13.856-0700][18.914s] GC(11) Concurrent Mark (18.914s)
[2021-03-25T21:59:13.856-0700][18.914s] GC(11) Concurrent Mark From Roots
[2021-03-25T21:59:13.856-0700][18.914s] GC(11) Using 1 workers of 1 for marking
[2021-03-25T21:59:13.936-0700][18.994s] GC(11) Concurrent Mark From Roots 79.717ms
[2021-03-25T21:59:13.936-0700][18.994s] GC(11) Concurrent Preclean
[2021-03-25T21:59:13.936-0700][18.994s] GC(11) Concurrent Preclean 0.168ms
[2021-03-25T21:59:13.936-0700][18.994s] GC(11) Concurrent Mark (18.914s, 18.994s) 80.101ms
[2021-03-25T21:59:13.937-0700][18.995s] GC(11) Pause Remark
[2021-03-25T21:59:13.950-0700][19.008s] GC(11) Cleaned string and symbol table, strings: 28287 processed, 18 removed, symbols: 155970 processed, 708 removed
[2021-03-25T21:59:13.950-0700][19.008s] GC(11) Pause Remark 75M->75M(512M) 13.242ms
[2021-03-25T21:59:13.950-0700][19.008s] GC(11) User=0.05s Sys=0.00s Real=0.01s
[2021-03-25T21:59:13.950-0700][19.008s] GC(11) Concurrent Rebuild Remembered Sets
[2021-03-25T21:59:13.984-0700][19.042s] GC(11) Concurrent Rebuild Remembered Sets 33.666ms
[2021-03-25T21:59:13.984-0700][19.042s] GC(11) Pause Cleanup
[2021-03-25T21:59:13.984-0700][19.042s] GC(11) Pause Cleanup 76M->76M(512M) 0.198ms
[2021-03-25T21:59:13.984-0700][19.042s] GC(11) User=0.00s Sys=0.00s Real=0.01s
[2021-03-25T21:59:13.984-0700][19.042s] GC(11) Concurrent Cleanup for Next Mark
[2021-03-25T21:59:13.986-0700][19.044s] GC(11) Concurrent Cleanup for Next Mark 1.224ms
[2021-03-25T21:59:13.986-0700][19.044s] GC(11) Concurrent Cycle 140.545ms
[2021-03-25T22:06:27.509-0700][452.567s] GC(12) Pause Young (Normal) (G1 Evacuation Pause)
[2021-03-25T22:06:27.509-0700][452.567s] GC(12) Using 4 workers of 4 for evacuation
[2021-03-25T22:06:27.540-0700][452.598s] GC(12)   Pre Evacuate Collection Set: 0.0ms
[2021-03-25T22:06:27.540-0700][452.598s] GC(12)   Evacuate Collection Set: 23.6ms
[2021-03-25T22:06:27.540-0700][452.598s] GC(12)   Post Evacuate Collection Set: 7.2ms
[2021-03-25T22:06:27.540-0700][452.598s] GC(12)   Other: 0.3ms
[2021-03-25T22:06:27.540-0700][452.598s] GC(12) Eden regions: 287->0(277)
[2021-03-25T22:06:27.540-0700][452.598s] GC(12) Survivor regions: 20->30(39)
[2021-03-25T22:06:27.540-0700][452.598s] GC(12) Old regions: 47->47
[2021-03-25T22:06:27.540-0700][452.598s] GC(12) Humongous regions: 8->8
[2021-03-25T22:06:27.540-0700][452.598s] GC(12) Metaspace: 60704K->60704K(1103872K)
[2021-03-25T22:06:27.540-0700][452.598s] GC(12) Pause Young (Normal) (G1 Evacuation Pause) 360M->83M(512M) 31.304ms
[2021-03-25T22:06:27.540-0700][452.598s] GC(12) User=0.11s Sys=0.00s Real=0.03s
[2021-03-25T22:11:31.569-0700][756.627s] GC(13) Pause Young (Normal) (G1 Evacuation Pause)
[2021-03-25T22:11:31.569-0700][756.627s] GC(13) Using 4 workers of 4 for evacuation
[2021-03-25T22:11:31.619-0700][756.677s] GC(13)   Pre Evacuate Collection Set: 0.0ms
[2021-03-25T22:11:31.619-0700][756.677s] GC(13)   Evacuate Collection Set: 39.4ms
[2021-03-25T22:11:31.619-0700][756.677s] GC(13)   Post Evacuate Collection Set: 10.3ms
[2021-03-25T22:11:31.619-0700][756.677s] GC(13)   Other: 0.3ms
[2021-03-25T22:11:31.619-0700][756.677s] GC(13) Eden regions: 277->0(290)
[2021-03-25T22:11:31.619-0700][756.677s] GC(13) Survivor regions: 30->17(39)
[2021-03-25T22:11:31.619-0700][756.677s] GC(13) Old regions: 47->64
[2021-03-25T22:11:31.619-0700][756.677s] GC(13) Humongous regions: 8->8
[2021-03-25T22:11:31.619-0700][756.677s] GC(13) Metaspace: 62032K->62032K(1105920K)
[2021-03-25T22:11:31.619-0700][756.677s] GC(13) Pause Young (Normal) (G1 Evacuation Pause) 360M->87M(512M) 50.180ms
[2021-03-25T22:11:31.619-0700][756.677s] GC(13) User=0.09s Sys=0.00s Real=0.05s
[2021-03-25T22:11:34.685-0700][759.743s] GC(14) Pause Young (Normal) (G1 Evacuation Pause)
[2021-03-25T22:11:34.685-0700][759.743s] GC(14) Using 4 workers of 4 for evacuation
[2021-03-25T22:11:34.705-0700][759.763s] GC(14)   Pre Evacuate Collection Set: 0.0ms
[2021-03-25T22:11:34.705-0700][759.763s] GC(14)   Evacuate Collection Set: 18.1ms
[2021-03-25T22:11:34.705-0700][759.763s] GC(14)   Post Evacuate Collection Set: 1.3ms
[2021-03-25T22:11:34.705-0700][759.763s] GC(14)   Other: 0.3ms
[2021-03-25T22:11:34.705-0700][759.763s] GC(14) Eden regions: 290->0(273)
[2021-03-25T22:11:34.705-0700][759.763s] GC(14) Survivor regions: 17->34(39)
[2021-03-25T22:11:34.705-0700][759.763s] GC(14) Old regions: 64->64
[2021-03-25T22:11:34.705-0700][759.763s] GC(14) Humongous regions: 8->8
[2021-03-25T22:11:34.705-0700][759.763s] GC(14) Metaspace: 62893K->62893K(1105920K)
[2021-03-25T22:11:34.705-0700][759.763s] GC(14) Pause Young (Normal) (G1 Evacuation Pause) 377M->104M(512M) 19.798ms
[2021-03-25T22:11:34.705-0700][759.763s] GC(14) User=0.05s Sys=0.00s Real=0.02s
[2021-03-25T22:11:37.930-0700][762.988s] GC(15) Pause Young (Normal) (G1 Evacuation Pause)
[2021-03-25T22:11:37.930-0700][762.988s] GC(15) Using 4 workers of 4 for evacuation
[2021-03-25T22:11:37.978-0700][763.036s] GC(15)   Pre Evacuate Collection Set: 0.0ms
[2021-03-25T22:11:37.978-0700][763.036s] GC(15)   Evacuate Collection Set: 47.3ms
[2021-03-25T22:11:37.978-0700][763.036s] GC(15)   Post Evacuate Collection Set: 0.6ms
[2021-03-25T22:11:37.978-0700][763.036s] GC(15)   Other: 0.3ms
[2021-03-25T22:11:37.978-0700][763.036s] GC(15) Eden regions: 273->0(301)
[2021-03-25T22:11:37.978-0700][763.036s] GC(15) Survivor regions: 34->6(39)
[2021-03-25T22:11:37.978-0700][763.036s] GC(15) Old regions: 64->89
[2021-03-25T22:11:37.978-0700][763.036s] GC(15) Humongous regions: 8->8
[2021-03-25T22:11:37.978-0700][763.036s] GC(15) Metaspace: 63743K->63743K(1107968K)
[2021-03-25T22:11:37.978-0700][763.036s] GC(15) Pause Young (Normal) (G1 Evacuation Pause) 377M->101M(512M) 48.252ms
[2021-03-25T22:11:37.978-0700][763.036s] GC(15) User=0.04s Sys=0.04s Real=0.05s
[2021-03-25T23:36:59.819-0700][5884.877s] Heap
[2021-03-25T23:36:59.819-0700][5884.877s]  garbage-first heap   total 524288K, used 297672K [0x00000000e0000000, 0x0000000100000000)
[2021-03-25T23:36:59.819-0700][5884.877s]   region size 1024K, 197 young (201728K), 6 survivors (6144K)
[2021-03-25T23:36:59.819-0700][5884.877s]  Metaspace       used 65851K, capacity 67673K, committed 67972K, reserved 1110016K
[2021-03-25T23:36:59.819-0700][5884.877s]   class space    used 7376K, capacity 8081K, committed 8192K, reserved 1048576K
