[2021-04-20T18:29:29.193-0700][0.009s] Heap region size: 1M
[2021-04-20T18:29:29.208-0700][0.025s] Using G1
[2021-04-20T18:29:29.208-0700][0.025s] Heap address: 0x00000000e0000000, size: 512 MB, Compressed Oops mode: 32-bit
[2021-04-20T18:29:29.209-0700][0.025s] Mark closed archive regions in map: [0x00000000fff00000, 0x00000000fff6aff8]
[2021-04-20T18:29:29.209-0700][0.025s] Mark open archive regions in map: [0x00000000ffe00000, 0x00000000ffe46ff8]
[2021-04-20T18:29:29.920-0700][0.737s] GC(0) Pause Young (Normal) (G1 Evacuation Pause)
[2021-04-20T18:29:29.921-0700][0.737s] GC(0) Using 4 workers of 4 for evacuation
[2021-04-20T18:29:29.934-0700][0.751s] GC(0)   Pre Evacuate Collection Set: 0.0ms
[2021-04-20T18:29:29.936-0700][0.753s] GC(0)   Evacuate Collection Set: 12.6ms
[2021-04-20T18:29:29.936-0700][0.753s] GC(0)   Post Evacuate Collection Set: 0.8ms
[2021-04-20T18:29:29.936-0700][0.753s] GC(0)   Other: 0.4ms
[2021-04-20T18:29:29.936-0700][0.753s] GC(0) Eden regions: 25->0(304)
[2021-04-20T18:29:29.936-0700][0.753s] GC(0) Survivor regions: 0->3(4)
[2021-04-20T18:29:29.936-0700][0.753s] GC(0) Old regions: 2->2
[2021-04-20T18:29:29.936-0700][0.753s] GC(0) Humongous regions: 0->0
[2021-04-20T18:29:29.936-0700][0.753s] GC(0) Metaspace: 5183K->5183K(1056768K)
[2021-04-20T18:29:29.936-0700][0.753s] GC(0) Pause Young (Normal) (G1 Evacuation Pause) 25M->2M(512M) 15.983ms
[2021-04-20T18:29:29.936-0700][0.753s] GC(0) User=0.06s Sys=0.00s Real=0.01s
[2021-04-20T18:29:31.731-0700][2.547s] GC(1) Pause Young (Concurrent Start) (Metadata GC Threshold)
[2021-04-20T18:29:31.731-0700][2.547s] GC(1) Using 4 workers of 4 for evacuation
[2021-04-20T18:29:31.748-0700][2.565s] GC(1)   Pre Evacuate Collection Set: 0.1ms
[2021-04-20T18:29:31.748-0700][2.565s] GC(1)   Evacuate Collection Set: 16.1ms
[2021-04-20T18:29:31.748-0700][2.565s] GC(1)   Post Evacuate Collection Set: 1.5ms
[2021-04-20T18:29:31.749-0700][2.565s] GC(1)   Other: 0.2ms
[2021-04-20T18:29:31.749-0700][2.565s] GC(1) Eden regions: 111->0(50)
[2021-04-20T18:29:31.749-0700][2.565s] GC(1) Survivor regions: 3->19(19)
[2021-04-20T18:29:31.749-0700][2.565s] GC(1) Old regions: 2->2
[2021-04-20T18:29:31.749-0700][2.565s] GC(1) Humongous regions: 4->4
[2021-04-20T18:29:31.749-0700][2.565s] GC(1) Metaspace: 20480K->20480K(1069056K)
[2021-04-20T18:29:31.749-0700][2.565s] GC(1) Pause Young (Concurrent Start) (Metadata GC Threshold) 117M->23M(512M) 17.990ms
[2021-04-20T18:29:31.749-0700][2.565s] GC(1) User=0.05s Sys=0.00s Real=0.02s
[2021-04-20T18:29:31.749-0700][2.565s] GC(2) Concurrent Cycle
[2021-04-20T18:29:31.749-0700][2.565s] GC(2) Concurrent Clear Claimed Marks
[2021-04-20T18:29:31.749-0700][2.565s] GC(2) Concurrent Clear Claimed Marks 0.079ms
[2021-04-20T18:29:31.749-0700][2.565s] GC(2) Concurrent Scan Root Regions
[2021-04-20T18:29:31.755-0700][2.572s] GC(2) Concurrent Scan Root Regions 6.343ms
[2021-04-20T18:29:31.755-0700][2.572s] GC(2) Concurrent Mark (2.572s)
[2021-04-20T18:29:31.755-0700][2.572s] GC(2) Concurrent Mark From Roots
[2021-04-20T18:29:31.755-0700][2.572s] GC(2) Using 1 workers of 1 for marking
[2021-04-20T18:29:31.758-0700][2.575s] GC(2) Concurrent Mark From Roots 2.929ms
[2021-04-20T18:29:31.758-0700][2.575s] GC(2) Concurrent Preclean
[2021-04-20T18:29:31.758-0700][2.575s] GC(2) Concurrent Preclean 0.088ms
[2021-04-20T18:29:31.758-0700][2.575s] GC(2) Concurrent Mark (2.572s, 2.575s) 3.303ms
[2021-04-20T18:29:31.759-0700][2.575s] GC(2) Pause Remark
[2021-04-20T18:29:31.763-0700][2.580s] GC(2) Cleaned string and symbol table, strings: 8661 processed, 0 removed, symbols: 61695 processed, 27 removed
[2021-04-20T18:29:31.763-0700][2.580s] GC(2) Pause Remark 24M->24M(512M) 4.675ms
[2021-04-20T18:29:31.764-0700][2.580s] GC(2) User=0.01s Sys=0.00s Real=0.00s
[2021-04-20T18:29:31.764-0700][2.581s] GC(2) Concurrent Rebuild Remembered Sets
[2021-04-20T18:29:31.769-0700][2.586s] GC(2) Concurrent Rebuild Remembered Sets 5.034ms
[2021-04-20T18:29:31.770-0700][2.586s] GC(2) Pause Cleanup
[2021-04-20T18:29:31.770-0700][2.586s] GC(2) Pause Cleanup 24M->24M(512M) 0.201ms
[2021-04-20T18:29:31.770-0700][2.586s] GC(2) User=0.00s Sys=0.00s Real=0.00s
[2021-04-20T18:29:31.772-0700][2.588s] GC(2) Concurrent Cleanup for Next Mark
[2021-04-20T18:29:31.773-0700][2.590s] GC(2) Concurrent Cleanup for Next Mark 1.433ms
[2021-04-20T18:29:31.773-0700][2.590s] GC(2) Concurrent Cycle 24.622ms
[2021-04-20T18:29:32.540-0700][3.356s] GC(3) Pause Young (Normal) (G1 Evacuation Pause)
[2021-04-20T18:29:32.540-0700][3.356s] GC(3) Using 4 workers of 4 for evacuation
[2021-04-20T18:29:32.568-0700][3.384s] GC(3)   Pre Evacuate Collection Set: 0.0ms
[2021-04-20T18:29:32.568-0700][3.384s] GC(3)   Evacuate Collection Set: 27.4ms
[2021-04-20T18:29:32.568-0700][3.384s] GC(3)   Post Evacuate Collection Set: 0.6ms
[2021-04-20T18:29:32.568-0700][3.384s] GC(3)   Other: 0.2ms
[2021-04-20T18:29:32.568-0700][3.384s] GC(3) Eden regions: 40->0(79)
[2021-04-20T18:29:32.568-0700][3.384s] GC(3) Survivor regions: 19->2(8)
[2021-04-20T18:29:32.568-0700][3.384s] GC(3) Old regions: 2->21
[2021-04-20T18:29:32.568-0700][3.384s] GC(3) Humongous regions: 4->4
[2021-04-20T18:29:32.568-0700][3.384s] GC(3) Metaspace: 24807K->24807K(1071104K)
[2021-04-20T18:29:32.568-0700][3.384s] GC(3) Pause Young (Normal) (G1 Evacuation Pause) 63M->24M(512M) 28.285ms
[2021-04-20T18:29:32.568-0700][3.384s] GC(3) User=0.05s Sys=0.02s Real=0.03s
[2021-04-20T18:30:04.514-0700][35.330s] GC(4) Pause Young (Normal) (G1 Evacuation Pause)
[2021-04-20T18:30:04.514-0700][35.330s] GC(4) Using 4 workers of 4 for evacuation
[2021-04-20T18:30:04.528-0700][35.344s] GC(4)   Pre Evacuate Collection Set: 0.0ms
[2021-04-20T18:30:04.528-0700][35.344s] GC(4)   Evacuate Collection Set: 8.3ms
[2021-04-20T18:30:04.528-0700][35.344s] GC(4)   Post Evacuate Collection Set: 5.3ms
[2021-04-20T18:30:04.528-0700][35.344s] GC(4)   Other: 0.2ms
[2021-04-20T18:30:04.528-0700][35.344s] GC(4) Eden regions: 79->0(118)
[2021-04-20T18:30:04.528-0700][35.344s] GC(4) Survivor regions: 2->8(11)
[2021-04-20T18:30:04.528-0700][35.344s] GC(4) Old regions: 21->21
[2021-04-20T18:30:04.528-0700][35.344s] GC(4) Humongous regions: 4->4
[2021-04-20T18:30:04.528-0700][35.344s] GC(4) Metaspace: 34187K->34187K(1081344K)
[2021-04-20T18:30:04.528-0700][35.344s] GC(4) Pause Young (Normal) (G1 Evacuation Pause) 103M->30M(512M) 13.876ms
[2021-04-20T18:30:04.528-0700][35.344s] GC(4) User=0.04s Sys=0.00s Real=0.02s
[2021-04-20T18:30:04.644-0700][35.461s] GC(5) Pause Young (Concurrent Start) (Metadata GC Threshold)
[2021-04-20T18:30:04.644-0700][35.461s] GC(5) Using 4 workers of 4 for evacuation
[2021-04-20T18:30:04.653-0700][35.470s] GC(5)   Pre Evacuate Collection Set: 0.2ms
[2021-04-20T18:30:04.653-0700][35.470s] GC(5)   Evacuate Collection Set: 7.7ms
[2021-04-20T18:30:04.653-0700][35.470s] GC(5)   Post Evacuate Collection Set: 0.6ms
[2021-04-20T18:30:04.653-0700][35.470s] GC(5)   Other: 0.3ms
[2021-04-20T18:30:04.653-0700][35.470s] GC(5) Eden regions: 12->0(181)
[2021-04-20T18:30:04.653-0700][35.470s] GC(5) Survivor regions: 8->8(16)
[2021-04-20T18:30:04.653-0700][35.470s] GC(5) Old regions: 21->21
[2021-04-20T18:30:04.653-0700][35.470s] GC(5) Humongous regions: 4->4
[2021-04-20T18:30:04.653-0700][35.470s] GC(5) Metaspace: 34846K->34846K(1081344K)
[2021-04-20T18:30:04.653-0700][35.470s] GC(5) Pause Young (Concurrent Start) (Metadata GC Threshold) 41M->30M(512M) 8.943ms
[2021-04-20T18:30:04.653-0700][35.470s] GC(5) User=0.01s Sys=0.01s Real=0.01s
[2021-04-20T18:30:04.653-0700][35.470s] GC(6) Concurrent Cycle
[2021-04-20T18:30:04.653-0700][35.470s] GC(6) Concurrent Clear Claimed Marks
[2021-04-20T18:30:04.653-0700][35.470s] GC(6) Concurrent Clear Claimed Marks 0.038ms
[2021-04-20T18:30:04.653-0700][35.470s] GC(6) Concurrent Scan Root Regions
[2021-04-20T18:30:04.657-0700][35.473s] GC(6) Concurrent Scan Root Regions 3.491ms
[2021-04-20T18:30:04.657-0700][35.473s] GC(6) Concurrent Mark (35.473s)
[2021-04-20T18:30:04.657-0700][35.473s] GC(6) Concurrent Mark From Roots
[2021-04-20T18:30:04.657-0700][35.473s] GC(6) Using 1 workers of 1 for marking
[2021-04-20T18:30:04.681-0700][35.498s] GC(6) Concurrent Mark From Roots 24.205ms
[2021-04-20T18:30:04.681-0700][35.498s] GC(6) Concurrent Preclean
[2021-04-20T18:30:04.681-0700][35.498s] GC(6) Concurrent Preclean 0.085ms
[2021-04-20T18:30:04.681-0700][35.498s] GC(6) Concurrent Mark (35.473s, 35.498s) 24.346ms
[2021-04-20T18:30:04.682-0700][35.498s] GC(6) Pause Remark
[2021-04-20T18:30:04.687-0700][35.503s] GC(6) Cleaned string and symbol table, strings: 14540 processed, 27 removed, symbols: 101959 processed, 147 removed
[2021-04-20T18:30:04.687-0700][35.503s] GC(6) Pause Remark 32M->32M(512M) 5.299ms
[2021-04-20T18:30:04.687-0700][35.503s] GC(6) User=0.01s Sys=0.00s Real=0.01s
[2021-04-20T18:30:04.687-0700][35.503s] GC(6) Concurrent Rebuild Remembered Sets
[2021-04-20T18:30:04.699-0700][35.515s] GC(6) Concurrent Rebuild Remembered Sets 11.911ms
[2021-04-20T18:30:04.699-0700][35.516s] GC(6) Pause Cleanup
[2021-04-20T18:30:04.699-0700][35.516s] GC(6) Pause Cleanup 33M->33M(512M) 0.114ms
[2021-04-20T18:30:04.699-0700][35.516s] GC(6) User=0.00s Sys=0.00s Real=0.00s
[2021-04-20T18:30:04.699-0700][35.516s] GC(6) Concurrent Cleanup for Next Mark
[2021-04-20T18:30:04.701-0700][35.517s] GC(6) Concurrent Cleanup for Next Mark 1.239ms
[2021-04-20T18:30:04.701-0700][35.517s] GC(6) Concurrent Cycle 47.323ms
[2021-04-20T18:30:06.079-0700][36.896s] GC(7) Pause Young (Normal) (G1 Evacuation Pause)
[2021-04-20T18:30:06.079-0700][36.896s] GC(7) Using 4 workers of 4 for evacuation
[2021-04-20T18:30:06.100-0700][36.916s] GC(7)   Pre Evacuate Collection Set: 0.0ms
[2021-04-20T18:30:06.100-0700][36.916s] GC(7)   Evacuate Collection Set: 19.5ms
[2021-04-20T18:30:06.100-0700][36.916s] GC(7)   Post Evacuate Collection Set: 1.0ms
[2021-04-20T18:30:06.100-0700][36.916s] GC(7)   Other: 0.2ms
[2021-04-20T18:30:06.100-0700][36.916s] GC(7) Eden regions: 181->0(242)
[2021-04-20T18:30:06.100-0700][36.916s] GC(7) Survivor regions: 8->14(24)
[2021-04-20T18:30:06.100-0700][36.916s] GC(7) Old regions: 21->21
[2021-04-20T18:30:06.100-0700][36.916s] GC(7) Humongous regions: 5->4
[2021-04-20T18:30:06.100-0700][36.917s] GC(7) Metaspace: 42370K->42370K(1087488K)
[2021-04-20T18:30:06.100-0700][36.917s] GC(7) Pause Young (Normal) (G1 Evacuation Pause) 212M->36M(512M) 20.954ms
[2021-04-20T18:30:06.100-0700][36.917s] GC(7) User=0.04s Sys=0.02s Real=0.02s
[2021-04-20T18:30:07.945-0700][38.761s] GC(8) Pause Young (Normal) (G1 Evacuation Pause)
[2021-04-20T18:30:07.945-0700][38.761s] GC(8) Using 4 workers of 4 for evacuation
[2021-04-20T18:30:07.983-0700][38.800s] GC(8)   Pre Evacuate Collection Set: 0.0ms
[2021-04-20T18:30:07.983-0700][38.800s] GC(8)   Evacuate Collection Set: 35.6ms
[2021-04-20T18:30:07.983-0700][38.800s] GC(8)   Post Evacuate Collection Set: 2.9ms
[2021-04-20T18:30:07.983-0700][38.800s] GC(8)   Other: 0.2ms
[2021-04-20T18:30:07.983-0700][38.800s] GC(8) Eden regions: 242->0(290)
[2021-04-20T18:30:07.983-0700][38.800s] GC(8) Survivor regions: 14->17(32)
[2021-04-20T18:30:07.983-0700][38.800s] GC(8) Old regions: 21->21
[2021-04-20T18:30:07.983-0700][38.800s] GC(8) Humongous regions: 4->4
[2021-04-20T18:30:07.983-0700][38.800s] GC(8) Metaspace: 46182K->46182K(1091584K)
[2021-04-20T18:30:07.983-0700][38.800s] GC(8) Pause Young (Normal) (G1 Evacuation Pause) 278M->39M(512M) 38.790ms
[2021-04-20T18:30:07.983-0700][38.800s] GC(8) User=0.05s Sys=0.04s Real=0.04s
[2021-04-20T18:30:10.274-0700][41.091s] GC(9) Pause Young (Normal) (G1 Evacuation Pause)
[2021-04-20T18:30:10.274-0700][41.091s] GC(9) Using 4 workers of 4 for evacuation
[2021-04-20T18:30:10.330-0700][41.147s] GC(9)   Pre Evacuate Collection Set: 0.0ms
[2021-04-20T18:30:10.330-0700][41.147s] GC(9)   Evacuate Collection Set: 55.0ms
[2021-04-20T18:30:10.330-0700][41.147s] GC(9)   Post Evacuate Collection Set: 1.0ms
[2021-04-20T18:30:10.330-0700][41.147s] GC(9)   Other: 0.3ms
[2021-04-20T18:30:10.330-0700][41.147s] GC(9) Eden regions: 290->0(274)
[2021-04-20T18:30:10.331-0700][41.147s] GC(9) Survivor regions: 17->33(39)
[2021-04-20T18:30:10.331-0700][41.147s] GC(9) Old regions: 21->21
[2021-04-20T18:30:10.331-0700][41.147s] GC(9) Humongous regions: 6->5
[2021-04-20T18:30:10.331-0700][41.147s] GC(9) Metaspace: 52617K->52617K(1097728K)
[2021-04-20T18:30:10.331-0700][41.147s] GC(9) Pause Young (Normal) (G1 Evacuation Pause) 331M->56M(512M) 56.331ms
[2021-04-20T18:30:10.331-0700][41.147s] GC(9) User=0.10s Sys=0.06s Real=0.06s
[2021-04-20T18:30:18.078-0700][48.895s] GC(10) Pause Young (Normal) (G1 Evacuation Pause)
[2021-04-20T18:30:18.080-0700][48.896s] GC(10) Using 4 workers of 4 for evacuation
[2021-04-20T18:30:18.139-0700][48.956s] GC(10)   Pre Evacuate Collection Set: 0.0ms
[2021-04-20T18:30:18.139-0700][48.956s] GC(10)   Evacuate Collection Set: 57.8ms
[2021-04-20T18:30:18.139-0700][48.956s] GC(10)   Post Evacuate Collection Set: 1.1ms
[2021-04-20T18:30:18.139-0700][48.956s] GC(10)   Other: 1.8ms
[2021-04-20T18:30:18.139-0700][48.956s] GC(10) Eden regions: 274->0(279)
[2021-04-20T18:30:18.139-0700][48.956s] GC(10) Survivor regions: 33->28(39)
[2021-04-20T18:30:18.139-0700][48.956s] GC(10) Old regions: 21->37
[2021-04-20T18:30:18.139-0700][48.956s] GC(10) Humongous regions: 8->8
[2021-04-20T18:30:18.139-0700][48.956s] GC(10) Metaspace: 55010K->55010K(1099776K)
[2021-04-20T18:30:18.139-0700][48.956s] GC(10) Pause Young (Normal) (G1 Evacuation Pause) 333M->70M(512M) 60.883ms
[2021-04-20T18:30:18.139-0700][48.956s] GC(10) User=0.14s Sys=0.01s Real=0.06s
