[2021-04-21T00:40:39.061-0700][0.007s] Heap region size: 1M
[2021-04-21T00:40:39.073-0700][0.019s] Using G1
[2021-04-21T00:40:39.073-0700][0.019s] Heap address: 0x00000000e0000000, size: 512 MB, Compressed Oops mode: 32-bit
[2021-04-21T00:40:39.074-0700][0.020s] Mark closed archive regions in map: [0x00000000fff00000, 0x00000000fff6aff8]
[2021-04-21T00:40:39.074-0700][0.020s] Mark open archive regions in map: [0x00000000ffe00000, 0x00000000ffe46ff8]
[2021-04-21T00:40:39.724-0700][0.670s] GC(0) Pause Young (Normal) (G1 Evacuation Pause)
[2021-04-21T00:40:39.727-0700][0.673s] GC(0) Using 4 workers of 4 for evacuation
[2021-04-21T00:40:39.737-0700][0.683s] GC(0)   Pre Evacuate Collection Set: 0.0ms
[2021-04-21T00:40:39.737-0700][0.683s] GC(0)   Evacuate Collection Set: 9.1ms
[2021-04-21T00:40:39.737-0700][0.683s] GC(0)   Post Evacuate Collection Set: 0.5ms
[2021-04-21T00:40:39.737-0700][0.683s] GC(0)   Other: 3.3ms
[2021-04-21T00:40:39.737-0700][0.683s] GC(0) Eden regions: 25->0(304)
[2021-04-21T00:40:39.737-0700][0.683s] GC(0) Survivor regions: 0->3(4)
[2021-04-21T00:40:39.737-0700][0.683s] GC(0) Old regions: 2->2
[2021-04-21T00:40:39.737-0700][0.683s] GC(0) Humongous regions: 0->0
[2021-04-21T00:40:39.737-0700][0.683s] GC(0) Metaspace: 5212K->5212K(1056768K)
[2021-04-21T00:40:39.737-0700][0.683s] GC(0) Pause Young (Normal) (G1 Evacuation Pause) 25M->2M(512M) 12.991ms
[2021-04-21T00:40:39.737-0700][0.683s] GC(0) User=0.03s Sys=0.00s Real=0.02s
[2021-04-21T00:40:41.401-0700][2.347s] GC(1) Pause Young (Concurrent Start) (Metadata GC Threshold)
[2021-04-21T00:40:41.401-0700][2.347s] GC(1) Using 4 workers of 4 for evacuation
[2021-04-21T00:40:41.429-0700][2.374s] GC(1)   Pre Evacuate Collection Set: 0.1ms
[2021-04-21T00:40:41.429-0700][2.374s] GC(1)   Evacuate Collection Set: 26.4ms
[2021-04-21T00:40:41.429-0700][2.375s] GC(1)   Post Evacuate Collection Set: 1.2ms
[2021-04-21T00:40:41.429-0700][2.375s] GC(1)   Other: 0.2ms
[2021-04-21T00:40:41.429-0700][2.375s] GC(1) Eden regions: 111->0(49)
[2021-04-21T00:40:41.429-0700][2.375s] GC(1) Survivor regions: 3->18(18)
[2021-04-21T00:40:41.429-0700][2.375s] GC(1) Old regions: 2->3
[2021-04-21T00:40:41.429-0700][2.375s] GC(1) Humongous regions: 4->4
[2021-04-21T00:40:41.429-0700][2.375s] GC(1) Metaspace: 20450K->20450K(1069056K)
[2021-04-21T00:40:41.429-0700][2.375s] GC(1) Pause Young (Concurrent Start) (Metadata GC Threshold) 117M->23M(512M) 27.993ms
[2021-04-21T00:40:41.429-0700][2.375s] GC(1) User=0.05s Sys=0.02s Real=0.03s
[2021-04-21T00:40:41.429-0700][2.375s] GC(2) Concurrent Cycle
[2021-04-21T00:40:41.429-0700][2.375s] GC(2) Concurrent Clear Claimed Marks
[2021-04-21T00:40:41.429-0700][2.375s] GC(2) Concurrent Clear Claimed Marks 0.084ms
[2021-04-21T00:40:41.429-0700][2.375s] GC(2) Concurrent Scan Root Regions
[2021-04-21T00:40:41.437-0700][2.383s] GC(2) Concurrent Scan Root Regions 7.890ms
[2021-04-21T00:40:41.437-0700][2.383s] GC(2) Concurrent Mark (2.383s)
[2021-04-21T00:40:41.437-0700][2.383s] GC(2) Concurrent Mark From Roots
[2021-04-21T00:40:41.437-0700][2.383s] GC(2) Using 1 workers of 1 for marking
[2021-04-21T00:40:41.442-0700][2.388s] GC(2) Concurrent Mark From Roots 4.911ms
[2021-04-21T00:40:41.444-0700][2.390s] GC(2) Concurrent Preclean
[2021-04-21T00:40:41.444-0700][2.390s] GC(2) Concurrent Preclean 0.062ms
[2021-04-21T00:40:41.444-0700][2.390s] GC(2) Concurrent Mark (2.383s, 2.390s) 6.903ms
[2021-04-21T00:40:41.446-0700][2.392s] GC(2) Pause Remark
[2021-04-21T00:40:41.452-0700][2.398s] GC(2) Cleaned string and symbol table, strings: 8667 processed, 0 removed, symbols: 61784 processed, 27 removed
[2021-04-21T00:40:41.453-0700][2.398s] GC(2) Pause Remark 23M->23M(512M) 6.159ms
[2021-04-21T00:40:41.453-0700][2.398s] GC(2) User=0.01s Sys=0.01s Real=0.00s
[2021-04-21T00:40:41.457-0700][2.403s] GC(2) Concurrent Rebuild Remembered Sets
[2021-04-21T00:40:41.463-0700][2.409s] GC(2) Concurrent Rebuild Remembered Sets 5.835ms
[2021-04-21T00:40:41.464-0700][2.409s] GC(2) Pause Cleanup
[2021-04-21T00:40:41.464-0700][2.410s] GC(2) Pause Cleanup 24M->24M(512M) 0.177ms
[2021-04-21T00:40:41.464-0700][2.410s] GC(2) User=0.00s Sys=0.00s Real=0.00s
[2021-04-21T00:40:41.464-0700][2.410s] GC(2) Concurrent Cleanup for Next Mark
[2021-04-21T00:40:41.468-0700][2.414s] GC(2) Concurrent Cleanup for Next Mark 3.656ms
[2021-04-21T00:40:41.468-0700][2.414s] GC(2) Concurrent Cycle 39.358ms
[2021-04-21T00:40:41.938-0700][2.884s] GC(3) Pause Young (Normal) (G1 Evacuation Pause)
[2021-04-21T00:40:41.938-0700][2.884s] GC(3) Using 4 workers of 4 for evacuation
[2021-04-21T00:40:41.963-0700][2.909s] GC(3)   Pre Evacuate Collection Set: 0.0ms
[2021-04-21T00:40:41.963-0700][2.909s] GC(3)   Evacuate Collection Set: 24.1ms
[2021-04-21T00:40:41.963-0700][2.909s] GC(3)   Post Evacuate Collection Set: 0.6ms
[2021-04-21T00:40:41.963-0700][2.909s] GC(3)   Other: 0.2ms
[2021-04-21T00:40:41.963-0700][2.909s] GC(3) Eden regions: 35->0(58)
[2021-04-21T00:40:41.963-0700][2.909s] GC(3) Survivor regions: 18->2(7)
[2021-04-21T00:40:41.963-0700][2.909s] GC(3) Old regions: 3->21
[2021-04-21T00:40:41.963-0700][2.909s] GC(3) Humongous regions: 4->4
[2021-04-21T00:40:41.963-0700][2.909s] GC(3) Metaspace: 23584K->23584K(1071104K)
[2021-04-21T00:40:41.963-0700][2.909s] GC(3) Pause Young (Normal) (G1 Evacuation Pause) 58M->25M(512M) 24.951ms
[2021-04-21T00:40:41.963-0700][2.909s] GC(3) User=0.05s Sys=0.02s Real=0.02s
[2021-04-21T00:40:43.135-0700][4.081s] GC(4) Pause Young (Normal) (G1 Evacuation Pause)
[2021-04-21T00:40:43.135-0700][4.081s] GC(4) Using 4 workers of 4 for evacuation
[2021-04-21T00:40:43.144-0700][4.090s] GC(4)   Pre Evacuate Collection Set: 0.0ms
[2021-04-21T00:40:43.144-0700][4.090s] GC(4)   Evacuate Collection Set: 5.1ms
[2021-04-21T00:40:43.144-0700][4.090s] GC(4)   Post Evacuate Collection Set: 3.1ms
[2021-04-21T00:40:43.144-0700][4.090s] GC(4)   Other: 0.2ms
[2021-04-21T00:40:43.144-0700][4.090s] GC(4) Eden regions: 58->0(76)
[2021-04-21T00:40:43.144-0700][4.090s] GC(4) Survivor regions: 2->7(8)
[2021-04-21T00:40:43.144-0700][4.090s] GC(4) Old regions: 21->21
[2021-04-21T00:40:43.144-0700][4.090s] GC(4) Humongous regions: 4->4
[2021-04-21T00:40:43.144-0700][4.090s] GC(4) Metaspace: 31137K->31137K(1077248K)
[2021-04-21T00:40:43.144-0700][4.090s] GC(4) Pause Young (Normal) (G1 Evacuation Pause) 83M->29M(512M) 8.502ms
[2021-04-21T00:40:43.144-0700][4.090s] GC(4) User=0.02s Sys=0.00s Real=0.01s
[2021-04-21T00:41:13.482-0700][34.427s] GC(5) Pause Young (Concurrent Start) (Metadata GC Threshold)
[2021-04-21T00:41:13.482-0700][34.428s] GC(5) Using 4 workers of 4 for evacuation
[2021-04-21T00:41:13.490-0700][34.436s] GC(5)   Pre Evacuate Collection Set: 0.1ms
[2021-04-21T00:41:13.490-0700][34.436s] GC(5)   Evacuate Collection Set: 7.4ms
[2021-04-21T00:41:13.490-0700][34.436s] GC(5)   Post Evacuate Collection Set: 0.4ms
[2021-04-21T00:41:13.490-0700][34.436s] GC(5)   Other: 0.2ms
[2021-04-21T00:41:13.490-0700][34.436s] GC(5) Eden regions: 43->0(107)
[2021-04-21T00:41:13.490-0700][34.436s] GC(5) Survivor regions: 7->2(11)
[2021-04-21T00:41:13.490-0700][34.436s] GC(5) Old regions: 21->27
[2021-04-21T00:41:13.490-0700][34.436s] GC(5) Humongous regions: 4->4
[2021-04-21T00:41:13.490-0700][34.436s] GC(5) Metaspace: 34746K->34746K(1081344K)
[2021-04-21T00:41:13.490-0700][34.436s] GC(5) Pause Young (Concurrent Start) (Metadata GC Threshold) 72M->31M(512M) 8.157ms
[2021-04-21T00:41:13.490-0700][34.436s] GC(5) User=0.01s Sys=0.01s Real=0.01s
[2021-04-21T00:41:13.493-0700][34.439s] GC(6) Concurrent Cycle
[2021-04-21T00:41:13.493-0700][34.439s] GC(6) Concurrent Clear Claimed Marks
[2021-04-21T00:41:13.493-0700][34.439s] GC(6) Concurrent Clear Claimed Marks 0.108ms
[2021-04-21T00:41:13.493-0700][34.439s] GC(6) Concurrent Scan Root Regions
[2021-04-21T00:41:13.494-0700][34.440s] GC(6) Concurrent Scan Root Regions 1.225ms
[2021-04-21T00:41:13.494-0700][34.440s] GC(6) Concurrent Mark (34.440s)
[2021-04-21T00:41:13.494-0700][34.440s] GC(6) Concurrent Mark From Roots
[2021-04-21T00:41:13.494-0700][34.440s] GC(6) Using 1 workers of 1 for marking
[2021-04-21T00:41:13.522-0700][34.468s] GC(6) Concurrent Mark From Roots 27.959ms
[2021-04-21T00:41:13.525-0700][34.470s] GC(6) Concurrent Preclean
[2021-04-21T00:41:13.525-0700][34.471s] GC(6) Concurrent Preclean 0.242ms
[2021-04-21T00:41:13.525-0700][34.471s] GC(6) Concurrent Mark (34.440s, 34.471s) 30.504ms
[2021-04-21T00:41:13.525-0700][34.471s] GC(6) Pause Remark
[2021-04-21T00:41:13.532-0700][34.477s] GC(6) Cleaned string and symbol table, strings: 14624 processed, 27 removed, symbols: 102729 processed, 150 removed
[2021-04-21T00:41:13.532-0700][34.478s] GC(6) Pause Remark 35M->35M(512M) 6.762ms
[2021-04-21T00:41:13.532-0700][34.478s] GC(6) User=0.02s Sys=0.00s Real=0.00s
[2021-04-21T00:41:13.532-0700][34.478s] GC(6) Concurrent Rebuild Remembered Sets
[2021-04-21T00:41:13.551-0700][34.496s] GC(6) Concurrent Rebuild Remembered Sets 18.473ms
[2021-04-21T00:41:13.551-0700][34.497s] GC(6) Pause Cleanup
[2021-04-21T00:41:13.551-0700][34.497s] GC(6) Pause Cleanup 36M->36M(512M) 0.207ms
[2021-04-21T00:41:13.551-0700][34.497s] GC(6) User=0.00s Sys=0.00s Real=0.00s
[2021-04-21T00:41:13.551-0700][34.497s] GC(6) Concurrent Cleanup for Next Mark
[2021-04-21T00:41:13.556-0700][34.502s] GC(6) Concurrent Cleanup for Next Mark 5.273ms
[2021-04-21T00:41:13.556-0700][34.502s] GC(6) Concurrent Cycle 63.630ms
[2021-04-21T00:41:14.065-0700][35.011s] GC(7) Pause Young (Concurrent Start) (G1 Evacuation Pause)
[2021-04-21T00:41:14.065-0700][35.011s] GC(7) Using 4 workers of 4 for evacuation
[2021-04-21T00:41:14.073-0700][35.019s] GC(7)   Pre Evacuate Collection Set: 0.1ms
[2021-04-21T00:41:14.073-0700][35.019s] GC(7)   Evacuate Collection Set: 6.5ms
[2021-04-21T00:41:14.073-0700][35.019s] GC(7)   Post Evacuate Collection Set: 1.2ms
[2021-04-21T00:41:14.073-0700][35.019s] GC(7)   Other: 0.3ms
[2021-04-21T00:41:14.073-0700][35.019s] GC(7) Eden regions: 107->0(152)
[2021-04-21T00:41:14.073-0700][35.019s] GC(7) Survivor regions: 2->4(14)
[2021-04-21T00:41:14.073-0700][35.019s] GC(7) Old regions: 27->27
[2021-04-21T00:41:14.073-0700][35.019s] GC(7) Humongous regions: 4->4
[2021-04-21T00:41:14.073-0700][35.019s] GC(7) Metaspace: 37932K->37932K(1083392K)
[2021-04-21T00:41:14.074-0700][35.019s] GC(7) Pause Young (Concurrent Start) (G1 Evacuation Pause) 138M->32M(512M) 8.284ms
[2021-04-21T00:41:14.074-0700][35.019s] GC(7) User=0.02s Sys=0.00s Real=0.00s
[2021-04-21T00:41:14.074-0700][35.019s] GC(8) Concurrent Cycle
[2021-04-21T00:41:14.074-0700][35.019s] GC(8) Concurrent Clear Claimed Marks
[2021-04-21T00:41:14.074-0700][35.020s] GC(8) Concurrent Clear Claimed Marks 0.065ms
[2021-04-21T00:41:14.074-0700][35.020s] GC(8) Concurrent Scan Root Regions
[2021-04-21T00:41:14.078-0700][35.024s] GC(8) Concurrent Scan Root Regions 4.766ms
[2021-04-21T00:41:14.079-0700][35.024s] GC(8) Concurrent Mark (35.024s)
[2021-04-21T00:41:14.079-0700][35.024s] GC(8) Concurrent Mark From Roots
[2021-04-21T00:41:14.079-0700][35.024s] GC(8) Using 1 workers of 1 for marking
[2021-04-21T00:41:14.130-0700][35.076s] GC(8) Concurrent Mark From Roots 51.303ms
[2021-04-21T00:41:14.130-0700][35.076s] GC(8) Concurrent Preclean
[2021-04-21T00:41:14.130-0700][35.076s] GC(8) Concurrent Preclean 0.077ms
[2021-04-21T00:41:14.130-0700][35.076s] GC(8) Concurrent Mark (35.024s, 35.076s) 51.464ms
[2021-04-21T00:41:14.133-0700][35.079s] GC(8) Pause Remark
[2021-04-21T00:41:14.141-0700][35.087s] GC(8) Cleaned string and symbol table, strings: 15971 processed, 7 removed, symbols: 110056 processed, 22 removed
[2021-04-21T00:41:14.142-0700][35.087s] GC(8) Pause Remark 42M->42M(512M) 8.912ms
[2021-04-21T00:41:14.142-0700][35.088s] GC(8) User=0.02s Sys=0.00s Real=0.01s
[2021-04-21T00:41:14.142-0700][35.088s] GC(8) Concurrent Rebuild Remembered Sets
[2021-04-21T00:41:14.164-0700][35.110s] GC(8) Concurrent Rebuild Remembered Sets 22.381ms
[2021-04-21T00:41:14.165-0700][35.110s] GC(8) Pause Cleanup
[2021-04-21T00:41:14.165-0700][35.111s] GC(8) Pause Cleanup 50M->50M(512M) 0.192ms
[2021-04-21T00:41:14.165-0700][35.111s] GC(8) User=0.00s Sys=0.00s Real=0.00s
[2021-04-21T00:41:14.165-0700][35.111s] GC(8) Concurrent Cleanup for Next Mark
[2021-04-21T00:41:14.166-0700][35.112s] GC(8) Concurrent Cleanup for Next Mark 0.993ms
[2021-04-21T00:41:14.166-0700][35.112s] GC(8) Concurrent Cycle 92.347ms
[2021-04-21T00:41:15.361-0700][36.307s] GC(9) Pause Young (Normal) (G1 Evacuation Pause)
[2021-04-21T00:41:15.361-0700][36.307s] GC(9) Using 4 workers of 4 for evacuation
[2021-04-21T00:41:15.377-0700][36.323s] GC(9)   Pre Evacuate Collection Set: 0.0ms
[2021-04-21T00:41:15.378-0700][36.323s] GC(9)   Evacuate Collection Set: 15.2ms
[2021-04-21T00:41:15.378-0700][36.323s] GC(9)   Post Evacuate Collection Set: 0.6ms
[2021-04-21T00:41:15.378-0700][36.323s] GC(9)   Other: 0.3ms
[2021-04-21T00:41:15.378-0700][36.323s] GC(9) Eden regions: 152->0(300)
[2021-04-21T00:41:15.378-0700][36.323s] GC(9) Survivor regions: 4->7(20)
[2021-04-21T00:41:15.378-0700][36.323s] GC(9) Old regions: 27->27
[2021-04-21T00:41:15.378-0700][36.323s] GC(9) Humongous regions: 5->4
[2021-04-21T00:41:15.378-0700][36.323s] GC(9) Metaspace: 42958K->42958K(1087488K)
[2021-04-21T00:41:15.378-0700][36.323s] GC(9) Pause Young (Normal) (G1 Evacuation Pause) 185M->35M(512M) 16.240ms
[2021-04-21T00:41:15.378-0700][36.323s] GC(9) User=0.01s Sys=0.01s Real=0.02s
[2021-04-21T00:41:18.125-0700][39.071s] GC(10) Pause Young (Normal) (G1 Evacuation Pause)
[2021-04-21T00:41:18.125-0700][39.071s] GC(10) Using 4 workers of 4 for evacuation
[2021-04-21T00:41:18.170-0700][39.116s] GC(10)   Pre Evacuate Collection Set: 0.0ms
[2021-04-21T00:41:18.170-0700][39.116s] GC(10)   Evacuate Collection Set: 43.6ms
[2021-04-21T00:41:18.170-0700][39.116s] GC(10)   Post Evacuate Collection Set: 1.7ms
[2021-04-21T00:41:18.170-0700][39.116s] GC(10)   Other: 0.2ms
[2021-04-21T00:41:18.170-0700][39.116s] GC(10) Eden regions: 300->0(287)
[2021-04-21T00:41:18.170-0700][39.116s] GC(10) Survivor regions: 7->20(39)
[2021-04-21T00:41:18.170-0700][39.116s] GC(10) Old regions: 27->27
[2021-04-21T00:41:18.170-0700][39.116s] GC(10) Humongous regions: 4->4
[2021-04-21T00:41:18.170-0700][39.116s] GC(10) Metaspace: 51574K->51574K(1095680K)
[2021-04-21T00:41:18.170-0700][39.116s] GC(10) Pause Young (Normal) (G1 Evacuation Pause) 335M->49M(512M) 45.596ms
[2021-04-21T00:41:18.170-0700][39.116s] GC(10) User=0.08s Sys=0.01s Real=0.04s
[2021-04-21T00:41:19.391-0700][40.337s] GC(11) Pause Young (Normal) (G1 Evacuation Pause)
[2021-04-21T00:41:19.396-0700][40.341s] GC(11) Using 4 workers of 4 for evacuation
[2021-04-21T00:41:19.439-0700][40.385s] GC(11)   Pre Evacuate Collection Set: 0.0ms
[2021-04-21T00:41:19.439-0700][40.385s] GC(11)   Evacuate Collection Set: 42.0ms
[2021-04-21T00:41:19.439-0700][40.385s] GC(11)   Post Evacuate Collection Set: 1.1ms
[2021-04-21T00:41:19.439-0700][40.385s] GC(11)   Other: 4.8ms
[2021-04-21T00:41:19.439-0700][40.385s] GC(11) Eden regions: 287->0(280)
[2021-04-21T00:41:19.439-0700][40.385s] GC(11) Survivor regions: 20->27(39)
[2021-04-21T00:41:19.439-0700][40.385s] GC(11) Old regions: 27->28
[2021-04-21T00:41:19.439-0700][40.385s] GC(11) Humongous regions: 6->5
[2021-04-21T00:41:19.439-0700][40.385s] GC(11) Metaspace: 52798K->52798K(1097728K)
[2021-04-21T00:41:19.439-0700][40.385s] GC(11) Pause Young (Normal) (G1 Evacuation Pause) 338M->58M(512M) 48.164ms
[2021-04-21T00:41:19.439-0700][40.385s] GC(11) User=0.04s Sys=0.01s Real=0.05s
[2021-04-21T01:00:17.401-0700][1178.346s] GC(12) Pause Young (Normal) (G1 Evacuation Pause)
[2021-04-21T01:00:17.401-0700][1178.346s] GC(12) Using 4 workers of 4 for evacuation
[2021-04-21T01:00:17.423-0700][1178.369s] GC(12)   Pre Evacuate Collection Set: 0.0ms
[2021-04-21T01:00:17.423-0700][1178.369s] GC(12)   Evacuate Collection Set: 20.9ms
[2021-04-21T01:00:17.423-0700][1178.369s] GC(12)   Post Evacuate Collection Set: 1.0ms
[2021-04-21T01:00:17.423-0700][1178.369s] GC(12)   Other: 0.3ms
[2021-04-21T01:00:17.423-0700][1178.369s] GC(12) Eden regions: 280->0(285)
[2021-04-21T01:00:17.423-0700][1178.369s] GC(12) Survivor regions: 27->22(39)
[2021-04-21T01:00:17.423-0700][1178.369s] GC(12) Old regions: 28->47
[2021-04-21T01:00:17.423-0700][1178.369s] GC(12) Humongous regions: 8->8
[2021-04-21T01:00:17.423-0700][1178.369s] GC(12) Metaspace: 61839K->61839K(1105920K)
[2021-04-21T01:00:17.423-0700][1178.369s] GC(12) Pause Young (Normal) (G1 Evacuation Pause) 341M->74M(512M) 22.325ms
[2021-04-21T01:00:17.423-0700][1178.369s] GC(12) User=0.07s Sys=0.01s Real=0.02s
[2021-04-21T01:05:24.649-0700][1485.595s] GC(13) Pause Young (Concurrent Start) (Metadata GC Threshold)
[2021-04-21T01:05:24.649-0700][1485.595s] GC(13) Using 4 workers of 4 for evacuation
[2021-04-21T01:05:24.670-0700][1485.616s] GC(13)   Pre Evacuate Collection Set: 0.3ms
[2021-04-21T01:05:24.670-0700][1485.616s] GC(13)   Evacuate Collection Set: 16.5ms
[2021-04-21T01:05:24.670-0700][1485.616s] GC(13)   Post Evacuate Collection Set: 3.9ms
[2021-04-21T01:05:24.670-0700][1485.616s] GC(13)   Other: 0.3ms
[2021-04-21T01:05:24.670-0700][1485.616s] GC(13) Eden regions: 108->0(240)
[2021-04-21T01:05:24.670-0700][1485.616s] GC(13) Survivor regions: 22->18(39)
[2021-04-21T01:05:24.670-0700][1485.616s] GC(13) Old regions: 47->55
[2021-04-21T01:05:24.670-0700][1485.616s] GC(13) Humongous regions: 128->14
[2021-04-21T01:05:24.670-0700][1485.616s] GC(13) Metaspace: 63749K->63749K(1107968K)
[2021-04-21T01:05:24.670-0700][1485.616s] GC(13) Pause Young (Concurrent Start) (Metadata GC Threshold) 302M->84M(512M) 21.096ms
[2021-04-21T01:05:24.670-0700][1485.616s] GC(13) User=0.05s Sys=0.01s Real=0.02s
[2021-04-21T01:05:24.671-0700][1485.616s] GC(14) Concurrent Cycle
[2021-04-21T01:05:24.671-0700][1485.617s] GC(14) Concurrent Clear Claimed Marks
[2021-04-21T01:05:24.671-0700][1485.617s] GC(14) Concurrent Clear Claimed Marks 0.605ms
[2021-04-21T01:05:24.671-0700][1485.617s] GC(14) Concurrent Scan Root Regions
[2021-04-21T01:05:24.679-0700][1485.624s] GC(14) Concurrent Scan Root Regions 7.179ms
[2021-04-21T01:05:24.679-0700][1485.624s] GC(14) Concurrent Mark (1485.624s)
[2021-04-21T01:05:24.679-0700][1485.624s] GC(14) Concurrent Mark From Roots
[2021-04-21T01:05:24.679-0700][1485.624s] GC(14) Using 1 workers of 1 for marking
[2021-04-21T01:05:24.758-0700][1485.704s] GC(14) Concurrent Mark From Roots 79.842ms
[2021-04-21T01:05:24.759-0700][1485.704s] GC(14) Concurrent Preclean
[2021-04-21T01:05:24.759-0700][1485.705s] GC(14) Concurrent Preclean 0.409ms
[2021-04-21T01:05:24.759-0700][1485.705s] GC(14) Concurrent Mark (1485.624s, 1485.705s) 80.356ms
[2021-04-21T01:05:24.759-0700][1485.705s] GC(14) Pause Remark
[2021-04-21T01:05:24.795-0700][1485.741s] GC(14) Cleaned string and symbol table, strings: 30071 processed, 1327 removed, symbols: 158484 processed, 698 removed
[2021-04-21T01:05:24.796-0700][1485.742s] GC(14) Pause Remark 87M->87M(512M) 37.095ms
[2021-04-21T01:05:24.796-0700][1485.742s] GC(14) User=0.07s Sys=0.00s Real=0.03s
[2021-04-21T01:05:24.796-0700][1485.742s] GC(14) Concurrent Rebuild Remembered Sets
[2021-04-21T01:05:24.830-0700][1485.776s] GC(14) Concurrent Rebuild Remembered Sets 33.366ms
[2021-04-21T01:05:24.830-0700][1485.776s] GC(14) Pause Cleanup
[2021-04-21T01:05:24.830-0700][1485.776s] GC(14) Pause Cleanup 87M->87M(512M) 0.195ms
[2021-04-21T01:05:24.830-0700][1485.776s] GC(14) User=0.00s Sys=0.00s Real=0.00s
[2021-04-21T01:05:24.830-0700][1485.776s] GC(14) Concurrent Cleanup for Next Mark
[2021-04-21T01:05:24.832-0700][1485.777s] GC(14) Concurrent Cleanup for Next Mark 1.144ms
[2021-04-21T01:05:24.832-0700][1485.777s] GC(14) Concurrent Cycle 160.921ms
[2021-04-21T02:21:58.894-0700][6079.839s] GC(15) Pause Young (Normal) (G1 Evacuation Pause)
[2021-04-21T02:21:58.894-0700][6079.839s] GC(15) Using 4 workers of 4 for evacuation
[2021-04-21T02:21:58.929-0700][6079.874s] GC(15)   Pre Evacuate Collection Set: 0.0ms
[2021-04-21T02:21:58.929-0700][6079.874s] GC(15)   Evacuate Collection Set: 26.7ms
[2021-04-21T02:21:58.929-0700][6079.874s] GC(15)   Post Evacuate Collection Set: 8.0ms
[2021-04-21T02:21:58.929-0700][6079.875s] GC(15)   Other: 0.4ms
[2021-04-21T02:21:58.929-0700][6079.875s] GC(15) Eden regions: 240->0(256)
[2021-04-21T02:21:58.929-0700][6079.875s] GC(15) Survivor regions: 18->5(33)
[2021-04-21T02:21:58.929-0700][6079.875s] GC(15) Old regions: 55->70
[2021-04-21T02:21:58.929-0700][6079.875s] GC(15) Humongous regions: 124->14
[2021-04-21T02:21:58.929-0700][6079.875s] GC(15) Metaspace: 64038K->64038K(1107968K)
[2021-04-21T02:21:58.929-0700][6079.875s] GC(15) Pause Young (Normal) (G1 Evacuation Pause) 434M->86M(512M) 35.205ms
[2021-04-21T02:21:58.929-0700][6079.875s] GC(15) User=0.04s Sys=0.00s Real=0.04s
[2021-04-21T02:34:09.095-0700][6810.041s] GC(16) Pause Young (Concurrent Start) (G1 Humongous Allocation)
[2021-04-21T02:34:09.095-0700][6810.041s] GC(16) Using 4 workers of 4 for evacuation
[2021-04-21T02:34:09.110-0700][6810.056s] GC(16)   Pre Evacuate Collection Set: 0.2ms
[2021-04-21T02:34:09.110-0700][6810.056s] GC(16)   Evacuate Collection Set: 9.8ms
[2021-04-21T02:34:09.110-0700][6810.056s] GC(16)   Post Evacuate Collection Set: 4.7ms
[2021-04-21T02:34:09.110-0700][6810.056s] GC(16)   Other: 0.3ms
[2021-04-21T02:34:09.110-0700][6810.056s] GC(16) Eden regions: 123->0(228)
[2021-04-21T02:34:09.110-0700][6810.056s] GC(16) Survivor regions: 5->5(33)
[2021-04-21T02:34:09.110-0700][6810.056s] GC(16) Old regions: 70->70
[2021-04-21T02:34:09.110-0700][6810.056s] GC(16) Humongous regions: 157->25
[2021-04-21T02:34:09.110-0700][6810.056s] GC(16) Metaspace: 64111K->64111K(1107968K)
[2021-04-21T02:34:09.110-0700][6810.056s] GC(16) Pause Young (Concurrent Start) (G1 Humongous Allocation) 352M->98M(512M) 15.106ms
[2021-04-21T02:34:09.110-0700][6810.056s] GC(16) User=0.03s Sys=0.00s Real=0.02s
[2021-04-21T02:34:09.110-0700][6810.056s] GC(17) Concurrent Cycle
[2021-04-21T02:34:09.110-0700][6810.056s] GC(17) Concurrent Clear Claimed Marks
[2021-04-21T02:34:09.111-0700][6810.056s] GC(17) Concurrent Clear Claimed Marks 0.147ms
[2021-04-21T02:34:09.111-0700][6810.056s] GC(17) Concurrent Scan Root Regions
[2021-04-21T02:34:09.114-0700][6810.060s] GC(17) Concurrent Scan Root Regions 3.347ms
[2021-04-21T02:34:09.114-0700][6810.060s] GC(17) Concurrent Mark (6810.060s)
[2021-04-21T02:34:09.114-0700][6810.060s] GC(17) Concurrent Mark From Roots
[2021-04-21T02:34:09.114-0700][6810.060s] GC(17) Using 1 workers of 1 for marking
[2021-04-21T02:34:09.186-0700][6810.132s] GC(17) Concurrent Mark From Roots 72.300ms
[2021-04-21T02:34:09.186-0700][6810.132s] GC(17) Concurrent Preclean
[2021-04-21T02:34:09.187-0700][6810.132s] GC(17) Concurrent Preclean 0.280ms
[2021-04-21T02:34:09.187-0700][6810.133s] GC(17) Concurrent Mark (6810.060s, 6810.132s) 72.689ms
[2021-04-21T02:34:09.187-0700][6810.133s] GC(17) Pause Remark
[2021-04-21T02:34:09.208-0700][6810.153s] GC(17) Cleaned string and symbol table, strings: 29446 processed, 83 removed, symbols: 157797 processed, 138 removed
[2021-04-21T02:34:09.208-0700][6810.154s] GC(17) Pause Remark 109M->109M(512M) 20.958ms
[2021-04-21T02:34:09.208-0700][6810.154s] GC(17) User=0.05s Sys=0.00s Real=0.02s
[2021-04-21T02:34:09.208-0700][6810.154s] GC(17) Concurrent Rebuild Remembered Sets
[2021-04-21T02:34:09.248-0700][6810.194s] GC(17) Concurrent Rebuild Remembered Sets 40.058ms
[2021-04-21T02:34:09.249-0700][6810.195s] GC(17) Pause Cleanup
[2021-04-21T02:34:09.249-0700][6810.195s] GC(17) Pause Cleanup 109M->109M(512M) 0.170ms
[2021-04-21T02:34:09.249-0700][6810.195s] GC(17) User=0.01s Sys=0.00s Real=0.00s
[2021-04-21T02:34:09.249-0700][6810.195s] GC(17) Concurrent Cleanup for Next Mark
[2021-04-21T02:34:09.250-0700][6810.196s] GC(17) Concurrent Cleanup for Next Mark 0.984ms
[2021-04-21T02:34:09.250-0700][6810.196s] GC(17) Concurrent Cycle 139.701ms
[2021-04-21T02:42:38.893-0700][7319.839s] GC(18) Pause Young (Concurrent Start) (G1 Humongous Allocation)
[2021-04-21T02:42:38.893-0700][7319.839s] GC(18) Using 4 workers of 4 for evacuation
[2021-04-21T02:42:38.904-0700][7319.850s] GC(18)   Pre Evacuate Collection Set: 0.2ms
[2021-04-21T02:42:38.905-0700][7319.850s] GC(18)   Evacuate Collection Set: 9.0ms
[2021-04-21T02:42:38.905-0700][7319.850s] GC(18)   Post Evacuate Collection Set: 1.8ms
[2021-04-21T02:42:38.905-0700][7319.851s] GC(18)   Other: 0.4ms
[2021-04-21T02:42:38.905-0700][7319.851s] GC(18) Eden regions: 89->0(213)
[2021-04-21T02:42:38.905-0700][7319.851s] GC(18) Survivor regions: 5->5(30)
[2021-04-21T02:42:38.905-0700][7319.851s] GC(18) Old regions: 70->70
[2021-04-21T02:42:38.905-0700][7319.851s] GC(18) Humongous regions: 160->20
[2021-04-21T02:42:38.905-0700][7319.851s] GC(18) Metaspace: 63945K->63945K(1107968K)
[2021-04-21T02:42:38.905-0700][7319.851s] GC(18) Pause Young (Concurrent Start) (G1 Humongous Allocation) 322M->93M(512M) 12.043ms
[2021-04-21T02:42:38.905-0700][7319.851s] GC(18) User=0.02s Sys=0.00s Real=0.02s
[2021-04-21T02:42:38.907-0700][7319.852s] GC(19) Concurrent Cycle
[2021-04-21T02:42:38.907-0700][7319.853s] GC(19) Concurrent Clear Claimed Marks
[2021-04-21T02:42:38.907-0700][7319.853s] GC(19) Concurrent Clear Claimed Marks 0.451ms
[2021-04-21T02:42:38.907-0700][7319.853s] GC(19) Concurrent Scan Root Regions
[2021-04-21T02:42:38.909-0700][7319.855s] GC(19) Concurrent Scan Root Regions 2.083ms
[2021-04-21T02:42:38.909-0700][7319.855s] GC(19) Concurrent Mark (7319.855s)
[2021-04-21T02:42:38.909-0700][7319.855s] GC(19) Concurrent Mark From Roots
[2021-04-21T02:42:38.909-0700][7319.855s] GC(19) Using 1 workers of 1 for marking
[2021-04-21T02:42:39.013-0700][7319.959s] GC(19) Concurrent Mark From Roots 103.711ms
[2021-04-21T02:42:39.013-0700][7319.959s] GC(19) Concurrent Preclean
[2021-04-21T02:42:39.014-0700][7319.960s] GC(19) Concurrent Preclean 0.590ms
[2021-04-21T02:42:39.014-0700][7319.960s] GC(19) Concurrent Mark (7319.855s, 7319.960s) 104.521ms
[2021-04-21T02:42:39.015-0700][7319.960s] GC(19) Pause Remark
[2021-04-21T02:42:39.034-0700][7319.979s] GC(19) Cleaned string and symbol table, strings: 29404 processed, 0 removed, symbols: 157659 processed, 98 removed
[2021-04-21T02:42:39.034-0700][7319.980s] GC(19) Pause Remark 101M->101M(512M) 19.272ms
[2021-04-21T02:42:39.034-0700][7319.980s] GC(19) User=0.05s Sys=0.00s Real=0.02s
[2021-04-21T02:42:39.034-0700][7319.980s] GC(19) Concurrent Rebuild Remembered Sets
[2021-04-21T02:42:39.086-0700][7320.032s] GC(19) Concurrent Rebuild Remembered Sets 51.840ms
[2021-04-21T02:42:39.086-0700][7320.032s] GC(19) Pause Cleanup
[2021-04-21T02:42:39.086-0700][7320.032s] GC(19) Pause Cleanup 101M->101M(512M) 0.140ms
[2021-04-21T02:42:39.086-0700][7320.032s] GC(19) User=0.00s Sys=0.00s Real=0.00s
[2021-04-21T02:42:39.086-0700][7320.032s] GC(19) Concurrent Cleanup for Next Mark
[2021-04-21T02:42:39.088-0700][7320.033s] GC(19) Concurrent Cleanup for Next Mark 1.256ms
[2021-04-21T02:42:39.088-0700][7320.034s] GC(19) Concurrent Cycle 181.248ms
[2021-04-21T03:16:46.639-0700][9367.584s] GC(20) Pause Young (Concurrent Start) (G1 Humongous Allocation)
[2021-04-21T03:16:46.639-0700][9367.585s] GC(20) Using 4 workers of 4 for evacuation
[2021-04-21T03:16:46.650-0700][9367.595s] GC(20)   Pre Evacuate Collection Set: 0.2ms
[2021-04-21T03:16:46.650-0700][9367.595s] GC(20)   Evacuate Collection Set: 8.9ms
[2021-04-21T03:16:46.650-0700][9367.595s] GC(20)   Post Evacuate Collection Set: 1.6ms
[2021-04-21T03:16:46.650-0700][9367.596s] GC(20)   Other: 0.3ms
[2021-04-21T03:16:46.650-0700][9367.596s] GC(20) Eden regions: 208->0(229)
[2021-04-21T03:16:46.650-0700][9367.596s] GC(20) Survivor regions: 5->6(28)
[2021-04-21T03:16:46.650-0700][9367.596s] GC(20) Old regions: 70->70
[2021-04-21T03:16:46.650-0700][9367.596s] GC(20) Humongous regions: 160->14
[2021-04-21T03:16:46.650-0700][9367.596s] GC(20) Metaspace: 64308K->64308K(1107968K)
[2021-04-21T03:16:46.650-0700][9367.596s] GC(20) Pause Young (Concurrent Start) (G1 Humongous Allocation) 440M->87M(512M) 11.102ms
[2021-04-21T03:16:46.650-0700][9367.596s] GC(20) User=0.02s Sys=0.01s Real=0.01s
[2021-04-21T03:16:46.650-0700][9367.596s] GC(21) Concurrent Cycle
[2021-04-21T03:16:46.650-0700][9367.596s] GC(21) Concurrent Clear Claimed Marks
[2021-04-21T03:16:46.650-0700][9367.596s] GC(21) Concurrent Clear Claimed Marks 0.165ms
[2021-04-21T03:16:46.650-0700][9367.596s] GC(21) Concurrent Scan Root Regions
[2021-04-21T03:16:46.654-0700][9367.600s] GC(21) Concurrent Scan Root Regions 3.772ms
[2021-04-21T03:16:46.654-0700][9367.600s] GC(21) Concurrent Mark (9367.600s)
[2021-04-21T03:16:46.654-0700][9367.600s] GC(21) Concurrent Mark From Roots
[2021-04-21T03:16:46.654-0700][9367.600s] GC(21) Using 1 workers of 1 for marking
[2021-04-21T03:16:46.779-0700][9367.725s] GC(21) Concurrent Mark From Roots 124.817ms
[2021-04-21T03:16:46.779-0700][9367.725s] GC(21) Concurrent Preclean
[2021-04-21T03:16:46.780-0700][9367.726s] GC(21) Concurrent Preclean 0.457ms
[2021-04-21T03:16:46.780-0700][9367.726s] GC(21) Concurrent Mark (9367.600s, 9367.726s) 125.675ms
[2021-04-21T03:16:46.785-0700][9367.731s] GC(21) Pause Remark
[2021-04-21T03:16:46.799-0700][9367.745s] GC(21) Cleaned string and symbol table, strings: 29658 processed, 0 removed, symbols: 157719 processed, 5 removed
[2021-04-21T03:16:46.799-0700][9367.745s] GC(21) Pause Remark 113M->113M(512M) 13.732ms
[2021-04-21T03:16:46.799-0700][9367.745s] GC(21) User=0.04s Sys=0.00s Real=0.01s
[2021-04-21T03:16:46.799-0700][9367.745s] GC(21) Concurrent Rebuild Remembered Sets
[2021-04-21T03:16:46.844-0700][9367.790s] GC(21) Concurrent Rebuild Remembered Sets 45.173ms
[2021-04-21T03:16:46.845-0700][9367.791s] GC(21) Pause Cleanup
[2021-04-21T03:16:46.845-0700][9367.791s] GC(21) Pause Cleanup 113M->113M(512M) 0.286ms
[2021-04-21T03:16:46.845-0700][9367.791s] GC(21) User=0.00s Sys=0.00s Real=0.00s
[2021-04-21T03:16:46.846-0700][9367.791s] GC(21) Concurrent Cleanup for Next Mark
[2021-04-21T03:16:46.847-0700][9367.793s] GC(21) Concurrent Cleanup for Next Mark 1.250ms
[2021-04-21T03:16:46.847-0700][9367.793s] GC(21) Concurrent Cycle 196.967ms
[2021-04-21T03:28:51.009-0700][10091.955s] GC(22) Pause Young (Concurrent Start) (G1 Humongous Allocation)
[2021-04-21T03:28:51.009-0700][10091.955s] GC(22) Using 4 workers of 4 for evacuation
[2021-04-21T03:28:51.019-0700][10091.965s] GC(22)   Pre Evacuate Collection Set: 0.3ms
[2021-04-21T03:28:51.019-0700][10091.965s] GC(22)   Evacuate Collection Set: 8.5ms
[2021-04-21T03:28:51.019-0700][10091.965s] GC(22)   Post Evacuate Collection Set: 0.7ms
[2021-04-21T03:28:51.019-0700][10091.965s] GC(22)   Other: 0.3ms
[2021-04-21T03:28:51.019-0700][10091.965s] GC(22) Eden regions: 112->0(227)
[2021-04-21T03:28:51.019-0700][10091.965s] GC(22) Survivor regions: 6->6(30)
[2021-04-21T03:28:51.019-0700][10091.965s] GC(22) Old regions: 70->70
[2021-04-21T03:28:51.019-0700][10091.965s] GC(22) Humongous regions: 160->20
[2021-04-21T03:28:51.019-0700][10091.965s] GC(22) Metaspace: 64358K->64358K(1107968K)
[2021-04-21T03:28:51.019-0700][10091.965s] GC(22) Pause Young (Concurrent Start) (G1 Humongous Allocation) 345M->93M(512M) 9.944ms
[2021-04-21T03:28:51.019-0700][10091.965s] GC(22) User=0.02s Sys=0.00s Real=0.01s
[2021-04-21T03:28:51.019-0700][10091.965s] GC(23) Concurrent Cycle
[2021-04-21T03:28:51.019-0700][10091.965s] GC(23) Concurrent Clear Claimed Marks
[2021-04-21T03:28:51.020-0700][10091.965s] GC(23) Concurrent Clear Claimed Marks 0.171ms
[2021-04-21T03:28:51.020-0700][10091.965s] GC(23) Concurrent Scan Root Regions
[2021-04-21T03:28:51.022-0700][10091.968s] GC(23) Concurrent Scan Root Regions 2.575ms
[2021-04-21T03:28:51.022-0700][10091.968s] GC(23) Concurrent Mark (10091.968s)
[2021-04-21T03:28:51.022-0700][10091.968s] GC(23) Concurrent Mark From Roots
[2021-04-21T03:28:51.022-0700][10091.968s] GC(23) Using 1 workers of 1 for marking
[2021-04-21T03:28:51.099-0700][10092.045s] GC(23) Concurrent Mark From Roots 77.268ms
[2021-04-21T03:28:51.100-0700][10092.045s] GC(23) Concurrent Preclean
[2021-04-21T03:28:51.100-0700][10092.046s] GC(23) Concurrent Preclean 0.211ms
[2021-04-21T03:28:51.100-0700][10092.046s] GC(23) Concurrent Mark (10091.968s, 10092.046s) 77.566ms
[2021-04-21T03:28:51.100-0700][10092.046s] GC(23) Pause Remark
[2021-04-21T03:28:51.114-0700][10092.060s] GC(23) Cleaned string and symbol table, strings: 29725 processed, 0 removed, symbols: 157725 processed, 0 removed
[2021-04-21T03:28:51.115-0700][10092.061s] GC(23) Pause Remark 102M->102M(512M) 14.539ms
[2021-04-21T03:28:51.115-0700][10092.061s] GC(23) User=0.03s Sys=0.01s Real=0.01s
[2021-04-21T03:28:51.115-0700][10092.061s] GC(23) Concurrent Rebuild Remembered Sets
[2021-04-21T03:28:51.154-0700][10092.100s] GC(23) Concurrent Rebuild Remembered Sets 38.990ms
[2021-04-21T03:28:51.155-0700][10092.101s] GC(23) Pause Cleanup
[2021-04-21T03:28:51.155-0700][10092.101s] GC(23) Pause Cleanup 102M->102M(512M) 0.370ms
[2021-04-21T03:28:51.155-0700][10092.101s] GC(23) User=0.00s Sys=0.00s Real=0.00s
[2021-04-21T03:28:51.155-0700][10092.101s] GC(23) Concurrent Cleanup for Next Mark
[2021-04-21T03:28:51.157-0700][10092.102s] GC(23) Concurrent Cleanup for Next Mark 1.334ms
[2021-04-21T03:28:51.157-0700][10092.102s] GC(23) Concurrent Cycle 137.332ms
[2021-04-21T03:39:29.032-0700][10729.977s] GC(24) Pause Young (Concurrent Start) (G1 Humongous Allocation)
[2021-04-21T03:39:29.032-0700][10729.977s] GC(24) Using 4 workers of 4 for evacuation
[2021-04-21T03:39:29.040-0700][10729.986s] GC(24)   Pre Evacuate Collection Set: 0.2ms
[2021-04-21T03:39:29.041-0700][10729.986s] GC(24)   Evacuate Collection Set: 7.7ms
[2021-04-21T03:39:29.041-0700][10729.986s] GC(24)   Post Evacuate Collection Set: 0.8ms
[2021-04-21T03:39:29.041-0700][10729.986s] GC(24)   Other: 0.3ms
[2021-04-21T03:39:29.041-0700][10729.986s] GC(24) Eden regions: 134->0(233)
[2021-04-21T03:39:29.041-0700][10729.986s] GC(24) Survivor regions: 6->7(30)
[2021-04-21T03:39:29.041-0700][10729.986s] GC(24) Old regions: 70->70
[2021-04-21T03:39:29.041-0700][10729.986s] GC(24) Humongous regions: 160->14
[2021-04-21T03:39:29.041-0700][10729.986s] GC(24) Metaspace: 64381K->64381K(1107968K)
[2021-04-21T03:39:29.041-0700][10729.986s] GC(24) Pause Young (Concurrent Start) (G1 Humongous Allocation) 367M->88M(512M) 9.102ms
[2021-04-21T03:39:29.041-0700][10729.986s] GC(24) User=0.02s Sys=0.00s Real=0.01s
[2021-04-21T03:39:29.041-0700][10729.987s] GC(25) Concurrent Cycle
[2021-04-21T03:39:29.041-0700][10729.987s] GC(25) Concurrent Clear Claimed Marks
[2021-04-21T03:39:29.041-0700][10729.987s] GC(25) Concurrent Clear Claimed Marks 0.168ms
[2021-04-21T03:39:29.041-0700][10729.987s] GC(25) Concurrent Scan Root Regions
[2021-04-21T03:39:29.043-0700][10729.989s] GC(25) Concurrent Scan Root Regions 2.260ms
[2021-04-21T03:39:29.043-0700][10729.989s] GC(25) Concurrent Mark (10729.989s)
[2021-04-21T03:39:29.043-0700][10729.989s] GC(25) Concurrent Mark From Roots
[2021-04-21T03:39:29.043-0700][10729.989s] GC(25) Using 1 workers of 1 for marking
[2021-04-21T03:39:29.115-0700][10730.061s] GC(25) Concurrent Mark From Roots 71.552ms
[2021-04-21T03:39:29.115-0700][10730.061s] GC(25) Concurrent Preclean
[2021-04-21T03:39:29.115-0700][10730.061s] GC(25) Concurrent Preclean 0.210ms
[2021-04-21T03:39:29.115-0700][10730.061s] GC(25) Concurrent Mark (10729.989s, 10730.061s) 71.884ms
[2021-04-21T03:39:29.116-0700][10730.061s] GC(25) Pause Remark
[2021-04-21T03:39:29.128-0700][10730.074s] GC(25) Cleaned string and symbol table, strings: 29837 processed, 0 removed, symbols: 157725 processed, 0 removed
[2021-04-21T03:39:29.129-0700][10730.074s] GC(25) Pause Remark 113M->113M(512M) 13.078ms
[2021-04-21T03:39:29.129-0700][10730.075s] GC(25) User=0.03s Sys=0.01s Real=0.02s
[2021-04-21T03:39:29.129-0700][10730.075s] GC(25) Concurrent Rebuild Remembered Sets
[2021-04-21T03:39:29.170-0700][10730.115s] GC(25) Concurrent Rebuild Remembered Sets 40.870ms
[2021-04-21T03:39:29.170-0700][10730.116s] GC(25) Pause Cleanup
[2021-04-21T03:39:29.171-0700][10730.116s] GC(25) Pause Cleanup 113M->113M(512M) 0.328ms
[2021-04-21T03:39:29.171-0700][10730.117s] GC(25) User=0.00s Sys=0.00s Real=0.00s
[2021-04-21T03:39:29.171-0700][10730.117s] GC(25) Concurrent Cleanup for Next Mark
[2021-04-21T03:39:29.172-0700][10730.118s] GC(25) Concurrent Cleanup for Next Mark 0.966ms
[2021-04-21T03:39:29.172-0700][10730.118s] GC(25) Concurrent Cycle 131.642ms
[2021-04-21T03:56:58.169-0700][11779.115s] GC(26) Pause Young (Concurrent Start) (G1 Humongous Allocation)
[2021-04-21T03:56:58.169-0700][11779.115s] GC(26) Using 4 workers of 4 for evacuation
[2021-04-21T03:56:58.181-0700][11779.127s] GC(26)   Pre Evacuate Collection Set: 0.2ms
[2021-04-21T03:56:58.181-0700][11779.127s] GC(26)   Evacuate Collection Set: 8.2ms
[2021-04-21T03:56:58.181-0700][11779.127s] GC(26)   Post Evacuate Collection Set: 3.4ms
[2021-04-21T03:56:58.181-0700][11779.127s] GC(26)   Other: 0.3ms
[2021-04-21T03:56:58.181-0700][11779.127s] GC(26) Eden regions: 131->0(243)
[2021-04-21T03:56:58.181-0700][11779.127s] GC(26) Survivor regions: 7->6(30)
[2021-04-21T03:56:58.181-0700][11779.127s] GC(26) Old regions: 70->70
[2021-04-21T03:56:58.181-0700][11779.127s] GC(26) Humongous regions: 157->25
[2021-04-21T03:56:58.181-0700][11779.127s] GC(26) Metaspace: 64420K->64420K(1107968K)
[2021-04-21T03:56:58.181-0700][11779.127s] GC(26) Pause Young (Concurrent Start) (G1 Humongous Allocation) 362M->99M(512M) 12.290ms
[2021-04-21T03:56:58.181-0700][11779.127s] GC(26) User=0.02s Sys=0.01s Real=0.01s
[2021-04-21T03:56:58.181-0700][11779.127s] GC(27) Concurrent Cycle
[2021-04-21T03:56:58.181-0700][11779.127s] GC(27) Concurrent Clear Claimed Marks
[2021-04-21T03:56:58.182-0700][11779.127s] GC(27) Concurrent Clear Claimed Marks 0.344ms
[2021-04-21T03:56:58.182-0700][11779.127s] GC(27) Concurrent Scan Root Regions
[2021-04-21T03:56:58.184-0700][11779.130s] GC(27) Concurrent Scan Root Regions 2.349ms
[2021-04-21T03:56:58.184-0700][11779.130s] GC(27) Concurrent Mark (11779.130s)
[2021-04-21T03:56:58.184-0700][11779.130s] GC(27) Concurrent Mark From Roots
[2021-04-21T03:56:58.184-0700][11779.130s] GC(27) Using 1 workers of 1 for marking
[2021-04-21T03:56:58.270-0700][11779.216s] GC(27) Concurrent Mark From Roots 86.255ms
[2021-04-21T03:56:58.270-0700][11779.216s] GC(27) Concurrent Preclean
[2021-04-21T03:56:58.271-0700][11779.216s] GC(27) Concurrent Preclean 0.230ms
[2021-04-21T03:56:58.271-0700][11779.216s] GC(27) Concurrent Mark (11779.130s, 11779.216s) 86.597ms
[2021-04-21T03:56:58.274-0700][11779.219s] GC(27) Pause Remark
[2021-04-21T03:56:58.294-0700][11779.240s] GC(27) Cleaned string and symbol table, strings: 29890 processed, 0 removed, symbols: 157725 processed, 0 removed
[2021-04-21T03:56:58.294-0700][11779.240s] GC(27) Pause Remark 110M->110M(512M) 20.796ms
[2021-04-21T03:56:58.294-0700][11779.240s] GC(27) User=0.06s Sys=0.01s Real=0.02s
[2021-04-21T03:56:58.295-0700][11779.241s] GC(27) Concurrent Rebuild Remembered Sets
[2021-04-21T03:56:58.340-0700][11779.286s] GC(27) Concurrent Rebuild Remembered Sets 45.564ms
[2021-04-21T03:56:58.341-0700][11779.287s] GC(27) Pause Cleanup
[2021-04-21T03:56:58.341-0700][11779.287s] GC(27) Pause Cleanup 110M->110M(512M) 0.363ms
[2021-04-21T03:56:58.341-0700][11779.287s] GC(27) User=0.00s Sys=0.00s Real=0.00s
[2021-04-21T03:56:58.342-0700][11779.288s] GC(27) Concurrent Cleanup for Next Mark
[2021-04-21T03:56:58.345-0700][11779.291s] GC(27) Concurrent Cleanup for Next Mark 2.728ms
[2021-04-21T03:56:58.345-0700][11779.291s] GC(27) Concurrent Cycle 163.998ms
