[2021-04-17T02:28:22.808-0700][0.007s] Heap region size: 1M
[2021-04-17T02:28:22.832-0700][0.030s] Using G1
[2021-04-17T02:28:22.832-0700][0.030s] Heap address: 0x00000000e0000000, size: 512 MB, Compressed Oops mode: 32-bit
[2021-04-17T02:28:22.832-0700][0.030s] Mark closed archive regions in map: [0x00000000fff00000, 0x00000000fff6aff8]
[2021-04-17T02:28:22.832-0700][0.030s] Mark open archive regions in map: [0x00000000ffe00000, 0x00000000ffe46ff8]
[2021-04-17T02:28:23.291-0700][0.489s] GC(0) Pause Young (Normal) (G1 Evacuation Pause)
[2021-04-17T02:28:23.292-0700][0.490s] GC(0) Using 4 workers of 4 for evacuation
[2021-04-17T02:28:23.300-0700][0.498s] GC(0)   Pre Evacuate Collection Set: 0.0ms
[2021-04-17T02:28:23.300-0700][0.498s] GC(0)   Evacuate Collection Set: 7.2ms
[2021-04-17T02:28:23.300-0700][0.498s] GC(0)   Post Evacuate Collection Set: 0.7ms
[2021-04-17T02:28:23.300-0700][0.498s] GC(0)   Other: 1.0ms
[2021-04-17T02:28:23.300-0700][0.498s] GC(0) Eden regions: 25->0(304)
[2021-04-17T02:28:23.300-0700][0.498s] GC(0) Survivor regions: 0->3(4)
[2021-04-17T02:28:23.300-0700][0.498s] GC(0) Old regions: 2->2
[2021-04-17T02:28:23.300-0700][0.498s] GC(0) Humongous regions: 0->0
[2021-04-17T02:28:23.300-0700][0.498s] GC(0) Metaspace: 5185K->5185K(1056768K)
[2021-04-17T02:28:23.300-0700][0.498s] GC(0) Pause Young (Normal) (G1 Evacuation Pause) 25M->2M(512M) 9.110ms
[2021-04-17T02:28:23.300-0700][0.498s] GC(0) User=0.03s Sys=0.01s Real=0.01s
[2021-04-17T02:28:24.517-0700][1.715s] GC(1) Pause Young (Concurrent Start) (Metadata GC Threshold)
[2021-04-17T02:28:24.517-0700][1.715s] GC(1) Using 4 workers of 4 for evacuation
[2021-04-17T02:28:24.534-0700][1.732s] GC(1)   Pre Evacuate Collection Set: 0.1ms
[2021-04-17T02:28:24.535-0700][1.733s] GC(1)   Evacuate Collection Set: 15.3ms
[2021-04-17T02:28:24.535-0700][1.733s] GC(1)   Post Evacuate Collection Set: 1.5ms
[2021-04-17T02:28:24.535-0700][1.733s] GC(1)   Other: 0.2ms
[2021-04-17T02:28:24.536-0700][1.734s] GC(1) Eden regions: 112->0(53)
[2021-04-17T02:28:24.536-0700][1.734s] GC(1) Survivor regions: 3->19(19)
[2021-04-17T02:28:24.536-0700][1.734s] GC(1) Old regions: 2->2
[2021-04-17T02:28:24.536-0700][1.734s] GC(1) Humongous regions: 4->4
[2021-04-17T02:28:24.536-0700][1.734s] GC(1) Metaspace: 20496K->20496K(1069056K)
[2021-04-17T02:28:24.536-0700][1.734s] GC(1) Pause Young (Concurrent Start) (Metadata GC Threshold) 117M->23M(512M) 19.176ms
[2021-04-17T02:28:24.536-0700][1.734s] GC(1) User=0.04s Sys=0.01s Real=0.02s
[2021-04-17T02:28:24.536-0700][1.734s] GC(2) Concurrent Cycle
[2021-04-17T02:28:24.536-0700][1.734s] GC(2) Concurrent Clear Claimed Marks
[2021-04-17T02:28:24.537-0700][1.735s] GC(2) Concurrent Clear Claimed Marks 0.082ms
[2021-04-17T02:28:24.537-0700][1.735s] GC(2) Concurrent Scan Root Regions
[2021-04-17T02:28:24.543-0700][1.741s] GC(2) Concurrent Scan Root Regions 6.503ms
[2021-04-17T02:28:24.543-0700][1.741s] GC(2) Concurrent Mark (1.741s)
[2021-04-17T02:28:24.543-0700][1.741s] GC(2) Concurrent Mark From Roots
[2021-04-17T02:28:24.543-0700][1.741s] GC(2) Using 1 workers of 1 for marking
[2021-04-17T02:28:24.556-0700][1.754s] GC(2) Concurrent Mark From Roots 12.419ms
[2021-04-17T02:28:24.556-0700][1.754s] GC(2) Concurrent Preclean
[2021-04-17T02:28:24.556-0700][1.754s] GC(2) Concurrent Preclean 0.033ms
[2021-04-17T02:28:24.556-0700][1.754s] GC(2) Concurrent Mark (1.741s, 1.754s) 12.529ms
[2021-04-17T02:28:24.556-0700][1.754s] GC(2) Pause Remark
[2021-04-17T02:28:24.564-0700][1.762s] GC(2) Cleaned string and symbol table, strings: 8689 processed, 0 removed, symbols: 62220 processed, 35 removed
[2021-04-17T02:28:24.564-0700][1.762s] GC(2) Pause Remark 24M->24M(512M) 7.703ms
[2021-04-17T02:28:24.564-0700][1.762s] GC(2) User=0.01s Sys=0.00s Real=0.00s
[2021-04-17T02:28:24.564-0700][1.762s] GC(2) Concurrent Rebuild Remembered Sets
[2021-04-17T02:28:24.567-0700][1.765s] GC(2) Concurrent Rebuild Remembered Sets 2.706ms
[2021-04-17T02:28:24.567-0700][1.765s] GC(2) Pause Cleanup
[2021-04-17T02:28:24.568-0700][1.766s] GC(2) Pause Cleanup 25M->25M(512M) 0.160ms
[2021-04-17T02:28:24.568-0700][1.766s] GC(2) User=0.00s Sys=0.00s Real=0.00s
[2021-04-17T02:28:24.568-0700][1.766s] GC(2) Concurrent Cleanup for Next Mark
[2021-04-17T02:28:24.572-0700][1.770s] GC(2) Concurrent Cleanup for Next Mark 3.733ms
[2021-04-17T02:28:24.572-0700][1.770s] GC(2) Concurrent Cycle 35.790ms
[2021-04-17T02:28:25.203-0700][2.401s] GC(3) Pause Young (Concurrent Start) (G1 Evacuation Pause)
[2021-04-17T02:28:25.203-0700][2.401s] GC(3) Using 4 workers of 4 for evacuation
[2021-04-17T02:28:25.222-0700][2.420s] GC(3)   Pre Evacuate Collection Set: 0.1ms
[2021-04-17T02:28:25.222-0700][2.420s] GC(3)   Evacuate Collection Set: 18.3ms
[2021-04-17T02:28:25.222-0700][2.420s] GC(3)   Post Evacuate Collection Set: 0.6ms
[2021-04-17T02:28:25.222-0700][2.420s] GC(3)   Other: 0.2ms
[2021-04-17T02:28:25.222-0700][2.420s] GC(3) Eden regions: 42->0(79)
[2021-04-17T02:28:25.222-0700][2.420s] GC(3) Survivor regions: 19->2(8)
[2021-04-17T02:28:25.222-0700][2.420s] GC(3) Old regions: 2->21
[2021-04-17T02:28:25.222-0700][2.420s] GC(3) Humongous regions: 4->4
[2021-04-17T02:28:25.222-0700][2.420s] GC(3) Metaspace: 25614K->25614K(1073152K)
[2021-04-17T02:28:25.222-0700][2.420s] GC(3) Pause Young (Concurrent Start) (G1 Evacuation Pause) 65M->24M(512M) 19.332ms
[2021-04-17T02:28:25.222-0700][2.420s] GC(3) User=0.05s Sys=0.00s Real=0.02s
[2021-04-17T02:28:25.222-0700][2.420s] GC(4) Concurrent Cycle
[2021-04-17T02:28:25.222-0700][2.420s] GC(4) Concurrent Clear Claimed Marks
[2021-04-17T02:28:25.222-0700][2.420s] GC(4) Concurrent Clear Claimed Marks 0.091ms
[2021-04-17T02:28:25.222-0700][2.420s] GC(4) Concurrent Scan Root Regions
[2021-04-17T02:28:25.223-0700][2.421s] GC(4) Concurrent Scan Root Regions 1.196ms
[2021-04-17T02:28:25.223-0700][2.421s] GC(4) Concurrent Mark (2.421s)
[2021-04-17T02:28:25.223-0700][2.421s] GC(4) Concurrent Mark From Roots
[2021-04-17T02:28:25.223-0700][2.422s] GC(4) Using 1 workers of 1 for marking
[2021-04-17T02:28:25.255-0700][2.453s] GC(4) Concurrent Mark From Roots 31.447ms
[2021-04-17T02:28:25.255-0700][2.454s] GC(4) Concurrent Preclean
[2021-04-17T02:28:25.256-0700][2.454s] GC(4) Concurrent Preclean 0.196ms
[2021-04-17T02:28:25.256-0700][2.454s] GC(4) Concurrent Mark (2.421s, 2.454s) 32.587ms
[2021-04-17T02:28:25.257-0700][2.455s] GC(4) Pause Remark
[2021-04-17T02:28:25.263-0700][2.461s] GC(4) Cleaned string and symbol table, strings: 11455 processed, 0 removed, symbols: 77412 processed, 27 removed
[2021-04-17T02:28:25.263-0700][2.461s] GC(4) Pause Remark 27M->27M(512M) 6.473ms
[2021-04-17T02:28:25.263-0700][2.461s] GC(4) User=0.01s Sys=0.00s Real=0.00s
[2021-04-17T02:28:25.263-0700][2.461s] GC(4) Concurrent Rebuild Remembered Sets
[2021-04-17T02:28:25.278-0700][2.476s] GC(4) Concurrent Rebuild Remembered Sets 14.324ms
[2021-04-17T02:28:25.278-0700][2.476s] GC(4) Pause Cleanup
[2021-04-17T02:28:25.278-0700][2.477s] GC(4) Pause Cleanup 27M->27M(512M) 0.292ms
[2021-04-17T02:28:25.278-0700][2.477s] GC(4) User=0.00s Sys=0.00s Real=0.00s
[2021-04-17T02:28:25.279-0700][2.477s] GC(4) Concurrent Cleanup for Next Mark
[2021-04-17T02:28:25.280-0700][2.478s] GC(4) Concurrent Cleanup for Next Mark 1.611ms
[2021-04-17T02:28:25.280-0700][2.478s] GC(4) Concurrent Cycle 58.229ms
[2021-04-17T02:28:26.335-0700][3.533s] GC(5) Pause Young (Normal) (GCLocker Initiated GC)
[2021-04-17T02:28:26.335-0700][3.533s] GC(5) Using 4 workers of 4 for evacuation
[2021-04-17T02:28:26.344-0700][3.542s] GC(5)   Pre Evacuate Collection Set: 0.0ms
[2021-04-17T02:28:26.344-0700][3.542s] GC(5)   Evacuate Collection Set: 8.0ms
[2021-04-17T02:28:26.344-0700][3.542s] GC(5)   Post Evacuate Collection Set: 0.7ms
[2021-04-17T02:28:26.344-0700][3.542s] GC(5)   Other: 0.2ms
[2021-04-17T02:28:26.344-0700][3.542s] GC(5) Eden regions: 79->0(107)
[2021-04-17T02:28:26.344-0700][3.542s] GC(5) Survivor regions: 2->8(11)
[2021-04-17T02:28:26.344-0700][3.542s] GC(5) Old regions: 21->21
[2021-04-17T02:28:26.344-0700][3.542s] GC(5) Humongous regions: 4->4
[2021-04-17T02:28:26.344-0700][3.542s] GC(5) Metaspace: 33699K->33699K(1079296K)
[2021-04-17T02:28:26.344-0700][3.542s] GC(5) Pause Young (Normal) (GCLocker Initiated GC) 103M->30M(512M) 9.099ms
[2021-04-17T02:28:26.344-0700][3.543s] GC(5) User=0.01s Sys=0.00s Real=0.02s
[2021-04-17T02:28:27.096-0700][4.294s] GC(6) Pause Young (Normal) (G1 Evacuation Pause)
[2021-04-17T02:28:27.096-0700][4.294s] GC(6) Using 4 workers of 4 for evacuation
[2021-04-17T02:28:27.113-0700][4.311s] GC(6)   Pre Evacuate Collection Set: 0.0ms
[2021-04-17T02:28:27.113-0700][4.311s] GC(6)   Evacuate Collection Set: 13.8ms
[2021-04-17T02:28:27.113-0700][4.311s] GC(6)   Post Evacuate Collection Set: 3.2ms
[2021-04-17T02:28:27.113-0700][4.311s] GC(6)   Other: 0.4ms
[2021-04-17T02:28:27.113-0700][4.311s] GC(6) Eden regions: 107->0(135)
[2021-04-17T02:28:27.113-0700][4.311s] GC(6) Survivor regions: 8->15(15)
[2021-04-17T02:28:27.113-0700][4.311s] GC(6) Old regions: 21->21
[2021-04-17T02:28:27.113-0700][4.311s] GC(6) Humongous regions: 6->5
[2021-04-17T02:28:27.113-0700][4.311s] GC(6) Metaspace: 40918K->40918K(1087488K)
[2021-04-17T02:28:27.113-0700][4.311s] GC(6) Pause Young (Normal) (G1 Evacuation Pause) 139M->38M(512M) 17.482ms
[2021-04-17T02:28:27.113-0700][4.311s] GC(6) User=0.04s Sys=0.00s Real=0.01s
[2021-04-17T02:28:27.514-0700][4.712s] GC(7) Pause Young (Concurrent Start) (Metadata GC Threshold)
[2021-04-17T02:28:27.514-0700][4.712s] GC(7) Using 4 workers of 4 for evacuation
[2021-04-17T02:28:27.528-0700][4.726s] GC(7)   Pre Evacuate Collection Set: 0.1ms
[2021-04-17T02:28:27.528-0700][4.726s] GC(7)   Evacuate Collection Set: 12.0ms
[2021-04-17T02:28:27.528-0700][4.726s] GC(7)   Post Evacuate Collection Set: 1.2ms
[2021-04-17T02:28:27.528-0700][4.726s] GC(7)   Other: 0.3ms
[2021-04-17T02:28:27.528-0700][4.726s] GC(7) Eden regions: 86->0(152)
[2021-04-17T02:28:27.528-0700][4.726s] GC(7) Survivor regions: 15->10(19)
[2021-04-17T02:28:27.528-0700][4.726s] GC(7) Old regions: 21->28
[2021-04-17T02:28:27.528-0700][4.726s] GC(7) Humongous regions: 5->5
[2021-04-17T02:28:27.528-0700][4.726s] GC(7) Metaspace: 43983K->43983K(1089536K)
[2021-04-17T02:28:27.528-0700][4.726s] GC(7) Pause Young (Concurrent Start) (Metadata GC Threshold) 124M->40M(512M) 13.708ms
[2021-04-17T02:28:27.528-0700][4.726s] GC(7) User=0.02s Sys=0.00s Real=0.02s
[2021-04-17T02:28:27.531-0700][4.729s] GC(8) Concurrent Cycle
[2021-04-17T02:28:27.531-0700][4.729s] GC(8) Concurrent Clear Claimed Marks
[2021-04-17T02:28:27.531-0700][4.729s] GC(8) Concurrent Clear Claimed Marks 0.165ms
[2021-04-17T02:28:27.531-0700][4.729s] GC(8) Concurrent Scan Root Regions
[2021-04-17T02:28:27.537-0700][4.735s] GC(8) Concurrent Scan Root Regions 5.644ms
[2021-04-17T02:28:27.537-0700][4.735s] GC(8) Concurrent Mark (4.735s)
[2021-04-17T02:28:27.537-0700][4.735s] GC(8) Concurrent Mark From Roots
[2021-04-17T02:28:27.537-0700][4.735s] GC(8) Using 1 workers of 1 for marking
[2021-04-17T02:28:27.642-0700][4.840s] GC(8) Concurrent Mark From Roots 105.171ms
[2021-04-17T02:28:27.643-0700][4.841s] GC(8) Concurrent Preclean
[2021-04-17T02:28:27.643-0700][4.842s] GC(8) Concurrent Preclean 0.116ms
[2021-04-17T02:28:27.643-0700][4.842s] GC(8) Concurrent Mark (4.735s, 4.842s) 106.848ms
[2021-04-17T02:28:27.652-0700][4.850s] GC(8) Pause Remark
[2021-04-17T02:28:27.673-0700][4.871s] GC(8) Cleaned string and symbol table, strings: 18544 processed, 26 removed, symbols: 125338 processed, 227 removed
[2021-04-17T02:28:27.673-0700][4.871s] GC(8) Pause Remark 50M->50M(512M) 20.659ms
[2021-04-17T02:28:27.673-0700][4.871s] GC(8) User=0.03s Sys=0.01s Real=0.02s
[2021-04-17T02:28:27.673-0700][4.871s] GC(8) Concurrent Rebuild Remembered Sets
[2021-04-17T02:28:27.693-0700][4.891s] GC(8) Concurrent Rebuild Remembered Sets 19.829ms
[2021-04-17T02:28:27.693-0700][4.892s] GC(8) Pause Cleanup
[2021-04-17T02:28:27.694-0700][4.892s] GC(8) Pause Cleanup 50M->50M(512M) 0.332ms
[2021-04-17T02:28:27.694-0700][4.892s] GC(8) User=0.00s Sys=0.00s Real=0.00s
[2021-04-17T02:28:27.694-0700][4.892s] GC(8) Concurrent Cleanup for Next Mark
[2021-04-17T02:28:27.703-0700][4.901s] GC(8) Concurrent Cleanup for Next Mark 8.334ms
[2021-04-17T02:28:27.703-0700][4.901s] GC(8) Concurrent Cycle 172.120ms
[2021-04-17T02:28:28.865-0700][6.063s] GC(9) Pause Young (Concurrent Start) (G1 Evacuation Pause)
[2021-04-17T02:28:28.865-0700][6.063s] GC(9) Using 4 workers of 4 for evacuation
[2021-04-17T02:28:28.896-0700][6.095s] GC(9)   Pre Evacuate Collection Set: 0.2ms
[2021-04-17T02:28:28.897-0700][6.095s] GC(9)   Evacuate Collection Set: 27.6ms
[2021-04-17T02:28:28.897-0700][6.095s] GC(9)   Post Evacuate Collection Set: 3.5ms
[2021-04-17T02:28:28.897-0700][6.095s] GC(9)   Other: 0.3ms
[2021-04-17T02:28:28.897-0700][6.095s] GC(9) Eden regions: 159->0(295)
[2021-04-17T02:28:28.897-0700][6.095s] GC(9) Survivor regions: 10->12(22)
[2021-04-17T02:28:28.897-0700][6.095s] GC(9) Old regions: 28->28
[2021-04-17T02:28:28.897-0700][6.095s] GC(9) Humongous regions: 5->5
[2021-04-17T02:28:28.897-0700][6.095s] GC(9) Metaspace: 47199K->47199K(1091584K)
[2021-04-17T02:28:28.897-0700][6.095s] GC(9) Pause Young (Concurrent Start) (G1 Evacuation Pause) 199M->43M(512M) 31.723ms
[2021-04-17T02:28:28.897-0700][6.095s] GC(9) User=0.03s Sys=0.01s Real=0.03s
[2021-04-17T02:28:28.897-0700][6.095s] GC(10) Concurrent Cycle
[2021-04-17T02:28:28.897-0700][6.095s] GC(10) Concurrent Clear Claimed Marks
[2021-04-17T02:28:28.897-0700][6.095s] GC(10) Concurrent Clear Claimed Marks 0.171ms
[2021-04-17T02:28:28.897-0700][6.095s] GC(10) Concurrent Scan Root Regions
[2021-04-17T02:28:28.901-0700][6.100s] GC(10) Concurrent Scan Root Regions 4.554ms
[2021-04-17T02:28:28.902-0700][6.100s] GC(10) Concurrent Mark (6.100s)
[2021-04-17T02:28:28.902-0700][6.100s] GC(10) Concurrent Mark From Roots
[2021-04-17T02:28:28.902-0700][6.100s] GC(10) Using 1 workers of 1 for marking
[2021-04-17T02:28:28.956-0700][6.154s] GC(10) Concurrent Mark From Roots 53.957ms
[2021-04-17T02:28:28.956-0700][6.154s] GC(10) Concurrent Preclean
[2021-04-17T02:28:28.956-0700][6.154s] GC(10) Concurrent Preclean 0.639ms
[2021-04-17T02:28:28.956-0700][6.155s] GC(10) Concurrent Mark (6.100s, 6.155s) 54.883ms
[2021-04-17T02:28:28.957-0700][6.155s] GC(10) Pause Remark
[2021-04-17T02:28:28.971-0700][6.169s] GC(10) Cleaned string and symbol table, strings: 21430 processed, 12 removed, symbols: 131884 processed, 26 removed
[2021-04-17T02:28:28.973-0700][6.171s] GC(10) Pause Remark 50M->50M(512M) 16.151ms
[2021-04-17T02:28:28.974-0700][6.172s] GC(10) User=0.03s Sys=0.00s Real=0.01s
[2021-04-17T02:28:28.975-0700][6.173s] GC(10) Concurrent Rebuild Remembered Sets
[2021-04-17T02:28:29.028-0700][6.226s] GC(10) Concurrent Rebuild Remembered Sets 52.845ms
[2021-04-17T02:28:29.031-0700][6.229s] GC(10) Pause Cleanup
[2021-04-17T02:28:29.032-0700][6.230s] GC(10) Pause Cleanup 60M->60M(512M) 1.403ms
[2021-04-17T02:28:29.033-0700][6.232s] GC(10) User=0.00s Sys=0.01s Real=0.00s
[2021-04-17T02:28:29.035-0700][6.233s] GC(10) Concurrent Cleanup for Next Mark
[2021-04-17T02:28:29.037-0700][6.235s] GC(10) Concurrent Cleanup for Next Mark 2.258ms
[2021-04-17T02:28:29.037-0700][6.235s] GC(10) Concurrent Cycle 140.399ms
[2021-04-17T02:29:03.874-0700][41.072s] Heap
[2021-04-17T02:29:03.874-0700][41.072s]  garbage-first heap   total 524288K, used 259311K [0x00000000e0000000, 0x0000000100000000)
[2021-04-17T02:29:03.874-0700][41.072s]   region size 1024K, 221 young (226304K), 12 survivors (12288K)
[2021-04-17T02:29:03.874-0700][41.072s]  Metaspace       used 56359K, capacity 57871K, committed 58160K, reserved 1099776K
[2021-04-17T02:29:03.874-0700][41.072s]   class space    used 6661K, capacity 7262K, committed 7296K, reserved 1048576K
