[2021-04-20T17:05:54.190-0700][0.007s] Heap region size: 1M
[2021-04-20T17:05:54.205-0700][0.022s] Using G1
[2021-04-20T17:05:54.206-0700][0.022s] Heap address: 0x00000000e0000000, size: 512 MB, Compressed Oops mode: 32-bit
[2021-04-20T17:05:54.206-0700][0.022s] Mark closed archive regions in map: [0x00000000fff00000, 0x00000000fff6aff8]
[2021-04-20T17:05:54.206-0700][0.022s] Mark open archive regions in map: [0x00000000ffe00000, 0x00000000ffe46ff8]
[2021-04-20T17:05:54.871-0700][0.688s] GC(0) Pause Young (Normal) (G1 Evacuation Pause)
[2021-04-20T17:05:54.872-0700][0.688s] GC(0) Using 4 workers of 4 for evacuation
[2021-04-20T17:05:54.880-0700][0.696s] GC(0)   Pre Evacuate Collection Set: 0.0ms
[2021-04-20T17:05:54.880-0700][0.696s] GC(0)   Evacuate Collection Set: 7.0ms
[2021-04-20T17:05:54.880-0700][0.696s] GC(0)   Post Evacuate Collection Set: 0.7ms
[2021-04-20T17:05:54.880-0700][0.696s] GC(0)   Other: 0.8ms
[2021-04-20T17:05:54.880-0700][0.696s] GC(0) Eden regions: 25->0(304)
[2021-04-20T17:05:54.880-0700][0.696s] GC(0) Survivor regions: 0->3(4)
[2021-04-20T17:05:54.880-0700][0.696s] GC(0) Old regions: 2->2
[2021-04-20T17:05:54.880-0700][0.696s] GC(0) Humongous regions: 0->0
[2021-04-20T17:05:54.880-0700][0.696s] GC(0) Metaspace: 5190K->5190K(1056768K)
[2021-04-20T17:05:54.880-0700][0.696s] GC(0) Pause Young (Normal) (G1 Evacuation Pause) 25M->2M(512M) 8.737ms
[2021-04-20T17:05:54.880-0700][0.696s] GC(0) User=0.01s Sys=0.01s Real=0.01s
[2021-04-20T17:05:56.649-0700][2.466s] GC(1) Pause Young (Concurrent Start) (Metadata GC Threshold)
[2021-04-20T17:05:56.650-0700][2.466s] GC(1) Using 4 workers of 4 for evacuation
[2021-04-20T17:05:56.683-0700][2.500s] GC(1)   Pre Evacuate Collection Set: 0.1ms
[2021-04-20T17:05:56.683-0700][2.500s] GC(1)   Evacuate Collection Set: 32.3ms
[2021-04-20T17:05:56.683-0700][2.500s] GC(1)   Post Evacuate Collection Set: 1.3ms
[2021-04-20T17:05:56.683-0700][2.500s] GC(1)   Other: 0.2ms
[2021-04-20T17:05:56.683-0700][2.500s] GC(1) Eden regions: 112->0(53)
[2021-04-20T17:05:56.683-0700][2.500s] GC(1) Survivor regions: 3->19(20)
[2021-04-20T17:05:56.683-0700][2.500s] GC(1) Old regions: 2->2
[2021-04-20T17:05:56.683-0700][2.500s] GC(1) Humongous regions: 4->4
[2021-04-20T17:05:56.683-0700][2.500s] GC(1) Metaspace: 20516K->20516K(1069056K)
[2021-04-20T17:05:56.683-0700][2.500s] GC(1) Pause Young (Concurrent Start) (Metadata GC Threshold) 118M->23M(512M) 33.990ms
[2021-04-20T17:05:56.683-0700][2.500s] GC(1) User=0.07s Sys=0.02s Real=0.03s
[2021-04-20T17:05:56.684-0700][2.500s] GC(2) Concurrent Cycle
[2021-04-20T17:05:56.684-0700][2.500s] GC(2) Concurrent Clear Claimed Marks
[2021-04-20T17:05:56.684-0700][2.500s] GC(2) Concurrent Clear Claimed Marks 0.081ms
[2021-04-20T17:05:56.684-0700][2.500s] GC(2) Concurrent Scan Root Regions
[2021-04-20T17:05:56.691-0700][2.508s] GC(2) Concurrent Scan Root Regions 7.750ms
[2021-04-20T17:05:56.691-0700][2.508s] GC(2) Concurrent Mark (2.508s)
[2021-04-20T17:05:56.691-0700][2.508s] GC(2) Concurrent Mark From Roots
[2021-04-20T17:05:56.691-0700][2.508s] GC(2) Using 1 workers of 1 for marking
[2021-04-20T17:05:56.701-0700][2.518s] GC(2) Concurrent Mark From Roots 9.726ms
[2021-04-20T17:05:56.701-0700][2.518s] GC(2) Concurrent Preclean
[2021-04-20T17:05:56.701-0700][2.518s] GC(2) Concurrent Preclean 0.028ms
[2021-04-20T17:05:56.701-0700][2.518s] GC(2) Concurrent Mark (2.508s, 2.518s) 9.833ms
[2021-04-20T17:05:56.703-0700][2.519s] GC(2) Pause Remark
[2021-04-20T17:05:56.706-0700][2.523s] GC(2) Cleaned string and symbol table, strings: 8668 processed, 0 removed, symbols: 61855 processed, 27 removed
[2021-04-20T17:05:56.707-0700][2.523s] GC(2) Pause Remark 23M->23M(512M) 4.077ms
[2021-04-20T17:05:56.707-0700][2.523s] GC(2) User=0.01s Sys=0.00s Real=0.00s
[2021-04-20T17:05:56.707-0700][2.524s] GC(2) Concurrent Rebuild Remembered Sets
[2021-04-20T17:05:56.709-0700][2.526s] GC(2) Concurrent Rebuild Remembered Sets 1.859ms
[2021-04-20T17:05:56.722-0700][2.539s] GC(2) Pause Cleanup
[2021-04-20T17:05:56.723-0700][2.539s] GC(2) Pause Cleanup 23M->23M(512M) 0.235ms
[2021-04-20T17:05:56.723-0700][2.539s] GC(2) User=0.00s Sys=0.00s Real=0.00s
[2021-04-20T17:05:56.723-0700][2.539s] GC(2) Concurrent Cleanup for Next Mark
[2021-04-20T17:05:56.724-0700][2.541s] GC(2) Concurrent Cleanup for Next Mark 1.474ms
[2021-04-20T17:05:56.724-0700][2.541s] GC(2) Concurrent Cycle 40.867ms
[2021-04-20T17:05:57.484-0700][3.301s] GC(3) Pause Young (Normal) (G1 Evacuation Pause)
[2021-04-20T17:05:57.486-0700][3.303s] GC(3) Using 4 workers of 4 for evacuation
[2021-04-20T17:05:57.539-0700][3.356s] GC(3)   Pre Evacuate Collection Set: 0.0ms
[2021-04-20T17:05:57.541-0700][3.358s] GC(3)   Evacuate Collection Set: 49.4ms
[2021-04-20T17:05:57.541-0700][3.358s] GC(3)   Post Evacuate Collection Set: 3.5ms
[2021-04-20T17:05:57.541-0700][3.358s] GC(3)   Other: 2.7ms
[2021-04-20T17:05:57.541-0700][3.358s] GC(3) Eden regions: 42->0(116)
[2021-04-20T17:05:57.541-0700][3.358s] GC(3) Survivor regions: 19->3(8)
[2021-04-20T17:05:57.541-0700][3.358s] GC(3) Old regions: 2->21
[2021-04-20T17:05:57.541-0700][3.358s] GC(3) Humongous regions: 4->4
[2021-04-20T17:05:57.541-0700][3.358s] GC(3) Metaspace: 26252K->26252K(1073152K)
[2021-04-20T17:05:57.541-0700][3.358s] GC(3) Pause Young (Normal) (G1 Evacuation Pause) 65M->25M(512M) 57.422ms
[2021-04-20T17:05:57.541-0700][3.358s] GC(3) User=0.14s Sys=0.04s Real=0.06s
[2021-04-20T17:06:28.616-0700][34.433s] GC(4) Pause Young (Concurrent Start) (Metadata GC Threshold)
[2021-04-20T17:06:28.616-0700][34.433s] GC(4) Using 4 workers of 4 for evacuation
[2021-04-20T17:06:28.632-0700][34.449s] GC(4)   Pre Evacuate Collection Set: 0.1ms
[2021-04-20T17:06:28.632-0700][34.449s] GC(4)   Evacuate Collection Set: 14.7ms
[2021-04-20T17:06:28.632-0700][34.449s] GC(4)   Post Evacuate Collection Set: 1.4ms
[2021-04-20T17:06:28.633-0700][34.449s] GC(4)   Other: 0.2ms
[2021-04-20T17:06:28.633-0700][34.449s] GC(4) Eden regions: 89->0(145)
[2021-04-20T17:06:28.633-0700][34.449s] GC(4) Survivor regions: 3->8(15)
[2021-04-20T17:06:28.633-0700][34.449s] GC(4) Old regions: 21->21
[2021-04-20T17:06:28.633-0700][34.449s] GC(4) Humongous regions: 4->4
[2021-04-20T17:06:28.633-0700][34.449s] GC(4) Metaspace: 34772K->34772K(1081344K)
[2021-04-20T17:06:28.633-0700][34.449s] GC(4) Pause Young (Concurrent Start) (Metadata GC Threshold) 114M->30M(512M) 16.598ms
[2021-04-20T17:06:28.633-0700][34.449s] GC(4) User=0.02s Sys=0.00s Real=0.01s
[2021-04-20T17:06:28.633-0700][34.449s] GC(5) Concurrent Cycle
[2021-04-20T17:06:28.633-0700][34.449s] GC(5) Concurrent Clear Claimed Marks
[2021-04-20T17:06:28.633-0700][34.449s] GC(5) Concurrent Clear Claimed Marks 0.050ms
[2021-04-20T17:06:28.633-0700][34.449s] GC(5) Concurrent Scan Root Regions
[2021-04-20T17:06:28.636-0700][34.453s] GC(5) Concurrent Scan Root Regions 3.469ms
[2021-04-20T17:06:28.636-0700][34.453s] GC(5) Concurrent Mark (34.453s)
[2021-04-20T17:06:28.636-0700][34.453s] GC(5) Concurrent Mark From Roots
[2021-04-20T17:06:28.636-0700][34.453s] GC(5) Using 1 workers of 1 for marking
[2021-04-20T17:06:28.662-0700][34.479s] GC(5) Concurrent Mark From Roots 26.015ms
[2021-04-20T17:06:28.662-0700][34.479s] GC(5) Concurrent Preclean
[2021-04-20T17:06:28.662-0700][34.479s] GC(5) Concurrent Preclean 0.062ms
[2021-04-20T17:06:28.662-0700][34.479s] GC(5) Concurrent Mark (34.453s, 34.479s) 26.149ms
[2021-04-20T17:06:28.663-0700][34.479s] GC(5) Pause Remark
[2021-04-20T17:06:28.671-0700][34.488s] GC(5) Cleaned string and symbol table, strings: 14589 processed, 27 removed, symbols: 101904 processed, 148 removed
[2021-04-20T17:06:28.671-0700][34.488s] GC(5) Pause Remark 32M->32M(512M) 8.559ms
[2021-04-20T17:06:28.671-0700][34.488s] GC(5) User=0.01s Sys=0.00s Real=0.01s
[2021-04-20T17:06:28.671-0700][34.488s] GC(5) Concurrent Rebuild Remembered Sets
[2021-04-20T17:06:28.683-0700][34.500s] GC(5) Concurrent Rebuild Remembered Sets 11.955ms
[2021-04-20T17:06:28.684-0700][34.500s] GC(5) Pause Cleanup
[2021-04-20T17:06:28.684-0700][34.501s] GC(5) Pause Cleanup 34M->34M(512M) 0.196ms
[2021-04-20T17:06:28.684-0700][34.501s] GC(5) User=0.00s Sys=0.00s Real=0.00s
[2021-04-20T17:06:28.684-0700][34.501s] GC(5) Concurrent Cleanup for Next Mark
[2021-04-20T17:06:28.688-0700][34.504s] GC(5) Concurrent Cleanup for Next Mark 3.585ms
[2021-04-20T17:06:28.688-0700][34.504s] GC(5) Concurrent Cycle 55.222ms
[2021-04-20T17:06:29.667-0700][35.484s] GC(6) Pause Young (Normal) (G1 Evacuation Pause)
[2021-04-20T17:06:29.668-0700][35.484s] GC(6) Using 4 workers of 4 for evacuation
[2021-04-20T17:06:29.693-0700][35.509s] GC(6)   Pre Evacuate Collection Set: 0.0ms
[2021-04-20T17:06:29.693-0700][35.509s] GC(6)   Evacuate Collection Set: 23.6ms
[2021-04-20T17:06:29.693-0700][35.509s] GC(6)   Post Evacuate Collection Set: 1.4ms
[2021-04-20T17:06:29.693-0700][35.509s] GC(6)   Other: 0.2ms
[2021-04-20T17:06:29.693-0700][35.509s] GC(6) Eden regions: 145->0(165)
[2021-04-20T17:06:29.693-0700][35.509s] GC(6) Survivor regions: 8->11(20)
[2021-04-20T17:06:29.693-0700][35.509s] GC(6) Old regions: 21->21
[2021-04-20T17:06:29.693-0700][35.509s] GC(6) Humongous regions: 4->4
[2021-04-20T17:06:29.693-0700][35.509s] GC(6) Metaspace: 39816K->39816K(1085440K)
[2021-04-20T17:06:29.693-0700][35.509s] GC(6) Pause Young (Normal) (G1 Evacuation Pause) 175M->33M(512M) 25.348ms
[2021-04-20T17:06:29.693-0700][35.509s] GC(6) User=0.04s Sys=0.02s Real=0.03s
[2021-04-20T17:06:30.853-0700][36.670s] GC(7) Pause Young (Normal) (G1 Evacuation Pause)
[2021-04-20T17:06:30.853-0700][36.670s] GC(7) Using 4 workers of 4 for evacuation
[2021-04-20T17:06:30.892-0700][36.709s] GC(7)   Pre Evacuate Collection Set: 0.0ms
[2021-04-20T17:06:30.892-0700][36.709s] GC(7)   Evacuate Collection Set: 34.9ms
[2021-04-20T17:06:30.892-0700][36.709s] GC(7)   Post Evacuate Collection Set: 3.6ms
[2021-04-20T17:06:30.892-0700][36.709s] GC(7)   Other: 0.2ms
[2021-04-20T17:06:30.892-0700][36.709s] GC(7) Eden regions: 165->0(208)
[2021-04-20T17:06:30.892-0700][36.709s] GC(7) Survivor regions: 11->14(22)
[2021-04-20T17:06:30.892-0700][36.709s] GC(7) Old regions: 21->21
[2021-04-20T17:06:30.892-0700][36.709s] GC(7) Humongous regions: 5->4
[2021-04-20T17:06:30.892-0700][36.709s] GC(7) Metaspace: 43154K->43154K(1089536K)
[2021-04-20T17:06:30.892-0700][36.709s] GC(7) Pause Young (Normal) (G1 Evacuation Pause) 199M->36M(512M) 38.846ms
[2021-04-20T17:06:30.892-0700][36.709s] GC(7) User=0.04s Sys=0.03s Real=0.04s
[2021-04-20T17:06:32.740-0700][38.556s] GC(8) Pause Young (Normal) (G1 Evacuation Pause)
[2021-04-20T17:06:32.740-0700][38.556s] GC(8) Using 4 workers of 4 for evacuation
[2021-04-20T17:06:32.822-0700][38.638s] GC(8)   Pre Evacuate Collection Set: 0.0ms
[2021-04-20T17:06:32.824-0700][38.640s] GC(8)   Evacuate Collection Set: 79.9ms
[2021-04-20T17:06:32.825-0700][38.642s] GC(8)   Post Evacuate Collection Set: 1.8ms
[2021-04-20T17:06:32.825-0700][38.642s] GC(8)   Other: 0.6ms
[2021-04-20T17:06:32.825-0700][38.642s] GC(8) Eden regions: 208->0(286)
[2021-04-20T17:06:32.825-0700][38.642s] GC(8) Survivor regions: 14->21(28)
[2021-04-20T17:06:32.825-0700][38.642s] GC(8) Old regions: 21->21
[2021-04-20T17:06:32.825-0700][38.642s] GC(8) Humongous regions: 4->4
[2021-04-20T17:06:32.825-0700][38.642s] GC(8) Metaspace: 48761K->48761K(1093632K)
[2021-04-20T17:06:32.825-0700][38.642s] GC(8) Pause Young (Normal) (G1 Evacuation Pause) 244M->43M(512M) 85.806ms
[2021-04-20T17:06:32.825-0700][38.642s] GC(8) User=0.16s Sys=0.03s Real=0.08s
[2021-04-20T17:06:34.826-0700][40.642s] GC(9) Pause Young (Normal) (G1 Evacuation Pause)
[2021-04-20T17:06:34.826-0700][40.643s] GC(9) Using 4 workers of 4 for evacuation
[2021-04-20T17:06:34.875-0700][40.692s] GC(9)   Pre Evacuate Collection Set: 0.0ms
[2021-04-20T17:06:34.875-0700][40.692s] GC(9)   Evacuate Collection Set: 47.8ms
[2021-04-20T17:06:34.875-0700][40.692s] GC(9)   Post Evacuate Collection Set: 1.1ms
[2021-04-20T17:06:34.875-0700][40.692s] GC(9)   Other: 0.3ms
[2021-04-20T17:06:34.875-0700][40.692s] GC(9) Eden regions: 286->0(274)
[2021-04-20T17:06:34.875-0700][40.692s] GC(9) Survivor regions: 21->33(39)
[2021-04-20T17:06:34.875-0700][40.692s] GC(9) Old regions: 21->22
[2021-04-20T17:06:34.875-0700][40.692s] GC(9) Humongous regions: 6->5
[2021-04-20T17:06:34.875-0700][40.692s] GC(9) Metaspace: 52766K->52766K(1097728K)
[2021-04-20T17:06:34.875-0700][40.692s] GC(9) Pause Young (Normal) (G1 Evacuation Pause) 331M->57M(512M) 49.420ms
[2021-04-20T17:06:34.875-0700][40.692s] GC(9) User=0.07s Sys=0.06s Real=0.05s
[2021-04-20T17:07:22.506-0700][88.323s] GC(10) Pause Young (Concurrent Start) (Metadata GC Threshold)
[2021-04-20T17:07:22.506-0700][88.323s] GC(10) Using 4 workers of 4 for evacuation
[2021-04-20T17:07:22.568-0700][88.385s] GC(10)   Pre Evacuate Collection Set: 0.9ms
[2021-04-20T17:07:22.568-0700][88.385s] GC(10)   Evacuate Collection Set: 55.3ms
[2021-04-20T17:07:22.568-0700][88.385s] GC(10)   Post Evacuate Collection Set: 6.0ms
[2021-04-20T17:07:22.569-0700][88.385s] GC(10)   Other: 0.3ms
[2021-04-20T17:07:22.569-0700][88.385s] GC(10) Eden regions: 232->0(281)
[2021-04-20T17:07:22.569-0700][88.385s] GC(10) Survivor regions: 33->26(39)
[2021-04-20T17:07:22.569-0700][88.385s] GC(10) Old regions: 22->40
[2021-04-20T17:07:22.569-0700][88.385s] GC(10) Humongous regions: 8->8
[2021-04-20T17:07:22.569-0700][88.385s] GC(10) Metaspace: 58709K->58709K(1101824K)
[2021-04-20T17:07:22.569-0700][88.385s] GC(10) Pause Young (Concurrent Start) (Metadata GC Threshold) 291M->71M(512M) 62.598ms
[2021-04-20T17:07:22.569-0700][88.385s] GC(10) User=0.09s Sys=0.01s Real=0.07s
[2021-04-20T17:07:22.569-0700][88.385s] GC(11) Concurrent Cycle
[2021-04-20T17:07:22.569-0700][88.385s] GC(11) Concurrent Clear Claimed Marks
[2021-04-20T17:07:22.569-0700][88.385s] GC(11) Concurrent Clear Claimed Marks 0.112ms
[2021-04-20T17:07:22.569-0700][88.385s] GC(11) Concurrent Scan Root Regions
[2021-04-20T17:07:22.584-0700][88.400s] GC(11) Concurrent Scan Root Regions 14.821ms
[2021-04-20T17:07:22.584-0700][88.400s] GC(11) Concurrent Mark (88.400s)
[2021-04-20T17:07:22.584-0700][88.400s] GC(11) Concurrent Mark From Roots
[2021-04-20T17:07:22.584-0700][88.400s] GC(11) Using 1 workers of 1 for marking
[2021-04-20T17:07:22.718-0700][88.534s] GC(11) Concurrent Mark From Roots 134.080ms
[2021-04-20T17:07:22.718-0700][88.535s] GC(11) Concurrent Preclean
[2021-04-20T17:07:22.718-0700][88.535s] GC(11) Concurrent Preclean 0.194ms
[2021-04-20T17:07:22.721-0700][88.537s] GC(11) Concurrent Mark (88.400s, 88.537s) 136.854ms
[2021-04-20T17:07:22.722-0700][88.539s] GC(11) Pause Remark
[2021-04-20T17:07:22.750-0700][88.567s] GC(11) Cleaned string and symbol table, strings: 28948 processed, 5 removed, symbols: 156074 processed, 707 removed
[2021-04-20T17:07:22.752-0700][88.569s] GC(11) Pause Remark 73M->73M(512M) 30.421ms
[2021-04-20T17:07:22.753-0700][88.569s] GC(11) User=0.05s Sys=0.00s Real=0.03s
[2021-04-20T17:07:22.755-0700][88.572s] GC(11) Concurrent Rebuild Remembered Sets
[2021-04-20T17:07:22.793-0700][88.610s] GC(11) Concurrent Rebuild Remembered Sets 37.870ms
[2021-04-20T17:07:22.795-0700][88.611s] GC(11) Pause Cleanup
[2021-04-20T17:07:22.798-0700][88.614s] GC(11) Pause Cleanup 73M->73M(512M) 2.981ms
[2021-04-20T17:07:22.798-0700][88.615s] GC(11) User=0.00s Sys=0.00s Real=0.00s
[2021-04-20T17:07:22.802-0700][88.618s] GC(11) Concurrent Cleanup for Next Mark
[2021-04-20T17:07:22.805-0700][88.621s] GC(11) Concurrent Cleanup for Next Mark 2.651ms
[2021-04-20T17:07:22.805-0700][88.621s] GC(11) Concurrent Cycle 235.943ms
