[2021-03-26T12:26:04.291-0700][0.006s] Heap region size: 1M
[2021-03-26T12:26:04.301-0700][0.017s] Using G1
[2021-03-26T12:26:04.301-0700][0.017s] Heap address: 0x00000000e0000000, size: 512 MB, Compressed Oops mode: 32-bit
[2021-03-26T12:26:04.302-0700][0.017s] Mark closed archive regions in map: [0x00000000fff00000, 0x00000000fff6aff8]
[2021-03-26T12:26:04.302-0700][0.017s] Mark open archive regions in map: [0x00000000ffe00000, 0x00000000ffe46ff8]
[2021-03-26T12:26:04.892-0700][0.607s] GC(0) Pause Young (Normal) (G1 Evacuation Pause)
[2021-03-26T12:26:04.892-0700][0.608s] GC(0) Using 4 workers of 4 for evacuation
[2021-03-26T12:26:04.902-0700][0.617s] GC(0)   Pre Evacuate Collection Set: 0.0ms
[2021-03-26T12:26:04.902-0700][0.617s] GC(0)   Evacuate Collection Set: 8.6ms
[2021-03-26T12:26:04.902-0700][0.617s] GC(0)   Post Evacuate Collection Set: 0.6ms
[2021-03-26T12:26:04.902-0700][0.617s] GC(0)   Other: 0.7ms
[2021-03-26T12:26:04.902-0700][0.617s] GC(0) Eden regions: 25->0(304)
[2021-03-26T12:26:04.902-0700][0.617s] GC(0) Survivor regions: 0->3(4)
[2021-03-26T12:26:04.902-0700][0.617s] GC(0) Old regions: 2->2
[2021-03-26T12:26:04.902-0700][0.617s] GC(0) Humongous regions: 0->0
[2021-03-26T12:26:04.902-0700][0.617s] GC(0) Metaspace: 5314K->5314K(1056768K)
[2021-03-26T12:26:04.902-0700][0.617s] GC(0) Pause Young (Normal) (G1 Evacuation Pause) 25M->2M(512M) 9.990ms
[2021-03-26T12:26:04.902-0700][0.617s] GC(0) User=0.02s Sys=0.02s Real=0.02s
[2021-03-26T12:26:06.562-0700][2.277s] GC(1) Pause Young (Concurrent Start) (Metadata GC Threshold)
[2021-03-26T12:26:06.562-0700][2.277s] GC(1) Using 4 workers of 4 for evacuation
[2021-03-26T12:26:06.593-0700][2.308s] GC(1)   Pre Evacuate Collection Set: 0.1ms
[2021-03-26T12:26:06.593-0700][2.308s] GC(1)   Evacuate Collection Set: 29.3ms
[2021-03-26T12:26:06.593-0700][2.308s] GC(1)   Post Evacuate Collection Set: 1.1ms
[2021-03-26T12:26:06.593-0700][2.308s] GC(1)   Other: 0.3ms
[2021-03-26T12:26:06.593-0700][2.308s] GC(1) Eden regions: 107->0(48)
[2021-03-26T12:26:06.593-0700][2.308s] GC(1) Survivor regions: 3->19(21)
[2021-03-26T12:26:06.593-0700][2.308s] GC(1) Old regions: 2->2
[2021-03-26T12:26:06.593-0700][2.308s] GC(1) Humongous regions: 4->4
[2021-03-26T12:26:06.593-0700][2.308s] GC(1) Metaspace: 20505K->20505K(1069056K)
[2021-03-26T12:26:06.593-0700][2.308s] GC(1) Pause Young (Concurrent Start) (Metadata GC Threshold) 113M->23M(512M) 30.920ms
[2021-03-26T12:26:06.593-0700][2.308s] GC(1) User=0.07s Sys=0.01s Real=0.03s
[2021-03-26T12:26:06.593-0700][2.308s] GC(2) Concurrent Cycle
[2021-03-26T12:26:06.593-0700][2.308s] GC(2) Concurrent Clear Claimed Marks
[2021-03-26T12:26:06.593-0700][2.308s] GC(2) Concurrent Clear Claimed Marks 0.088ms
[2021-03-26T12:26:06.593-0700][2.308s] GC(2) Concurrent Scan Root Regions
[2021-03-26T12:26:06.600-0700][2.316s] GC(2) Concurrent Scan Root Regions 7.113ms
[2021-03-26T12:26:06.600-0700][2.316s] GC(2) Concurrent Mark (2.316s)
[2021-03-26T12:26:06.600-0700][2.316s] GC(2) Concurrent Mark From Roots
[2021-03-26T12:26:06.600-0700][2.316s] GC(2) Using 1 workers of 1 for marking
[2021-03-26T12:26:06.606-0700][2.321s] GC(2) Concurrent Mark From Roots 5.642ms
[2021-03-26T12:26:06.606-0700][2.321s] GC(2) Concurrent Preclean
[2021-03-26T12:26:06.606-0700][2.321s] GC(2) Concurrent Preclean 0.026ms
[2021-03-26T12:26:06.606-0700][2.321s] GC(2) Concurrent Mark (2.316s, 2.321s) 5.719ms
[2021-03-26T12:26:06.606-0700][2.321s] GC(2) Pause Remark
[2021-03-26T12:26:06.610-0700][2.325s] GC(2) Cleaned string and symbol table, strings: 8668 processed, 0 removed, symbols: 61879 processed, 35 removed
[2021-03-26T12:26:06.610-0700][2.326s] GC(2) Pause Remark 23M->23M(512M) 4.391ms
[2021-03-26T12:26:06.610-0700][2.326s] GC(2) User=0.01s Sys=0.00s Real=0.00s
[2021-03-26T12:26:06.611-0700][2.326s] GC(2) Concurrent Rebuild Remembered Sets
[2021-03-26T12:26:06.616-0700][2.331s] GC(2) Concurrent Rebuild Remembered Sets 4.702ms
[2021-03-26T12:26:06.618-0700][2.333s] GC(2) Pause Cleanup
[2021-03-26T12:26:06.620-0700][2.336s] GC(2) Pause Cleanup 24M->24M(512M) 2.121ms
[2021-03-26T12:26:06.620-0700][2.336s] GC(2) User=0.00s Sys=0.00s Real=0.00s
[2021-03-26T12:26:06.621-0700][2.336s] GC(2) Concurrent Cleanup for Next Mark
[2021-03-26T12:26:06.624-0700][2.340s] GC(2) Concurrent Cleanup for Next Mark 3.548ms
[2021-03-26T12:26:06.624-0700][2.340s] GC(2) Concurrent Cycle 31.608ms
[2021-03-26T12:26:07.277-0700][2.993s] GC(3) Pause Young (Normal) (G1 Evacuation Pause)
[2021-03-26T12:26:07.277-0700][2.993s] GC(3) Using 4 workers of 4 for evacuation
[2021-03-26T12:26:07.327-0700][3.043s] GC(3)   Pre Evacuate Collection Set: 0.0ms
[2021-03-26T12:26:07.327-0700][3.043s] GC(3)   Evacuate Collection Set: 49.2ms
[2021-03-26T12:26:07.327-0700][3.043s] GC(3)   Post Evacuate Collection Set: 0.7ms
[2021-03-26T12:26:07.327-0700][3.043s] GC(3)   Other: 0.1ms
[2021-03-26T12:26:07.327-0700][3.043s] GC(3) Eden regions: 39->0(106)
[2021-03-26T12:26:07.327-0700][3.043s] GC(3) Survivor regions: 19->3(8)
[2021-03-26T12:26:07.327-0700][3.043s] GC(3) Old regions: 2->20
[2021-03-26T12:26:07.327-0700][3.043s] GC(3) Humongous regions: 4->4
[2021-03-26T12:26:07.327-0700][3.043s] GC(3) Metaspace: 25590K->25590K(1073152K)
[2021-03-26T12:26:07.327-0700][3.043s] GC(3) Pause Young (Normal) (G1 Evacuation Pause) 62M->25M(512M) 50.177ms
[2021-03-26T12:26:07.327-0700][3.043s] GC(3) User=0.15s Sys=0.03s Real=0.05s
[2021-03-26T12:26:08.781-0700][4.496s] GC(4) Pause Young (Concurrent Start) (Metadata GC Threshold)
[2021-03-26T12:26:08.781-0700][4.496s] GC(4) Using 4 workers of 4 for evacuation
[2021-03-26T12:26:08.794-0700][4.509s] GC(4)   Pre Evacuate Collection Set: 0.1ms
[2021-03-26T12:26:08.794-0700][4.509s] GC(4)   Evacuate Collection Set: 7.1ms
[2021-03-26T12:26:08.794-0700][4.509s] GC(4)   Post Evacuate Collection Set: 5.5ms
[2021-03-26T12:26:08.794-0700][4.509s] GC(4)   Other: 0.2ms
[2021-03-26T12:26:08.794-0700][4.509s] GC(4) Eden regions: 90->0(128)
[2021-03-26T12:26:08.794-0700][4.509s] GC(4) Survivor regions: 3->8(14)
[2021-03-26T12:26:08.794-0700][4.509s] GC(4) Old regions: 20->20
[2021-03-26T12:26:08.794-0700][4.509s] GC(4) Humongous regions: 4->4
[2021-03-26T12:26:08.794-0700][4.509s] GC(4) Metaspace: 34814K->34814K(1081344K)
[2021-03-26T12:26:08.794-0700][4.509s] GC(4) Pause Young (Concurrent Start) (Metadata GC Threshold) 114M->30M(512M) 12.999ms
[2021-03-26T12:26:08.794-0700][4.509s] GC(4) User=0.03s Sys=0.01s Real=0.01s
[2021-03-26T12:26:08.794-0700][4.509s] GC(5) Concurrent Cycle
[2021-03-26T12:26:08.794-0700][4.509s] GC(5) Concurrent Clear Claimed Marks
[2021-03-26T12:26:08.794-0700][4.510s] GC(5) Concurrent Clear Claimed Marks 0.113ms
[2021-03-26T12:26:08.794-0700][4.510s] GC(5) Concurrent Scan Root Regions
[2021-03-26T12:26:08.798-0700][4.513s] GC(5) Concurrent Scan Root Regions 3.558ms
[2021-03-26T12:26:08.798-0700][4.513s] GC(5) Concurrent Mark (4.513s)
[2021-03-26T12:26:08.798-0700][4.513s] GC(5) Concurrent Mark From Roots
[2021-03-26T12:26:08.798-0700][4.513s] GC(5) Using 1 workers of 1 for marking
[2021-03-26T12:26:08.820-0700][4.535s] GC(5) Concurrent Mark From Roots 22.092ms
[2021-03-26T12:26:08.820-0700][4.535s] GC(5) Concurrent Preclean
[2021-03-26T12:26:08.820-0700][4.535s] GC(5) Concurrent Preclean 0.075ms
[2021-03-26T12:26:08.820-0700][4.535s] GC(5) Concurrent Mark (4.513s, 4.535s) 22.223ms
[2021-03-26T12:26:08.820-0700][4.536s] GC(5) Pause Remark
[2021-03-26T12:26:08.824-0700][4.540s] GC(5) Cleaned string and symbol table, strings: 14671 processed, 27 removed, symbols: 102376 processed, 148 removed
[2021-03-26T12:26:08.824-0700][4.540s] GC(5) Pause Remark 33M->33M(512M) 4.185ms
[2021-03-26T12:26:08.824-0700][4.540s] GC(5) User=0.01s Sys=0.00s Real=0.00s
[2021-03-26T12:26:08.825-0700][4.540s] GC(5) Concurrent Rebuild Remembered Sets
[2021-03-26T12:26:08.836-0700][4.552s] GC(5) Concurrent Rebuild Remembered Sets 11.907ms
[2021-03-26T12:26:08.837-0700][4.552s] GC(5) Pause Cleanup
[2021-03-26T12:26:08.837-0700][4.552s] GC(5) Pause Cleanup 35M->35M(512M) 0.178ms
[2021-03-26T12:26:08.837-0700][4.552s] GC(5) User=0.00s Sys=0.00s Real=0.00s
[2021-03-26T12:26:08.837-0700][4.552s] GC(5) Concurrent Cleanup for Next Mark
[2021-03-26T12:26:08.838-0700][4.553s] GC(5) Concurrent Cleanup for Next Mark 0.814ms
[2021-03-26T12:26:08.838-0700][4.553s] GC(5) Concurrent Cycle 43.776ms
[2021-03-26T12:26:09.798-0700][5.514s] GC(6) Pause Young (Normal) (G1 Evacuation Pause)
[2021-03-26T12:26:09.798-0700][5.514s] GC(6) Using 4 workers of 4 for evacuation
[2021-03-26T12:26:09.828-0700][5.543s] GC(6)   Pre Evacuate Collection Set: 0.0ms
[2021-03-26T12:26:09.828-0700][5.544s] GC(6)   Evacuate Collection Set: 28.5ms
[2021-03-26T12:26:09.828-0700][5.544s] GC(6)   Post Evacuate Collection Set: 1.2ms
[2021-03-26T12:26:09.828-0700][5.544s] GC(6)   Other: 0.2ms
[2021-03-26T12:26:09.828-0700][5.544s] GC(6) Eden regions: 128->0(138)
[2021-03-26T12:26:09.828-0700][5.544s] GC(6) Survivor regions: 8->15(17)
[2021-03-26T12:26:09.828-0700][5.544s] GC(6) Old regions: 20->20
[2021-03-26T12:26:09.828-0700][5.544s] GC(6) Humongous regions: 7->5
[2021-03-26T12:26:09.828-0700][5.544s] GC(6) Metaspace: 40332K->40332K(1085440K)
[2021-03-26T12:26:09.828-0700][5.544s] GC(6) Pause Young (Normal) (G1 Evacuation Pause) 161M->38M(512M) 30.058ms
[2021-03-26T12:26:09.828-0700][5.544s] GC(6) User=0.05s Sys=0.03s Real=0.03s
[2021-03-26T12:26:10.955-0700][6.670s] GC(7) Pause Young (Normal) (G1 Evacuation Pause)
[2021-03-26T12:26:10.955-0700][6.670s] GC(7) Using 4 workers of 4 for evacuation
[2021-03-26T12:26:10.986-0700][6.701s] GC(7)   Pre Evacuate Collection Set: 0.0ms
[2021-03-26T12:26:10.986-0700][6.702s] GC(7)   Evacuate Collection Set: 28.1ms
[2021-03-26T12:26:10.986-0700][6.702s] GC(7)   Post Evacuate Collection Set: 2.5ms
[2021-03-26T12:26:10.986-0700][6.702s] GC(7)   Other: 0.6ms
[2021-03-26T12:26:10.986-0700][6.702s] GC(7) Eden regions: 138->0(242)
[2021-03-26T12:26:10.986-0700][6.702s] GC(7) Survivor regions: 15->10(20)
[2021-03-26T12:26:10.986-0700][6.702s] GC(7) Old regions: 20->28
[2021-03-26T12:26:10.986-0700][6.702s] GC(7) Humongous regions: 5->5
[2021-03-26T12:26:10.986-0700][6.702s] GC(7) Metaspace: 44367K->44367K(1089536K)
[2021-03-26T12:26:10.986-0700][6.702s] GC(7) Pause Young (Normal) (G1 Evacuation Pause) 176M->41M(512M) 31.334ms
[2021-03-26T12:26:10.986-0700][6.702s] GC(7) User=0.08s Sys=0.02s Real=0.03s
[2021-03-26T12:26:19.052-0700][14.768s] GC(8) Pause Young (Normal) (G1 Evacuation Pause)
[2021-03-26T12:26:19.052-0700][14.768s] GC(8) Using 4 workers of 4 for evacuation
[2021-03-26T12:26:19.090-0700][14.806s] GC(8)   Pre Evacuate Collection Set: 0.0ms
[2021-03-26T12:26:19.091-0700][14.806s] GC(8)   Evacuate Collection Set: 20.1ms
[2021-03-26T12:26:19.091-0700][14.806s] GC(8)   Post Evacuate Collection Set: 17.7ms
[2021-03-26T12:26:19.091-0700][14.806s] GC(8)   Other: 0.2ms
[2021-03-26T12:26:19.091-0700][14.806s] GC(8) Eden regions: 242->0(290)
[2021-03-26T12:26:19.091-0700][14.806s] GC(8) Survivor regions: 10->17(32)
[2021-03-26T12:26:19.091-0700][14.806s] GC(8) Old regions: 28->28
[2021-03-26T12:26:19.091-0700][14.806s] GC(8) Humongous regions: 8->8
[2021-03-26T12:26:19.091-0700][14.806s] GC(8) Metaspace: 54961K->54961K(1099776K)
[2021-03-26T12:26:19.091-0700][14.806s] GC(8) Pause Young (Normal) (G1 Evacuation Pause) 286M->51M(512M) 38.194ms
[2021-03-26T12:26:19.091-0700][14.806s] GC(8) User=0.09s Sys=0.01s Real=0.03s
[2021-03-26T12:26:28.821-0700][24.536s] GC(9) Pause Young (Normal) (G1 Evacuation Pause)
[2021-03-26T12:26:28.821-0700][24.536s] GC(9) Using 4 workers of 4 for evacuation
[2021-03-26T12:26:28.889-0700][24.605s] GC(9)   Pre Evacuate Collection Set: 0.0ms
[2021-03-26T12:26:28.889-0700][24.605s] GC(9)   Evacuate Collection Set: 67.6ms
[2021-03-26T12:26:28.889-0700][24.605s] GC(9)   Post Evacuate Collection Set: 0.9ms
[2021-03-26T12:26:28.889-0700][24.605s] GC(9)   Other: 0.3ms
[2021-03-26T12:26:28.889-0700][24.605s] GC(9) Eden regions: 290->0(273)
[2021-03-26T12:26:28.889-0700][24.605s] GC(9) Survivor regions: 17->34(39)
[2021-03-26T12:26:28.889-0700][24.605s] GC(9) Old regions: 28->28
[2021-03-26T12:26:28.889-0700][24.605s] GC(9) Humongous regions: 8->8
[2021-03-26T12:26:28.889-0700][24.605s] GC(9) Metaspace: 56960K->56960K(1101824K)
[2021-03-26T12:26:28.889-0700][24.605s] GC(9) Pause Young (Normal) (G1 Evacuation Pause) 341M->68M(512M) 68.912ms
[2021-03-26T12:26:28.889-0700][24.605s] GC(9) User=0.13s Sys=0.03s Real=0.06s
[2021-03-26T12:26:37.155-0700][32.871s] GC(10) Pause Young (Normal) (G1 Evacuation Pause)
[2021-03-26T12:26:37.155-0700][32.871s] GC(10) Using 4 workers of 4 for evacuation
[2021-03-26T12:26:37.203-0700][32.918s] GC(10)   Pre Evacuate Collection Set: 0.1ms
[2021-03-26T12:26:37.203-0700][32.918s] GC(10)   Evacuate Collection Set: 45.5ms
[2021-03-26T12:26:37.203-0700][32.918s] GC(10)   Post Evacuate Collection Set: 2.1ms
[2021-03-26T12:26:37.203-0700][32.918s] GC(10)   Other: 0.2ms
[2021-03-26T12:26:37.203-0700][32.918s] GC(10) Eden regions: 273->0(276)
[2021-03-26T12:26:37.203-0700][32.918s] GC(10) Survivor regions: 34->31(39)
[2021-03-26T12:26:37.203-0700][32.918s] GC(10) Old regions: 28->44
[2021-03-26T12:26:37.203-0700][32.918s] GC(10) Humongous regions: 8->8
[2021-03-26T12:26:37.203-0700][32.918s] GC(10) Metaspace: 57631K->57631K(1101824K)
[2021-03-26T12:26:37.203-0700][32.918s] GC(10) Pause Young (Normal) (G1 Evacuation Pause) 341M->81M(512M) 47.949ms
[2021-03-26T12:26:37.203-0700][32.918s] GC(10) User=0.10s Sys=0.02s Real=0.05s
[2021-03-26T12:26:47.609-0700][43.324s] GC(11) Pause Young (Concurrent Start) (Metadata GC Threshold)
[2021-03-26T12:26:47.609-0700][43.324s] GC(11) Using 4 workers of 4 for evacuation
[2021-03-26T12:26:47.659-0700][43.375s] GC(11)   Pre Evacuate Collection Set: 0.3ms
[2021-03-26T12:26:47.659-0700][43.375s] GC(11)   Evacuate Collection Set: 48.9ms
[2021-03-26T12:26:47.659-0700][43.375s] GC(11)   Post Evacuate Collection Set: 0.8ms
[2021-03-26T12:26:47.659-0700][43.375s] GC(11)   Other: 0.4ms
[2021-03-26T12:26:47.659-0700][43.375s] GC(11) Eden regions: 164->0(286)
[2021-03-26T12:26:47.659-0700][43.375s] GC(11) Survivor regions: 31->21(39)
[2021-03-26T12:26:47.659-0700][43.375s] GC(11) Old regions: 44->59
[2021-03-26T12:26:47.659-0700][43.375s] GC(11) Humongous regions: 8->8
[2021-03-26T12:26:47.659-0700][43.375s] GC(11) Metaspace: 58663K->58663K(1101824K)
[2021-03-26T12:26:47.659-0700][43.375s] GC(11) Pause Young (Concurrent Start) (Metadata GC Threshold) 244M->86M(512M) 50.389ms
[2021-03-26T12:26:47.659-0700][43.375s] GC(11) User=0.10s Sys=0.02s Real=0.05s
[2021-03-26T12:26:47.659-0700][43.375s] GC(12) Concurrent Cycle
[2021-03-26T12:26:47.659-0700][43.375s] GC(12) Concurrent Clear Claimed Marks
[2021-03-26T12:26:47.660-0700][43.375s] GC(12) Concurrent Clear Claimed Marks 0.257ms
[2021-03-26T12:26:47.660-0700][43.375s] GC(12) Concurrent Scan Root Regions
[2021-03-26T12:26:47.669-0700][43.385s] GC(12) Concurrent Scan Root Regions 9.697ms
[2021-03-26T12:26:47.669-0700][43.385s] GC(12) Concurrent Mark (43.385s)
[2021-03-26T12:26:47.669-0700][43.385s] GC(12) Concurrent Mark From Roots
[2021-03-26T12:26:47.669-0700][43.385s] GC(12) Using 1 workers of 1 for marking
[2021-03-26T12:26:47.786-0700][43.501s] GC(12) Concurrent Mark From Roots 116.085ms
[2021-03-26T12:26:47.786-0700][43.501s] GC(12) Concurrent Preclean
[2021-03-26T12:26:47.786-0700][43.501s] GC(12) Concurrent Preclean 0.171ms
[2021-03-26T12:26:47.786-0700][43.501s] GC(12) Concurrent Mark (43.385s, 43.501s) 116.341ms
[2021-03-26T12:26:47.788-0700][43.503s] GC(12) Pause Remark
[2021-03-26T12:26:47.803-0700][43.519s] GC(12) Cleaned string and symbol table, strings: 28990 processed, 38 removed, symbols: 157389 processed, 707 removed
[2021-03-26T12:26:47.804-0700][43.519s] GC(12) Pause Remark 95M->95M(512M) 16.235ms
[2021-03-26T12:26:47.804-0700][43.520s] GC(12) User=0.05s Sys=0.00s Real=0.02s
[2021-03-26T12:26:47.804-0700][43.520s] GC(12) Concurrent Rebuild Remembered Sets
[2021-03-26T12:26:47.847-0700][43.563s] GC(12) Concurrent Rebuild Remembered Sets 42.887ms
[2021-03-26T12:26:47.848-0700][43.563s] GC(12) Pause Cleanup
[2021-03-26T12:26:47.848-0700][43.563s] GC(12) Pause Cleanup 97M->97M(512M) 0.173ms
[2021-03-26T12:26:47.848-0700][43.563s] GC(12) User=0.00s Sys=0.00s Real=0.00s
[2021-03-26T12:26:47.848-0700][43.563s] GC(12) Concurrent Cleanup for Next Mark
[2021-03-26T12:26:47.849-0700][43.565s] GC(12) Concurrent Cleanup for Next Mark 1.547ms
[2021-03-26T12:26:47.850-0700][43.565s] GC(12) Concurrent Cycle 190.182ms
[2021-03-26T12:26:50.663-0700][46.379s] GC(13) Pause Young (Concurrent Start) (G1 Evacuation Pause)
[2021-03-26T12:26:50.663-0700][46.379s] GC(13) Using 4 workers of 4 for evacuation
[2021-03-26T12:26:50.716-0700][46.432s] GC(13)   Pre Evacuate Collection Set: 0.2ms
[2021-03-26T12:26:50.716-0700][46.432s] GC(13)   Evacuate Collection Set: 49.2ms
[2021-03-26T12:26:50.716-0700][46.432s] GC(13)   Post Evacuate Collection Set: 3.5ms
[2021-03-26T12:26:50.716-0700][46.432s] GC(13)   Other: 0.3ms
[2021-03-26T12:26:50.716-0700][46.432s] GC(13) Eden regions: 286->0(279)
[2021-03-26T12:26:50.716-0700][46.432s] GC(13) Survivor regions: 21->28(39)
[2021-03-26T12:26:50.716-0700][46.432s] GC(13) Old regions: 59->59
[2021-03-26T12:26:50.716-0700][46.432s] GC(13) Humongous regions: 8->8
[2021-03-26T12:26:50.716-0700][46.432s] GC(13) Metaspace: 61939K->61939K(1105920K)
[2021-03-26T12:26:50.716-0700][46.432s] GC(13) Pause Young (Concurrent Start) (G1 Evacuation Pause) 372M->93M(512M) 53.294ms
[2021-03-26T12:26:50.716-0700][46.432s] GC(13) User=0.11s Sys=0.00s Real=0.05s
[2021-03-26T12:26:50.716-0700][46.432s] GC(14) Concurrent Cycle
[2021-03-26T12:26:50.716-0700][46.432s] GC(14) Concurrent Clear Claimed Marks
[2021-03-26T12:26:50.717-0700][46.432s] GC(14) Concurrent Clear Claimed Marks 0.218ms
[2021-03-26T12:26:50.717-0700][46.432s] GC(14) Concurrent Scan Root Regions
[2021-03-26T12:26:50.727-0700][46.442s] GC(14) Concurrent Scan Root Regions 10.231ms
[2021-03-26T12:26:50.727-0700][46.442s] GC(14) Concurrent Mark (46.442s)
[2021-03-26T12:26:50.727-0700][46.442s] GC(14) Concurrent Mark From Roots
[2021-03-26T12:26:50.727-0700][46.442s] GC(14) Using 1 workers of 1 for marking
[2021-03-26T12:26:50.880-0700][46.595s] GC(14) Concurrent Mark From Roots 152.544ms
[2021-03-26T12:26:50.880-0700][46.595s] GC(14) Concurrent Preclean
[2021-03-26T12:26:50.880-0700][46.595s] GC(14) Concurrent Preclean 0.193ms
[2021-03-26T12:26:50.880-0700][46.595s] GC(14) Concurrent Mark (46.442s, 46.595s) 152.816ms
[2021-03-26T12:26:50.882-0700][46.598s] GC(14) Pause Remark
[2021-03-26T12:26:50.910-0700][46.625s] GC(14) Cleaned string and symbol table, strings: 30038 processed, 11 removed, symbols: 157775 processed, 32 removed
[2021-03-26T12:26:50.910-0700][46.625s] GC(14) Pause Remark 110M->110M(512M) 27.404ms
[2021-03-26T12:26:50.910-0700][46.625s] GC(14) User=0.07s Sys=0.00s Real=0.02s
[2021-03-26T12:26:50.910-0700][46.625s] GC(14) Concurrent Rebuild Remembered Sets
[2021-03-26T12:26:51.039-0700][46.755s] GC(14) Concurrent Rebuild Remembered Sets 129.312ms
[2021-03-26T12:26:51.040-0700][46.755s] GC(14) Pause Cleanup
[2021-03-26T12:26:51.040-0700][46.755s] GC(14) Pause Cleanup 121M->121M(512M) 0.192ms
[2021-03-26T12:26:51.040-0700][46.755s] GC(14) User=0.00s Sys=0.00s Real=0.00s
[2021-03-26T12:26:51.040-0700][46.756s] GC(14) Concurrent Cleanup for Next Mark
[2021-03-26T12:26:51.057-0700][46.773s] GC(14) Concurrent Cleanup for Next Mark 17.246ms
[2021-03-26T12:26:51.057-0700][46.773s] GC(14) Concurrent Cycle 340.937ms
[2021-03-26T12:26:53.095-0700][48.810s] GC(15) Pause Young (Normal) (G1 Evacuation Pause)
[2021-03-26T12:26:53.095-0700][48.810s] GC(15) Using 4 workers of 4 for evacuation
[2021-03-26T12:26:53.121-0700][48.837s] GC(15)   Pre Evacuate Collection Set: 0.0ms
[2021-03-26T12:26:53.121-0700][48.837s] GC(15)   Evacuate Collection Set: 25.2ms
[2021-03-26T12:26:53.121-0700][48.837s] GC(15)   Post Evacuate Collection Set: 0.7ms
[2021-03-26T12:26:53.121-0700][48.837s] GC(15)   Other: 0.2ms
[2021-03-26T12:26:53.121-0700][48.837s] GC(15) Eden regions: 279->0(279)
[2021-03-26T12:26:53.121-0700][48.837s] GC(15) Survivor regions: 28->28(39)
[2021-03-26T12:26:53.121-0700][48.837s] GC(15) Old regions: 59->68
[2021-03-26T12:26:53.121-0700][48.837s] GC(15) Humongous regions: 8->8
[2021-03-26T12:26:53.121-0700][48.837s] GC(15) Metaspace: 62021K->62021K(1105920K)
[2021-03-26T12:26:53.121-0700][48.837s] GC(15) Pause Young (Normal) (G1 Evacuation Pause) 372M->102M(512M) 26.273ms
[2021-03-26T12:26:53.121-0700][48.837s] GC(15) User=0.07s Sys=0.00s Real=0.03s
[2021-03-26T12:26:56.559-0700][52.274s] GC(16) Pause Young (Normal) (G1 Evacuation Pause)
[2021-03-26T12:26:56.559-0700][52.274s] GC(16) Using 4 workers of 4 for evacuation
[2021-03-26T12:26:56.600-0700][52.316s] GC(16)   Pre Evacuate Collection Set: 0.0ms
[2021-03-26T12:26:56.600-0700][52.316s] GC(16)   Evacuate Collection Set: 26.7ms
[2021-03-26T12:26:56.600-0700][52.316s] GC(16)   Post Evacuate Collection Set: 14.5ms
[2021-03-26T12:26:56.600-0700][52.316s] GC(16)   Other: 0.3ms
[2021-03-26T12:26:56.600-0700][52.316s] GC(16) Eden regions: 279->0(292)
[2021-03-26T12:26:56.600-0700][52.316s] GC(16) Survivor regions: 28->15(39)
[2021-03-26T12:26:56.600-0700][52.316s] GC(16) Old regions: 68->77
[2021-03-26T12:26:56.601-0700][52.316s] GC(16) Humongous regions: 8->8
[2021-03-26T12:26:56.601-0700][52.316s] GC(16) Metaspace: 63246K->63246K(1105920K)
[2021-03-26T12:26:56.601-0700][52.316s] GC(16) Pause Young (Normal) (G1 Evacuation Pause) 381M->97M(512M) 41.588ms
[2021-03-26T12:26:56.601-0700][52.316s] GC(16) User=0.10s Sys=0.00s Real=0.05s
[2021-03-26T12:28:55.109-0700][170.825s] GC(17) Pause Young (Normal) (G1 Evacuation Pause)
[2021-03-26T12:28:55.109-0700][170.825s] GC(17) Using 4 workers of 4 for evacuation
[2021-03-26T12:28:55.118-0700][170.834s] GC(17)   Pre Evacuate Collection Set: 0.0ms
[2021-03-26T12:28:55.118-0700][170.834s] GC(17)   Evacuate Collection Set: 7.7ms
[2021-03-26T12:28:55.118-0700][170.834s] GC(17)   Post Evacuate Collection Set: 0.9ms
[2021-03-26T12:28:55.118-0700][170.834s] GC(17)   Other: 0.3ms
[2021-03-26T12:28:55.118-0700][170.834s] GC(17) Eden regions: 292->0(293)
[2021-03-26T12:28:55.118-0700][170.834s] GC(17) Survivor regions: 15->14(39)
[2021-03-26T12:28:55.118-0700][170.834s] GC(17) Old regions: 77->77
[2021-03-26T12:28:55.118-0700][170.834s] GC(17) Humongous regions: 17->8
[2021-03-26T12:28:55.118-0700][170.834s] GC(17) Metaspace: 64572K->64572K(1107968K)
[2021-03-26T12:28:55.118-0700][170.834s] GC(17) Pause Young (Normal) (G1 Evacuation Pause) 398M->96M(512M) 9.049ms
[2021-03-26T12:28:55.118-0700][170.834s] GC(17) User=0.03s Sys=0.00s Real=0.01s
