[2021-03-29T12:51:15.560-0700][0.008s] Heap region size: 1M
[2021-03-29T12:51:15.574-0700][0.021s] Using G1
[2021-03-29T12:51:15.574-0700][0.022s] Heap address: 0x00000000e0000000, size: 512 MB, Compressed Oops mode: 32-bit
[2021-03-29T12:51:15.574-0700][0.022s] Mark closed archive regions in map: [0x00000000fff00000, 0x00000000fff6aff8]
[2021-03-29T12:51:15.574-0700][0.022s] Mark open archive regions in map: [0x00000000ffe00000, 0x00000000ffe46ff8]
[2021-03-29T12:51:16.165-0700][0.612s] GC(0) Pause Young (Normal) (G1 Evacuation Pause)
[2021-03-29T12:51:16.165-0700][0.613s] GC(0) Using 4 workers of 4 for evacuation
[2021-03-29T12:51:16.172-0700][0.620s] GC(0)   Pre Evacuate Collection Set: 0.0ms
[2021-03-29T12:51:16.172-0700][0.620s] GC(0)   Evacuate Collection Set: 6.3ms
[2021-03-29T12:51:16.172-0700][0.620s] GC(0)   Post Evacuate Collection Set: 0.5ms
[2021-03-29T12:51:16.172-0700][0.620s] GC(0)   Other: 0.5ms
[2021-03-29T12:51:16.172-0700][0.620s] GC(0) Eden regions: 25->0(304)
[2021-03-29T12:51:16.172-0700][0.620s] GC(0) Survivor regions: 0->3(4)
[2021-03-29T12:51:16.172-0700][0.620s] GC(0) Old regions: 2->2
[2021-03-29T12:51:16.172-0700][0.620s] GC(0) Humongous regions: 0->0
[2021-03-29T12:51:16.172-0700][0.620s] GC(0) Metaspace: 5204K->5204K(1056768K)
[2021-03-29T12:51:16.172-0700][0.620s] GC(0) Pause Young (Normal) (G1 Evacuation Pause) 25M->2M(512M) 7.411ms
[2021-03-29T12:51:16.172-0700][0.620s] GC(0) User=0.02s Sys=0.00s Real=0.00s
[2021-03-29T12:51:17.748-0700][2.196s] GC(1) Pause Young (Concurrent Start) (Metadata GC Threshold)
[2021-03-29T12:51:17.748-0700][2.196s] GC(1) Using 4 workers of 4 for evacuation
[2021-03-29T12:51:17.776-0700][2.224s] GC(1)   Pre Evacuate Collection Set: 0.1ms
[2021-03-29T12:51:17.776-0700][2.224s] GC(1)   Evacuate Collection Set: 26.8ms
[2021-03-29T12:51:17.776-0700][2.224s] GC(1)   Post Evacuate Collection Set: 1.1ms
[2021-03-29T12:51:17.776-0700][2.224s] GC(1)   Other: 0.2ms
[2021-03-29T12:51:17.776-0700][2.224s] GC(1) Eden regions: 112->0(51)
[2021-03-29T12:51:17.776-0700][2.224s] GC(1) Survivor regions: 3->19(27)
[2021-03-29T12:51:17.776-0700][2.224s] GC(1) Old regions: 2->2
[2021-03-29T12:51:17.776-0700][2.224s] GC(1) Humongous regions: 4->4
[2021-03-29T12:51:17.776-0700][2.224s] GC(1) Metaspace: 20399K->20399K(1069056K)
[2021-03-29T12:51:17.777-0700][2.224s] GC(1) Pause Young (Concurrent Start) (Metadata GC Threshold) 118M->23M(512M) 28.246ms
[2021-03-29T12:51:17.777-0700][2.224s] GC(1) User=0.06s Sys=0.02s Real=0.03s
[2021-03-29T12:51:17.777-0700][2.224s] GC(2) Concurrent Cycle
[2021-03-29T12:51:17.777-0700][2.224s] GC(2) Concurrent Clear Claimed Marks
[2021-03-29T12:51:17.777-0700][2.224s] GC(2) Concurrent Clear Claimed Marks 0.064ms
[2021-03-29T12:51:17.777-0700][2.224s] GC(2) Concurrent Scan Root Regions
[2021-03-29T12:51:17.783-0700][2.231s] GC(2) Concurrent Scan Root Regions 6.379ms
[2021-03-29T12:51:17.783-0700][2.231s] GC(2) Concurrent Mark (2.231s)
[2021-03-29T12:51:17.783-0700][2.231s] GC(2) Concurrent Mark From Roots
[2021-03-29T12:51:17.783-0700][2.231s] GC(2) Using 1 workers of 1 for marking
[2021-03-29T12:51:17.787-0700][2.235s] GC(2) Concurrent Mark From Roots 4.063ms
[2021-03-29T12:51:17.787-0700][2.235s] GC(2) Concurrent Preclean
[2021-03-29T12:51:17.787-0700][2.235s] GC(2) Concurrent Preclean 0.032ms
[2021-03-29T12:51:17.787-0700][2.235s] GC(2) Concurrent Mark (2.231s, 2.235s) 4.143ms
[2021-03-29T12:51:17.789-0700][2.237s] GC(2) Pause Remark
[2021-03-29T12:51:17.792-0700][2.240s] GC(2) Cleaned string and symbol table, strings: 8661 processed, 0 removed, symbols: 61836 processed, 27 removed
[2021-03-29T12:51:17.793-0700][2.240s] GC(2) Pause Remark 24M->24M(512M) 3.190ms
[2021-03-29T12:51:17.793-0700][2.240s] GC(2) User=0.01s Sys=0.00s Real=0.00s
[2021-03-29T12:51:17.793-0700][2.241s] GC(2) Concurrent Rebuild Remembered Sets
[2021-03-29T12:51:17.795-0700][2.242s] GC(2) Concurrent Rebuild Remembered Sets 1.560ms
[2021-03-29T12:51:17.796-0700][2.244s] GC(2) Pause Cleanup
[2021-03-29T12:51:17.796-0700][2.244s] GC(2) Pause Cleanup 24M->24M(512M) 0.138ms
[2021-03-29T12:51:17.796-0700][2.244s] GC(2) User=0.00s Sys=0.00s Real=0.00s
[2021-03-29T12:51:17.796-0700][2.244s] GC(2) Concurrent Cleanup for Next Mark
[2021-03-29T12:51:17.797-0700][2.245s] GC(2) Concurrent Cleanup for Next Mark 1.063ms
[2021-03-29T12:51:17.797-0700][2.245s] GC(2) Concurrent Cycle 20.659ms
[2021-03-29T12:51:18.444-0700][2.892s] GC(3) Pause Young (Normal) (G1 Evacuation Pause)
[2021-03-29T12:51:18.444-0700][2.892s] GC(3) Using 4 workers of 4 for evacuation
[2021-03-29T12:51:18.479-0700][2.926s] GC(3)   Pre Evacuate Collection Set: 0.0ms
[2021-03-29T12:51:18.479-0700][2.926s] GC(3)   Evacuate Collection Set: 33.4ms
[2021-03-29T12:51:18.479-0700][2.926s] GC(3)   Post Evacuate Collection Set: 0.5ms
[2021-03-29T12:51:18.479-0700][2.926s] GC(3)   Other: 0.2ms
[2021-03-29T12:51:18.479-0700][2.926s] GC(3) Eden regions: 41->0(84)
[2021-03-29T12:51:18.479-0700][2.926s] GC(3) Survivor regions: 19->2(8)
[2021-03-29T12:51:18.479-0700][2.926s] GC(3) Old regions: 2->21
[2021-03-29T12:51:18.479-0700][2.926s] GC(3) Humongous regions: 4->4
[2021-03-29T12:51:18.479-0700][2.926s] GC(3) Metaspace: 23568K->23568K(1071104K)
[2021-03-29T12:51:18.479-0700][2.926s] GC(3) Pause Young (Normal) (G1 Evacuation Pause) 64M->24M(512M) 34.247ms
[2021-03-29T12:51:18.479-0700][2.926s] GC(3) User=0.07s Sys=0.02s Real=0.03s
[2021-03-29T12:51:50.448-0700][34.895s] GC(4) Pause Young (Normal) (G1 Evacuation Pause)
[2021-03-29T12:51:50.448-0700][34.895s] GC(4) Using 4 workers of 4 for evacuation
[2021-03-29T12:51:50.453-0700][34.900s] GC(4)   Pre Evacuate Collection Set: 0.0ms
[2021-03-29T12:51:50.453-0700][34.900s] GC(4)   Evacuate Collection Set: 4.3ms
[2021-03-29T12:51:50.453-0700][34.900s] GC(4)   Post Evacuate Collection Set: 0.6ms
[2021-03-29T12:51:50.453-0700][34.900s] GC(4)   Other: 0.2ms
[2021-03-29T12:51:50.453-0700][34.900s] GC(4) Eden regions: 84->0(124)
[2021-03-29T12:51:50.453-0700][34.900s] GC(4) Survivor regions: 2->8(11)
[2021-03-29T12:51:50.453-0700][34.900s] GC(4) Old regions: 21->21
[2021-03-29T12:51:50.453-0700][34.901s] GC(4) Humongous regions: 4->4
[2021-03-29T12:51:50.453-0700][34.901s] GC(4) Metaspace: 33322K->33322K(1079296K)
[2021-03-29T12:51:50.453-0700][34.901s] GC(4) Pause Young (Normal) (G1 Evacuation Pause) 108M->30M(512M) 5.131ms
[2021-03-29T12:51:50.453-0700][34.901s] GC(4) User=0.02s Sys=0.01s Real=0.00s
[2021-03-29T12:51:50.619-0700][35.067s] GC(5) Pause Young (Concurrent Start) (Metadata GC Threshold)
[2021-03-29T12:51:50.619-0700][35.067s] GC(5) Using 4 workers of 4 for evacuation
[2021-03-29T12:51:50.625-0700][35.073s] GC(5)   Pre Evacuate Collection Set: 0.1ms
[2021-03-29T12:51:50.625-0700][35.073s] GC(5)   Evacuate Collection Set: 5.4ms
[2021-03-29T12:51:50.625-0700][35.073s] GC(5)   Post Evacuate Collection Set: 0.4ms
[2021-03-29T12:51:50.625-0700][35.073s] GC(5)   Other: 0.2ms
[2021-03-29T12:51:50.625-0700][35.073s] GC(5) Eden regions: 24->0(119)
[2021-03-29T12:51:50.625-0700][35.073s] GC(5) Survivor regions: 8->9(17)
[2021-03-29T12:51:50.625-0700][35.073s] GC(5) Old regions: 21->21
[2021-03-29T12:51:50.625-0700][35.073s] GC(5) Humongous regions: 4->4
[2021-03-29T12:51:50.625-0700][35.073s] GC(5) Metaspace: 34912K->34912K(1081344K)
[2021-03-29T12:51:50.625-0700][35.073s] GC(5) Pause Young (Concurrent Start) (Metadata GC Threshold) 54M->31M(512M) 6.255ms
[2021-03-29T12:51:50.625-0700][35.073s] GC(5) User=0.02s Sys=0.00s Real=0.01s
[2021-03-29T12:51:50.625-0700][35.073s] GC(6) Concurrent Cycle
[2021-03-29T12:51:50.625-0700][35.073s] GC(6) Concurrent Clear Claimed Marks
[2021-03-29T12:51:50.625-0700][35.073s] GC(6) Concurrent Clear Claimed Marks 0.033ms
[2021-03-29T12:51:50.625-0700][35.073s] GC(6) Concurrent Scan Root Regions
[2021-03-29T12:51:50.629-0700][35.076s] GC(6) Concurrent Scan Root Regions 3.280ms
[2021-03-29T12:51:50.629-0700][35.076s] GC(6) Concurrent Mark (35.076s)
[2021-03-29T12:51:50.629-0700][35.077s] GC(6) Concurrent Mark From Roots
[2021-03-29T12:51:50.629-0700][35.077s] GC(6) Using 1 workers of 1 for marking
[2021-03-29T12:51:50.654-0700][35.102s] GC(6) Concurrent Mark From Roots 25.414ms
[2021-03-29T12:51:50.654-0700][35.102s] GC(6) Concurrent Preclean
[2021-03-29T12:51:50.654-0700][35.102s] GC(6) Concurrent Preclean 0.107ms
[2021-03-29T12:51:50.654-0700][35.102s] GC(6) Concurrent Mark (35.076s, 35.102s) 25.601ms
[2021-03-29T12:51:50.655-0700][35.102s] GC(6) Pause Remark
[2021-03-29T12:51:50.659-0700][35.107s] GC(6) Cleaned string and symbol table, strings: 14664 processed, 27 removed, symbols: 102211 processed, 148 removed
[2021-03-29T12:51:50.659-0700][35.107s] GC(6) Pause Remark 33M->33M(512M) 4.754ms
[2021-03-29T12:51:50.659-0700][35.107s] GC(6) User=0.02s Sys=0.00s Real=0.01s
[2021-03-29T12:51:50.659-0700][35.107s] GC(6) Concurrent Rebuild Remembered Sets
[2021-03-29T12:51:50.671-0700][35.119s] GC(6) Concurrent Rebuild Remembered Sets 11.965ms
[2021-03-29T12:51:50.672-0700][35.120s] GC(6) Pause Cleanup
[2021-03-29T12:51:50.673-0700][35.120s] GC(6) Pause Cleanup 34M->34M(512M) 0.195ms
[2021-03-29T12:51:50.673-0700][35.120s] GC(6) User=0.01s Sys=0.00s Real=0.00s
[2021-03-29T12:51:50.673-0700][35.120s] GC(6) Concurrent Cleanup for Next Mark
[2021-03-29T12:51:50.675-0700][35.123s] GC(6) Concurrent Cleanup for Next Mark 2.215ms
[2021-03-29T12:51:50.675-0700][35.123s] GC(6) Concurrent Cycle 49.698ms
[2021-03-29T12:51:51.212-0700][35.660s] GC(7) Pause Young (Normal) (G1 Evacuation Pause)
[2021-03-29T12:51:51.212-0700][35.660s] GC(7) Using 4 workers of 4 for evacuation
[2021-03-29T12:51:51.224-0700][35.672s] GC(7)   Pre Evacuate Collection Set: 0.0ms
[2021-03-29T12:51:51.224-0700][35.672s] GC(7)   Evacuate Collection Set: 10.8ms
[2021-03-29T12:51:51.224-0700][35.672s] GC(7)   Post Evacuate Collection Set: 1.2ms
[2021-03-29T12:51:51.224-0700][35.672s] GC(7)   Other: 0.2ms
[2021-03-29T12:51:51.224-0700][35.672s] GC(7) Eden regions: 119->0(179)
[2021-03-29T12:51:51.224-0700][35.672s] GC(7) Survivor regions: 9->11(16)
[2021-03-29T12:51:51.224-0700][35.672s] GC(7) Old regions: 21->21
[2021-03-29T12:51:51.224-0700][35.672s] GC(7) Humongous regions: 4->4
[2021-03-29T12:51:51.224-0700][35.672s] GC(7) Metaspace: 38265K->38265K(1085440K)
[2021-03-29T12:51:51.224-0700][35.672s] GC(7) Pause Young (Normal) (G1 Evacuation Pause) 150M->33M(512M) 12.330ms
[2021-03-29T12:51:51.224-0700][35.672s] GC(7) User=0.02s Sys=0.01s Real=0.02s
[2021-03-29T12:51:52.234-0700][36.681s] GC(8) Pause Young (Normal) (G1 Evacuation Pause)
[2021-03-29T12:51:52.234-0700][36.682s] GC(8) Using 4 workers of 4 for evacuation
[2021-03-29T12:51:52.257-0700][36.704s] GC(8)   Pre Evacuate Collection Set: 0.0ms
[2021-03-29T12:51:52.257-0700][36.704s] GC(8)   Evacuate Collection Set: 21.9ms
[2021-03-29T12:51:52.257-0700][36.704s] GC(8)   Post Evacuate Collection Set: 0.9ms
[2021-03-29T12:51:52.257-0700][36.704s] GC(8)   Other: 0.2ms
[2021-03-29T12:51:52.257-0700][36.705s] GC(8) Eden regions: 179->0(293)
[2021-03-29T12:51:52.257-0700][36.705s] GC(8) Survivor regions: 11->14(24)
[2021-03-29T12:51:52.257-0700][36.705s] GC(8) Old regions: 21->21
[2021-03-29T12:51:52.257-0700][36.705s] GC(8) Humongous regions: 5->4
[2021-03-29T12:51:52.257-0700][36.705s] GC(8) Metaspace: 43381K->43381K(1089536K)
[2021-03-29T12:51:52.257-0700][36.705s] GC(8) Pause Young (Normal) (G1 Evacuation Pause) 213M->36M(512M) 23.061ms
[2021-03-29T12:51:52.257-0700][36.705s] GC(8) User=0.07s Sys=0.02s Real=0.03s
[2021-03-29T12:51:54.506-0700][38.954s] GC(9) Pause Young (Normal) (G1 Evacuation Pause)
[2021-03-29T12:51:54.507-0700][38.954s] GC(9) Using 4 workers of 4 for evacuation
[2021-03-29T12:51:54.563-0700][39.011s] GC(9)   Pre Evacuate Collection Set: 0.0ms
[2021-03-29T12:51:54.563-0700][39.011s] GC(9)   Evacuate Collection Set: 55.4ms
[2021-03-29T12:51:54.563-0700][39.011s] GC(9)   Post Evacuate Collection Set: 0.9ms
[2021-03-29T12:51:54.563-0700][39.011s] GC(9)   Other: 0.2ms
[2021-03-29T12:51:54.563-0700][39.011s] GC(9) Eden regions: 293->0(276)
[2021-03-29T12:51:54.563-0700][39.011s] GC(9) Survivor regions: 14->31(39)
[2021-03-29T12:51:54.563-0700][39.011s] GC(9) Old regions: 21->21
[2021-03-29T12:51:54.563-0700][39.011s] GC(9) Humongous regions: 4->4
[2021-03-29T12:51:54.563-0700][39.011s] GC(9) Metaspace: 52243K->52243K(1097728K)
[2021-03-29T12:51:54.563-0700][39.011s] GC(9) Pause Young (Normal) (G1 Evacuation Pause) 329M->53M(512M) 56.644ms
[2021-03-29T12:51:54.563-0700][39.011s] GC(9) User=0.10s Sys=0.04s Real=0.05s
[2021-03-29T12:51:55.332-0700][39.780s] GC(10) Pause Young (Normal) (G1 Evacuation Pause)
[2021-03-29T12:51:55.332-0700][39.780s] GC(10) Using 4 workers of 4 for evacuation
[2021-03-29T12:51:55.376-0700][39.824s] GC(10)   Pre Evacuate Collection Set: 0.0ms
[2021-03-29T12:51:55.376-0700][39.824s] GC(10)   Evacuate Collection Set: 42.3ms
[2021-03-29T12:51:55.376-0700][39.824s] GC(10)   Post Evacuate Collection Set: 1.5ms
[2021-03-29T12:51:55.377-0700][39.824s] GC(10)   Other: 0.2ms
[2021-03-29T12:51:55.377-0700][39.824s] GC(10) Eden regions: 276->0(283)
[2021-03-29T12:51:55.377-0700][39.824s] GC(10) Survivor regions: 31->24(39)
[2021-03-29T12:51:55.377-0700][39.824s] GC(10) Old regions: 21->33
[2021-03-29T12:51:55.377-0700][39.824s] GC(10) Humongous regions: 6->5
[2021-03-29T12:51:55.377-0700][39.824s] GC(10) Metaspace: 52914K->52914K(1097728K)
[2021-03-29T12:51:55.377-0700][39.824s] GC(10) Pause Young (Normal) (G1 Evacuation Pause) 331M->60M(512M) 44.181ms
[2021-03-29T12:51:55.377-0700][39.824s] GC(10) User=0.12s Sys=0.01s Real=0.05s
[2021-03-29T12:52:50.361-0700][94.808s] GC(11) Pause Young (Normal) (G1 Evacuation Pause)
[2021-03-29T12:52:50.361-0700][94.809s] GC(11) Using 4 workers of 4 for evacuation
[2021-03-29T12:52:50.409-0700][94.857s] GC(11)   Pre Evacuate Collection Set: 0.0ms
[2021-03-29T12:52:50.409-0700][94.857s] GC(11)   Evacuate Collection Set: 46.9ms
[2021-03-29T12:52:50.409-0700][94.857s] GC(11)   Post Evacuate Collection Set: 1.1ms
[2021-03-29T12:52:50.409-0700][94.857s] GC(11)   Other: 0.3ms
[2021-03-29T12:52:50.409-0700][94.857s] GC(11) Eden regions: 283->0(281)
[2021-03-29T12:52:50.409-0700][94.857s] GC(11) Survivor regions: 24->26(39)
[2021-03-29T12:52:50.409-0700][94.857s] GC(11) Old regions: 33->49
[2021-03-29T12:52:50.409-0700][94.857s] GC(11) Humongous regions: 8->8
[2021-03-29T12:52:50.409-0700][94.857s] GC(11) Metaspace: 57406K->57406K(1101824K)
[2021-03-29T12:52:50.409-0700][94.857s] GC(11) Pause Young (Normal) (G1 Evacuation Pause) 346M->81M(512M) 48.369ms
[2021-03-29T12:52:50.409-0700][94.857s] GC(11) User=0.10s Sys=0.01s Real=0.05s
[2021-03-29T12:52:51.533-0700][95.980s] GC(12) Pause Young (Normal) (G1 Evacuation Pause)
[2021-03-29T12:52:51.533-0700][95.980s] GC(12) Using 4 workers of 4 for evacuation
[2021-03-29T12:52:51.562-0700][96.010s] GC(12)   Pre Evacuate Collection Set: 0.0ms
[2021-03-29T12:52:51.562-0700][96.010s] GC(12)   Evacuate Collection Set: 25.2ms
[2021-03-29T12:52:51.562-0700][96.010s] GC(12)   Post Evacuate Collection Set: 3.7ms
[2021-03-29T12:52:51.562-0700][96.010s] GC(12)   Other: 0.3ms
[2021-03-29T12:52:51.562-0700][96.010s] GC(12) Eden regions: 281->0(280)
[2021-03-29T12:52:51.562-0700][96.010s] GC(12) Survivor regions: 26->27(39)
[2021-03-29T12:52:51.562-0700][96.010s] GC(12) Old regions: 49->56
[2021-03-29T12:52:51.562-0700][96.010s] GC(12) Humongous regions: 8->8
[2021-03-29T12:52:51.562-0700][96.010s] GC(12) Metaspace: 58342K->58342K(1101824K)
[2021-03-29T12:52:51.562-0700][96.010s] GC(12) Pause Young (Normal) (G1 Evacuation Pause) 362M->88M(512M) 29.339ms
[2021-03-29T12:52:51.562-0700][96.010s] GC(12) User=0.06s Sys=0.01s Real=0.03s
[2021-03-29T12:52:56.708-0700][101.156s] GC(13) Pause Young (Concurrent Start) (Metadata GC Threshold)
[2021-03-29T12:52:56.709-0700][101.156s] GC(13) Using 4 workers of 4 for evacuation
[2021-03-29T12:52:56.723-0700][101.171s] GC(13)   Pre Evacuate Collection Set: 0.2ms
[2021-03-29T12:52:56.723-0700][101.171s] GC(13)   Evacuate Collection Set: 13.5ms
[2021-03-29T12:52:56.723-0700][101.171s] GC(13)   Post Evacuate Collection Set: 0.7ms
[2021-03-29T12:52:56.723-0700][101.171s] GC(13)   Other: 0.3ms
[2021-03-29T12:52:56.723-0700][101.171s] GC(13) Eden regions: 72->0(292)
[2021-03-29T12:52:56.723-0700][101.171s] GC(13) Survivor regions: 27->15(39)
[2021-03-29T12:52:56.723-0700][101.171s] GC(13) Old regions: 56->69
[2021-03-29T12:52:56.723-0700][101.171s] GC(13) Humongous regions: 8->8
[2021-03-29T12:52:56.723-0700][101.171s] GC(13) Metaspace: 58454K->58454K(1101824K)
[2021-03-29T12:52:56.723-0700][101.171s] GC(13) Pause Young (Concurrent Start) (Metadata GC Threshold) 160M->90M(512M) 14.801ms
[2021-03-29T12:52:56.723-0700][101.171s] GC(13) User=0.05s Sys=0.00s Real=0.01s
[2021-03-29T12:52:56.723-0700][101.171s] GC(14) Concurrent Cycle
[2021-03-29T12:52:56.723-0700][101.171s] GC(14) Concurrent Clear Claimed Marks
[2021-03-29T12:52:56.724-0700][101.171s] GC(14) Concurrent Clear Claimed Marks 0.277ms
[2021-03-29T12:52:56.724-0700][101.171s] GC(14) Concurrent Scan Root Regions
[2021-03-29T12:52:56.731-0700][101.179s] GC(14) Concurrent Scan Root Regions 7.235ms
[2021-03-29T12:52:56.731-0700][101.179s] GC(14) Concurrent Mark (101.179s)
[2021-03-29T12:52:56.731-0700][101.179s] GC(14) Concurrent Mark From Roots
[2021-03-29T12:52:56.731-0700][101.179s] GC(14) Using 1 workers of 1 for marking
[2021-03-29T12:52:56.805-0700][101.252s] GC(14) Concurrent Mark From Roots 73.733ms
[2021-03-29T12:52:56.805-0700][101.252s] GC(14) Concurrent Preclean
[2021-03-29T12:52:56.805-0700][101.253s] GC(14) Concurrent Preclean 0.132ms
[2021-03-29T12:52:56.805-0700][101.253s] GC(14) Concurrent Mark (101.179s, 101.253s) 73.930ms
[2021-03-29T12:52:56.805-0700][101.253s] GC(14) Pause Remark
[2021-03-29T12:52:56.829-0700][101.277s] GC(14) Cleaned string and symbol table, strings: 28648 processed, 46 removed, symbols: 155208 processed, 708 removed
[2021-03-29T12:52:56.829-0700][101.277s] GC(14) Pause Remark 91M->91M(512M) 24.229ms
[2021-03-29T12:52:56.829-0700][101.277s] GC(14) User=0.07s Sys=0.00s Real=0.02s
[2021-03-29T12:52:56.829-0700][101.277s] GC(14) Concurrent Rebuild Remembered Sets
[2021-03-29T12:52:56.876-0700][101.323s] GC(14) Concurrent Rebuild Remembered Sets 46.213ms
[2021-03-29T12:52:56.876-0700][101.324s] GC(14) Pause Cleanup
[2021-03-29T12:52:56.876-0700][101.324s] GC(14) Pause Cleanup 91M->91M(512M) 0.141ms
[2021-03-29T12:52:56.876-0700][101.324s] GC(14) User=0.00s Sys=0.00s Real=0.00s
[2021-03-29T12:52:56.876-0700][101.324s] GC(14) Concurrent Cleanup for Next Mark
[2021-03-29T12:52:56.877-0700][101.325s] GC(14) Concurrent Cleanup for Next Mark 0.956ms
[2021-03-29T12:52:56.877-0700][101.325s] GC(14) Concurrent Cycle 153.883ms
[2021-03-29T12:53:01.296-0700][105.743s] GC(15) Pause Young (Normal) (G1 Evacuation Pause)
[2021-03-29T12:53:01.296-0700][105.744s] GC(15) Using 4 workers of 4 for evacuation
[2021-03-29T12:53:01.321-0700][105.769s] GC(15)   Pre Evacuate Collection Set: 0.0ms
[2021-03-29T12:53:01.321-0700][105.769s] GC(15)   Evacuate Collection Set: 24.1ms
[2021-03-29T12:53:01.321-0700][105.769s] GC(15)   Post Evacuate Collection Set: 0.9ms
[2021-03-29T12:53:01.321-0700][105.769s] GC(15)   Other: 0.2ms
[2021-03-29T12:53:01.321-0700][105.769s] GC(15) Eden regions: 292->0(282)
[2021-03-29T12:53:01.321-0700][105.769s] GC(15) Survivor regions: 15->25(39)
[2021-03-29T12:53:01.321-0700][105.769s] GC(15) Old regions: 69->69
[2021-03-29T12:53:01.321-0700][105.769s] GC(15) Humongous regions: 8->8
[2021-03-29T12:53:01.321-0700][105.769s] GC(15) Metaspace: 62172K->62172K(1105920K)
[2021-03-29T12:53:01.321-0700][105.769s] GC(15) Pause Young (Normal) (G1 Evacuation Pause) 382M->100M(512M) 25.340ms
[2021-03-29T12:53:01.321-0700][105.769s] GC(15) User=0.07s Sys=0.00s Real=0.03s
[2021-03-29T12:53:03.804-0700][108.252s] GC(16) Pause Young (Normal) (G1 Evacuation Pause)
[2021-03-29T12:53:03.804-0700][108.252s] GC(16) Using 4 workers of 4 for evacuation
[2021-03-29T12:53:03.829-0700][108.277s] GC(16)   Pre Evacuate Collection Set: 0.0ms
[2021-03-29T12:53:03.829-0700][108.277s] GC(16)   Evacuate Collection Set: 22.9ms
[2021-03-29T12:53:03.829-0700][108.277s] GC(16)   Post Evacuate Collection Set: 1.8ms
[2021-03-29T12:53:03.829-0700][108.277s] GC(16)   Other: 0.2ms
[2021-03-29T12:53:03.829-0700][108.277s] GC(16) Eden regions: 282->0(280)
[2021-03-29T12:53:03.829-0700][108.277s] GC(16) Survivor regions: 25->27(39)
[2021-03-29T12:53:03.829-0700][108.277s] GC(16) Old regions: 69->78
[2021-03-29T12:53:03.829-0700][108.277s] GC(16) Humongous regions: 8->8
[2021-03-29T12:53:03.829-0700][108.277s] GC(16) Metaspace: 62379K->62379K(1105920K)
[2021-03-29T12:53:03.829-0700][108.277s] GC(16) Pause Young (Normal) (G1 Evacuation Pause) 381M->111M(512M) 25.138ms
[2021-03-29T12:53:03.829-0700][108.277s] GC(16) User=0.06s Sys=0.01s Real=0.02s
[2021-03-29T12:53:13.734-0700][118.182s] GC(17) Pause Young (Normal) (G1 Evacuation Pause)
[2021-03-29T12:53:13.734-0700][118.182s] GC(17) Using 4 workers of 4 for evacuation
[2021-03-29T12:53:13.757-0700][118.205s] GC(17)   Pre Evacuate Collection Set: 0.0ms
[2021-03-29T12:53:13.757-0700][118.205s] GC(17)   Evacuate Collection Set: 20.2ms
[2021-03-29T12:53:13.757-0700][118.205s] GC(17)   Post Evacuate Collection Set: 2.1ms
[2021-03-29T12:53:13.757-0700][118.205s] GC(17)   Other: 0.3ms
[2021-03-29T12:53:13.757-0700][118.205s] GC(17) Eden regions: 280->0(298)
[2021-03-29T12:53:13.757-0700][118.205s] GC(17) Survivor regions: 27->9(39)
[2021-03-29T12:53:13.757-0700][118.205s] GC(17) Old regions: 78->89
[2021-03-29T12:53:13.757-0700][118.205s] GC(17) Humongous regions: 8->8
[2021-03-29T12:53:13.757-0700][118.205s] GC(17) Metaspace: 63584K->63584K(1107968K)
[2021-03-29T12:53:13.757-0700][118.205s] GC(17) Pause Young (Normal) (G1 Evacuation Pause) 391M->104M(512M) 22.713ms
[2021-03-29T12:53:13.757-0700][118.205s] GC(17) User=0.04s Sys=0.03s Real=0.03s
[2021-03-29T12:53:16.767-0700][121.214s] GC(18) Pause Young (Normal) (G1 Evacuation Pause)
[2021-03-29T12:53:16.767-0700][121.214s] GC(18) Using 4 workers of 4 for evacuation
[2021-03-29T12:53:16.781-0700][121.229s] GC(18)   Pre Evacuate Collection Set: 0.0ms
[2021-03-29T12:53:16.781-0700][121.229s] GC(18)   Evacuate Collection Set: 11.9ms
[2021-03-29T12:53:16.781-0700][121.229s] GC(18)   Post Evacuate Collection Set: 2.1ms
[2021-03-29T12:53:16.781-0700][121.229s] GC(18)   Other: 0.3ms
[2021-03-29T12:53:16.781-0700][121.229s] GC(18) Eden regions: 298->0(286)
[2021-03-29T12:53:16.781-0700][121.229s] GC(18) Survivor regions: 9->21(39)
[2021-03-29T12:53:16.781-0700][121.229s] GC(18) Old regions: 89->89
[2021-03-29T12:53:16.781-0700][121.229s] GC(18) Humongous regions: 18->8
[2021-03-29T12:53:16.781-0700][121.229s] GC(18) Metaspace: 63697K->63697K(1107968K)
[2021-03-29T12:53:16.781-0700][121.229s] GC(18) Pause Young (Normal) (G1 Evacuation Pause) 412M->116M(512M) 14.387ms
[2021-03-29T12:53:16.781-0700][121.229s] GC(18) User=0.04s Sys=0.00s Real=0.01s
[2021-03-29T14:07:19.329-0700][4563.776s] GC(19) Pause Young (Normal) (G1 Evacuation Pause)
[2021-03-29T14:07:19.329-0700][4563.776s] GC(19) Using 4 workers of 4 for evacuation
[2021-03-29T14:07:19.339-0700][4563.787s] GC(19)   Pre Evacuate Collection Set: 0.0ms
[2021-03-29T14:07:19.339-0700][4563.787s] GC(19)   Evacuate Collection Set: 7.2ms
[2021-03-29T14:07:19.339-0700][4563.787s] GC(19)   Post Evacuate Collection Set: 2.9ms
[2021-03-29T14:07:19.339-0700][4563.787s] GC(19)   Other: 0.4ms
[2021-03-29T14:07:19.339-0700][4563.787s] GC(19) Eden regions: 286->0(284)
[2021-03-29T14:07:19.339-0700][4563.787s] GC(19) Survivor regions: 21->23(39)
[2021-03-29T14:07:19.339-0700][4563.787s] GC(19) Old regions: 89->89
[2021-03-29T14:07:19.339-0700][4563.787s] GC(19) Humongous regions: 12->8
[2021-03-29T14:07:19.339-0700][4563.787s] GC(19) Metaspace: 66443K->66443K(1110016K)
[2021-03-29T14:07:19.339-0700][4563.787s] GC(19) Pause Young (Normal) (G1 Evacuation Pause) 406M->118M(512M) 10.669ms
[2021-03-29T14:07:19.339-0700][4563.787s] GC(19) User=0.04s Sys=0.00s Real=0.01s
[2021-03-29T16:58:55.078-0700][14859.526s] GC(20) Pause Young (Normal) (G1 Evacuation Pause)
[2021-03-29T16:58:55.079-0700][14859.526s] GC(20) Using 4 workers of 4 for evacuation
[2021-03-29T16:58:55.093-0700][14859.541s] GC(20)   Pre Evacuate Collection Set: 0.0ms
[2021-03-29T16:58:55.093-0700][14859.541s] GC(20)   Evacuate Collection Set: 11.1ms
[2021-03-29T16:58:55.093-0700][14859.541s] GC(20)   Post Evacuate Collection Set: 2.9ms
[2021-03-29T16:58:55.093-0700][14859.541s] GC(20)   Other: 0.3ms
[2021-03-29T16:58:55.093-0700][14859.541s] GC(20) Eden regions: 284->0(288)
[2021-03-29T16:58:55.093-0700][14859.541s] GC(20) Survivor regions: 23->19(39)
[2021-03-29T16:58:55.093-0700][14859.541s] GC(20) Old regions: 89->93
[2021-03-29T16:58:55.093-0700][14859.541s] GC(20) Humongous regions: 8->8
[2021-03-29T16:58:55.093-0700][14859.541s] GC(20) Metaspace: 67444K->67444K(1110016K)
[2021-03-29T16:58:55.093-0700][14859.541s] GC(20) Pause Young (Normal) (G1 Evacuation Pause) 402M->117M(512M) 14.406ms
[2021-03-29T16:58:55.093-0700][14859.541s] GC(20) User=0.04s Sys=0.01s Real=0.01s
[2021-03-29T18:38:41.809-0700][20846.257s] GC(21) Pause Young (Normal) (G1 Evacuation Pause)
[2021-03-29T18:38:41.809-0700][20846.257s] GC(21) Using 4 workers of 4 for evacuation
[2021-03-29T18:38:41.832-0700][20846.280s] GC(21)   Pre Evacuate Collection Set: 0.0ms
[2021-03-29T18:38:41.832-0700][20846.280s] GC(21)   Evacuate Collection Set: 11.4ms
[2021-03-29T18:38:41.832-0700][20846.280s] GC(21)   Post Evacuate Collection Set: 11.6ms
[2021-03-29T18:38:41.832-0700][20846.280s] GC(21)   Other: 0.3ms
[2021-03-29T18:38:41.832-0700][20846.280s] GC(21) Eden regions: 288->0(293)
[2021-03-29T18:38:41.832-0700][20846.280s] GC(21) Survivor regions: 19->14(39)
[2021-03-29T18:38:41.832-0700][20846.280s] GC(21) Old regions: 93->93
[2021-03-29T18:38:41.832-0700][20846.280s] GC(21) Humongous regions: 8->8
[2021-03-29T18:38:41.832-0700][20846.280s] GC(21) Metaspace: 68807K->68807K(1112064K)
[2021-03-29T18:38:41.832-0700][20846.280s] GC(21) Pause Young (Normal) (G1 Evacuation Pause) 405M->112M(512M) 23.335ms
[2021-03-29T18:38:41.832-0700][20846.280s] GC(21) User=0.05s Sys=0.00s Real=0.02s
[2021-03-29T18:39:07.721-0700][20872.169s] GC(22) Pause Young (Normal) (G1 Evacuation Pause)
[2021-03-29T18:39:07.721-0700][20872.169s] GC(22) Using 4 workers of 4 for evacuation
[2021-03-29T18:39:07.744-0700][20872.191s] GC(22)   Pre Evacuate Collection Set: 0.0ms
[2021-03-29T18:39:07.744-0700][20872.192s] GC(22)   Evacuate Collection Set: 20.1ms
[2021-03-29T18:39:07.744-0700][20872.192s] GC(22)   Post Evacuate Collection Set: 2.0ms
[2021-03-29T18:39:07.744-0700][20872.192s] GC(22)   Other: 0.3ms
[2021-03-29T18:39:07.744-0700][20872.192s] GC(22) Eden regions: 293->0(272)
[2021-03-29T18:39:07.744-0700][20872.192s] GC(22) Survivor regions: 14->35(39)
[2021-03-29T18:39:07.744-0700][20872.192s] GC(22) Old regions: 93->93
[2021-03-29T18:39:07.744-0700][20872.192s] GC(22) Humongous regions: 50->8
[2021-03-29T18:39:07.744-0700][20872.192s] GC(22) Metaspace: 68905K->68905K(1112064K)
[2021-03-29T18:39:07.744-0700][20872.192s] GC(22) Pause Young (Normal) (G1 Evacuation Pause) 447M->134M(512M) 22.507ms
[2021-03-29T18:39:07.744-0700][20872.192s] GC(22) User=0.04s Sys=0.01s Real=0.02s
[2021-03-29T19:45:19.090-0700][24843.538s] GC(23) Pause Young (Normal) (G1 Evacuation Pause)
[2021-03-29T19:45:19.090-0700][24843.538s] GC(23) Using 4 workers of 4 for evacuation
[2021-03-29T19:45:19.114-0700][24843.562s] GC(23)   Pre Evacuate Collection Set: 0.0ms
[2021-03-29T19:45:19.114-0700][24843.562s] GC(23)   Evacuate Collection Set: 22.8ms
[2021-03-29T19:45:19.114-0700][24843.562s] GC(23)   Post Evacuate Collection Set: 1.1ms
[2021-03-29T19:45:19.114-0700][24843.562s] GC(23)   Other: 0.3ms
[2021-03-29T19:45:19.114-0700][24843.562s] GC(23) Eden regions: 272->0(290)
[2021-03-29T19:45:19.114-0700][24843.562s] GC(23) Survivor regions: 35->4(39)
[2021-03-29T19:45:19.114-0700][24843.562s] GC(23) Old regions: 93->113
[2021-03-29T19:45:19.114-0700][24843.562s] GC(23) Humongous regions: 25->11
[2021-03-29T19:45:19.114-0700][24843.562s] GC(23) Metaspace: 69631K->69631K(1114112K)
[2021-03-29T19:45:19.114-0700][24843.562s] GC(23) Pause Young (Normal) (G1 Evacuation Pause) 423M->126M(512M) 24.265ms
[2021-03-29T19:45:19.114-0700][24843.562s] GC(23) User=0.04s Sys=0.01s Real=0.02s
[2021-03-29T19:45:24.804-0700][24849.252s] Heap
[2021-03-29T19:45:24.804-0700][24849.252s]  garbage-first heap   total 524288K, used 152128K [0x00000000e0000000, 0x0000000100000000)
[2021-03-29T19:45:24.804-0700][24849.252s]   region size 1024K, 27 young (27648K), 4 survivors (4096K)
[2021-03-29T19:45:24.804-0700][24849.252s]  Metaspace       used 69842K, capacity 71791K, committed 72092K, reserved 1114112K
[2021-03-29T19:45:24.804-0700][24849.252s]   class space    used 7515K, capacity 8255K, committed 8268K, reserved 1048576K
