[2021-04-16T23:07:54.798-0700][0.010s] Heap region size: 1M
[2021-04-16T23:07:54.828-0700][0.040s] Using G1
[2021-04-16T23:07:54.828-0700][0.040s] Heap address: 0x00000000e0000000, size: 512 MB, Compressed Oops mode: 32-bit
[2021-04-16T23:07:54.828-0700][0.040s] Mark closed archive regions in map: [0x00000000fff00000, 0x00000000fff6aff8]
[2021-04-16T23:07:54.828-0700][0.040s] Mark open archive regions in map: [0x00000000ffe00000, 0x00000000ffe46ff8]
[2021-04-16T23:07:55.440-0700][0.652s] GC(0) Pause Young (Normal) (G1 Evacuation Pause)
[2021-04-16T23:07:55.440-0700][0.652s] GC(0) Using 4 workers of 4 for evacuation
[2021-04-16T23:07:55.450-0700][0.662s] GC(0)   Pre Evacuate Collection Set: 0.0ms
[2021-04-16T23:07:55.450-0700][0.662s] GC(0)   Evacuate Collection Set: 7.8ms
[2021-04-16T23:07:55.450-0700][0.662s] GC(0)   Post Evacuate Collection Set: 0.5ms
[2021-04-16T23:07:55.450-0700][0.662s] GC(0)   Other: 1.8ms
[2021-04-16T23:07:55.450-0700][0.662s] GC(0) Eden regions: 25->0(304)
[2021-04-16T23:07:55.450-0700][0.662s] GC(0) Survivor regions: 0->3(4)
[2021-04-16T23:07:55.450-0700][0.662s] GC(0) Old regions: 2->2
[2021-04-16T23:07:55.450-0700][0.662s] GC(0) Humongous regions: 0->0
[2021-04-16T23:07:55.450-0700][0.662s] GC(0) Metaspace: 5176K->5176K(1056768K)
[2021-04-16T23:07:55.450-0700][0.662s] GC(0) Pause Young (Normal) (G1 Evacuation Pause) 25M->2M(512M) 10.223ms
[2021-04-16T23:07:55.450-0700][0.662s] GC(0) User=0.02s Sys=0.00s Real=0.01s
[2021-04-16T23:07:57.107-0700][2.319s] GC(1) Pause Young (Concurrent Start) (Metadata GC Threshold)
[2021-04-16T23:07:57.108-0700][2.319s] GC(1) Using 4 workers of 4 for evacuation
[2021-04-16T23:07:57.137-0700][2.349s] GC(1)   Pre Evacuate Collection Set: 0.1ms
[2021-04-16T23:07:57.137-0700][2.349s] GC(1)   Evacuate Collection Set: 28.2ms
[2021-04-16T23:07:57.137-0700][2.349s] GC(1)   Post Evacuate Collection Set: 1.1ms
[2021-04-16T23:07:57.137-0700][2.349s] GC(1)   Other: 0.2ms
[2021-04-16T23:07:57.137-0700][2.349s] GC(1) Eden regions: 113->0(53)
[2021-04-16T23:07:57.137-0700][2.349s] GC(1) Survivor regions: 3->20(20)
[2021-04-16T23:07:57.137-0700][2.349s] GC(1) Old regions: 2->2
[2021-04-16T23:07:57.137-0700][2.349s] GC(1) Humongous regions: 4->4
[2021-04-16T23:07:57.137-0700][2.349s] GC(1) Metaspace: 20454K->20454K(1069056K)
[2021-04-16T23:07:57.137-0700][2.349s] GC(1) Pause Young (Concurrent Start) (Metadata GC Threshold) 119M->23M(512M) 29.672ms
[2021-04-16T23:07:57.137-0700][2.349s] GC(1) User=0.05s Sys=0.03s Real=0.03s
[2021-04-16T23:07:57.137-0700][2.349s] GC(2) Concurrent Cycle
[2021-04-16T23:07:57.137-0700][2.349s] GC(2) Concurrent Clear Claimed Marks
[2021-04-16T23:07:57.137-0700][2.349s] GC(2) Concurrent Clear Claimed Marks 0.080ms
[2021-04-16T23:07:57.137-0700][2.349s] GC(2) Concurrent Scan Root Regions
[2021-04-16T23:07:57.147-0700][2.359s] GC(2) Concurrent Scan Root Regions 10.038ms
[2021-04-16T23:07:57.147-0700][2.359s] GC(2) Concurrent Mark (2.359s)
[2021-04-16T23:07:57.147-0700][2.359s] GC(2) Concurrent Mark From Roots
[2021-04-16T23:07:57.147-0700][2.359s] GC(2) Using 1 workers of 1 for marking
[2021-04-16T23:07:57.154-0700][2.365s] GC(2) Concurrent Mark From Roots 6.462ms
[2021-04-16T23:07:57.154-0700][2.366s] GC(2) Concurrent Preclean
[2021-04-16T23:07:57.154-0700][2.366s] GC(2) Concurrent Preclean 0.131ms
[2021-04-16T23:07:57.154-0700][2.366s] GC(2) Concurrent Mark (2.359s, 2.366s) 6.706ms
[2021-04-16T23:07:57.154-0700][2.366s] GC(2) Pause Remark
[2021-04-16T23:07:57.164-0700][2.376s] GC(2) Cleaned string and symbol table, strings: 8661 processed, 0 removed, symbols: 61784 processed, 27 removed
[2021-04-16T23:07:57.164-0700][2.376s] GC(2) Pause Remark 24M->24M(512M) 10.069ms
[2021-04-16T23:07:57.164-0700][2.376s] GC(2) User=0.01s Sys=0.01s Real=0.02s
[2021-04-16T23:07:57.164-0700][2.376s] GC(2) Concurrent Rebuild Remembered Sets
[2021-04-16T23:07:57.168-0700][2.379s] GC(2) Concurrent Rebuild Remembered Sets 3.302ms
[2021-04-16T23:07:57.169-0700][2.381s] GC(2) Pause Cleanup
[2021-04-16T23:07:57.170-0700][2.381s] GC(2) Pause Cleanup 24M->24M(512M) 0.175ms
[2021-04-16T23:07:57.170-0700][2.381s] GC(2) User=0.00s Sys=0.00s Real=0.00s
[2021-04-16T23:07:57.170-0700][2.381s] GC(2) Concurrent Cleanup for Next Mark
[2021-04-16T23:07:57.171-0700][2.382s] GC(2) Concurrent Cleanup for Next Mark 1.119ms
[2021-04-16T23:07:57.171-0700][2.382s] GC(2) Concurrent Cycle 33.709ms
[2021-04-16T23:07:57.922-0700][3.133s] GC(3) Pause Young (Normal) (G1 Evacuation Pause)
[2021-04-16T23:07:57.922-0700][3.133s] GC(3) Using 4 workers of 4 for evacuation
[2021-04-16T23:07:57.953-0700][3.164s] GC(3)   Pre Evacuate Collection Set: 0.0ms
[2021-04-16T23:07:57.953-0700][3.164s] GC(3)   Evacuate Collection Set: 30.2ms
[2021-04-16T23:07:57.953-0700][3.164s] GC(3)   Post Evacuate Collection Set: 0.6ms
[2021-04-16T23:07:57.953-0700][3.164s] GC(3)   Other: 0.2ms
[2021-04-16T23:07:57.953-0700][3.164s] GC(3) Eden regions: 43->0(118)
[2021-04-16T23:07:57.953-0700][3.164s] GC(3) Survivor regions: 20->3(8)
[2021-04-16T23:07:57.953-0700][3.164s] GC(3) Old regions: 2->21
[2021-04-16T23:07:57.953-0700][3.164s] GC(3) Humongous regions: 4->4
[2021-04-16T23:07:57.953-0700][3.164s] GC(3) Metaspace: 25604K->25604K(1073152K)
[2021-04-16T23:07:57.953-0700][3.164s] GC(3) Pause Young (Normal) (G1 Evacuation Pause) 66M->25M(512M) 31.064ms
[2021-04-16T23:07:57.953-0700][3.164s] GC(3) User=0.10s Sys=0.00s Real=0.03s
[2021-04-16T23:07:59.339-0700][4.551s] GC(4) Pause Young (Concurrent Start) (Metadata GC Threshold)
[2021-04-16T23:07:59.339-0700][4.551s] GC(4) Using 4 workers of 4 for evacuation
[2021-04-16T23:07:59.349-0700][4.560s] GC(4)   Pre Evacuate Collection Set: 0.1ms
[2021-04-16T23:07:59.349-0700][4.561s] GC(4)   Evacuate Collection Set: 8.7ms
[2021-04-16T23:07:59.349-0700][4.561s] GC(4)   Post Evacuate Collection Set: 0.7ms
[2021-04-16T23:07:59.349-0700][4.561s] GC(4)   Other: 0.2ms
[2021-04-16T23:07:59.349-0700][4.561s] GC(4) Eden regions: 96->0(142)
[2021-04-16T23:07:59.349-0700][4.561s] GC(4) Survivor regions: 3->8(16)
[2021-04-16T23:07:59.349-0700][4.561s] GC(4) Old regions: 21->21
[2021-04-16T23:07:59.349-0700][4.561s] GC(4) Humongous regions: 4->4
[2021-04-16T23:07:59.349-0700][4.561s] GC(4) Metaspace: 34778K->34778K(1081344K)
[2021-04-16T23:07:59.349-0700][4.561s] GC(4) Pause Young (Concurrent Start) (Metadata GC Threshold) 121M->31M(512M) 9.797ms
[2021-04-16T23:07:59.349-0700][4.561s] GC(4) User=0.02s Sys=0.01s Real=0.01s
[2021-04-16T23:07:59.350-0700][4.562s] GC(5) Concurrent Cycle
[2021-04-16T23:07:59.350-0700][4.562s] GC(5) Concurrent Clear Claimed Marks
[2021-04-16T23:07:59.350-0700][4.562s] GC(5) Concurrent Clear Claimed Marks 0.083ms
[2021-04-16T23:07:59.350-0700][4.562s] GC(5) Concurrent Scan Root Regions
[2021-04-16T23:07:59.355-0700][4.567s] GC(5) Concurrent Scan Root Regions 5.009ms
[2021-04-16T23:07:59.355-0700][4.567s] GC(5) Concurrent Mark (4.567s)
[2021-04-16T23:07:59.355-0700][4.567s] GC(5) Concurrent Mark From Roots
[2021-04-16T23:07:59.355-0700][4.567s] GC(5) Using 1 workers of 1 for marking
[2021-04-16T23:07:59.390-0700][4.601s] GC(5) Concurrent Mark From Roots 34.238ms
[2021-04-16T23:07:59.392-0700][4.603s] GC(5) Concurrent Preclean
[2021-04-16T23:07:59.392-0700][4.604s] GC(5) Concurrent Preclean 0.301ms
[2021-04-16T23:07:59.393-0700][4.605s] GC(5) Concurrent Mark (4.567s, 4.605s) 37.676ms
[2021-04-16T23:07:59.393-0700][4.605s] GC(5) Pause Remark
[2021-04-16T23:07:59.402-0700][4.613s] GC(5) Cleaned string and symbol table, strings: 14636 processed, 27 removed, symbols: 102001 processed, 148 removed
[2021-04-16T23:07:59.402-0700][4.614s] GC(5) Pause Remark 35M->35M(512M) 8.941ms
[2021-04-16T23:07:59.402-0700][4.614s] GC(5) User=0.02s Sys=0.00s Real=0.01s
[2021-04-16T23:07:59.403-0700][4.614s] GC(5) Concurrent Rebuild Remembered Sets
[2021-04-16T23:07:59.420-0700][4.632s] GC(5) Concurrent Rebuild Remembered Sets 17.954ms
[2021-04-16T23:07:59.421-0700][4.633s] GC(5) Pause Cleanup
[2021-04-16T23:07:59.421-0700][4.633s] GC(5) Pause Cleanup 36M->36M(512M) 0.201ms
[2021-04-16T23:07:59.421-0700][4.633s] GC(5) User=0.00s Sys=0.00s Real=0.00s
[2021-04-16T23:07:59.421-0700][4.633s] GC(5) Concurrent Cleanup for Next Mark
[2021-04-16T23:07:59.422-0700][4.634s] GC(5) Concurrent Cleanup for Next Mark 1.106ms
[2021-04-16T23:07:59.423-0700][4.634s] GC(5) Concurrent Cycle 72.288ms
[2021-04-16T23:08:00.330-0700][5.541s] GC(6) Pause Young (Normal) (G1 Evacuation Pause)
[2021-04-16T23:08:00.330-0700][5.542s] GC(6) Using 4 workers of 4 for evacuation
[2021-04-16T23:08:00.358-0700][5.569s] GC(6)   Pre Evacuate Collection Set: 0.0ms
[2021-04-16T23:08:00.358-0700][5.569s] GC(6)   Evacuate Collection Set: 26.7ms
[2021-04-16T23:08:00.358-0700][5.569s] GC(6)   Post Evacuate Collection Set: 0.8ms
[2021-04-16T23:08:00.358-0700][5.569s] GC(6)   Other: 0.3ms
[2021-04-16T23:08:00.358-0700][5.569s] GC(6) Eden regions: 142->0(153)
[2021-04-16T23:08:00.358-0700][5.569s] GC(6) Survivor regions: 8->15(19)
[2021-04-16T23:08:00.358-0700][5.569s] GC(6) Old regions: 21->21
[2021-04-16T23:08:00.358-0700][5.569s] GC(6) Humongous regions: 7->5
[2021-04-16T23:08:00.358-0700][5.569s] GC(6) Metaspace: 40361K->40361K(1085440K)
[2021-04-16T23:08:00.358-0700][5.569s] GC(6) Pause Young (Normal) (G1 Evacuation Pause) 176M->39M(512M) 27.918ms
[2021-04-16T23:08:00.358-0700][5.569s] GC(6) User=0.06s Sys=0.02s Real=0.03s
[2021-04-16T23:08:01.495-0700][6.707s] GC(7) Pause Young (Normal) (G1 Evacuation Pause)
[2021-04-16T23:08:01.495-0700][6.707s] GC(7) Using 4 workers of 4 for evacuation
[2021-04-16T23:08:01.531-0700][6.742s] GC(7)   Pre Evacuate Collection Set: 0.0ms
[2021-04-16T23:08:01.531-0700][6.742s] GC(7)   Evacuate Collection Set: 27.5ms
[2021-04-16T23:08:01.531-0700][6.742s] GC(7)   Post Evacuate Collection Set: 7.8ms
[2021-04-16T23:08:01.531-0700][6.742s] GC(7)   Other: 0.2ms
[2021-04-16T23:08:01.531-0700][6.742s] GC(7) Eden regions: 153->0(196)
[2021-04-16T23:08:01.531-0700][6.742s] GC(7) Survivor regions: 15->9(21)
[2021-04-16T23:08:01.531-0700][6.742s] GC(7) Old regions: 21->29
[2021-04-16T23:08:01.531-0700][6.742s] GC(7) Humongous regions: 5->5
[2021-04-16T23:08:01.531-0700][6.742s] GC(7) Metaspace: 44375K->44375K(1089536K)
[2021-04-16T23:08:01.531-0700][6.742s] GC(7) Pause Young (Normal) (G1 Evacuation Pause) 192M->40M(512M) 35.704ms
[2021-04-16T23:08:01.531-0700][6.743s] GC(7) User=0.03s Sys=0.02s Real=0.04s
[2021-04-16T23:08:03.590-0700][8.801s] GC(8) Pause Young (Normal) (G1 Evacuation Pause)
[2021-04-16T23:08:03.590-0700][8.801s] GC(8) Using 4 workers of 4 for evacuation
[2021-04-16T23:08:03.618-0700][8.829s] GC(8)   Pre Evacuate Collection Set: 0.0ms
[2021-04-16T23:08:03.618-0700][8.829s] GC(8)   Evacuate Collection Set: 27.0ms
[2021-04-16T23:08:03.618-0700][8.829s] GC(8)   Post Evacuate Collection Set: 0.9ms
[2021-04-16T23:08:03.618-0700][8.829s] GC(8)   Other: 0.3ms
[2021-04-16T23:08:03.618-0700][8.830s] GC(8) Eden regions: 196->0(227)
[2021-04-16T23:08:03.618-0700][8.830s] GC(8) Survivor regions: 9->17(26)
[2021-04-16T23:08:03.618-0700][8.830s] GC(8) Old regions: 29->29
[2021-04-16T23:08:03.618-0700][8.830s] GC(8) Humongous regions: 8->8
[2021-04-16T23:08:03.618-0700][8.830s] GC(8) Metaspace: 52279K->52279K(1095680K)
[2021-04-16T23:08:03.618-0700][8.830s] GC(8) Pause Young (Normal) (G1 Evacuation Pause) 239M->51M(512M) 28.272ms
[2021-04-16T23:08:03.618-0700][8.830s] GC(8) User=0.05s Sys=0.03s Real=0.03s
[2021-04-16T23:08:17.153-0700][22.365s] GC(9) Pause Young (Normal) (G1 Evacuation Pause)
[2021-04-16T23:08:17.153-0700][22.365s] GC(9) Using 4 workers of 4 for evacuation
[2021-04-16T23:08:17.241-0700][22.452s] GC(9)   Pre Evacuate Collection Set: 0.0ms
[2021-04-16T23:08:17.241-0700][22.452s] GC(9)   Evacuate Collection Set: 86.0ms
[2021-04-16T23:08:17.241-0700][22.452s] GC(9)   Post Evacuate Collection Set: 1.3ms
[2021-04-16T23:08:17.241-0700][22.452s] GC(9)   Other: 0.3ms
[2021-04-16T23:08:17.241-0700][22.452s] GC(9) Eden regions: 227->0(282)
[2021-04-16T23:08:17.241-0700][22.452s] GC(9) Survivor regions: 17->25(31)
[2021-04-16T23:08:17.241-0700][22.452s] GC(9) Old regions: 29->34
[2021-04-16T23:08:17.241-0700][22.452s] GC(9) Humongous regions: 8->8
[2021-04-16T23:08:17.241-0700][22.452s] GC(9) Metaspace: 56788K->56788K(1099776K)
[2021-04-16T23:08:17.241-0700][22.452s] GC(9) Pause Young (Normal) (G1 Evacuation Pause) 278M->65M(512M) 87.752ms
[2021-04-16T23:08:17.241-0700][22.452s] GC(9) User=0.12s Sys=0.04s Real=0.09s
[2021-04-16T23:08:20.324-0700][25.536s] GC(10) Pause Young (Normal) (G1 Evacuation Pause)
[2021-04-16T23:08:20.324-0700][25.536s] GC(10) Using 4 workers of 4 for evacuation
[2021-04-16T23:08:20.368-0700][25.580s] GC(10)   Pre Evacuate Collection Set: 0.0ms
[2021-04-16T23:08:20.369-0700][25.580s] GC(10)   Evacuate Collection Set: 41.9ms
[2021-04-16T23:08:20.369-0700][25.580s] GC(10)   Post Evacuate Collection Set: 2.1ms
[2021-04-16T23:08:20.369-0700][25.580s] GC(10)   Other: 0.3ms
[2021-04-16T23:08:20.369-0700][25.580s] GC(10) Eden regions: 282->0(278)
[2021-04-16T23:08:20.369-0700][25.580s] GC(10) Survivor regions: 25->29(39)
[2021-04-16T23:08:20.369-0700][25.580s] GC(10) Old regions: 34->44
[2021-04-16T23:08:20.369-0700][25.580s] GC(10) Humongous regions: 8->8
[2021-04-16T23:08:20.369-0700][25.580s] GC(10) Metaspace: 57559K->57559K(1101824K)
[2021-04-16T23:08:20.369-0700][25.580s] GC(10) Pause Young (Normal) (G1 Evacuation Pause) 347M->79M(512M) 44.438ms
[2021-04-16T23:08:20.369-0700][25.580s] GC(10) User=0.12s Sys=0.03s Real=0.04s
[2021-04-16T23:08:21.961-0700][27.173s] GC(11) Pause Young (Concurrent Start) (Metadata GC Threshold)
[2021-04-16T23:08:21.961-0700][27.173s] GC(11) Using 4 workers of 4 for evacuation
[2021-04-16T23:08:22.018-0700][27.229s] GC(11)   Pre Evacuate Collection Set: 0.2ms
[2021-04-16T23:08:22.018-0700][27.230s] GC(11)   Evacuate Collection Set: 47.2ms
[2021-04-16T23:08:22.018-0700][27.230s] GC(11)   Post Evacuate Collection Set: 9.3ms
[2021-04-16T23:08:22.018-0700][27.230s] GC(11)   Other: 0.3ms
[2021-04-16T23:08:22.018-0700][27.230s] GC(11) Eden regions: 232->0(283)
[2021-04-16T23:08:22.018-0700][27.230s] GC(11) Survivor regions: 29->24(39)
[2021-04-16T23:08:22.018-0700][27.230s] GC(11) Old regions: 44->57
[2021-04-16T23:08:22.018-0700][27.230s] GC(11) Humongous regions: 8->8
[2021-04-16T23:08:22.018-0700][27.230s] GC(11) Metaspace: 58552K->58552K(1101824K)
[2021-04-16T23:08:22.018-0700][27.230s] GC(11) Pause Young (Concurrent Start) (Metadata GC Threshold) 310M->86M(512M) 57.101ms
[2021-04-16T23:08:22.018-0700][27.230s] GC(11) User=0.10s Sys=0.01s Real=0.06s
[2021-04-16T23:08:22.020-0700][27.231s] GC(12) Concurrent Cycle
[2021-04-16T23:08:22.021-0700][27.232s] GC(12) Concurrent Clear Claimed Marks
[2021-04-16T23:08:22.023-0700][27.235s] GC(12) Concurrent Clear Claimed Marks 2.490ms
[2021-04-16T23:08:22.024-0700][27.236s] GC(12) Concurrent Scan Root Regions
[2021-04-16T23:08:22.070-0700][27.281s] GC(12) Concurrent Scan Root Regions 45.390ms
[2021-04-16T23:08:22.070-0700][27.282s] GC(12) Concurrent Mark (27.281s)
[2021-04-16T23:08:22.070-0700][27.282s] GC(12) Concurrent Mark From Roots
[2021-04-16T23:08:22.070-0700][27.282s] GC(12) Using 1 workers of 1 for marking
[2021-04-16T23:08:22.252-0700][27.463s] GC(12) Concurrent Mark From Roots 181.744ms
[2021-04-16T23:08:22.252-0700][27.463s] GC(12) Concurrent Preclean
[2021-04-16T23:08:22.252-0700][27.464s] GC(12) Concurrent Preclean 0.378ms
[2021-04-16T23:08:22.252-0700][27.464s] GC(12) Concurrent Mark (27.281s, 27.464s) 182.264ms
[2021-04-16T23:08:22.257-0700][27.468s] GC(12) Pause Remark
[2021-04-16T23:08:22.272-0700][27.484s] GC(12) Cleaned string and symbol table, strings: 28939 processed, 38 removed, symbols: 157030 processed, 707 removed
[2021-04-16T23:08:22.273-0700][27.484s] GC(12) Pause Remark 131M->131M(512M) 16.102ms
[2021-04-16T23:08:22.273-0700][27.484s] GC(12) User=0.05s Sys=0.00s Real=0.01s
[2021-04-16T23:08:22.273-0700][27.484s] GC(12) Concurrent Rebuild Remembered Sets
[2021-04-16T23:08:22.332-0700][27.543s] GC(12) Concurrent Rebuild Remembered Sets 59.027ms
[2021-04-16T23:08:22.335-0700][27.546s] GC(12) Pause Cleanup
[2021-04-16T23:08:22.335-0700][27.547s] GC(12) Pause Cleanup 138M->138M(512M) 0.238ms
[2021-04-16T23:08:22.335-0700][27.547s] GC(12) User=0.00s Sys=0.00s Real=0.00s
[2021-04-16T23:08:22.335-0700][27.547s] GC(12) Concurrent Cleanup for Next Mark
[2021-04-16T23:08:22.350-0700][27.562s] GC(12) Concurrent Cleanup for Next Mark 15.365ms
[2021-04-16T23:08:22.350-0700][27.562s] GC(12) Concurrent Cycle 330.780ms
[2021-04-16T23:08:24.799-0700][30.010s] GC(13) Pause Young (Concurrent Start) (G1 Evacuation Pause)
[2021-04-16T23:08:24.800-0700][30.012s] GC(13) Using 4 workers of 4 for evacuation
[2021-04-16T23:08:24.847-0700][30.059s] GC(13)   Pre Evacuate Collection Set: 0.2ms
[2021-04-16T23:08:24.847-0700][30.059s] GC(13)   Evacuate Collection Set: 43.9ms
[2021-04-16T23:08:24.847-0700][30.059s] GC(13)   Post Evacuate Collection Set: 1.4ms
[2021-04-16T23:08:24.847-0700][30.059s] GC(13)   Other: 3.1ms
[2021-04-16T23:08:24.847-0700][30.059s] GC(13) Eden regions: 283->0(288)
[2021-04-16T23:08:24.847-0700][30.059s] GC(13) Survivor regions: 24->19(39)
[2021-04-16T23:08:24.847-0700][30.059s] GC(13) Old regions: 57->67
[2021-04-16T23:08:24.847-0700][30.059s] GC(13) Humongous regions: 8->8
[2021-04-16T23:08:24.847-0700][30.059s] GC(13) Metaspace: 61867K->61867K(1105920K)
[2021-04-16T23:08:24.847-0700][30.059s] GC(13) Pause Young (Concurrent Start) (G1 Evacuation Pause) 369M->91M(512M) 48.700ms
[2021-04-16T23:08:24.847-0700][30.059s] GC(13) User=0.07s Sys=0.02s Real=0.05s
[2021-04-16T23:08:24.848-0700][30.059s] GC(14) Concurrent Cycle
[2021-04-16T23:08:24.848-0700][30.059s] GC(14) Concurrent Clear Claimed Marks
[2021-04-16T23:08:24.848-0700][30.059s] GC(14) Concurrent Clear Claimed Marks 0.224ms
[2021-04-16T23:08:24.850-0700][30.062s] GC(14) Concurrent Scan Root Regions
[2021-04-16T23:08:24.860-0700][30.072s] GC(14) Concurrent Scan Root Regions 10.164ms
[2021-04-16T23:08:24.860-0700][30.072s] GC(14) Concurrent Mark (30.072s)
[2021-04-16T23:08:24.860-0700][30.072s] GC(14) Concurrent Mark From Roots
[2021-04-16T23:08:24.860-0700][30.072s] GC(14) Using 1 workers of 1 for marking
[2021-04-16T23:08:25.080-0700][30.291s] GC(14) Concurrent Mark From Roots 219.597ms
[2021-04-16T23:08:25.080-0700][30.292s] GC(14) Concurrent Preclean
[2021-04-16T23:08:25.080-0700][30.292s] GC(14) Concurrent Preclean 0.182ms
[2021-04-16T23:08:25.080-0700][30.292s] GC(14) Concurrent Mark (30.072s, 30.292s) 220.191ms
[2021-04-16T23:08:25.083-0700][30.295s] GC(14) Pause Remark
[2021-04-16T23:08:25.113-0700][30.325s] GC(14) Cleaned string and symbol table, strings: 29686 processed, 12 removed, symbols: 157201 processed, 35 removed
[2021-04-16T23:08:25.114-0700][30.325s] GC(14) Pause Remark 108M->108M(512M) 30.379ms
[2021-04-16T23:08:25.114-0700][30.325s] GC(14) User=0.05s Sys=0.00s Real=0.03s
[2021-04-16T23:08:25.114-0700][30.326s] GC(14) Concurrent Rebuild Remembered Sets
[2021-04-16T23:08:25.262-0700][30.473s] GC(14) Concurrent Rebuild Remembered Sets 147.847ms
[2021-04-16T23:08:25.264-0700][30.475s] GC(14) Pause Cleanup
[2021-04-16T23:08:25.265-0700][30.477s] GC(14) Pause Cleanup 126M->126M(512M) 1.344ms
[2021-04-16T23:08:25.265-0700][30.477s] GC(14) User=0.00s Sys=0.00s Real=0.01s
[2021-04-16T23:08:25.265-0700][30.477s] GC(14) Concurrent Cleanup for Next Mark
[2021-04-16T23:08:25.271-0700][30.483s] GC(14) Concurrent Cleanup for Next Mark 5.872ms
[2021-04-16T23:08:25.271-0700][30.483s] GC(14) Concurrent Cycle 423.735ms
[2021-04-16T23:08:27.050-0700][32.262s] GC(15) Pause Young (Normal) (G1 Evacuation Pause)
[2021-04-16T23:08:27.050-0700][32.262s] GC(15) Using 4 workers of 4 for evacuation
[2021-04-16T23:08:27.073-0700][32.285s] GC(15)   Pre Evacuate Collection Set: 0.0ms
[2021-04-16T23:08:27.073-0700][32.285s] GC(15)   Evacuate Collection Set: 22.2ms
[2021-04-16T23:08:27.073-0700][32.285s] GC(15)   Post Evacuate Collection Set: 0.7ms
[2021-04-16T23:08:27.073-0700][32.285s] GC(15)   Other: 0.3ms
[2021-04-16T23:08:27.073-0700][32.285s] GC(15) Eden regions: 288->0(274)
[2021-04-16T23:08:27.073-0700][32.285s] GC(15) Survivor regions: 19->33(39)
[2021-04-16T23:08:27.073-0700][32.285s] GC(15) Old regions: 67->67
[2021-04-16T23:08:27.073-0700][32.285s] GC(15) Humongous regions: 8->8
[2021-04-16T23:08:27.073-0700][32.285s] GC(15) Metaspace: 61921K->61921K(1105920K)
[2021-04-16T23:08:27.073-0700][32.285s] GC(15) Pause Young (Normal) (G1 Evacuation Pause) 379M->106M(512M) 23.318ms
[2021-04-16T23:08:27.074-0700][32.285s] GC(15) User=0.06s Sys=0.00s Real=0.02s
[2021-04-16T23:08:31.207-0700][36.419s] GC(16) Pause Young (Normal) (G1 Evacuation Pause)
[2021-04-16T23:08:31.207-0700][36.419s] GC(16) Using 4 workers of 4 for evacuation
[2021-04-16T23:08:31.246-0700][36.458s] GC(16)   Pre Evacuate Collection Set: 0.0ms
[2021-04-16T23:08:31.246-0700][36.458s] GC(16)   Evacuate Collection Set: 37.8ms
[2021-04-16T23:08:31.246-0700][36.458s] GC(16)   Post Evacuate Collection Set: 0.7ms
[2021-04-16T23:08:31.246-0700][36.458s] GC(16)   Other: 0.3ms
[2021-04-16T23:08:31.246-0700][36.458s] GC(16) Eden regions: 274->0(292)
[2021-04-16T23:08:31.246-0700][36.458s] GC(16) Survivor regions: 33->15(39)
[2021-04-16T23:08:31.246-0700][36.458s] GC(16) Old regions: 67->79
[2021-04-16T23:08:31.246-0700][36.458s] GC(16) Humongous regions: 21->12
[2021-04-16T23:08:31.246-0700][36.458s] GC(16) Metaspace: 63034K->63034K(1105920K)
[2021-04-16T23:08:31.246-0700][36.458s] GC(16) Pause Young (Normal) (G1 Evacuation Pause) 393M->104M(512M) 39.125ms
[2021-04-16T23:08:31.246-0700][36.458s] GC(16) User=0.09s Sys=0.01s Real=0.04s
[2021-04-16T23:48:00.220-0700][2405.431s] GC(17) Pause Young (Normal) (G1 Evacuation Pause)
[2021-04-16T23:48:00.220-0700][2405.431s] GC(17) Using 4 workers of 4 for evacuation
[2021-04-16T23:48:00.228-0700][2405.440s] GC(17)   Pre Evacuate Collection Set: 0.0ms
[2021-04-16T23:48:00.228-0700][2405.440s] GC(17)   Evacuate Collection Set: 7.8ms
[2021-04-16T23:48:00.228-0700][2405.440s] GC(17)   Post Evacuate Collection Set: 0.7ms
[2021-04-16T23:48:00.228-0700][2405.440s] GC(17)   Other: 0.3ms
[2021-04-16T23:48:00.229-0700][2405.440s] GC(17) Eden regions: 292->0(292)
[2021-04-16T23:48:00.229-0700][2405.440s] GC(17) Survivor regions: 15->15(39)
[2021-04-16T23:48:00.229-0700][2405.440s] GC(17) Old regions: 79->79
[2021-04-16T23:48:00.229-0700][2405.440s] GC(17) Humongous regions: 42->8
[2021-04-16T23:48:00.229-0700][2405.440s] GC(17) Metaspace: 65323K->65323K(1107968K)
[2021-04-16T23:48:00.229-0700][2405.440s] GC(17) Pause Young (Normal) (G1 Evacuation Pause) 426M->100M(512M) 8.921ms
[2021-04-16T23:48:00.229-0700][2405.440s] GC(17) User=0.01s Sys=0.00s Real=0.01s
[2021-04-17T02:13:41.909-0700][11147.121s] Heap
[2021-04-17T02:13:41.909-0700][11147.121s]  garbage-first heap   total 524288K, used 350292K [0x00000000e0000000, 0x0000000100000000)
[2021-04-17T02:13:41.909-0700][11147.121s]   region size 1024K, 259 young (265216K), 15 survivors (15360K)
[2021-04-17T02:13:41.909-0700][11147.121s]  Metaspace       used 66602K, capacity 68406K, committed 68636K, reserved 1110016K
[2021-04-17T02:13:41.909-0700][11147.121s]   class space    used 7389K, capacity 8084K, committed 8140K, reserved 1048576K
