[2021-03-25T00:55:57.149-0700][0.009s] Heap region size: 1M
[2021-03-25T00:55:57.178-0700][0.037s] Using G1
[2021-03-25T00:55:57.178-0700][0.037s] Heap address: 0x00000000e0000000, size: 512 MB, Compressed Oops mode: 32-bit
[2021-03-25T00:55:57.178-0700][0.038s] Mark closed archive regions in map: [0x00000000fff00000, 0x00000000fff6aff8]
[2021-03-25T00:55:57.178-0700][0.038s] Mark open archive regions in map: [0x00000000ffe00000, 0x00000000ffe46ff8]
[2021-03-25T00:55:57.795-0700][0.655s] GC(0) Pause Young (Normal) (G1 Evacuation Pause)
[2021-03-25T00:55:57.795-0700][0.655s] GC(0) Using 4 workers of 4 for evacuation
[2021-03-25T00:55:57.803-0700][0.662s] GC(0)   Pre Evacuate Collection Set: 0.0ms
[2021-03-25T00:55:57.803-0700][0.663s] GC(0)   Evacuate Collection Set: 6.8ms
[2021-03-25T00:55:57.803-0700][0.663s] GC(0)   Post Evacuate Collection Set: 0.6ms
[2021-03-25T00:55:57.803-0700][0.663s] GC(0)   Other: 0.6ms
[2021-03-25T00:55:57.803-0700][0.663s] GC(0) Eden regions: 25->0(304)
[2021-03-25T00:55:57.803-0700][0.663s] GC(0) Survivor regions: 0->3(4)
[2021-03-25T00:55:57.803-0700][0.663s] GC(0) Old regions: 2->2
[2021-03-25T00:55:57.803-0700][0.663s] GC(0) Humongous regions: 0->0
[2021-03-25T00:55:57.803-0700][0.663s] GC(0) Metaspace: 5316K->5316K(1056768K)
[2021-03-25T00:55:57.803-0700][0.663s] GC(0) Pause Young (Normal) (G1 Evacuation Pause) 25M->2M(512M) 8.080ms
[2021-03-25T00:55:57.803-0700][0.663s] GC(0) User=0.02s Sys=0.01s Real=0.01s
[2021-03-25T00:55:59.421-0700][2.281s] GC(1) Pause Young (Concurrent Start) (Metadata GC Threshold)
[2021-03-25T00:55:59.421-0700][2.281s] GC(1) Using 4 workers of 4 for evacuation
[2021-03-25T00:55:59.444-0700][2.304s] GC(1)   Pre Evacuate Collection Set: 0.1ms
[2021-03-25T00:55:59.444-0700][2.304s] GC(1)   Evacuate Collection Set: 21.8ms
[2021-03-25T00:55:59.444-0700][2.304s] GC(1)   Post Evacuate Collection Set: 1.1ms
[2021-03-25T00:55:59.444-0700][2.304s] GC(1)   Other: 0.2ms
[2021-03-25T00:55:59.444-0700][2.304s] GC(1) Eden regions: 111->0(52)
[2021-03-25T00:55:59.444-0700][2.304s] GC(1) Survivor regions: 3->19(22)
[2021-03-25T00:55:59.444-0700][2.304s] GC(1) Old regions: 2->2
[2021-03-25T00:55:59.444-0700][2.304s] GC(1) Humongous regions: 4->4
[2021-03-25T00:55:59.444-0700][2.304s] GC(1) Metaspace: 20382K->20382K(1069056K)
[2021-03-25T00:55:59.444-0700][2.304s] GC(1) Pause Young (Concurrent Start) (Metadata GC Threshold) 117M->23M(512M) 23.268ms
[2021-03-25T00:55:59.444-0700][2.304s] GC(1) User=0.05s Sys=0.03s Real=0.03s
[2021-03-25T00:55:59.444-0700][2.304s] GC(2) Concurrent Cycle
[2021-03-25T00:55:59.444-0700][2.304s] GC(2) Concurrent Clear Claimed Marks
[2021-03-25T00:55:59.444-0700][2.304s] GC(2) Concurrent Clear Claimed Marks 0.066ms
[2021-03-25T00:55:59.444-0700][2.304s] GC(2) Concurrent Scan Root Regions
[2021-03-25T00:55:59.452-0700][2.311s] GC(2) Concurrent Scan Root Regions 7.318ms
[2021-03-25T00:55:59.452-0700][2.311s] GC(2) Concurrent Mark (2.311s)
[2021-03-25T00:55:59.452-0700][2.311s] GC(2) Concurrent Mark From Roots
[2021-03-25T00:55:59.452-0700][2.311s] GC(2) Using 1 workers of 1 for marking
[2021-03-25T00:55:59.454-0700][2.314s] GC(2) Concurrent Mark From Roots 2.182ms
[2021-03-25T00:55:59.454-0700][2.314s] GC(2) Concurrent Preclean
[2021-03-25T00:55:59.454-0700][2.314s] GC(2) Concurrent Preclean 0.691ms
[2021-03-25T00:55:59.454-0700][2.314s] GC(2) Concurrent Mark (2.311s, 2.314s) 2.922ms
[2021-03-25T00:55:59.455-0700][2.314s] GC(2) Pause Remark
[2021-03-25T00:55:59.457-0700][2.317s] GC(2) Cleaned string and symbol table, strings: 8636 processed, 0 removed, symbols: 61688 processed, 27 removed
[2021-03-25T00:55:59.457-0700][2.317s] GC(2) Pause Remark 24M->24M(512M) 2.649ms
[2021-03-25T00:55:59.457-0700][2.317s] GC(2) User=0.00s Sys=0.00s Real=0.01s
[2021-03-25T00:55:59.457-0700][2.317s] GC(2) Concurrent Rebuild Remembered Sets
[2021-03-25T00:55:59.462-0700][2.322s] GC(2) Concurrent Rebuild Remembered Sets 4.184ms
[2021-03-25T00:55:59.462-0700][2.322s] GC(2) Pause Cleanup
[2021-03-25T00:55:59.462-0700][2.322s] GC(2) Pause Cleanup 24M->24M(512M) 0.174ms
[2021-03-25T00:55:59.462-0700][2.322s] GC(2) User=0.00s Sys=0.00s Real=0.00s
[2021-03-25T00:55:59.463-0700][2.323s] GC(2) Concurrent Cleanup for Next Mark
[2021-03-25T00:55:59.464-0700][2.324s] GC(2) Concurrent Cleanup for Next Mark 1.116ms
[2021-03-25T00:55:59.464-0700][2.324s] GC(2) Concurrent Cycle 20.310ms
[2021-03-25T00:56:00.146-0700][3.006s] GC(3) Pause Young (Normal) (G1 Evacuation Pause)
[2021-03-25T00:56:00.146-0700][3.006s] GC(3) Using 4 workers of 4 for evacuation
[2021-03-25T00:56:00.177-0700][3.037s] GC(3)   Pre Evacuate Collection Set: 0.0ms
[2021-03-25T00:56:00.177-0700][3.037s] GC(3)   Evacuate Collection Set: 29.9ms
[2021-03-25T00:56:00.177-0700][3.037s] GC(3)   Post Evacuate Collection Set: 0.5ms
[2021-03-25T00:56:00.177-0700][3.037s] GC(3)   Other: 0.1ms
[2021-03-25T00:56:00.177-0700][3.037s] GC(3) Eden regions: 41->0(79)
[2021-03-25T00:56:00.177-0700][3.037s] GC(3) Survivor regions: 19->3(8)
[2021-03-25T00:56:00.177-0700][3.037s] GC(3) Old regions: 2->21
[2021-03-25T00:56:00.177-0700][3.037s] GC(3) Humongous regions: 4->4
[2021-03-25T00:56:00.177-0700][3.037s] GC(3) Metaspace: 25415K->25415K(1073152K)
[2021-03-25T00:56:00.177-0700][3.037s] GC(3) Pause Young (Normal) (G1 Evacuation Pause) 64M->25M(512M) 30.612ms
[2021-03-25T00:56:00.177-0700][3.037s] GC(3) User=0.06s Sys=0.04s Real=0.03s
[2021-03-25T00:56:31.499-0700][34.359s] GC(4) Pause Young (Normal) (G1 Evacuation Pause)
[2021-03-25T00:56:31.499-0700][34.359s] GC(4) Using 4 workers of 4 for evacuation
[2021-03-25T00:56:31.504-0700][34.364s] GC(4)   Pre Evacuate Collection Set: 0.0ms
[2021-03-25T00:56:31.504-0700][34.364s] GC(4)   Evacuate Collection Set: 3.8ms
[2021-03-25T00:56:31.504-0700][34.364s] GC(4)   Post Evacuate Collection Set: 0.6ms
[2021-03-25T00:56:31.504-0700][34.364s] GC(4)   Other: 0.2ms
[2021-03-25T00:56:31.504-0700][34.364s] GC(4) Eden regions: 79->0(123)
[2021-03-25T00:56:31.504-0700][34.364s] GC(4) Survivor regions: 3->8(11)
[2021-03-25T00:56:31.504-0700][34.364s] GC(4) Old regions: 21->21
[2021-03-25T00:56:31.504-0700][34.364s] GC(4) Humongous regions: 4->4
[2021-03-25T00:56:31.504-0700][34.364s] GC(4) Metaspace: 33935K->33935K(1081344K)
[2021-03-25T00:56:31.504-0700][34.364s] GC(4) Pause Young (Normal) (G1 Evacuation Pause) 104M->29M(512M) 4.725ms
[2021-03-25T00:56:31.504-0700][34.364s] GC(4) User=0.01s Sys=0.00s Real=0.01s
[2021-03-25T00:56:31.615-0700][34.475s] GC(5) Pause Young (Concurrent Start) (Metadata GC Threshold)
[2021-03-25T00:56:31.615-0700][34.475s] GC(5) Using 4 workers of 4 for evacuation
[2021-03-25T00:56:31.620-0700][34.480s] GC(5)   Pre Evacuate Collection Set: 0.1ms
[2021-03-25T00:56:31.620-0700][34.480s] GC(5)   Evacuate Collection Set: 4.1ms
[2021-03-25T00:56:31.620-0700][34.480s] GC(5)   Post Evacuate Collection Set: 0.5ms
[2021-03-25T00:56:31.620-0700][34.480s] GC(5)   Other: 0.2ms
[2021-03-25T00:56:31.620-0700][34.480s] GC(5) Eden regions: 15->0(170)
[2021-03-25T00:56:31.620-0700][34.480s] GC(5) Survivor regions: 8->8(17)
[2021-03-25T00:56:31.620-0700][34.480s] GC(5) Old regions: 21->21
[2021-03-25T00:56:31.620-0700][34.480s] GC(5) Humongous regions: 4->4
[2021-03-25T00:56:31.620-0700][34.480s] GC(5) Metaspace: 34806K->34806K(1081344K)
[2021-03-25T00:56:31.620-0700][34.480s] GC(5) Pause Young (Concurrent Start) (Metadata GC Threshold) 44M->30M(512M) 4.880ms
[2021-03-25T00:56:31.620-0700][34.480s] GC(5) User=0.01s Sys=0.00s Real=0.00s
[2021-03-25T00:56:31.620-0700][34.480s] GC(6) Concurrent Cycle
[2021-03-25T00:56:31.620-0700][34.480s] GC(6) Concurrent Clear Claimed Marks
[2021-03-25T00:56:31.620-0700][34.480s] GC(6) Concurrent Clear Claimed Marks 0.048ms
[2021-03-25T00:56:31.620-0700][34.480s] GC(6) Concurrent Scan Root Regions
[2021-03-25T00:56:31.624-0700][34.483s] GC(6) Concurrent Scan Root Regions 3.316ms
[2021-03-25T00:56:31.624-0700][34.483s] GC(6) Concurrent Mark (34.483s)
[2021-03-25T00:56:31.624-0700][34.483s] GC(6) Concurrent Mark From Roots
[2021-03-25T00:56:31.624-0700][34.483s] GC(6) Using 1 workers of 1 for marking
[2021-03-25T00:56:31.646-0700][34.505s] GC(6) Concurrent Mark From Roots 21.986ms
[2021-03-25T00:56:31.646-0700][34.506s] GC(6) Concurrent Preclean
[2021-03-25T00:56:31.646-0700][34.506s] GC(6) Concurrent Preclean 0.087ms
[2021-03-25T00:56:31.646-0700][34.506s] GC(6) Concurrent Mark (34.483s, 34.506s) 22.135ms
[2021-03-25T00:56:31.646-0700][34.506s] GC(6) Pause Remark
[2021-03-25T00:56:31.650-0700][34.510s] GC(6) Cleaned string and symbol table, strings: 14573 processed, 27 removed, symbols: 102185 processed, 147 removed
[2021-03-25T00:56:31.650-0700][34.510s] GC(6) Pause Remark 33M->33M(512M) 3.978ms
[2021-03-25T00:56:31.650-0700][34.510s] GC(6) User=0.01s Sys=0.00s Real=0.00s
[2021-03-25T00:56:31.650-0700][34.510s] GC(6) Concurrent Rebuild Remembered Sets
[2021-03-25T00:56:31.663-0700][34.522s] GC(6) Concurrent Rebuild Remembered Sets 12.457ms
[2021-03-25T00:56:31.663-0700][34.523s] GC(6) Pause Cleanup
[2021-03-25T00:56:31.663-0700][34.523s] GC(6) Pause Cleanup 34M->34M(512M) 0.166ms
[2021-03-25T00:56:31.663-0700][34.523s] GC(6) User=0.00s Sys=0.00s Real=0.00s
[2021-03-25T00:56:31.663-0700][34.523s] GC(6) Concurrent Cleanup for Next Mark
[2021-03-25T00:56:31.664-0700][34.524s] GC(6) Concurrent Cleanup for Next Mark 0.931ms
[2021-03-25T00:56:31.664-0700][34.524s] GC(6) Concurrent Cycle 43.752ms
[2021-03-25T00:56:32.838-0700][35.697s] GC(7) Pause Young (Normal) (G1 Evacuation Pause)
[2021-03-25T00:56:32.838-0700][35.697s] GC(7) Using 4 workers of 4 for evacuation
[2021-03-25T00:56:32.854-0700][35.714s] GC(7)   Pre Evacuate Collection Set: 0.0ms
[2021-03-25T00:56:32.854-0700][35.714s] GC(7)   Evacuate Collection Set: 12.7ms
[2021-03-25T00:56:32.854-0700][35.714s] GC(7)   Post Evacuate Collection Set: 4.0ms
[2021-03-25T00:56:32.854-0700][35.714s] GC(7)   Other: 0.2ms
[2021-03-25T00:56:32.854-0700][35.714s] GC(7) Eden regions: 170->0(192)
[2021-03-25T00:56:32.854-0700][35.714s] GC(7) Survivor regions: 8->16(23)
[2021-03-25T00:56:32.854-0700][35.714s] GC(7) Old regions: 21->21
[2021-03-25T00:56:32.854-0700][35.714s] GC(7) Humongous regions: 7->5
[2021-03-25T00:56:32.854-0700][35.714s] GC(7) Metaspace: 42306K->42306K(1087488K)
[2021-03-25T00:56:32.855-0700][35.714s] GC(7) Pause Young (Normal) (G1 Evacuation Pause) 203M->39M(512M) 16.993ms
[2021-03-25T00:56:32.855-0700][35.714s] GC(7) User=0.04s Sys=0.00s Real=0.01s
[2021-03-25T00:56:33.856-0700][36.716s] GC(8) Pause Young (Normal) (G1 Evacuation Pause)
[2021-03-25T00:56:33.856-0700][36.716s] GC(8) Using 4 workers of 4 for evacuation
[2021-03-25T00:56:33.883-0700][36.743s] GC(8)   Pre Evacuate Collection Set: 0.0ms
[2021-03-25T00:56:33.883-0700][36.743s] GC(8)   Evacuate Collection Set: 24.6ms
[2021-03-25T00:56:33.883-0700][36.743s] GC(8)   Post Evacuate Collection Set: 1.6ms
[2021-03-25T00:56:33.883-0700][36.743s] GC(8)   Other: 0.2ms
[2021-03-25T00:56:33.883-0700][36.743s] GC(8) Eden regions: 192->0(251)
[2021-03-25T00:56:33.883-0700][36.743s] GC(8) Survivor regions: 16->11(26)
[2021-03-25T00:56:33.883-0700][36.743s] GC(8) Old regions: 21->27
[2021-03-25T00:56:33.883-0700][36.743s] GC(8) Humongous regions: 5->5
[2021-03-25T00:56:33.883-0700][36.743s] GC(8) Metaspace: 46786K->46786K(1091584K)
[2021-03-25T00:56:33.883-0700][36.743s] GC(8) Pause Young (Normal) (G1 Evacuation Pause) 231M->41M(512M) 26.503ms
[2021-03-25T00:56:33.883-0700][36.743s] GC(8) User=0.04s Sys=0.02s Real=0.02s
[2021-03-25T00:59:13.543-0700][196.403s] GC(9) Pause Young (Normal) (G1 Evacuation Pause)
[2021-03-25T00:59:13.543-0700][196.403s] GC(9) Using 4 workers of 4 for evacuation
[2021-03-25T00:59:13.584-0700][196.444s] GC(9)   Pre Evacuate Collection Set: 0.0ms
[2021-03-25T00:59:13.584-0700][196.444s] GC(9)   Evacuate Collection Set: 36.9ms
[2021-03-25T00:59:13.584-0700][196.444s] GC(9)   Post Evacuate Collection Set: 4.3ms
[2021-03-25T00:59:13.584-0700][196.444s] GC(9)   Other: 0.2ms
[2021-03-25T00:59:13.584-0700][196.444s] GC(9) Eden regions: 247->0(282)
[2021-03-25T00:59:13.584-0700][196.444s] GC(9) Survivor regions: 11->21(33)
[2021-03-25T00:59:13.584-0700][196.444s] GC(9) Old regions: 27->27
[2021-03-25T00:59:13.584-0700][196.444s] GC(9) Humongous regions: 8->8
[2021-03-25T00:59:13.584-0700][196.444s] GC(9) Metaspace: 56702K->56702K(1099776K)
[2021-03-25T00:59:13.584-0700][196.444s] GC(9) Pause Young (Normal) (G1 Evacuation Pause) 291M->54M(512M) 41.615ms
[2021-03-25T00:59:13.584-0700][196.444s] GC(9) User=0.08s Sys=0.02s Real=0.05s
[2021-03-25T01:08:47.632-0700][770.492s] GC(10) Pause Young (Concurrent Start) (Metadata GC Threshold)
[2021-03-25T01:08:47.632-0700][770.492s] GC(10) Using 4 workers of 4 for evacuation
[2021-03-25T01:08:47.672-0700][770.532s] GC(10)   Pre Evacuate Collection Set: 0.2ms
[2021-03-25T01:08:47.672-0700][770.532s] GC(10)   Evacuate Collection Set: 33.2ms
[2021-03-25T01:08:47.672-0700][770.532s] GC(10)   Post Evacuate Collection Set: 6.0ms
[2021-03-25T01:08:47.672-0700][770.532s] GC(10)   Other: 0.3ms
[2021-03-25T01:08:47.672-0700][770.532s] GC(10) Eden regions: 217->0(269)
[2021-03-25T01:08:47.672-0700][770.532s] GC(10) Survivor regions: 21->27(38)
[2021-03-25T01:08:47.672-0700][770.532s] GC(10) Old regions: 27->35
[2021-03-25T01:08:47.672-0700][770.532s] GC(10) Humongous regions: 8->8
[2021-03-25T01:08:47.672-0700][770.532s] GC(10) Metaspace: 58625K->58625K(1101824K)
[2021-03-25T01:08:47.672-0700][770.532s] GC(10) Pause Young (Concurrent Start) (Metadata GC Threshold) 271M->67M(512M) 39.810ms
[2021-03-25T01:08:47.672-0700][770.532s] GC(10) User=0.10s Sys=0.01s Real=0.04s
[2021-03-25T01:08:47.672-0700][770.532s] GC(11) Concurrent Cycle
[2021-03-25T01:08:47.672-0700][770.532s] GC(11) Concurrent Clear Claimed Marks
[2021-03-25T01:08:47.672-0700][770.532s] GC(11) Concurrent Clear Claimed Marks 0.256ms
[2021-03-25T01:08:47.672-0700][770.532s] GC(11) Concurrent Scan Root Regions
[2021-03-25T01:08:47.692-0700][770.552s] GC(11) Concurrent Scan Root Regions 19.331ms
[2021-03-25T01:08:47.692-0700][770.552s] GC(11) Concurrent Mark (770.552s)
[2021-03-25T01:08:47.692-0700][770.552s] GC(11) Concurrent Mark From Roots
[2021-03-25T01:08:47.692-0700][770.552s] GC(11) Using 1 workers of 1 for marking
[2021-03-25T01:08:47.764-0700][770.624s] GC(11) Concurrent Mark From Roots 72.371ms
[2021-03-25T01:08:47.764-0700][770.624s] GC(11) Concurrent Preclean
[2021-03-25T01:08:47.765-0700][770.625s] GC(11) Concurrent Preclean 0.367ms
[2021-03-25T01:08:47.765-0700][770.625s] GC(11) Concurrent Mark (770.552s, 770.625s) 72.800ms
[2021-03-25T01:08:47.769-0700][770.628s] GC(11) Pause Remark
[2021-03-25T01:08:47.798-0700][770.658s] GC(11) Cleaned string and symbol table, strings: 28340 processed, 977 removed, symbols: 156582 processed, 709 removed
[2021-03-25T01:08:47.798-0700][770.658s] GC(11) Pause Remark 79M->79M(512M) 29.613ms
[2021-03-25T01:08:47.798-0700][770.658s] GC(11) User=0.06s Sys=0.01s Real=0.03s
[2021-03-25T01:08:47.798-0700][770.658s] GC(11) Concurrent Rebuild Remembered Sets
[2021-03-25T01:08:47.835-0700][770.694s] GC(11) Concurrent Rebuild Remembered Sets 36.316ms
[2021-03-25T01:08:47.835-0700][770.695s] GC(11) Pause Cleanup
[2021-03-25T01:08:47.835-0700][770.695s] GC(11) Pause Cleanup 81M->81M(512M) 0.116ms
[2021-03-25T01:08:47.835-0700][770.695s] GC(11) User=0.00s Sys=0.00s Real=0.00s
[2021-03-25T01:08:47.835-0700][770.695s] GC(11) Concurrent Cleanup for Next Mark
[2021-03-25T01:08:47.850-0700][770.710s] GC(11) Concurrent Cleanup for Next Mark 14.957ms
[2021-03-25T01:08:47.850-0700][770.710s] GC(11) Concurrent Cycle 177.810ms
[2021-03-25T01:21:53.549-0700][1556.409s] GC(12) Pause Young (Normal) (G1 Evacuation Pause)
[2021-03-25T01:21:53.549-0700][1556.409s] GC(12) Using 4 workers of 4 for evacuation
[2021-03-25T01:21:53.626-0700][1556.486s] GC(12)   Pre Evacuate Collection Set: 0.0ms
[2021-03-25T01:21:53.626-0700][1556.486s] GC(12)   Evacuate Collection Set: 68.5ms
[2021-03-25T01:21:53.626-0700][1556.486s] GC(12)   Post Evacuate Collection Set: 7.9ms
[2021-03-25T01:21:53.626-0700][1556.486s] GC(12)   Other: 0.2ms
[2021-03-25T01:21:53.626-0700][1556.486s] GC(12) Eden regions: 269->0(285)
[2021-03-25T01:21:53.626-0700][1556.486s] GC(12) Survivor regions: 27->22(37)
[2021-03-25T01:21:53.626-0700][1556.486s] GC(12) Old regions: 35->47
[2021-03-25T01:21:53.626-0700][1556.486s] GC(12) Humongous regions: 8->8
[2021-03-25T01:21:53.626-0700][1556.486s] GC(12) Metaspace: 58840K->58840K(1103872K)
[2021-03-25T01:21:53.626-0700][1556.486s] GC(12) Pause Young (Normal) (G1 Evacuation Pause) 336M->75M(512M) 76.846ms
[2021-03-25T01:21:53.626-0700][1556.486s] GC(12) User=0.15s Sys=0.03s Real=0.08s
[2021-03-25T01:48:18.950-0700][3141.810s] GC(13) Pause Young (Normal) (G1 Evacuation Pause)
[2021-03-25T01:48:18.950-0700][3141.810s] GC(13) Using 4 workers of 4 for evacuation
[2021-03-25T01:48:18.980-0700][3141.840s] GC(13)   Pre Evacuate Collection Set: 0.0ms
[2021-03-25T01:48:18.980-0700][3141.840s] GC(13)   Evacuate Collection Set: 26.4ms
[2021-03-25T01:48:18.980-0700][3141.840s] GC(13)   Post Evacuate Collection Set: 3.2ms
[2021-03-25T01:48:18.980-0700][3141.840s] GC(13)   Other: 0.3ms
[2021-03-25T01:48:18.980-0700][3141.840s] GC(13) Eden regions: 285->0(289)
[2021-03-25T01:48:18.980-0700][3141.840s] GC(13) Survivor regions: 22->18(39)
[2021-03-25T01:48:18.980-0700][3141.840s] GC(13) Old regions: 47->53
[2021-03-25T01:48:18.980-0700][3141.840s] GC(13) Humongous regions: 8->8
[2021-03-25T01:48:18.980-0700][3141.840s] GC(13) Metaspace: 65583K->65583K(1110016K)
[2021-03-25T01:48:18.980-0700][3141.840s] GC(13) Pause Young (Normal) (G1 Evacuation Pause) 360M->77M(512M) 30.009ms
[2021-03-25T01:48:18.980-0700][3141.840s] GC(13) User=0.07s Sys=0.01s Real=0.03s
[2021-03-25T01:50:10.772-0700][3253.631s] Heap
[2021-03-25T01:50:10.772-0700][3253.631s]  garbage-first heap   total 524288K, used 248949K [0x00000000e0000000, 0x0000000100000000)
[2021-03-25T01:50:10.772-0700][3253.631s]   region size 1024K, 186 young (190464K), 18 survivors (18432K)
[2021-03-25T01:50:10.772-0700][3253.631s]  Metaspace       used 66045K, capacity 67877K, committed 68124K, reserved 1110016K
[2021-03-25T01:50:10.772-0700][3253.631s]   class space    used 7419K, capacity 8100K, committed 8140K, reserved 1048576K
