[2021-04-18T23:41:29.661-0700][0.007s] Heap region size: 1M
[2021-04-18T23:41:29.700-0700][0.046s] Using G1
[2021-04-18T23:41:29.700-0700][0.046s] Heap address: 0x00000000e0000000, size: 512 MB, Compressed Oops mode: 32-bit
[2021-04-18T23:41:29.700-0700][0.047s] Mark closed archive regions in map: [0x00000000fff00000, 0x00000000fff6aff8]
[2021-04-18T23:41:29.700-0700][0.047s] Mark open archive regions in map: [0x00000000ffe00000, 0x00000000ffe46ff8]
[2021-04-18T23:41:30.383-0700][0.729s] GC(0) Pause Young (Normal) (G1 Evacuation Pause)
[2021-04-18T23:41:30.383-0700][0.730s] GC(0) Using 4 workers of 4 for evacuation
[2021-04-18T23:41:30.395-0700][0.741s] GC(0)   Pre Evacuate Collection Set: 0.0ms
[2021-04-18T23:41:30.395-0700][0.741s] GC(0)   Evacuate Collection Set: 10.5ms
[2021-04-18T23:41:30.395-0700][0.741s] GC(0)   Post Evacuate Collection Set: 0.5ms
[2021-04-18T23:41:30.395-0700][0.741s] GC(0)   Other: 1.0ms
[2021-04-18T23:41:30.395-0700][0.741s] GC(0) Eden regions: 25->0(304)
[2021-04-18T23:41:30.395-0700][0.741s] GC(0) Survivor regions: 0->3(4)
[2021-04-18T23:41:30.395-0700][0.741s] GC(0) Old regions: 2->2
[2021-04-18T23:41:30.395-0700][0.741s] GC(0) Humongous regions: 0->0
[2021-04-18T23:41:30.395-0700][0.741s] GC(0) Metaspace: 5205K->5205K(1056768K)
[2021-04-18T23:41:30.395-0700][0.741s] GC(0) Pause Young (Normal) (G1 Evacuation Pause) 25M->2M(512M) 12.144ms
[2021-04-18T23:41:30.395-0700][0.741s] GC(0) User=0.03s Sys=0.01s Real=0.02s
[2021-04-18T23:41:32.166-0700][2.512s] GC(1) Pause Young (Concurrent Start) (Metadata GC Threshold)
[2021-04-18T23:41:32.166-0700][2.512s] GC(1) Using 4 workers of 4 for evacuation
[2021-04-18T23:41:32.198-0700][2.545s] GC(1)   Pre Evacuate Collection Set: 0.1ms
[2021-04-18T23:41:32.198-0700][2.545s] GC(1)   Evacuate Collection Set: 30.8ms
[2021-04-18T23:41:32.198-0700][2.545s] GC(1)   Post Evacuate Collection Set: 1.1ms
[2021-04-18T23:41:32.198-0700][2.545s] GC(1)   Other: 0.3ms
[2021-04-18T23:41:32.198-0700][2.545s] GC(1) Eden regions: 110->0(48)
[2021-04-18T23:41:32.198-0700][2.545s] GC(1) Survivor regions: 3->18(18)
[2021-04-18T23:41:32.198-0700][2.545s] GC(1) Old regions: 2->3
[2021-04-18T23:41:32.198-0700][2.545s] GC(1) Humongous regions: 4->4
[2021-04-18T23:41:32.198-0700][2.545s] GC(1) Metaspace: 20396K->20396K(1069056K)
[2021-04-18T23:41:32.198-0700][2.545s] GC(1) Pause Young (Concurrent Start) (Metadata GC Threshold) 116M->23M(512M) 32.423ms
[2021-04-18T23:41:32.198-0700][2.545s] GC(1) User=0.08s Sys=0.03s Real=0.03s
[2021-04-18T23:41:32.198-0700][2.545s] GC(2) Concurrent Cycle
[2021-04-18T23:41:32.198-0700][2.545s] GC(2) Concurrent Clear Claimed Marks
[2021-04-18T23:41:32.198-0700][2.545s] GC(2) Concurrent Clear Claimed Marks 0.083ms
[2021-04-18T23:41:32.198-0700][2.545s] GC(2) Concurrent Scan Root Regions
[2021-04-18T23:41:32.206-0700][2.553s] GC(2) Concurrent Scan Root Regions 8.040ms
[2021-04-18T23:41:32.206-0700][2.553s] GC(2) Concurrent Mark (2.553s)
[2021-04-18T23:41:32.206-0700][2.553s] GC(2) Concurrent Mark From Roots
[2021-04-18T23:41:32.206-0700][2.553s] GC(2) Using 1 workers of 1 for marking
[2021-04-18T23:41:32.217-0700][2.563s] GC(2) Concurrent Mark From Roots 10.471ms
[2021-04-18T23:41:32.217-0700][2.564s] GC(2) Concurrent Preclean
[2021-04-18T23:41:32.217-0700][2.564s] GC(2) Concurrent Preclean 0.032ms
[2021-04-18T23:41:32.217-0700][2.564s] GC(2) Concurrent Mark (2.553s, 2.564s) 10.573ms
[2021-04-18T23:41:32.218-0700][2.564s] GC(2) Pause Remark
[2021-04-18T23:41:32.222-0700][2.568s] GC(2) Cleaned string and symbol table, strings: 8670 processed, 0 removed, symbols: 61784 processed, 27 removed
[2021-04-18T23:41:32.222-0700][2.569s] GC(2) Pause Remark 24M->24M(512M) 4.171ms
[2021-04-18T23:41:32.222-0700][2.569s] GC(2) User=0.00s Sys=0.00s Real=0.00s
[2021-04-18T23:41:32.224-0700][2.570s] GC(2) Concurrent Rebuild Remembered Sets
[2021-04-18T23:41:32.228-0700][2.574s] GC(2) Concurrent Rebuild Remembered Sets 3.960ms
[2021-04-18T23:41:32.228-0700][2.575s] GC(2) Pause Cleanup
[2021-04-18T23:41:32.228-0700][2.575s] GC(2) Pause Cleanup 24M->24M(512M) 0.238ms
[2021-04-18T23:41:32.228-0700][2.575s] GC(2) User=0.00s Sys=0.00s Real=0.00s
[2021-04-18T23:41:32.230-0700][2.576s] GC(2) Concurrent Cleanup for Next Mark
[2021-04-18T23:41:32.231-0700][2.578s] GC(2) Concurrent Cleanup for Next Mark 1.061ms
[2021-04-18T23:41:32.231-0700][2.578s] GC(2) Concurrent Cycle 32.809ms
[2021-04-18T23:41:32.781-0700][3.127s] GC(3) Pause Young (Normal) (G1 Evacuation Pause)
[2021-04-18T23:41:32.781-0700][3.127s] GC(3) Using 4 workers of 4 for evacuation
[2021-04-18T23:41:32.826-0700][3.173s] GC(3)   Pre Evacuate Collection Set: 0.0ms
[2021-04-18T23:41:32.826-0700][3.173s] GC(3)   Evacuate Collection Set: 42.8ms
[2021-04-18T23:41:32.826-0700][3.173s] GC(3)   Post Evacuate Collection Set: 2.8ms
[2021-04-18T23:41:32.826-0700][3.173s] GC(3)   Other: 0.2ms
[2021-04-18T23:41:32.826-0700][3.173s] GC(3) Eden regions: 35->0(59)
[2021-04-18T23:41:32.826-0700][3.173s] GC(3) Survivor regions: 18->2(7)
[2021-04-18T23:41:32.826-0700][3.173s] GC(3) Old regions: 3->21
[2021-04-18T23:41:32.826-0700][3.173s] GC(3) Humongous regions: 4->4
[2021-04-18T23:41:32.826-0700][3.173s] GC(3) Metaspace: 23995K->23995K(1071104K)
[2021-04-18T23:41:32.826-0700][3.173s] GC(3) Pause Young (Normal) (G1 Evacuation Pause) 58M->24M(512M) 45.809ms
[2021-04-18T23:41:32.826-0700][3.173s] GC(3) User=0.09s Sys=0.03s Real=0.05s
[2021-04-18T23:41:33.935-0700][4.282s] GC(4) Pause Young (Normal) (G1 Evacuation Pause)
[2021-04-18T23:41:33.935-0700][4.282s] GC(4) Using 4 workers of 4 for evacuation
[2021-04-18T23:41:33.945-0700][4.292s] GC(4)   Pre Evacuate Collection Set: 0.0ms
[2021-04-18T23:41:33.945-0700][4.292s] GC(4)   Evacuate Collection Set: 9.0ms
[2021-04-18T23:41:33.945-0700][4.292s] GC(4)   Post Evacuate Collection Set: 1.0ms
[2021-04-18T23:41:33.945-0700][4.292s] GC(4)   Other: 0.2ms
[2021-04-18T23:41:33.945-0700][4.292s] GC(4) Eden regions: 59->0(75)
[2021-04-18T23:41:33.945-0700][4.292s] GC(4) Survivor regions: 2->8(8)
[2021-04-18T23:41:33.945-0700][4.292s] GC(4) Old regions: 21->21
[2021-04-18T23:41:33.945-0700][4.292s] GC(4) Humongous regions: 4->4
[2021-04-18T23:41:33.945-0700][4.292s] GC(4) Metaspace: 31455K->31455K(1077248K)
[2021-04-18T23:41:33.945-0700][4.292s] GC(4) Pause Young (Normal) (G1 Evacuation Pause) 83M->30M(512M) 10.351ms
[2021-04-18T23:41:33.945-0700][4.292s] GC(4) User=0.02s Sys=0.01s Real=0.01s
[2021-04-18T23:42:05.597-0700][35.944s] GC(5) Pause Young (Concurrent Start) (Metadata GC Threshold)
[2021-04-18T23:42:05.597-0700][35.944s] GC(5) Using 4 workers of 4 for evacuation
[2021-04-18T23:42:05.616-0700][35.962s] GC(5)   Pre Evacuate Collection Set: 0.2ms
[2021-04-18T23:42:05.616-0700][35.962s] GC(5)   Evacuate Collection Set: 17.5ms
[2021-04-18T23:42:05.616-0700][35.962s] GC(5)   Post Evacuate Collection Set: 0.4ms
[2021-04-18T23:42:05.616-0700][35.962s] GC(5)   Other: 0.3ms
[2021-04-18T23:42:05.616-0700][35.962s] GC(5) Eden regions: 39->0(110)
[2021-04-18T23:42:05.616-0700][35.962s] GC(5) Survivor regions: 8->2(11)
[2021-04-18T23:42:05.616-0700][35.962s] GC(5) Old regions: 21->28
[2021-04-18T23:42:05.616-0700][35.962s] GC(5) Humongous regions: 4->4
[2021-04-18T23:42:05.616-0700][35.962s] GC(5) Metaspace: 34817K->34817K(1081344K)
[2021-04-18T23:42:05.616-0700][35.962s] GC(5) Pause Young (Concurrent Start) (Metadata GC Threshold) 69M->31M(512M) 18.446ms
[2021-04-18T23:42:05.616-0700][35.962s] GC(5) User=0.03s Sys=0.00s Real=0.02s
[2021-04-18T23:42:05.616-0700][35.963s] GC(6) Concurrent Cycle
[2021-04-18T23:42:05.616-0700][35.963s] GC(6) Concurrent Clear Claimed Marks
[2021-04-18T23:42:05.616-0700][35.963s] GC(6) Concurrent Clear Claimed Marks 0.028ms
[2021-04-18T23:42:05.616-0700][35.963s] GC(6) Concurrent Scan Root Regions
[2021-04-18T23:42:05.619-0700][35.965s] GC(6) Concurrent Scan Root Regions 2.599ms
[2021-04-18T23:42:05.619-0700][35.965s] GC(6) Concurrent Mark (35.965s)
[2021-04-18T23:42:05.619-0700][35.965s] GC(6) Concurrent Mark From Roots
[2021-04-18T23:42:05.619-0700][35.965s] GC(6) Using 1 workers of 1 for marking
[2021-04-18T23:42:05.655-0700][36.002s] GC(6) Concurrent Mark From Roots 36.499ms
[2021-04-18T23:42:05.655-0700][36.002s] GC(6) Concurrent Preclean
[2021-04-18T23:42:05.655-0700][36.002s] GC(6) Concurrent Preclean 0.137ms
[2021-04-18T23:42:05.655-0700][36.002s] GC(6) Concurrent Mark (35.965s, 36.002s) 36.716ms
[2021-04-18T23:42:05.657-0700][36.004s] GC(6) Pause Remark
[2021-04-18T23:42:05.671-0700][36.018s] GC(6) Cleaned string and symbol table, strings: 14525 processed, 27 removed, symbols: 101911 processed, 147 removed
[2021-04-18T23:42:05.671-0700][36.018s] GC(6) Pause Remark 34M->34M(512M) 13.563ms
[2021-04-18T23:42:05.671-0700][36.018s] GC(6) User=0.03s Sys=0.00s Real=0.01s
[2021-04-18T23:42:05.674-0700][36.021s] GC(6) Concurrent Rebuild Remembered Sets
[2021-04-18T23:42:05.698-0700][36.045s] GC(6) Concurrent Rebuild Remembered Sets 23.947ms
[2021-04-18T23:42:05.700-0700][36.047s] GC(6) Pause Cleanup
[2021-04-18T23:42:05.700-0700][36.047s] GC(6) Pause Cleanup 36M->36M(512M) 0.164ms
[2021-04-18T23:42:05.701-0700][36.047s] GC(6) User=0.00s Sys=0.00s Real=0.00s
[2021-04-18T23:42:05.701-0700][36.047s] GC(6) Concurrent Cleanup for Next Mark
[2021-04-18T23:42:05.702-0700][36.048s] GC(6) Concurrent Cleanup for Next Mark 1.213ms
[2021-04-18T23:42:05.702-0700][36.048s] GC(6) Concurrent Cycle 85.969ms
[2021-04-18T23:42:06.240-0700][36.587s] GC(7) Pause Young (Concurrent Start) (G1 Evacuation Pause)
[2021-04-18T23:42:06.240-0700][36.587s] GC(7) Using 4 workers of 4 for evacuation
[2021-04-18T23:42:06.250-0700][36.597s] GC(7)   Pre Evacuate Collection Set: 0.1ms
[2021-04-18T23:42:06.250-0700][36.597s] GC(7)   Evacuate Collection Set: 6.7ms
[2021-04-18T23:42:06.250-0700][36.597s] GC(7)   Post Evacuate Collection Set: 2.7ms
[2021-04-18T23:42:06.250-0700][36.597s] GC(7)   Other: 0.2ms
[2021-04-18T23:42:06.250-0700][36.597s] GC(7) Eden regions: 110->0(154)
[2021-04-18T23:42:06.250-0700][36.597s] GC(7) Survivor regions: 2->4(14)
[2021-04-18T23:42:06.250-0700][36.597s] GC(7) Old regions: 28->28
[2021-04-18T23:42:06.250-0700][36.597s] GC(7) Humongous regions: 4->4
[2021-04-18T23:42:06.250-0700][36.597s] GC(7) Metaspace: 38052K->38052K(1083392K)
[2021-04-18T23:42:06.250-0700][36.597s] GC(7) Pause Young (Concurrent Start) (G1 Evacuation Pause) 141M->33M(512M) 9.885ms
[2021-04-18T23:42:06.250-0700][36.597s] GC(7) User=0.03s Sys=0.00s Real=0.01s
[2021-04-18T23:42:06.250-0700][36.597s] GC(8) Concurrent Cycle
[2021-04-18T23:42:06.250-0700][36.597s] GC(8) Concurrent Clear Claimed Marks
[2021-04-18T23:42:06.251-0700][36.597s] GC(8) Concurrent Clear Claimed Marks 0.136ms
[2021-04-18T23:42:06.251-0700][36.597s] GC(8) Concurrent Scan Root Regions
[2021-04-18T23:42:06.253-0700][36.599s] GC(8) Concurrent Scan Root Regions 2.275ms
[2021-04-18T23:42:06.253-0700][36.600s] GC(8) Concurrent Mark (36.599s)
[2021-04-18T23:42:06.253-0700][36.600s] GC(8) Concurrent Mark From Roots
[2021-04-18T23:42:06.253-0700][36.600s] GC(8) Using 1 workers of 1 for marking
[2021-04-18T23:42:06.290-0700][36.636s] GC(8) Concurrent Mark From Roots 36.677ms
[2021-04-18T23:42:06.290-0700][36.636s] GC(8) Concurrent Preclean
[2021-04-18T23:42:06.290-0700][36.636s] GC(8) Concurrent Preclean 0.076ms
[2021-04-18T23:42:06.290-0700][36.636s] GC(8) Concurrent Mark (36.599s, 36.636s) 36.885ms
[2021-04-18T23:42:06.294-0700][36.641s] GC(8) Pause Remark
[2021-04-18T23:42:06.300-0700][36.647s] GC(8) Cleaned string and symbol table, strings: 15998 processed, 7 removed, symbols: 110309 processed, 25 removed
[2021-04-18T23:42:06.300-0700][36.647s] GC(8) Pause Remark 47M->47M(512M) 6.081ms
[2021-04-18T23:42:06.300-0700][36.647s] GC(8) User=0.01s Sys=0.00s Real=0.00s
[2021-04-18T23:42:06.302-0700][36.648s] GC(8) Concurrent Rebuild Remembered Sets
[2021-04-18T23:42:06.329-0700][36.676s] GC(8) Concurrent Rebuild Remembered Sets 27.761ms
[2021-04-18T23:42:06.332-0700][36.679s] GC(8) Pause Cleanup
[2021-04-18T23:42:06.332-0700][36.679s] GC(8) Pause Cleanup 48M->48M(512M) 0.190ms
[2021-04-18T23:42:06.332-0700][36.679s] GC(8) User=0.00s Sys=0.00s Real=0.00s
[2021-04-18T23:42:06.332-0700][36.679s] GC(8) Concurrent Cleanup for Next Mark
[2021-04-18T23:42:06.340-0700][36.686s] GC(8) Concurrent Cleanup for Next Mark 7.661ms
[2021-04-18T23:42:06.341-0700][36.688s] GC(8) Concurrent Cycle 90.996ms
[2021-04-18T23:42:07.533-0700][37.880s] GC(9) Pause Young (Normal) (G1 Evacuation Pause)
[2021-04-18T23:42:07.535-0700][37.882s] GC(9) Using 4 workers of 4 for evacuation
[2021-04-18T23:42:07.576-0700][37.922s] GC(9)   Pre Evacuate Collection Set: 0.0ms
[2021-04-18T23:42:07.577-0700][37.924s] GC(9)   Evacuate Collection Set: 26.6ms
[2021-04-18T23:42:07.578-0700][37.935s] GC(9)   Post Evacuate Collection Set: 13.1ms
[2021-04-18T23:42:07.588-0700][37.935s] GC(9)   Other: 2.8ms
[2021-04-18T23:42:07.588-0700][37.935s] GC(9) Eden regions: 154->0(300)
[2021-04-18T23:42:07.588-0700][37.935s] GC(9) Survivor regions: 4->7(20)
[2021-04-18T23:42:07.588-0700][37.935s] GC(9) Old regions: 28->28
[2021-04-18T23:42:07.588-0700][37.935s] GC(9) Humongous regions: 5->4
[2021-04-18T23:42:07.588-0700][37.935s] GC(9) Metaspace: 43156K->43156K(1089536K)
[2021-04-18T23:42:07.588-0700][37.935s] GC(9) Pause Young (Normal) (G1 Evacuation Pause) 188M->36M(512M) 54.884ms
[2021-04-18T23:42:07.588-0700][37.935s] GC(9) User=0.14s Sys=0.02s Real=0.05s
[2021-04-18T23:42:10.806-0700][41.153s] GC(10) Pause Young (Normal) (G1 Evacuation Pause)
[2021-04-18T23:42:10.808-0700][41.155s] GC(10) Using 4 workers of 4 for evacuation
[2021-04-18T23:42:10.870-0700][41.217s] GC(10)   Pre Evacuate Collection Set: 0.0ms
[2021-04-18T23:42:10.870-0700][41.217s] GC(10)   Evacuate Collection Set: 58.2ms
[2021-04-18T23:42:10.870-0700][41.217s] GC(10)   Post Evacuate Collection Set: 3.1ms
[2021-04-18T23:42:10.870-0700][41.217s] GC(10)   Other: 2.2ms
[2021-04-18T23:42:10.870-0700][41.217s] GC(10) Eden regions: 300->0(285)
[2021-04-18T23:42:10.870-0700][41.217s] GC(10) Survivor regions: 7->22(39)
[2021-04-18T23:42:10.870-0700][41.217s] GC(10) Old regions: 28->28
[2021-04-18T23:42:10.870-0700][41.217s] GC(10) Humongous regions: 4->4
[2021-04-18T23:42:10.870-0700][41.217s] GC(10) Metaspace: 52095K->52095K(1095680K)
[2021-04-18T23:42:10.870-0700][41.217s] GC(10) Pause Young (Normal) (G1 Evacuation Pause) 336M->51M(512M) 64.128ms
[2021-04-18T23:42:10.871-0700][41.217s] GC(10) User=0.11s Sys=0.03s Real=0.06s
[2021-04-18T23:42:11.872-0700][42.218s] GC(11) Pause Young (Normal) (G1 Evacuation Pause)
[2021-04-18T23:42:11.875-0700][42.221s] GC(11) Using 4 workers of 4 for evacuation
[2021-04-18T23:42:11.951-0700][42.297s] GC(11)   Pre Evacuate Collection Set: 0.0ms
[2021-04-18T23:42:11.951-0700][42.297s] GC(11)   Evacuate Collection Set: 47.5ms
[2021-04-18T23:42:11.951-0700][42.297s] GC(11)   Post Evacuate Collection Set: 25.7ms
[2021-04-18T23:42:11.951-0700][42.297s] GC(11)   Other: 6.0ms
[2021-04-18T23:42:11.951-0700][42.297s] GC(11) Eden regions: 285->0(281)
[2021-04-18T23:42:11.951-0700][42.297s] GC(11) Survivor regions: 22->26(39)
[2021-04-18T23:42:11.951-0700][42.298s] GC(11) Old regions: 28->30
[2021-04-18T23:42:11.951-0700][42.298s] GC(11) Humongous regions: 6->5
[2021-04-18T23:42:11.951-0700][42.298s] GC(11) Metaspace: 52824K->52824K(1097728K)
[2021-04-18T23:42:11.951-0700][42.298s] GC(11) Pause Young (Normal) (G1 Evacuation Pause) 338M->59M(512M) 79.315ms
[2021-04-18T23:42:11.951-0700][42.298s] GC(11) User=0.11s Sys=0.02s Real=0.08s
[2021-04-18T23:42:43.776-0700][74.123s] GC(12) Pause Young (Normal) (G1 Evacuation Pause)
[2021-04-18T23:42:43.776-0700][74.123s] GC(12) Using 4 workers of 4 for evacuation
[2021-04-18T23:42:43.826-0700][74.173s] GC(12)   Pre Evacuate Collection Set: 0.0ms
[2021-04-18T23:42:43.826-0700][74.173s] GC(12)   Evacuate Collection Set: 48.5ms
[2021-04-18T23:42:43.826-0700][74.173s] GC(12)   Post Evacuate Collection Set: 1.0ms
[2021-04-18T23:42:43.826-0700][74.173s] GC(12)   Other: 0.3ms
[2021-04-18T23:42:43.826-0700][74.173s] GC(12) Eden regions: 281->0(280)
[2021-04-18T23:42:43.826-0700][74.173s] GC(12) Survivor regions: 26->27(39)
[2021-04-18T23:42:43.826-0700][74.173s] GC(12) Old regions: 30->48
[2021-04-18T23:42:43.826-0700][74.173s] GC(12) Humongous regions: 68->8
[2021-04-18T23:42:43.826-0700][74.173s] GC(12) Metaspace: 59780K->59780K(1103872K)
[2021-04-18T23:42:43.826-0700][74.173s] GC(12) Pause Young (Normal) (G1 Evacuation Pause) 403M->81M(512M) 49.959ms
[2021-04-18T23:42:43.826-0700][74.173s] GC(12) User=0.09s Sys=0.01s Real=0.05s
[2021-04-18T23:42:45.364-0700][75.711s] GC(13) Pause Young (Normal) (G1 Evacuation Pause)
[2021-04-18T23:42:45.365-0700][75.711s] GC(13) Using 4 workers of 4 for evacuation
[2021-04-18T23:42:45.405-0700][75.751s] GC(13)   Pre Evacuate Collection Set: 0.0ms
[2021-04-18T23:42:45.406-0700][75.753s] GC(13)   Evacuate Collection Set: 36.4ms
[2021-04-18T23:42:45.406-0700][75.753s] GC(13)   Post Evacuate Collection Set: 1.2ms
[2021-04-18T23:42:45.409-0700][75.756s] GC(13)   Other: 2.8ms
[2021-04-18T23:42:45.410-0700][75.757s] GC(13) Eden regions: 280->0(292)
[2021-04-18T23:42:45.410-0700][75.757s] GC(13) Survivor regions: 27->15(39)
[2021-04-18T23:42:45.411-0700][75.758s] GC(13) Old regions: 48->70
[2021-04-18T23:42:45.411-0700][75.758s] GC(13) Humongous regions: 8->8
[2021-04-18T23:42:45.411-0700][75.758s] GC(13) Metaspace: 60277K->60277K(1103872K)
[2021-04-18T23:42:45.411-0700][75.758s] GC(13) Pause Young (Normal) (G1 Evacuation Pause) 361M->91M(512M) 47.256ms
[2021-04-18T23:42:45.411-0700][75.758s] GC(13) User=0.09s Sys=0.01s Real=0.04s
[2021-04-18T23:42:47.822-0700][78.168s] GC(14) Pause Young (Normal) (G1 Evacuation Pause)
[2021-04-18T23:42:47.822-0700][78.168s] GC(14) Using 4 workers of 4 for evacuation
[2021-04-18T23:42:47.842-0700][78.189s] GC(14)   Pre Evacuate Collection Set: 0.0ms
[2021-04-18T23:42:47.842-0700][78.189s] GC(14)   Evacuate Collection Set: 19.1ms
[2021-04-18T23:42:47.842-0700][78.189s] GC(14)   Post Evacuate Collection Set: 0.8ms
[2021-04-18T23:42:47.842-0700][78.189s] GC(14)   Other: 0.3ms
[2021-04-18T23:42:47.842-0700][78.189s] GC(14) Eden regions: 292->0(285)
[2021-04-18T23:42:47.842-0700][78.189s] GC(14) Survivor regions: 15->22(39)
[2021-04-18T23:42:47.842-0700][78.189s] GC(14) Old regions: 70->70
[2021-04-18T23:42:47.842-0700][78.189s] GC(14) Humongous regions: 8->8
[2021-04-18T23:42:47.842-0700][78.189s] GC(14) Metaspace: 61477K->61477K(1105920K)
[2021-04-18T23:42:47.842-0700][78.189s] GC(14) Pause Young (Normal) (G1 Evacuation Pause) 383M->98M(512M) 20.393ms
[2021-04-18T23:42:47.842-0700][78.189s] GC(14) User=0.05s Sys=0.00s Real=0.02s
[2021-04-18T23:42:50.545-0700][80.892s] GC(15) Pause Young (Normal) (G1 Evacuation Pause)
[2021-04-18T23:42:50.545-0700][80.892s] GC(15) Using 4 workers of 4 for evacuation
[2021-04-18T23:42:50.579-0700][80.926s] GC(15)   Pre Evacuate Collection Set: 0.0ms
[2021-04-18T23:42:50.579-0700][80.926s] GC(15)   Evacuate Collection Set: 32.7ms
[2021-04-18T23:42:50.579-0700][80.926s] GC(15)   Post Evacuate Collection Set: 0.9ms
[2021-04-18T23:42:50.579-0700][80.926s] GC(15)   Other: 0.4ms
[2021-04-18T23:42:50.579-0700][80.926s] GC(15) Eden regions: 285->0(286)
[2021-04-18T23:42:50.579-0700][80.926s] GC(15) Survivor regions: 22->21(39)
[2021-04-18T23:42:50.579-0700][80.926s] GC(15) Old regions: 70->82
[2021-04-18T23:42:50.579-0700][80.926s] GC(15) Humongous regions: 8->8
[2021-04-18T23:42:50.579-0700][80.926s] GC(15) Metaspace: 62446K->62446K(1105920K)
[2021-04-18T23:42:50.579-0700][80.926s] GC(15) Pause Young (Normal) (G1 Evacuation Pause) 383M->108M(512M) 34.130ms
[2021-04-18T23:42:50.579-0700][80.926s] GC(15) User=0.08s Sys=0.01s Real=0.03s
[2021-04-18T23:42:53.498-0700][83.845s] GC(16) Pause Young (Normal) (G1 Evacuation Pause)
[2021-04-18T23:42:53.499-0700][83.845s] GC(16) Using 4 workers of 4 for evacuation
[2021-04-18T23:42:53.522-0700][83.869s] GC(16)   Pre Evacuate Collection Set: 1.1ms
[2021-04-18T23:42:53.523-0700][83.869s] GC(16)   Evacuate Collection Set: 20.5ms
[2021-04-18T23:42:53.524-0700][83.871s] GC(16)   Post Evacuate Collection Set: 0.7ms
[2021-04-18T23:42:53.532-0700][83.879s] GC(16)   Other: 1.8ms
[2021-04-18T23:42:53.532-0700][83.879s] GC(16) Eden regions: 286->0(285)
[2021-04-18T23:42:53.532-0700][83.879s] GC(16) Survivor regions: 21->22(39)
[2021-04-18T23:42:53.532-0700][83.879s] GC(16) Old regions: 82->89
[2021-04-18T23:42:53.532-0700][83.879s] GC(16) Humongous regions: 8->8
[2021-04-18T23:42:53.532-0700][83.879s] GC(16) Metaspace: 63145K->63145K(1105920K)
[2021-04-18T23:42:53.533-0700][83.879s] GC(16) Pause Young (Normal) (G1 Evacuation Pause) 394M->116M(512M) 34.241ms
[2021-04-18T23:42:53.533-0700][83.879s] GC(16) User=0.07s Sys=0.00s Real=0.03s
[2021-04-18T23:42:57.135-0700][87.482s] GC(17) Pause Young (Normal) (G1 Evacuation Pause)
[2021-04-18T23:42:57.135-0700][87.482s] GC(17) Using 4 workers of 4 for evacuation
[2021-04-18T23:42:57.171-0700][87.517s] GC(17)   Pre Evacuate Collection Set: 0.0ms
[2021-04-18T23:42:57.171-0700][87.518s] GC(17)   Evacuate Collection Set: 28.0ms
[2021-04-18T23:42:57.171-0700][87.518s] GC(17)   Post Evacuate Collection Set: 7.7ms
[2021-04-18T23:42:57.171-0700][87.518s] GC(17)   Other: 0.3ms
[2021-04-18T23:42:57.171-0700][87.518s] GC(17) Eden regions: 285->0(1)
[2021-04-18T23:42:57.171-0700][87.518s] GC(17) Survivor regions: 22->29(39)
[2021-04-18T23:42:57.171-0700][87.518s] GC(17) Old regions: 89->100
[2021-04-18T23:42:57.171-0700][87.518s] GC(17) Humongous regions: 48->8
[2021-04-18T23:42:57.171-0700][87.518s] GC(17) Metaspace: 63419K->63419K(1107968K)
[2021-04-18T23:42:57.171-0700][87.518s] GC(17) Pause Young (Normal) (G1 Evacuation Pause) 441M->135M(512M) 36.122ms
[2021-04-18T23:42:57.171-0700][87.518s] GC(17) User=0.04s Sys=0.01s Real=0.03s
[2021-04-18T23:42:57.180-0700][87.526s] GC(18) Pause Young (Normal) (G1 Evacuation Pause)
[2021-04-18T23:42:57.180-0700][87.526s] GC(18) Using 4 workers of 4 for evacuation
[2021-04-18T23:42:57.191-0700][87.538s] GC(18)   Pre Evacuate Collection Set: 0.0ms
[2021-04-18T23:42:57.191-0700][87.538s] GC(18)   Evacuate Collection Set: 11.0ms
[2021-04-18T23:42:57.191-0700][87.538s] GC(18)   Post Evacuate Collection Set: 0.4ms
[2021-04-18T23:42:57.191-0700][87.538s] GC(18)   Other: 0.2ms
[2021-04-18T23:42:57.191-0700][87.538s] GC(18) Eden regions: 1->0(23)
[2021-04-18T23:42:57.191-0700][87.538s] GC(18) Survivor regions: 29->2(4)
[2021-04-18T23:42:57.191-0700][87.538s] GC(18) Old regions: 100->128
[2021-04-18T23:42:57.191-0700][87.538s] GC(18) Humongous regions: 8->8
[2021-04-18T23:42:57.191-0700][87.538s] GC(18) Metaspace: 63419K->63419K(1107968K)
[2021-04-18T23:42:57.192-0700][87.538s] GC(18) Pause Young (Normal) (G1 Evacuation Pause) 136M->136M(512M) 11.815ms
[2021-04-18T23:42:57.192-0700][87.538s] GC(18) User=0.02s Sys=0.00s Real=0.01s
[2021-04-18T23:42:57.812-0700][88.159s] GC(19) Pause Young (Normal) (G1 Evacuation Pause)
[2021-04-18T23:42:57.812-0700][88.159s] GC(19) Using 4 workers of 4 for evacuation
[2021-04-18T23:42:57.819-0700][88.166s] GC(19)   Pre Evacuate Collection Set: 0.1ms
[2021-04-18T23:42:57.820-0700][88.166s] GC(19)   Evacuate Collection Set: 6.5ms
[2021-04-18T23:42:57.820-0700][88.166s] GC(19)   Post Evacuate Collection Set: 0.4ms
[2021-04-18T23:42:57.820-0700][88.166s] GC(19)   Other: 0.2ms
[2021-04-18T23:42:57.820-0700][88.166s] GC(19) Eden regions: 23->0(23)
[2021-04-18T23:42:57.820-0700][88.166s] GC(19) Survivor regions: 2->4(4)
[2021-04-18T23:42:57.820-0700][88.166s] GC(19) Old regions: 128->128
[2021-04-18T23:42:57.820-0700][88.166s] GC(19) Humongous regions: 10->8
[2021-04-18T23:42:57.820-0700][88.166s] GC(19) Metaspace: 63434K->63434K(1107968K)
[2021-04-18T23:42:57.820-0700][88.166s] GC(19) Pause Young (Normal) (G1 Evacuation Pause) 161M->138M(512M) 7.406ms
[2021-04-18T23:42:57.820-0700][88.166s] GC(19) User=0.00s Sys=0.01s Real=0.01s
[2021-04-18T23:42:58.072-0700][88.419s] GC(20) Pause Young (Normal) (G1 Evacuation Pause)
[2021-04-18T23:42:58.072-0700][88.419s] GC(20) Using 4 workers of 4 for evacuation
[2021-04-18T23:42:58.083-0700][88.429s] GC(20)   Pre Evacuate Collection Set: 0.0ms
[2021-04-18T23:42:58.083-0700][88.430s] GC(20)   Evacuate Collection Set: 10.0ms
[2021-04-18T23:42:58.083-0700][88.430s] GC(20)   Post Evacuate Collection Set: 0.3ms
[2021-04-18T23:42:58.083-0700][88.430s] GC(20)   Other: 0.2ms
[2021-04-18T23:42:58.083-0700][88.430s] GC(20) Eden regions: 23->0(37)
[2021-04-18T23:42:58.083-0700][88.430s] GC(20) Survivor regions: 4->1(4)
[2021-04-18T23:42:58.083-0700][88.430s] GC(20) Old regions: 128->132
[2021-04-18T23:42:58.083-0700][88.430s] GC(20) Humongous regions: 8->8
[2021-04-18T23:42:58.083-0700][88.430s] GC(20) Metaspace: 63434K->63434K(1107968K)
[2021-04-18T23:42:58.083-0700][88.430s] GC(20) Pause Young (Normal) (G1 Evacuation Pause) 161M->138M(512M) 10.653ms
[2021-04-18T23:42:58.083-0700][88.430s] GC(20) User=0.01s Sys=0.00s Real=0.00s
[2021-04-18T23:42:58.496-0700][88.842s] GC(21) Pause Young (Normal) (G1 Evacuation Pause)
[2021-04-18T23:42:58.496-0700][88.842s] GC(21) Using 4 workers of 4 for evacuation
[2021-04-18T23:42:58.526-0700][88.872s] GC(21)   Pre Evacuate Collection Set: 0.0ms
[2021-04-18T23:42:58.526-0700][88.872s] GC(21)   Evacuate Collection Set: 11.5ms
[2021-04-18T23:42:58.526-0700][88.872s] GC(21)   Post Evacuate Collection Set: 18.3ms
[2021-04-18T23:42:58.526-0700][88.872s] GC(21)   Other: 0.4ms
[2021-04-18T23:42:58.526-0700][88.873s] GC(21) Eden regions: 37->0(53)
[2021-04-18T23:42:58.526-0700][88.873s] GC(21) Survivor regions: 1->1(5)
[2021-04-18T23:42:58.526-0700][88.873s] GC(21) Old regions: 132->132
[2021-04-18T23:42:58.526-0700][88.873s] GC(21) Humongous regions: 8->8
[2021-04-18T23:42:58.526-0700][88.873s] GC(21) Metaspace: 63451K->63451K(1107968K)
[2021-04-18T23:42:58.526-0700][88.873s] GC(21) Pause Young (Normal) (G1 Evacuation Pause) 175M->138M(512M) 30.194ms
[2021-04-18T23:42:58.526-0700][88.873s] GC(21) User=0.03s Sys=0.00s Real=0.03s
[2021-04-18T23:44:22.372-0700][172.719s] GC(22) Pause Young (Concurrent Start) (Metadata GC Threshold)
[2021-04-18T23:44:22.372-0700][172.719s] GC(22) Using 4 workers of 4 for evacuation
[2021-04-18T23:44:22.376-0700][172.723s] GC(22)   Pre Evacuate Collection Set: 0.2ms
[2021-04-18T23:44:22.376-0700][172.723s] GC(22)   Evacuate Collection Set: 3.0ms
[2021-04-18T23:44:22.376-0700][172.723s] GC(22)   Post Evacuate Collection Set: 0.5ms
[2021-04-18T23:44:22.376-0700][172.723s] GC(22)   Other: 0.2ms
[2021-04-18T23:44:22.376-0700][172.723s] GC(22) Eden regions: 43->0(71)
[2021-04-18T23:44:22.376-0700][172.723s] GC(22) Survivor regions: 1->1(7)
[2021-04-18T23:44:22.376-0700][172.723s] GC(22) Old regions: 132->132
[2021-04-18T23:44:22.376-0700][172.723s] GC(22) Humongous regions: 8->8
[2021-04-18T23:44:22.376-0700][172.723s] GC(22) Metaspace: 64128K->64128K(1107968K)
[2021-04-18T23:44:22.376-0700][172.723s] GC(22) Pause Young (Concurrent Start) (Metadata GC Threshold) 181M->138M(512M) 4.108ms
[2021-04-18T23:44:22.377-0700][172.723s] GC(22) User=0.00s Sys=0.00s Real=0.00s
[2021-04-18T23:44:22.377-0700][172.723s] GC(23) Concurrent Cycle
[2021-04-18T23:44:22.377-0700][172.723s] GC(23) Concurrent Clear Claimed Marks
[2021-04-18T23:44:22.377-0700][172.723s] GC(23) Concurrent Clear Claimed Marks 0.053ms
[2021-04-18T23:44:22.377-0700][172.723s] GC(23) Concurrent Scan Root Regions
[2021-04-18T23:44:22.378-0700][172.724s] GC(23) Concurrent Scan Root Regions 0.919ms
[2021-04-18T23:44:22.378-0700][172.724s] GC(23) Concurrent Mark (172.724s)
[2021-04-18T23:44:22.378-0700][172.724s] GC(23) Concurrent Mark From Roots
[2021-04-18T23:44:22.378-0700][172.724s] GC(23) Using 1 workers of 1 for marking
[2021-04-18T23:44:22.479-0700][172.826s] GC(23) Concurrent Mark From Roots 101.824ms
[2021-04-18T23:44:22.480-0700][172.826s] GC(23) Concurrent Preclean
[2021-04-18T23:44:22.480-0700][172.826s] GC(23) Concurrent Preclean 0.140ms
[2021-04-18T23:44:22.480-0700][172.826s] GC(23) Concurrent Mark (172.724s, 172.826s) 102.048ms
[2021-04-18T23:44:22.480-0700][172.827s] GC(23) Pause Remark
[2021-04-18T23:44:22.509-0700][172.856s] GC(23) Cleaned string and symbol table, strings: 30990 processed, 48 removed, symbols: 160129 processed, 689 removed
[2021-04-18T23:44:22.510-0700][172.856s] GC(23) Pause Remark 139M->134M(512M) 29.557ms
[2021-04-18T23:44:22.510-0700][172.856s] GC(23) User=0.06s Sys=0.00s Real=0.03s
[2021-04-18T23:44:22.510-0700][172.857s] GC(23) Concurrent Rebuild Remembered Sets
[2021-04-18T23:44:22.603-0700][172.950s] GC(23) Concurrent Rebuild Remembered Sets 93.328ms
[2021-04-18T23:44:22.604-0700][172.950s] GC(23) Pause Cleanup
[2021-04-18T23:44:22.604-0700][172.951s] GC(23) Pause Cleanup 134M->134M(512M) 0.259ms
[2021-04-18T23:44:22.604-0700][172.951s] GC(23) User=0.00s Sys=0.00s Real=0.00s
[2021-04-18T23:44:22.604-0700][172.951s] GC(23) Concurrent Cleanup for Next Mark
[2021-04-18T23:44:22.608-0700][172.954s] GC(23) Concurrent Cleanup for Next Mark 3.667ms
[2021-04-18T23:44:22.608-0700][172.954s] GC(23) Concurrent Cycle 231.253ms
